<!doctype html public "-//w3c//dtd html 4.0 transitional//en">
<html><head>
<title>Static Call Graph - [.\obj\Control.axf]</title></head>
<body><HR>
<H1>Static Call Graph for image .\obj\Control.axf</H1><HR>
<BR><P>#&#060CALLGRAPH&#062# ARM Linker, 5.03 [Build 76]: Last Updated: Wed Jan 31 15:50:54 2018
<BR><P>
<H3>Maximum Stack Usage =          0 bytes + Unknown(Cycles, Untraceable Function Pointers)</H3><H3>
Call chain for Maximum Stack Depth:</H3>

<P>
<H3>
Mutually Recursive functions
</H3> <LI><a href="#[25a]">USART_SendData</a>&nbsp;&nbsp;&nbsp;&rArr;&nbsp;&nbsp;&nbsp;<a href="#[df]">assert_failed</a><BR>
 <LI><a href="#[259]">USART_GetFlagStatus</a>&nbsp;&nbsp;&nbsp;&rArr;&nbsp;&nbsp;&nbsp;<a href="#[df]">assert_failed</a><BR>
 <LI><a href="#[238]">usart_send_data</a>&nbsp;&nbsp;&nbsp;&rArr;&nbsp;&nbsp;&nbsp;<a href="#[df]">assert_failed</a><BR>
 <LI><a href="#[42]">ADC_IRQHandler</a>&nbsp;&nbsp;&nbsp;&rArr;&nbsp;&nbsp;&nbsp;<a href="#[42]">ADC_IRQHandler</a><BR>
</UL>
<P>
<H3>
Function Pointers
</H3><UL>
 <LI><a href="#[42]">ADC_IRQHandler</a> from startup_stm32f2xx.o(.text) referenced from startup_stm32f2xx.o(RESET)
 <LI><a href="#[9]">App_TestShellCmd</a> from app_shell.o(.text) referenced 2 times from app_shell.o(.data)
 <LI><a href="#[2a]">BusFault_Handler</a> from stm32f2xx_it.o(.text) referenced from startup_stm32f2xx.o(RESET)
 <LI><a href="#[44]">CAN1_RX0_IRQHandler</a> from startup_stm32f2xx.o(.text) referenced from startup_stm32f2xx.o(RESET)
 <LI><a href="#[45]">CAN1_RX1_IRQHandler</a> from startup_stm32f2xx.o(.text) referenced from startup_stm32f2xx.o(RESET)
 <LI><a href="#[46]">CAN1_SCE_IRQHandler</a> from startup_stm32f2xx.o(.text) referenced from startup_stm32f2xx.o(RESET)
 <LI><a href="#[43]">CAN1_TX_IRQHandler</a> from startup_stm32f2xx.o(.text) referenced from startup_stm32f2xx.o(RESET)
 <LI><a href="#[70]">CAN2_RX0_IRQHandler</a> from startup_stm32f2xx.o(.text) referenced from startup_stm32f2xx.o(RESET)
 <LI><a href="#[71]">CAN2_RX1_IRQHandler</a> from startup_stm32f2xx.o(.text) referenced from startup_stm32f2xx.o(RESET)
 <LI><a href="#[72]">CAN2_SCE_IRQHandler</a> from startup_stm32f2xx.o(.text) referenced from startup_stm32f2xx.o(RESET)
 <LI><a href="#[6f]">CAN2_TX_IRQHandler</a> from startup_stm32f2xx.o(.text) referenced from startup_stm32f2xx.o(RESET)
 <LI><a href="#[89]">COMX100_read_byte</a> from comx100.o(.text) referenced from app_comx100.o(.text)
 <LI><a href="#[8a]">COMX100_write_byte</a> from comx100.o(.text) referenced from app_comx100.o(.text)
 <LI><a href="#[7f]">CRYP_IRQHandler</a> from startup_stm32f2xx.o(.text) referenced from startup_stm32f2xx.o(RESET)
 <LI><a href="#[7e]">DCMI_IRQHandler</a> from startup_stm32f2xx.o(.text) referenced from startup_stm32f2xx.o(RESET)
 <LI><a href="#[95]">DEV_TransferPacket</a> from cifxhwfunctions.o(.text) referenced 5 times from cifxfunctions.o(.text)
 <LI><a href="#[3b]">DMA1_Stream0_IRQHandler</a> from startup_stm32f2xx.o(.text) referenced from startup_stm32f2xx.o(RESET)
 <LI><a href="#[3c]">DMA1_Stream1_IRQHandler</a> from app_usart_dma_route.o(.text) referenced from startup_stm32f2xx.o(RESET)
 <LI><a href="#[3d]">DMA1_Stream2_IRQHandler</a> from startup_stm32f2xx.o(.text) referenced from startup_stm32f2xx.o(RESET)
 <LI><a href="#[3e]">DMA1_Stream3_IRQHandler</a> from app_usart_dma_route.o(.text) referenced from startup_stm32f2xx.o(RESET)
 <LI><a href="#[3f]">DMA1_Stream4_IRQHandler</a> from startup_stm32f2xx.o(.text) referenced from startup_stm32f2xx.o(RESET)
 <LI><a href="#[40]">DMA1_Stream5_IRQHandler</a> from startup_stm32f2xx.o(.text) referenced from startup_stm32f2xx.o(RESET)
 <LI><a href="#[41]">DMA1_Stream6_IRQHandler</a> from startup_stm32f2xx.o(.text) referenced from startup_stm32f2xx.o(RESET)
 <LI><a href="#[5f]">DMA1_Stream7_IRQHandler</a> from startup_stm32f2xx.o(.text) referenced from startup_stm32f2xx.o(RESET)
 <LI><a href="#[68]">DMA2_Stream0_IRQHandler</a> from startup_stm32f2xx.o(.text) referenced from startup_stm32f2xx.o(RESET)
 <LI><a href="#[69]">DMA2_Stream1_IRQHandler</a> from startup_stm32f2xx.o(.text) referenced from startup_stm32f2xx.o(RESET)
 <LI><a href="#[6a]">DMA2_Stream2_IRQHandler</a> from startup_stm32f2xx.o(.text) referenced from startup_stm32f2xx.o(RESET)
 <LI><a href="#[6b]">DMA2_Stream3_IRQHandler</a> from startup_stm32f2xx.o(.text) referenced from startup_stm32f2xx.o(RESET)
 <LI><a href="#[6c]">DMA2_Stream4_IRQHandler</a> from startup_stm32f2xx.o(.text) referenced from startup_stm32f2xx.o(RESET)
 <LI><a href="#[74]">DMA2_Stream5_IRQHandler</a> from startup_stm32f2xx.o(.text) referenced from startup_stm32f2xx.o(RESET)
 <LI><a href="#[75]">DMA2_Stream6_IRQHandler</a> from startup_stm32f2xx.o(.text) referenced from startup_stm32f2xx.o(RESET)
 <LI><a href="#[76]">DMA2_Stream7_IRQHandler</a> from startup_stm32f2xx.o(.text) referenced from startup_stm32f2xx.o(RESET)
 <LI><a href="#[2d]">DebugMon_Handler</a> from stm32f2xx_it.o(.text) referenced from startup_stm32f2xx.o(RESET)
 <LI><a href="#[6d]">ETH_IRQHandler</a> from startup_stm32f2xx.o(.text) referenced from startup_stm32f2xx.o(RESET)
 <LI><a href="#[6e]">ETH_WKUP_IRQHandler</a> from startup_stm32f2xx.o(.text) referenced from startup_stm32f2xx.o(RESET)
 <LI><a href="#[36]">EXTI0_IRQHandler</a> from startup_stm32f2xx.o(.text) referenced from startup_stm32f2xx.o(RESET)
 <LI><a href="#[58]">EXTI15_10_IRQHandler</a> from app_control_key_press.o(.text) referenced from startup_stm32f2xx.o(RESET)
 <LI><a href="#[37]">EXTI1_IRQHandler</a> from startup_stm32f2xx.o(.text) referenced from startup_stm32f2xx.o(RESET)
 <LI><a href="#[38]">EXTI2_IRQHandler</a> from startup_stm32f2xx.o(.text) referenced from startup_stm32f2xx.o(RESET)
 <LI><a href="#[39]">EXTI3_IRQHandler</a> from app_comx100.o(.text) referenced from startup_stm32f2xx.o(RESET)
 <LI><a href="#[3a]">EXTI4_IRQHandler</a> from startup_stm32f2xx.o(.text) referenced from startup_stm32f2xx.o(RESET)
 <LI><a href="#[47]">EXTI9_5_IRQHandler</a> from startup_stm32f2xx.o(.text) referenced from startup_stm32f2xx.o(RESET)
 <LI><a href="#[34]">FLASH_IRQHandler</a> from startup_stm32f2xx.o(.text) referenced from startup_stm32f2xx.o(RESET)
 <LI><a href="#[60]">FSMC_IRQHandler</a> from startup_stm32f2xx.o(.text) referenced from startup_stm32f2xx.o(RESET)
 <LI><a href="#[80]">HASH_RNG_IRQHandler</a> from startup_stm32f2xx.o(.text) referenced from startup_stm32f2xx.o(RESET)
 <LI><a href="#[28]">HardFault_Handler</a> from startup_stm32f2xx.o(.text) referenced from startup_stm32f2xx.o(RESET)
 <LI><a href="#[50]">I2C1_ER_IRQHandler</a> from startup_stm32f2xx.o(.text) referenced from startup_stm32f2xx.o(RESET)
 <LI><a href="#[4f]">I2C1_EV_IRQHandler</a> from startup_stm32f2xx.o(.text) referenced from startup_stm32f2xx.o(RESET)
 <LI><a href="#[52]">I2C2_ER_IRQHandler</a> from startup_stm32f2xx.o(.text) referenced from startup_stm32f2xx.o(RESET)
 <LI><a href="#[51]">I2C2_EV_IRQHandler</a> from startup_stm32f2xx.o(.text) referenced from startup_stm32f2xx.o(RESET)
 <LI><a href="#[79]">I2C3_ER_IRQHandler</a> from startup_stm32f2xx.o(.text) referenced from startup_stm32f2xx.o(RESET)
 <LI><a href="#[78]">I2C3_EV_IRQHandler</a> from startup_stm32f2xx.o(.text) referenced from startup_stm32f2xx.o(RESET)
 <LI><a href="#[29]">MemManage_Handler</a> from stm32f2xx_it.o(.text) referenced from startup_stm32f2xx.o(RESET)
 <LI><a href="#[27]">NMI_Handler</a> from stm32f2xx_it.o(.text) referenced from startup_stm32f2xx.o(RESET)
 <LI><a href="#[97]">OSTaskSwHook</a> from os_cpu_c.o(.text) referenced from os_cpu_a.o(.text)
 <LI><a href="#[96]">OSTmr_Task</a> from os_tmr.o(.text) referenced from os_tmr.o(.text)
 <LI><a href="#[414]">OS_TaskIdle</a> from os_core.o(.text) referenced from os_core.o(.text)
 <LI><a href="#[98]">OS_TaskReturn</a> from os_task.o(.text) referenced from os_cpu_c.o(.text)
 <LI><a href="#[411]">OS_TaskStat</a> from os_core.o(.text) referenced from os_core.o(.text)
 <LI><a href="#[73]">OTG_FS_IRQHandler</a> from startup_stm32f2xx.o(.text) referenced from startup_stm32f2xx.o(RESET)
 <LI><a href="#[5a]">OTG_FS_WKUP_IRQHandler</a> from startup_stm32f2xx.o(.text) referenced from startup_stm32f2xx.o(RESET)
 <LI><a href="#[7b]">OTG_HS_EP1_IN_IRQHandler</a> from startup_stm32f2xx.o(.text) referenced from startup_stm32f2xx.o(RESET)
 <LI><a href="#[7a]">OTG_HS_EP1_OUT_IRQHandler</a> from startup_stm32f2xx.o(.text) referenced from startup_stm32f2xx.o(RESET)
 <LI><a href="#[7d]">OTG_HS_IRQHandler</a> from startup_stm32f2xx.o(.text) referenced from startup_stm32f2xx.o(RESET)
 <LI><a href="#[7c]">OTG_HS_WKUP_IRQHandler</a> from startup_stm32f2xx.o(.text) referenced from startup_stm32f2xx.o(RESET)
 <LI><a href="#[31]">PVD_IRQHandler</a> from startup_stm32f2xx.o(.text) referenced from startup_stm32f2xx.o(RESET)
 <LI><a href="#[2e]">PendSV_Handler</a> from os_cpu_a.o(.text) referenced from startup_stm32f2xx.o(RESET)
 <LI><a href="#[35]">RCC_IRQHandler</a> from startup_stm32f2xx.o(.text) referenced from startup_stm32f2xx.o(RESET)
 <LI><a href="#[59]">RTC_Alarm_IRQHandler</a> from startup_stm32f2xx.o(.text) referenced from startup_stm32f2xx.o(RESET)
 <LI><a href="#[33]">RTC_WKUP_IRQHandler</a> from startup_stm32f2xx.o(.text) referenced from startup_stm32f2xx.o(RESET)
 <LI><a href="#[26]">Reset_Handler</a> from startup_stm32f2xx.o(.text) referenced from startup_stm32f2xx.o(RESET)
 <LI><a href="#[61]">SDIO_IRQHandler</a> from startup_stm32f2xx.o(.text) referenced from startup_stm32f2xx.o(RESET)
 <LI><a href="#[53]">SPI1_IRQHandler</a> from startup_stm32f2xx.o(.text) referenced from startup_stm32f2xx.o(RESET)
 <LI><a href="#[54]">SPI2_IRQHandler</a> from startup_stm32f2xx.o(.text) referenced from startup_stm32f2xx.o(RESET)
 <LI><a href="#[63]">SPI3_IRQHandler</a> from startup_stm32f2xx.o(.text) referenced from startup_stm32f2xx.o(RESET)
 <LI><a href="#[2c]">SVC_Handler</a> from stm32f2xx_it.o(.text) referenced from startup_stm32f2xx.o(RESET)
 <LI><a href="#[2f]">SysTick_Handler</a> from bsp.o(.text) referenced from startup_stm32f2xx.o(RESET)
 <LI><a href="#[99]">SystemInit</a> from system_stm32f2xx.o(.text) referenced from startup_stm32f2xx.o(.text)
 <LI><a href="#[32]">TAMP_STAMP_IRQHandler</a> from startup_stm32f2xx.o(.text) referenced from startup_stm32f2xx.o(RESET)
 <LI><a href="#[48]">TIM1_BRK_TIM9_IRQHandler</a> from startup_stm32f2xx.o(.text) referenced from startup_stm32f2xx.o(RESET)
 <LI><a href="#[4b]">TIM1_CC_IRQHandler</a> from startup_stm32f2xx.o(.text) referenced from startup_stm32f2xx.o(RESET)
 <LI><a href="#[4a]">TIM1_TRG_COM_TIM11_IRQHandler</a> from startup_stm32f2xx.o(.text) referenced from startup_stm32f2xx.o(RESET)
 <LI><a href="#[49]">TIM1_UP_TIM10_IRQHandler</a> from startup_stm32f2xx.o(.text) referenced from startup_stm32f2xx.o(RESET)
 <LI><a href="#[4c]">TIM2_IRQHandler</a> from startup_stm32f2xx.o(.text) referenced from startup_stm32f2xx.o(RESET)
 <LI><a href="#[4d]">TIM3_IRQHandler</a> from startup_stm32f2xx.o(.text) referenced from startup_stm32f2xx.o(RESET)
 <LI><a href="#[4e]">TIM4_IRQHandler</a> from startup_stm32f2xx.o(.text) referenced from startup_stm32f2xx.o(RESET)
 <LI><a href="#[62]">TIM5_IRQHandler</a> from startup_stm32f2xx.o(.text) referenced from startup_stm32f2xx.o(RESET)
 <LI><a href="#[66]">TIM6_DAC_IRQHandler</a> from startup_stm32f2xx.o(.text) referenced from startup_stm32f2xx.o(RESET)
 <LI><a href="#[67]">TIM7_IRQHandler</a> from app_user_tmr.o(.text) referenced from startup_stm32f2xx.o(RESET)
 <LI><a href="#[5b]">TIM8_BRK_TIM12_IRQHandler</a> from startup_stm32f2xx.o(.text) referenced from startup_stm32f2xx.o(RESET)
 <LI><a href="#[5e]">TIM8_CC_IRQHandler</a> from startup_stm32f2xx.o(.text) referenced from startup_stm32f2xx.o(RESET)
 <LI><a href="#[5d]">TIM8_TRG_COM_TIM14_IRQHandler</a> from startup_stm32f2xx.o(.text) referenced from startup_stm32f2xx.o(RESET)
 <LI><a href="#[5c]">TIM8_UP_TIM13_IRQHandler</a> from startup_stm32f2xx.o(.text) referenced from startup_stm32f2xx.o(RESET)
 <LI><a href="#[64]">UART4_IRQHandler</a> from startup_stm32f2xx.o(.text) referenced from startup_stm32f2xx.o(RESET)
 <LI><a href="#[65]">UART5_IRQHandler</a> from startup_stm32f2xx.o(.text) referenced from startup_stm32f2xx.o(RESET)
 <LI><a href="#[55]">USART1_IRQHandler</a> from app_shell.o(.text) referenced from startup_stm32f2xx.o(RESET)
 <LI><a href="#[56]">USART2_IRQHandler</a> from startup_stm32f2xx.o(.text) referenced from startup_stm32f2xx.o(RESET)
 <LI><a href="#[57]">USART3_IRQHandler</a> from app_usart_dma_route.o(.text) referenced from startup_stm32f2xx.o(RESET)
 <LI><a href="#[77]">USART6_IRQHandler</a> from startup_stm32f2xx.o(.text) referenced from startup_stm32f2xx.o(RESET)
 <LI><a href="#[2b]">UsageFault_Handler</a> from stm32f2xx_it.o(.text) referenced from startup_stm32f2xx.o(RESET)
 <LI><a href="#[30]">WWDG_IRQHandler</a> from startup_stm32f2xx.o(.text) referenced from startup_stm32f2xx.o(RESET)
 <LI><a href="#[9e]">__main</a> from __main.o(!!!main) referenced from startup_stm32f2xx.o(.text)
 <LI><a href="#[9c]">_get_lc_ctype</a> from lc_ctype_c.o(locale$$code) referenced from rt_ctype_table.o(.text)
 <LI><a href="#[9d]">_printf_input_char</a> from _printf_char_common.o(.text) referenced from _printf_char_common.o(.text)
 <LI><a href="#[9b]">_snputc</a> from _snputc.o(.text) referenced 2 times from c89vsnprintf.o(.text)
 <LI><a href="#[93]">app_buzzer_ring_task</a> from app_buzzer_ring.o(.text) referenced from app_buzzer_ring.o(.text)
 <LI><a href="#[81]">app_start_task</a> from app.o(.text) referenced from app.o(.text)
 <LI><a href="#[b]">cmd_list</a> from app_shell.o(.text) referenced 2 times from app_shell.o(.data)
 <LI><a href="#[8d]">comX100_isr_task</a> from app_comx100.o(.text) referenced from app_comx100.o(.text)
 <LI><a href="#[8c]">comX100_module_task</a> from app_comx100.o(.text) referenced from app_comx100.o(.text)
 <LI><a href="#[1d]">control_RPDO10_callback</a> from app_control_pdo_callback.o(.text) referenced 2 times from app_control_board.o(.data)
 <LI><a href="#[1e]">control_RPDO11_callback</a> from app_control_pdo_callback.o(.text) referenced 2 times from app_control_board.o(.data)
 <LI><a href="#[1f]">control_RPDO12_callback</a> from app_control_pdo_callback.o(.text) referenced 2 times from app_control_board.o(.data)
 <LI><a href="#[20]">control_RPDO13_callback</a> from app_control_pdo_callback.o(.text) referenced 2 times from app_control_board.o(.data)
 <LI><a href="#[21]">control_RPDO14_callback</a> from app_control_pdo_callback.o(.text) referenced 2 times from app_control_board.o(.data)
 <LI><a href="#[22]">control_RPDO15_callback</a> from app_control_pdo_callback.o(.text) referenced 2 times from app_control_board.o(.data)
 <LI><a href="#[23]">control_RPDO16_callback</a> from app_control_pdo_callback.o(.text) referenced 2 times from app_control_board.o(.data)
 <LI><a href="#[24]">control_RPDO17_callback</a> from app_control_pdo_callback.o(.text) referenced 2 times from app_control_board.o(.data)
 <LI><a href="#[25]">control_RPDO18_callback</a> from app_control_pdo_callback.o(.text) referenced 2 times from app_control_board.o(.data)
 <LI><a href="#[14]">control_RPDO1_callback</a> from app_control_pdo_callback.o(.text) referenced 2 times from app_control_board.o(.data)
 <LI><a href="#[15]">control_RPDO2_callback</a> from app_control_pdo_callback.o(.text) referenced 2 times from app_control_board.o(.data)
 <LI><a href="#[16]">control_RPDO3_callback</a> from app_control_pdo_callback.o(.text) referenced 2 times from app_control_board.o(.data)
 <LI><a href="#[17]">control_RPDO4_callback</a> from app_control_pdo_callback.o(.text) referenced 2 times from app_control_board.o(.data)
 <LI><a href="#[18]">control_RPDO5_callback</a> from app_control_pdo_callback.o(.text) referenced 2 times from app_control_board.o(.data)
 <LI><a href="#[19]">control_RPDO6_callback</a> from app_control_pdo_callback.o(.text) referenced 2 times from app_control_board.o(.data)
 <LI><a href="#[1a]">control_RPDO7_callback</a> from app_control_pdo_callback.o(.text) referenced 2 times from app_control_board.o(.data)
 <LI><a href="#[1b]">control_RPDO8_callback</a> from app_control_pdo_callback.o(.text) referenced 2 times from app_control_board.o(.data)
 <LI><a href="#[1c]">control_RPDO9_callback</a> from app_control_pdo_callback.o(.text) referenced 2 times from app_control_board.o(.data)
 <LI><a href="#[1bc]">control_adjust_implement_task</a> from app_control_adjust_implement.o(.text) referenced from app_control_adjust_implement.o(.text)
 <LI><a href="#[13b]">control_board_task</a> from app_control_board.o(.text) referenced from app_control_board.o(.text)
 <LI><a href="#[94]">control_cali_pump_task</a> from app_control_cali_pump.o(.text) referenced from app_control_cali_pump.o(.text)
 <LI><a href="#[221]">control_feedback_task</a> from app_control_feedback.o(.text) referenced from app_control_feedback.o(.text)
 <LI><a href="#[87]">control_flow_task</a> from app_control_flow.o(.text) referenced from app_control_flow.o(.text)
 <LI><a href="#[88]">control_monitor_task</a> from app_control_monitor.o(.text) referenced from app_control_monitor.o(.text)
 <LI><a href="#[8e]">control_timing_back_task</a> from app_control_timing_back.o(.text) referenced from app_control_timing_back.o(.text)
 <LI><a href="#[12]">ctrl_centri_cmd</a> from app_shell.o(.text) referenced 2 times from app_shell.o(.data)
 <LI><a href="#[11]">ctrl_pump_cmd</a> from app_shell.o(.text) referenced 2 times from app_shell.o(.data)
 <LI><a href="#[13]">ctrl_turn_valve_cmd</a> from app_shell.o(.text) referenced 2 times from app_shell.o(.data)
 <LI><a href="#[a]">get_system_version</a> from app_shell.o(.text) referenced 2 times from app_shell.o(.data)
 <LI><a href="#[c]">get_ucos_status</a> from app_shell.o(.text) referenced 2 times from app_shell.o(.data)
 <LI><a href="#[8b]">handle_notification</a> from app_comx100.o(.text) referenced from app_comx100.o(.text)
 <LI><a href="#[86]">led_task</a> from app_led.o(.text) referenced from app_led.o(.text)
 <LI><a href="#[d]">reset_system</a> from app_shell.o(.text) referenced 2 times from app_shell.o(.data)
 <LI><a href="#[e]">rtc_bkpsram_cmd</a> from app_shell.o(.text) referenced 2 times from app_shell.o(.data)
 <LI><a href="#[82]">shell_task</a> from app_shell.o(.text) referenced from app_shell.o(.text)
 <LI><a href="#[1e4]">tmr_key_press_callback</a> from app_control_key_press.o(.text) referenced from app_control_key_press.o(.text)
 <LI><a href="#[1e5]">tmr_pause_program_callback</a> from app_control_key_press.o(.text) referenced from app_control_key_press.o(.text)
 <LI><a href="#[20c]">tmr_test_cancal_protect_callback</a> from app_control_set_canal.o(.text) referenced from app_control_set_canal.o(.text)
 <LI><a href="#[90]">tpdo_arm1_send_task</a> from app_cmd_send.o(.text) referenced from app_cmd_send.o(.text)
 <LI><a href="#[91]">tpdo_arm2_send_task</a> from app_cmd_send.o(.text) referenced from app_cmd_send.o(.text)
 <LI><a href="#[92]">tpdo_arm3_send_task</a> from app_cmd_send.o(.text) referenced from app_cmd_send.o(.text)
 <LI><a href="#[10]">tpdo_send_test_cmd</a> from app_shell.o(.text) referenced 2 times from app_shell.o(.data)
 <LI><a href="#[225]">trouble_shooting_task</a> from app_trouble_shooting.o(.text) referenced from app_trouble_shooting.o(.text)
 <LI><a href="#[85]">uart_data_recv</a> from app_cmd_analysis.o(.text) referenced from app_cmd_analysis.o(.text)
 <LI><a href="#[8f]">uart_ipc_send_task</a> from app_cmd_send.o(.text) referenced from app_cmd_send.o(.text)
 <LI><a href="#[f]">uart_send_test_cmd</a> from app_shell.o(.text) referenced 2 times from app_shell.o(.data)
 <LI><a href="#[84]">usart_dma_route_task</a> from app_usart_dma_route.o(.text) referenced from app_usart_dma_route.o(.text)
 <LI><a href="#[83]">usart_dma_send_task</a> from app_usart_dma_route.o(.text) referenced from app_usart_dma_route.o(.text)
 <LI><a href="#[1fe]">user_tmr_task</a> from app_user_tmr.o(.text) referenced from app_user_tmr.o(.text)
</UL>
<P>
<H3>
Global Symbols
</H3>
<P><STRONG><a name="[9e]"></a>__main</STRONG> (Thumb, 8 bytes, Stack size 0 bytes, __main.o(!!!main))
<BR><BR>[Calls]<UL><LI><a href="#[a0]">&gt;&gt;</a>&nbsp;&nbsp;&nbsp;__rt_entry
<LI><a href="#[9f]">&gt;&gt;</a>&nbsp;&nbsp;&nbsp;__scatterload
</UL>

<P><STRONG><a name="[9f]"></a>__scatterload</STRONG> (Thumb, 0 bytes, Stack size 0 bytes, __scatter.o(!!!scatter))
<BR><BR>[Called By]<UL><LI><a href="#[9e]">&gt;&gt;</a>&nbsp;&nbsp;&nbsp;__main
</UL>

<P><STRONG><a name="[a1]"></a>__scatterload_rt2</STRONG> (Thumb, 44 bytes, Stack size 0 bytes, __scatter.o(!!!scatter), UNUSED)
<BR><BR>[Calls]<UL><LI><a href="#[a0]">&gt;&gt;</a>&nbsp;&nbsp;&nbsp;__rt_entry
</UL>

<P><STRONG><a name="[a2]"></a>_printf_n</STRONG> (Thumb, 0 bytes, Stack size 0 bytes, _printf_n.o(.ARM.Collect$$_printf_percent$$00000001))
<BR><BR>[Calls]<UL><LI><a href="#[a3]">&gt;&gt;</a>&nbsp;&nbsp;&nbsp;_printf_charcount
</UL>

<P><STRONG><a name="[472]"></a>_printf_percent</STRONG> (Thumb, 0 bytes, Stack size 0 bytes, _printf_percent.o(.ARM.Collect$$_printf_percent$$00000000))
<BR><BR>[Called By]<UL><LI><a href="#[470]">&gt;&gt;</a>&nbsp;&nbsp;&nbsp;__printf
</UL>

<P><STRONG><a name="[a4]"></a>_printf_p</STRONG> (Thumb, 0 bytes, Stack size 0 bytes, _printf_p.o(.ARM.Collect$$_printf_percent$$00000002))
<BR><BR>[Calls]<UL><LI><a href="#[a5]">&gt;&gt;</a>&nbsp;&nbsp;&nbsp;_printf_hex_ptr
</UL>

<P><STRONG><a name="[a6]"></a>_printf_f</STRONG> (Thumb, 0 bytes, Stack size 0 bytes, _printf_f.o(.ARM.Collect$$_printf_percent$$00000003))
<BR><BR>[Calls]<UL><LI><a href="#[a7]">&gt;&gt;</a>&nbsp;&nbsp;&nbsp;_printf_fp_dec
</UL>

<P><STRONG><a name="[a8]"></a>_printf_e</STRONG> (Thumb, 0 bytes, Stack size 0 bytes, _printf_e.o(.ARM.Collect$$_printf_percent$$00000004))
<BR><BR>[Calls]<UL><LI><a href="#[a7]">&gt;&gt;</a>&nbsp;&nbsp;&nbsp;_printf_fp_dec
</UL>

<P><STRONG><a name="[a9]"></a>_printf_g</STRONG> (Thumb, 0 bytes, Stack size 0 bytes, _printf_g.o(.ARM.Collect$$_printf_percent$$00000005))
<BR><BR>[Calls]<UL><LI><a href="#[a7]">&gt;&gt;</a>&nbsp;&nbsp;&nbsp;_printf_fp_dec
</UL>

<P><STRONG><a name="[aa]"></a>_printf_i</STRONG> (Thumb, 0 bytes, Stack size 0 bytes, _printf_i.o(.ARM.Collect$$_printf_percent$$00000008))
<BR><BR>[Calls]<UL><LI><a href="#[ab]">&gt;&gt;</a>&nbsp;&nbsp;&nbsp;_printf_int_dec
</UL>

<P><STRONG><a name="[ac]"></a>_printf_d</STRONG> (Thumb, 0 bytes, Stack size 0 bytes, _printf_d.o(.ARM.Collect$$_printf_percent$$00000009))
<BR><BR>[Calls]<UL><LI><a href="#[ab]">&gt;&gt;</a>&nbsp;&nbsp;&nbsp;_printf_int_dec
</UL>

<P><STRONG><a name="[ad]"></a>_printf_u</STRONG> (Thumb, 0 bytes, Stack size 0 bytes, _printf_u.o(.ARM.Collect$$_printf_percent$$0000000A))
<BR><BR>[Calls]<UL><LI><a href="#[ab]">&gt;&gt;</a>&nbsp;&nbsp;&nbsp;_printf_int_dec
</UL>

<P><STRONG><a name="[ae]"></a>_printf_o</STRONG> (Thumb, 0 bytes, Stack size 0 bytes, _printf_o.o(.ARM.Collect$$_printf_percent$$0000000B))
<BR><BR>[Calls]<UL><LI><a href="#[af]">&gt;&gt;</a>&nbsp;&nbsp;&nbsp;_printf_int_oct
</UL>

<P><STRONG><a name="[b0]"></a>_printf_x</STRONG> (Thumb, 0 bytes, Stack size 0 bytes, _printf_x.o(.ARM.Collect$$_printf_percent$$0000000C))
<BR><BR>[Calls]<UL><LI><a href="#[b1]">&gt;&gt;</a>&nbsp;&nbsp;&nbsp;_printf_int_hex
</UL>

<P><STRONG><a name="[b2]"></a>_printf_lli</STRONG> (Thumb, 0 bytes, Stack size 0 bytes, _printf_lli.o(.ARM.Collect$$_printf_percent$$0000000D))
<BR><BR>[Calls]<UL><LI><a href="#[b3]">&gt;&gt;</a>&nbsp;&nbsp;&nbsp;_printf_longlong_dec
</UL>

<P><STRONG><a name="[b4]"></a>_printf_lld</STRONG> (Thumb, 0 bytes, Stack size 0 bytes, _printf_lld.o(.ARM.Collect$$_printf_percent$$0000000E))
<BR><BR>[Calls]<UL><LI><a href="#[b3]">&gt;&gt;</a>&nbsp;&nbsp;&nbsp;_printf_longlong_dec
</UL>

<P><STRONG><a name="[b5]"></a>_printf_llu</STRONG> (Thumb, 0 bytes, Stack size 0 bytes, _printf_llu.o(.ARM.Collect$$_printf_percent$$0000000F))
<BR><BR>[Calls]<UL><LI><a href="#[b3]">&gt;&gt;</a>&nbsp;&nbsp;&nbsp;_printf_longlong_dec
</UL>

<P><STRONG><a name="[b6]"></a>_printf_llo</STRONG> (Thumb, 0 bytes, Stack size 0 bytes, _printf_llo.o(.ARM.Collect$$_printf_percent$$00000010))
<BR><BR>[Calls]<UL><LI><a href="#[b7]">&gt;&gt;</a>&nbsp;&nbsp;&nbsp;_printf_ll_oct
</UL>

<P><STRONG><a name="[b8]"></a>_printf_llx</STRONG> (Thumb, 0 bytes, Stack size 0 bytes, _printf_llx.o(.ARM.Collect$$_printf_percent$$00000011))
<BR><BR>[Calls]<UL><LI><a href="#[b9]">&gt;&gt;</a>&nbsp;&nbsp;&nbsp;_printf_ll_hex
</UL>

<P><STRONG><a name="[ba]"></a>_printf_c</STRONG> (Thumb, 0 bytes, Stack size 0 bytes, _printf_c.o(.ARM.Collect$$_printf_percent$$00000013))
<BR><BR>[Calls]<UL><LI><a href="#[bb]">&gt;&gt;</a>&nbsp;&nbsp;&nbsp;_printf_char
</UL>

<P><STRONG><a name="[bc]"></a>_printf_s</STRONG> (Thumb, 0 bytes, Stack size 0 bytes, _printf_s.o(.ARM.Collect$$_printf_percent$$00000014))
<BR><BR>[Calls]<UL><LI><a href="#[bd]">&gt;&gt;</a>&nbsp;&nbsp;&nbsp;_printf_string
</UL>

<P><STRONG><a name="[be]"></a>_printf_lc</STRONG> (Thumb, 0 bytes, Stack size 0 bytes, _printf_lc.o(.ARM.Collect$$_printf_percent$$00000015))
<BR><BR>[Calls]<UL><LI><a href="#[bf]">&gt;&gt;</a>&nbsp;&nbsp;&nbsp;_printf_wchar
</UL>

<P><STRONG><a name="[c0]"></a>_printf_ls</STRONG> (Thumb, 0 bytes, Stack size 0 bytes, _printf_ls.o(.ARM.Collect$$_printf_percent$$00000016))
<BR><BR>[Calls]<UL><LI><a href="#[c1]">&gt;&gt;</a>&nbsp;&nbsp;&nbsp;_printf_wstring
</UL>

<P><STRONG><a name="[cc]"></a>__rt_lib_init</STRONG> (Thumb, 0 bytes, Stack size 0 bytes, libinit.o(.ARM.Collect$$libinit$$00000000))
<BR><BR>[Called By]<UL><LI><a href="#[cb]">&gt;&gt;</a>&nbsp;&nbsp;&nbsp;__rt_entry_li
</UL>

<P><STRONG><a name="[c2]"></a>__rt_lib_init_heap_2</STRONG> (Thumb, 0 bytes, Stack size 0 bytes, libinit2.o(.ARM.Collect$$libinit$$00000003))
<BR><BR>[Calls]<UL><LI><a href="#[c3]">&gt;&gt;</a>&nbsp;&nbsp;&nbsp;_init_alloc
</UL>

<P><STRONG><a name="[c4]"></a>__rt_lib_init_lc_common</STRONG> (Thumb, 0 bytes, Stack size 0 bytes, libinit2.o(.ARM.Collect$$libinit$$0000000D))
<BR><BR>[Calls]<UL><LI><a href="#[c5]">&gt;&gt;</a>&nbsp;&nbsp;&nbsp;__rt_locale
</UL>

<P><STRONG><a name="[c6]"></a>__rt_lib_init_lc_ctype_2</STRONG> (Thumb, 0 bytes, Stack size 0 bytes, libinit2.o(.ARM.Collect$$libinit$$00000010))
<BR><BR>[Calls]<UL><LI><a href="#[9c]">&gt;&gt;</a>&nbsp;&nbsp;&nbsp;_get_lc_ctype
</UL>

<P><STRONG><a name="[c7]"></a>__rt_lib_init_lc_numeric_2</STRONG> (Thumb, 0 bytes, Stack size 0 bytes, libinit2.o(.ARM.Collect$$libinit$$00000014))
<BR><BR>[Calls]<UL><LI><a href="#[c8]">&gt;&gt;</a>&nbsp;&nbsp;&nbsp;_get_lc_numeric
</UL>

<P><STRONG><a name="[d1]"></a>__rt_lib_shutdown</STRONG> (Thumb, 0 bytes, Stack size 0 bytes, libshutdown.o(.ARM.Collect$$libshutdown$$00000000))
<BR><BR>[Called By]<UL><LI><a href="#[d0]">&gt;&gt;</a>&nbsp;&nbsp;&nbsp;__rt_exit_ls
</UL>

<P><STRONG><a name="[a0]"></a>__rt_entry</STRONG> (Thumb, 0 bytes, Stack size 0 bytes, rtentry.o(.ARM.Collect$$rtentry$$00000000))
<BR><BR>[Called By]<UL><LI><a href="#[9e]">&gt;&gt;</a>&nbsp;&nbsp;&nbsp;__main
<LI><a href="#[a1]">&gt;&gt;</a>&nbsp;&nbsp;&nbsp;__scatterload_rt2
</UL>

<P><STRONG><a name="[c9]"></a>__rt_entry_sh</STRONG> (Thumb, 0 bytes, Stack size 0 bytes, rtentry4.o(.ARM.Collect$$rtentry$$00000004))
<BR><BR>[Calls]<UL><LI><a href="#[ca]">&gt;&gt;</a>&nbsp;&nbsp;&nbsp;__user_setup_stackheap
</UL>

<P><STRONG><a name="[cb]"></a>__rt_entry_li</STRONG> (Thumb, 0 bytes, Stack size 0 bytes, rtentry2.o(.ARM.Collect$$rtentry$$0000000A))
<BR><BR>[Calls]<UL><LI><a href="#[cc]">&gt;&gt;</a>&nbsp;&nbsp;&nbsp;__rt_lib_init
</UL>

<P><STRONG><a name="[cd]"></a>__rt_entry_main</STRONG> (Thumb, 0 bytes, Stack size 0 bytes, rtentry2.o(.ARM.Collect$$rtentry$$0000000D))
<BR><BR>[Calls]<UL><LI><a href="#[ce]">&gt;&gt;</a>&nbsp;&nbsp;&nbsp;main
<LI><a href="#[cf]">&gt;&gt;</a>&nbsp;&nbsp;&nbsp;exit
</UL>

<P><STRONG><a name="[493]"></a>__rt_exit</STRONG> (Thumb, 0 bytes, Stack size 0 bytes, rtexit.o(.ARM.Collect$$rtexit$$00000000))
<BR><BR>[Called By]<UL><LI><a href="#[cf]">&gt;&gt;</a>&nbsp;&nbsp;&nbsp;exit
</UL>

<P><STRONG><a name="[d0]"></a>__rt_exit_ls</STRONG> (Thumb, 0 bytes, Stack size 0 bytes, rtexit2.o(.ARM.Collect$$rtexit$$00000003))
<BR><BR>[Calls]<UL><LI><a href="#[d1]">&gt;&gt;</a>&nbsp;&nbsp;&nbsp;__rt_lib_shutdown
</UL>

<P><STRONG><a name="[d2]"></a>__rt_exit_exit</STRONG> (Thumb, 0 bytes, Stack size 0 bytes, rtexit2.o(.ARM.Collect$$rtexit$$00000004))
<BR><BR>[Calls]<UL><LI><a href="#[d3]">&gt;&gt;</a>&nbsp;&nbsp;&nbsp;_sys_exit
</UL>

<P><STRONG><a name="[df]"></a>assert_failed</STRONG> (Thumb, 60 bytes, Stack size 0 bytes, app.o(.text))
<BR><BR>[Calls]<UL><LI><a href="#[e0]">&gt;&gt;</a>&nbsp;&nbsp;&nbsp;traceInfo_output
<LI><a href="#[e1]">&gt;&gt;</a>&nbsp;&nbsp;&nbsp;OSTaskQuery
</UL>
<BR>[Called By]<UL><LI><a href="#[2cd]">&gt;&gt;</a>&nbsp;&nbsp;&nbsp;TIM_SetCounter
<LI><a href="#[2ce]">&gt;&gt;</a>&nbsp;&nbsp;&nbsp;TIM_SetAutoreload
<LI><a href="#[2cf]">&gt;&gt;</a>&nbsp;&nbsp;&nbsp;TIM_GetCounter
<LI><a href="#[260]">&gt;&gt;</a>&nbsp;&nbsp;&nbsp;RCC_GetFlagStatus
<LI><a href="#[25a]">&gt;&gt;</a>&nbsp;&nbsp;&nbsp;USART_SendData
<LI><a href="#[250]">&gt;&gt;</a>&nbsp;&nbsp;&nbsp;USART_Init
<LI><a href="#[251]">&gt;&gt;</a>&nbsp;&nbsp;&nbsp;USART_ITConfig
<LI><a href="#[259]">&gt;&gt;</a>&nbsp;&nbsp;&nbsp;USART_GetFlagStatus
<LI><a href="#[24f]">&gt;&gt;</a>&nbsp;&nbsp;&nbsp;USART_DeInit
<LI><a href="#[258]">&gt;&gt;</a>&nbsp;&nbsp;&nbsp;USART_DMACmd
<LI><a href="#[253]">&gt;&gt;</a>&nbsp;&nbsp;&nbsp;USART_Cmd
<LI><a href="#[252]">&gt;&gt;</a>&nbsp;&nbsp;&nbsp;USART_ClearFlag
<LI><a href="#[255]">&gt;&gt;</a>&nbsp;&nbsp;&nbsp;DMA_Init
<LI><a href="#[257]">&gt;&gt;</a>&nbsp;&nbsp;&nbsp;DMA_ITConfig
<LI><a href="#[254]">&gt;&gt;</a>&nbsp;&nbsp;&nbsp;DMA_DeInit
<LI><a href="#[256]">&gt;&gt;</a>&nbsp;&nbsp;&nbsp;DMA_ClearFlag
<LI><a href="#[24e]">&gt;&gt;</a>&nbsp;&nbsp;&nbsp;init_usart_with_dma
<LI><a href="#[248]">&gt;&gt;</a>&nbsp;&nbsp;&nbsp;SYSCFG_EXTILineConfig
<LI><a href="#[246]">&gt;&gt;</a>&nbsp;&nbsp;&nbsp;RCC_APB2PeriphClockCmd
<LI><a href="#[249]">&gt;&gt;</a>&nbsp;&nbsp;&nbsp;EXTI_Init
<LI><a href="#[23e]">&gt;&gt;</a>&nbsp;&nbsp;&nbsp;RCC_AHB3PeriphClockCmd
<LI><a href="#[244]">&gt;&gt;</a>&nbsp;&nbsp;&nbsp;GPIO_SetBits
<LI><a href="#[240]">&gt;&gt;</a>&nbsp;&nbsp;&nbsp;GPIO_ResetBits
<LI><a href="#[242]">&gt;&gt;</a>&nbsp;&nbsp;&nbsp;FSMC_NORSRAMInit
<LI><a href="#[243]">&gt;&gt;</a>&nbsp;&nbsp;&nbsp;FSMC_NORSRAMCmd
<LI><a href="#[23d]">&gt;&gt;</a>&nbsp;&nbsp;&nbsp;RCC_AHB1PeriphClockCmd
<LI><a href="#[241]">&gt;&gt;</a>&nbsp;&nbsp;&nbsp;GPIO_PinAFConfig
<LI><a href="#[23f]">&gt;&gt;</a>&nbsp;&nbsp;&nbsp;GPIO_Init
<LI><a href="#[23a]">&gt;&gt;</a>&nbsp;&nbsp;&nbsp;NVIC_PriorityGroupConfig
<LI><a href="#[238]">&gt;&gt;</a>&nbsp;&nbsp;&nbsp;usart_send_data
<LI><a href="#[235]">&gt;&gt;</a>&nbsp;&nbsp;&nbsp;app_no_blocking
<LI><a href="#[234]">&gt;&gt;</a>&nbsp;&nbsp;&nbsp;app_tick_trace_output
<LI><a href="#[225]">&gt;&gt;</a>&nbsp;&nbsp;&nbsp;trouble_shooting_task
<LI><a href="#[94]">&gt;&gt;</a>&nbsp;&nbsp;&nbsp;control_cali_pump_task
<LI><a href="#[221]">&gt;&gt;</a>&nbsp;&nbsp;&nbsp;control_feedback_task
<LI><a href="#[220]">&gt;&gt;</a>&nbsp;&nbsp;&nbsp;feedback_direct
<LI><a href="#[21e]">&gt;&gt;</a>&nbsp;&nbsp;&nbsp;feedback_with_pla
<LI><a href="#[20c]">&gt;&gt;</a>&nbsp;&nbsp;&nbsp;tmr_test_cancal_protect_callback
<LI><a href="#[20e]">&gt;&gt;</a>&nbsp;&nbsp;&nbsp;test_canal
<LI><a href="#[207]">&gt;&gt;</a>&nbsp;&nbsp;&nbsp;set_total_distance_event
<LI><a href="#[20b]">&gt;&gt;</a>&nbsp;&nbsp;&nbsp;blood_priming
<LI><a href="#[209]">&gt;&gt;</a>&nbsp;&nbsp;&nbsp;first_phase_ten_mins
<LI><a href="#[206]">&gt;&gt;</a>&nbsp;&nbsp;&nbsp;second_phase_ten_mins
<LI><a href="#[204]">&gt;&gt;</a>&nbsp;&nbsp;&nbsp;stable_blood_collect
<LI><a href="#[1fb]">&gt;&gt;</a>&nbsp;&nbsp;&nbsp;TIM_TimeBaseInit
<LI><a href="#[1fc]">&gt;&gt;</a>&nbsp;&nbsp;&nbsp;TIM_ITConfig
<LI><a href="#[202]">&gt;&gt;</a>&nbsp;&nbsp;&nbsp;TIM_GetFlagStatus
<LI><a href="#[1fd]">&gt;&gt;</a>&nbsp;&nbsp;&nbsp;TIM_Cmd
<LI><a href="#[203]">&gt;&gt;</a>&nbsp;&nbsp;&nbsp;TIM_ClearFlag
<LI><a href="#[1f8]">&gt;&gt;</a>&nbsp;&nbsp;&nbsp;RCC_APB1PeriphClockCmd
<LI><a href="#[1f9]">&gt;&gt;</a>&nbsp;&nbsp;&nbsp;NVIC_Init
<LI><a href="#[1fe]">&gt;&gt;</a>&nbsp;&nbsp;&nbsp;user_tmr_task
<LI><a href="#[1f2]">&gt;&gt;</a>&nbsp;&nbsp;&nbsp;get_flow_speed_table
<LI><a href="#[58]">&gt;&gt;</a>&nbsp;&nbsp;&nbsp;EXTI15_10_IRQHandler
<LI><a href="#[1da]">&gt;&gt;</a>&nbsp;&nbsp;&nbsp;GPIO_ReadInputDataBit
<LI><a href="#[1d2]">&gt;&gt;</a>&nbsp;&nbsp;&nbsp;arm3_send_frame
<LI><a href="#[1d1]">&gt;&gt;</a>&nbsp;&nbsp;&nbsp;arm2_send_frame
<LI><a href="#[1cf]">&gt;&gt;</a>&nbsp;&nbsp;&nbsp;arm1_send_frame
<LI><a href="#[8f]">&gt;&gt;</a>&nbsp;&nbsp;&nbsp;uart_ipc_send_task
<LI><a href="#[90]">&gt;&gt;</a>&nbsp;&nbsp;&nbsp;tpdo_arm1_send_task
<LI><a href="#[91]">&gt;&gt;</a>&nbsp;&nbsp;&nbsp;tpdo_arm2_send_task
<LI><a href="#[92]">&gt;&gt;</a>&nbsp;&nbsp;&nbsp;tpdo_arm3_send_task
<LI><a href="#[1c0]">&gt;&gt;</a>&nbsp;&nbsp;&nbsp;send_collect_volume
<LI><a href="#[1bc]">&gt;&gt;</a>&nbsp;&nbsp;&nbsp;control_adjust_implement_task
<LI><a href="#[1a2]">&gt;&gt;</a>&nbsp;&nbsp;&nbsp;EXTI_GetITStatus
<LI><a href="#[1a4]">&gt;&gt;</a>&nbsp;&nbsp;&nbsp;EXTI_ClearITPendingBit
<LI><a href="#[39]">&gt;&gt;</a>&nbsp;&nbsp;&nbsp;EXTI3_IRQHandler
<LI><a href="#[1a1]">&gt;&gt;</a>&nbsp;&nbsp;&nbsp;create_comX100_isr_task
<LI><a href="#[8d]">&gt;&gt;</a>&nbsp;&nbsp;&nbsp;comX100_isr_task
<LI><a href="#[8c]">&gt;&gt;</a>&nbsp;&nbsp;&nbsp;comX100_module_task
<LI><a href="#[19c]">&gt;&gt;</a>&nbsp;&nbsp;&nbsp;init_communication_channel
<LI><a href="#[8b]">&gt;&gt;</a>&nbsp;&nbsp;&nbsp;handle_notification
<LI><a href="#[164]">&gt;&gt;</a>&nbsp;&nbsp;&nbsp;stop_pause_status
<LI><a href="#[174]">&gt;&gt;</a>&nbsp;&nbsp;&nbsp;control_init_key_press
<LI><a href="#[15c]">&gt;&gt;</a>&nbsp;&nbsp;&nbsp;arm3_answer_cmd
<LI><a href="#[15b]">&gt;&gt;</a>&nbsp;&nbsp;&nbsp;arm2_answer_cmd
<LI><a href="#[15a]">&gt;&gt;</a>&nbsp;&nbsp;&nbsp;arm1_answer_cmd
<LI><a href="#[172]">&gt;&gt;</a>&nbsp;&nbsp;&nbsp;control_init_monitor_task
<LI><a href="#[88]">&gt;&gt;</a>&nbsp;&nbsp;&nbsp;control_monitor_task
<LI><a href="#[16d]">&gt;&gt;</a>&nbsp;&nbsp;&nbsp;pause_program_implement
<LI><a href="#[156]">&gt;&gt;</a>&nbsp;&nbsp;&nbsp;test_power_on
<LI><a href="#[157]">&gt;&gt;</a>&nbsp;&nbsp;&nbsp;set_canal
<LI><a href="#[153]">&gt;&gt;</a>&nbsp;&nbsp;&nbsp;control_init_cali_pump_task
<LI><a href="#[158]">&gt;&gt;</a>&nbsp;&nbsp;&nbsp;blood_collect
<LI><a href="#[14f]">&gt;&gt;</a>&nbsp;&nbsp;&nbsp;update_pressure_now
<LI><a href="#[13d]">&gt;&gt;</a>&nbsp;&nbsp;&nbsp;user_timer_init
<LI><a href="#[143]">&gt;&gt;</a>&nbsp;&nbsp;&nbsp;init_trouble_shooting_task
<LI><a href="#[13c]">&gt;&gt;</a>&nbsp;&nbsp;&nbsp;init_comX100_module_task
<LI><a href="#[13f]">&gt;&gt;</a>&nbsp;&nbsp;&nbsp;control_init_timing_back_task
<LI><a href="#[140]">&gt;&gt;</a>&nbsp;&nbsp;&nbsp;control_init_send_task
<LI><a href="#[142]">&gt;&gt;</a>&nbsp;&nbsp;&nbsp;control_init_flow_task
<LI><a href="#[141]">&gt;&gt;</a>&nbsp;&nbsp;&nbsp;control_init_feedback_task
<LI><a href="#[13e]">&gt;&gt;</a>&nbsp;&nbsp;&nbsp;control_init_adust_implement_task
<LI><a href="#[17]">&gt;&gt;</a>&nbsp;&nbsp;&nbsp;control_RPDO4_callback
<LI><a href="#[16]">&gt;&gt;</a>&nbsp;&nbsp;&nbsp;control_RPDO3_callback
<LI><a href="#[23]">&gt;&gt;</a>&nbsp;&nbsp;&nbsp;control_RPDO16_callback
<LI><a href="#[22]">&gt;&gt;</a>&nbsp;&nbsp;&nbsp;control_RPDO15_callback
<LI><a href="#[1d]">&gt;&gt;</a>&nbsp;&nbsp;&nbsp;control_RPDO10_callback
<LI><a href="#[137]">&gt;&gt;</a>&nbsp;&nbsp;&nbsp;set_adjust_event
<LI><a href="#[13a]">&gt;&gt;</a>&nbsp;&nbsp;&nbsp;control_uart_cmd_analysis_init
<LI><a href="#[135]">&gt;&gt;</a>&nbsp;&nbsp;&nbsp;uart_data_parse
<LI><a href="#[120]">&gt;&gt;</a>&nbsp;&nbsp;&nbsp;reload_usart_dma_tx
<LI><a href="#[128]">&gt;&gt;</a>&nbsp;&nbsp;&nbsp;reload_usart_dma_rx
<LI><a href="#[126]">&gt;&gt;</a>&nbsp;&nbsp;&nbsp;init_usart
<LI><a href="#[12a]">&gt;&gt;</a>&nbsp;&nbsp;&nbsp;DMA_GetITStatus
<LI><a href="#[12b]">&gt;&gt;</a>&nbsp;&nbsp;&nbsp;DMA_GetCurrDataCounter
<LI><a href="#[12e]">&gt;&gt;</a>&nbsp;&nbsp;&nbsp;DMA_GetCmdStatus
<LI><a href="#[12f]">&gt;&gt;</a>&nbsp;&nbsp;&nbsp;DMA_Cmd
<LI><a href="#[12c]">&gt;&gt;</a>&nbsp;&nbsp;&nbsp;DMA_ClearITPendingBit
<LI><a href="#[129]">&gt;&gt;</a>&nbsp;&nbsp;&nbsp;send_data_packet
<LI><a href="#[125]">&gt;&gt;</a>&nbsp;&nbsp;&nbsp;init_usart_with_recv_callback
<LI><a href="#[122]">&gt;&gt;</a>&nbsp;&nbsp;&nbsp;init_usart_dma_route_task
<LI><a href="#[84]">&gt;&gt;</a>&nbsp;&nbsp;&nbsp;usart_dma_route_task
<LI><a href="#[fc]">&gt;&gt;</a>&nbsp;&nbsp;&nbsp;uart_send_frame
<LI><a href="#[fa]">&gt;&gt;</a>&nbsp;&nbsp;&nbsp;uart_answer_cmd
<LI><a href="#[f9]">&gt;&gt;</a>&nbsp;&nbsp;&nbsp;set_rtc_date
<LI><a href="#[fe]">&gt;&gt;</a>&nbsp;&nbsp;&nbsp;comX100_send_packet
<LI><a href="#[11d]">&gt;&gt;</a>&nbsp;&nbsp;&nbsp;USART_ReceiveData
<LI><a href="#[11c]">&gt;&gt;</a>&nbsp;&nbsp;&nbsp;USART_GetITStatus
<LI><a href="#[82]">&gt;&gt;</a>&nbsp;&nbsp;&nbsp;shell_task
<LI><a href="#[10c]">&gt;&gt;</a>&nbsp;&nbsp;&nbsp;init_uart_event
<LI><a href="#[e]">&gt;&gt;</a>&nbsp;&nbsp;&nbsp;rtc_bkpsram_cmd
<LI><a href="#[f1]">&gt;&gt;</a>&nbsp;&nbsp;&nbsp;get_uart_data
<LI><a href="#[e4]">&gt;&gt;</a>&nbsp;&nbsp;&nbsp;init_trace
<LI><a href="#[e6]">&gt;&gt;</a>&nbsp;&nbsp;&nbsp;init_shell_task
<LI><a href="#[e7]">&gt;&gt;</a>&nbsp;&nbsp;&nbsp;init_led_task
<LI><a href="#[e5]">&gt;&gt;</a>&nbsp;&nbsp;&nbsp;init_control_board_task
<LI><a href="#[e8]">&gt;&gt;</a>&nbsp;&nbsp;&nbsp;init_buzzer_ring_task
<LI><a href="#[d5]">&gt;&gt;</a>&nbsp;&nbsp;&nbsp;app_traceInfo_output
<LI><a href="#[ea]">&gt;&gt;</a>&nbsp;&nbsp;&nbsp;init_app_start_task
<LI><a href="#[3fe]">&gt;&gt;</a>&nbsp;&nbsp;&nbsp;OS_SetEvent
<LI><a href="#[3f3]">&gt;&gt;</a>&nbsp;&nbsp;&nbsp;OS_DeleteMutex
<LI><a href="#[3f4]">&gt;&gt;</a>&nbsp;&nbsp;&nbsp;OS_DeleteLock
<LI><a href="#[3f2]">&gt;&gt;</a>&nbsp;&nbsp;&nbsp;OS_DeleteEvent
<LI><a href="#[3e4]">&gt;&gt;</a>&nbsp;&nbsp;&nbsp;OS_CreateMutex
<LI><a href="#[3e5]">&gt;&gt;</a>&nbsp;&nbsp;&nbsp;OS_CreateLock
<LI><a href="#[3ed]">&gt;&gt;</a>&nbsp;&nbsp;&nbsp;OS_CreateEvent
<LI><a href="#[37f]">&gt;&gt;</a>&nbsp;&nbsp;&nbsp;OS_WaitMutex
<LI><a href="#[381]">&gt;&gt;</a>&nbsp;&nbsp;&nbsp;OS_ReleaseMutex
<LI><a href="#[3a1]">&gt;&gt;</a>&nbsp;&nbsp;&nbsp;OS_LeaveLock
<LI><a href="#[39f]">&gt;&gt;</a>&nbsp;&nbsp;&nbsp;OS_EnterLock
<LI><a href="#[365]">&gt;&gt;</a>&nbsp;&nbsp;&nbsp;ADC_ClearITPendingBit
<LI><a href="#[364]">&gt;&gt;</a>&nbsp;&nbsp;&nbsp;ADC_GetITStatus
<LI><a href="#[363]">&gt;&gt;</a>&nbsp;&nbsp;&nbsp;ADC_ClearFlag
<LI><a href="#[362]">&gt;&gt;</a>&nbsp;&nbsp;&nbsp;ADC_GetFlagStatus
<LI><a href="#[361]">&gt;&gt;</a>&nbsp;&nbsp;&nbsp;ADC_ITConfig
<LI><a href="#[360]">&gt;&gt;</a>&nbsp;&nbsp;&nbsp;ADC_GetInjectedConversionValue
<LI><a href="#[35f]">&gt;&gt;</a>&nbsp;&nbsp;&nbsp;ADC_InjectedDiscModeCmd
<LI><a href="#[35e]">&gt;&gt;</a>&nbsp;&nbsp;&nbsp;ADC_AutoInjectedConvCmd
<LI><a href="#[35d]">&gt;&gt;</a>&nbsp;&nbsp;&nbsp;ADC_GetSoftwareStartInjectedConvCmdStatus
<LI><a href="#[35c]">&gt;&gt;</a>&nbsp;&nbsp;&nbsp;ADC_SoftwareStartInjectedConv
<LI><a href="#[35b]">&gt;&gt;</a>&nbsp;&nbsp;&nbsp;ADC_ExternalTrigInjectedConvEdgeConfig
<LI><a href="#[35a]">&gt;&gt;</a>&nbsp;&nbsp;&nbsp;ADC_ExternalTrigInjectedConvConfig
<LI><a href="#[359]">&gt;&gt;</a>&nbsp;&nbsp;&nbsp;ADC_SetInjectedOffset
<LI><a href="#[358]">&gt;&gt;</a>&nbsp;&nbsp;&nbsp;ADC_InjectedSequencerLengthConfig
<LI><a href="#[357]">&gt;&gt;</a>&nbsp;&nbsp;&nbsp;ADC_InjectedChannelConfig
<LI><a href="#[356]">&gt;&gt;</a>&nbsp;&nbsp;&nbsp;ADC_MultiModeDMARequestAfterLastTransferCmd
<LI><a href="#[355]">&gt;&gt;</a>&nbsp;&nbsp;&nbsp;ADC_GetConversionValue
<LI><a href="#[354]">&gt;&gt;</a>&nbsp;&nbsp;&nbsp;ADC_DiscModeCmd
<LI><a href="#[353]">&gt;&gt;</a>&nbsp;&nbsp;&nbsp;ADC_DiscModeChannelCountConfig
<LI><a href="#[352]">&gt;&gt;</a>&nbsp;&nbsp;&nbsp;ADC_ContinuousModeCmd
<LI><a href="#[351]">&gt;&gt;</a>&nbsp;&nbsp;&nbsp;ADC_EOCOnEachRegularChannelCmd
<LI><a href="#[350]">&gt;&gt;</a>&nbsp;&nbsp;&nbsp;ADC_GetSoftwareStartConvStatus
<LI><a href="#[34f]">&gt;&gt;</a>&nbsp;&nbsp;&nbsp;ADC_TempSensorVrefintCmd
<LI><a href="#[34e]">&gt;&gt;</a>&nbsp;&nbsp;&nbsp;ADC_AnalogWatchdogSingleChannelConfig
<LI><a href="#[34d]">&gt;&gt;</a>&nbsp;&nbsp;&nbsp;ADC_AnalogWatchdogThresholdsConfig
<LI><a href="#[34c]">&gt;&gt;</a>&nbsp;&nbsp;&nbsp;ADC_AnalogWatchdogCmd
<LI><a href="#[34a]">&gt;&gt;</a>&nbsp;&nbsp;&nbsp;PWR_ClearFlag
<LI><a href="#[349]">&gt;&gt;</a>&nbsp;&nbsp;&nbsp;PWR_EnterSTOPMode
<LI><a href="#[348]">&gt;&gt;</a>&nbsp;&nbsp;&nbsp;PWR_FlashPowerDownCmd
<LI><a href="#[347]">&gt;&gt;</a>&nbsp;&nbsp;&nbsp;PWR_WakeUpPinCmd
<LI><a href="#[346]">&gt;&gt;</a>&nbsp;&nbsp;&nbsp;PWR_PVDCmd
<LI><a href="#[345]">&gt;&gt;</a>&nbsp;&nbsp;&nbsp;PWR_PVDLevelConfig
<LI><a href="#[343]">&gt;&gt;</a>&nbsp;&nbsp;&nbsp;RTC_ClearITPendingBit
<LI><a href="#[342]">&gt;&gt;</a>&nbsp;&nbsp;&nbsp;RTC_GetITStatus
<LI><a href="#[341]">&gt;&gt;</a>&nbsp;&nbsp;&nbsp;RTC_ClearFlag
<LI><a href="#[340]">&gt;&gt;</a>&nbsp;&nbsp;&nbsp;RTC_GetFlagStatus
<LI><a href="#[33f]">&gt;&gt;</a>&nbsp;&nbsp;&nbsp;RTC_ITConfig
<LI><a href="#[33e]">&gt;&gt;</a>&nbsp;&nbsp;&nbsp;RTC_OutputTypeConfig
<LI><a href="#[33d]">&gt;&gt;</a>&nbsp;&nbsp;&nbsp;RTC_TimeStampPinSelection
<LI><a href="#[33c]">&gt;&gt;</a>&nbsp;&nbsp;&nbsp;RTC_TamperPinSelection
<LI><a href="#[33b]">&gt;&gt;</a>&nbsp;&nbsp;&nbsp;RTC_TamperCmd
<LI><a href="#[33a]">&gt;&gt;</a>&nbsp;&nbsp;&nbsp;RTC_TamperTriggerConfig
<LI><a href="#[339]">&gt;&gt;</a>&nbsp;&nbsp;&nbsp;RTC_GetTimeStamp
<LI><a href="#[338]">&gt;&gt;</a>&nbsp;&nbsp;&nbsp;RTC_TimeStampCmd
<LI><a href="#[337]">&gt;&gt;</a>&nbsp;&nbsp;&nbsp;RTC_CalibOutputCmd
<LI><a href="#[336]">&gt;&gt;</a>&nbsp;&nbsp;&nbsp;RTC_CoarseCalibCmd
<LI><a href="#[335]">&gt;&gt;</a>&nbsp;&nbsp;&nbsp;RTC_CoarseCalibConfig
<LI><a href="#[334]">&gt;&gt;</a>&nbsp;&nbsp;&nbsp;RTC_OutputConfig
<LI><a href="#[333]">&gt;&gt;</a>&nbsp;&nbsp;&nbsp;RTC_DayLightSavingConfig
<LI><a href="#[332]">&gt;&gt;</a>&nbsp;&nbsp;&nbsp;RTC_WakeUpCmd
<LI><a href="#[331]">&gt;&gt;</a>&nbsp;&nbsp;&nbsp;RTC_SetWakeUpCounter
<LI><a href="#[330]">&gt;&gt;</a>&nbsp;&nbsp;&nbsp;RTC_WakeUpClockConfig
<LI><a href="#[32f]">&gt;&gt;</a>&nbsp;&nbsp;&nbsp;RTC_AlarmCmd
<LI><a href="#[32e]">&gt;&gt;</a>&nbsp;&nbsp;&nbsp;RTC_GetAlarm
<LI><a href="#[32d]">&gt;&gt;</a>&nbsp;&nbsp;&nbsp;RTC_SetAlarm
<LI><a href="#[32a]">&gt;&gt;</a>&nbsp;&nbsp;&nbsp;RTC_RefClockCmd
<LI><a href="#[329]">&gt;&gt;</a>&nbsp;&nbsp;&nbsp;RTC_WriteProtectionCmd
<LI><a href="#[325]">&gt;&gt;</a>&nbsp;&nbsp;&nbsp;DMA_GetFlagStatus
<LI><a href="#[324]">&gt;&gt;</a>&nbsp;&nbsp;&nbsp;DMA_GetFIFOStatus
<LI><a href="#[323]">&gt;&gt;</a>&nbsp;&nbsp;&nbsp;DMA_GetCurrentMemoryTarget
<LI><a href="#[322]">&gt;&gt;</a>&nbsp;&nbsp;&nbsp;DMA_MemoryTargetConfig
<LI><a href="#[321]">&gt;&gt;</a>&nbsp;&nbsp;&nbsp;DMA_DoubleBufferModeCmd
<LI><a href="#[320]">&gt;&gt;</a>&nbsp;&nbsp;&nbsp;DMA_DoubleBufferModeConfig
<LI><a href="#[31f]">&gt;&gt;</a>&nbsp;&nbsp;&nbsp;DMA_SetCurrDataCounter
<LI><a href="#[31e]">&gt;&gt;</a>&nbsp;&nbsp;&nbsp;DMA_FlowControllerConfig
<LI><a href="#[31d]">&gt;&gt;</a>&nbsp;&nbsp;&nbsp;DMA_PeriphIncOffsetSizeConfig
<LI><a href="#[31c]">&gt;&gt;</a>&nbsp;&nbsp;&nbsp;TIM_RemapConfig
<LI><a href="#[31b]">&gt;&gt;</a>&nbsp;&nbsp;&nbsp;TIM_SelectHallSensor
<LI><a href="#[31a]">&gt;&gt;</a>&nbsp;&nbsp;&nbsp;TIM_EncoderInterfaceConfig
<LI><a href="#[319]">&gt;&gt;</a>&nbsp;&nbsp;&nbsp;TIM_SelectMasterSlaveMode
<LI><a href="#[318]">&gt;&gt;</a>&nbsp;&nbsp;&nbsp;TIM_SelectSlaveMode
<LI><a href="#[317]">&gt;&gt;</a>&nbsp;&nbsp;&nbsp;TIM_SelectOutputTrigger
<LI><a href="#[316]">&gt;&gt;</a>&nbsp;&nbsp;&nbsp;TIM_ETRClockMode2Config
<LI><a href="#[315]">&gt;&gt;</a>&nbsp;&nbsp;&nbsp;TIM_ETRClockMode1Config
<LI><a href="#[314]">&gt;&gt;</a>&nbsp;&nbsp;&nbsp;TIM_ETRConfig
<LI><a href="#[313]">&gt;&gt;</a>&nbsp;&nbsp;&nbsp;TIM_TIxExternalClockConfig
<LI><a href="#[312]">&gt;&gt;</a>&nbsp;&nbsp;&nbsp;TIM_ITRxExternalClockConfig
<LI><a href="#[311]">&gt;&gt;</a>&nbsp;&nbsp;&nbsp;TIM_SelectInputTrigger
<LI><a href="#[310]">&gt;&gt;</a>&nbsp;&nbsp;&nbsp;TIM_InternalClockConfig
<LI><a href="#[30f]">&gt;&gt;</a>&nbsp;&nbsp;&nbsp;TIM_SelectCCDMA
<LI><a href="#[30e]">&gt;&gt;</a>&nbsp;&nbsp;&nbsp;TIM_DMACmd
<LI><a href="#[30d]">&gt;&gt;</a>&nbsp;&nbsp;&nbsp;TIM_DMAConfig
<LI><a href="#[30c]">&gt;&gt;</a>&nbsp;&nbsp;&nbsp;TIM_ClearITPendingBit
<LI><a href="#[30b]">&gt;&gt;</a>&nbsp;&nbsp;&nbsp;TIM_GetITStatus
<LI><a href="#[30a]">&gt;&gt;</a>&nbsp;&nbsp;&nbsp;TIM_GenerateEvent
<LI><a href="#[309]">&gt;&gt;</a>&nbsp;&nbsp;&nbsp;TIM_CCPreloadControl
<LI><a href="#[308]">&gt;&gt;</a>&nbsp;&nbsp;&nbsp;TIM_SelectCOM
<LI><a href="#[307]">&gt;&gt;</a>&nbsp;&nbsp;&nbsp;TIM_CtrlPWMOutputs
<LI><a href="#[306]">&gt;&gt;</a>&nbsp;&nbsp;&nbsp;TIM_BDTRConfig
<LI><a href="#[305]">&gt;&gt;</a>&nbsp;&nbsp;&nbsp;TIM_GetCapture4
<LI><a href="#[304]">&gt;&gt;</a>&nbsp;&nbsp;&nbsp;TIM_GetCapture3
<LI><a href="#[303]">&gt;&gt;</a>&nbsp;&nbsp;&nbsp;TIM_GetCapture2
<LI><a href="#[302]">&gt;&gt;</a>&nbsp;&nbsp;&nbsp;TIM_GetCapture1
<LI><a href="#[301]">&gt;&gt;</a>&nbsp;&nbsp;&nbsp;TIM_PWMIConfig
<LI><a href="#[2fc]">&gt;&gt;</a>&nbsp;&nbsp;&nbsp;TIM_ICInit
<LI><a href="#[2fb]">&gt;&gt;</a>&nbsp;&nbsp;&nbsp;TIM_SetIC1Prescaler
<LI><a href="#[2fa]">&gt;&gt;</a>&nbsp;&nbsp;&nbsp;TIM_SetIC2Prescaler
<LI><a href="#[2f9]">&gt;&gt;</a>&nbsp;&nbsp;&nbsp;TIM_SetIC3Prescaler
<LI><a href="#[2f8]">&gt;&gt;</a>&nbsp;&nbsp;&nbsp;TIM_SetIC4Prescaler
<LI><a href="#[2f7]">&gt;&gt;</a>&nbsp;&nbsp;&nbsp;TIM_CCxNCmd
<LI><a href="#[2f6]">&gt;&gt;</a>&nbsp;&nbsp;&nbsp;TIM_CCxCmd
<LI><a href="#[2f5]">&gt;&gt;</a>&nbsp;&nbsp;&nbsp;TIM_OC4PolarityConfig
<LI><a href="#[2f4]">&gt;&gt;</a>&nbsp;&nbsp;&nbsp;TIM_OC3NPolarityConfig
<LI><a href="#[2f3]">&gt;&gt;</a>&nbsp;&nbsp;&nbsp;TIM_OC3PolarityConfig
<LI><a href="#[2f2]">&gt;&gt;</a>&nbsp;&nbsp;&nbsp;TIM_OC2NPolarityConfig
<LI><a href="#[2f1]">&gt;&gt;</a>&nbsp;&nbsp;&nbsp;TIM_OC2PolarityConfig
<LI><a href="#[2f0]">&gt;&gt;</a>&nbsp;&nbsp;&nbsp;TIM_OC1NPolarityConfig
<LI><a href="#[2ef]">&gt;&gt;</a>&nbsp;&nbsp;&nbsp;TIM_OC1PolarityConfig
<LI><a href="#[2ee]">&gt;&gt;</a>&nbsp;&nbsp;&nbsp;TIM_ClearOC4Ref
<LI><a href="#[2ed]">&gt;&gt;</a>&nbsp;&nbsp;&nbsp;TIM_ClearOC3Ref
<LI><a href="#[2ec]">&gt;&gt;</a>&nbsp;&nbsp;&nbsp;TIM_ClearOC2Ref
<LI><a href="#[2eb]">&gt;&gt;</a>&nbsp;&nbsp;&nbsp;TIM_ClearOC1Ref
<LI><a href="#[2ea]">&gt;&gt;</a>&nbsp;&nbsp;&nbsp;TIM_OC4FastConfig
<LI><a href="#[2e9]">&gt;&gt;</a>&nbsp;&nbsp;&nbsp;TIM_OC3FastConfig
<LI><a href="#[2e8]">&gt;&gt;</a>&nbsp;&nbsp;&nbsp;TIM_OC2FastConfig
<LI><a href="#[2e7]">&gt;&gt;</a>&nbsp;&nbsp;&nbsp;TIM_OC1FastConfig
<LI><a href="#[2e6]">&gt;&gt;</a>&nbsp;&nbsp;&nbsp;TIM_OC4PreloadConfig
<LI><a href="#[2e5]">&gt;&gt;</a>&nbsp;&nbsp;&nbsp;TIM_OC3PreloadConfig
<LI><a href="#[2e4]">&gt;&gt;</a>&nbsp;&nbsp;&nbsp;TIM_OC2PreloadConfig
<LI><a href="#[2e3]">&gt;&gt;</a>&nbsp;&nbsp;&nbsp;TIM_OC1PreloadConfig
<LI><a href="#[2e2]">&gt;&gt;</a>&nbsp;&nbsp;&nbsp;TIM_ForcedOC4Config
<LI><a href="#[2e1]">&gt;&gt;</a>&nbsp;&nbsp;&nbsp;TIM_ForcedOC3Config
<LI><a href="#[2e0]">&gt;&gt;</a>&nbsp;&nbsp;&nbsp;TIM_ForcedOC2Config
<LI><a href="#[2df]">&gt;&gt;</a>&nbsp;&nbsp;&nbsp;TIM_ForcedOC1Config
<LI><a href="#[2de]">&gt;&gt;</a>&nbsp;&nbsp;&nbsp;TIM_SetCompare4
<LI><a href="#[2dd]">&gt;&gt;</a>&nbsp;&nbsp;&nbsp;TIM_SetCompare3
<LI><a href="#[2dc]">&gt;&gt;</a>&nbsp;&nbsp;&nbsp;TIM_SetCompare2
<LI><a href="#[2db]">&gt;&gt;</a>&nbsp;&nbsp;&nbsp;TIM_SetCompare1
<LI><a href="#[2da]">&gt;&gt;</a>&nbsp;&nbsp;&nbsp;TIM_SelectOCxM
<LI><a href="#[2d9]">&gt;&gt;</a>&nbsp;&nbsp;&nbsp;TIM_OC4Init
<LI><a href="#[2d8]">&gt;&gt;</a>&nbsp;&nbsp;&nbsp;TIM_OC3Init
<LI><a href="#[2d7]">&gt;&gt;</a>&nbsp;&nbsp;&nbsp;TIM_OC2Init
<LI><a href="#[2d6]">&gt;&gt;</a>&nbsp;&nbsp;&nbsp;TIM_OC1Init
<LI><a href="#[2d5]">&gt;&gt;</a>&nbsp;&nbsp;&nbsp;TIM_SetClockDivision
<LI><a href="#[2d4]">&gt;&gt;</a>&nbsp;&nbsp;&nbsp;TIM_SelectOnePulseMode
<LI><a href="#[2d3]">&gt;&gt;</a>&nbsp;&nbsp;&nbsp;TIM_ARRPreloadConfig
<LI><a href="#[2d2]">&gt;&gt;</a>&nbsp;&nbsp;&nbsp;TIM_UpdateRequestConfig
<LI><a href="#[2d1]">&gt;&gt;</a>&nbsp;&nbsp;&nbsp;TIM_UpdateDisableConfig
<LI><a href="#[2d0]">&gt;&gt;</a>&nbsp;&nbsp;&nbsp;TIM_GetPrescaler
<LI><a href="#[2cc]">&gt;&gt;</a>&nbsp;&nbsp;&nbsp;TIM_CounterModeConfig
<LI><a href="#[2cb]">&gt;&gt;</a>&nbsp;&nbsp;&nbsp;TIM_PrescalerConfig
<LI><a href="#[2ca]">&gt;&gt;</a>&nbsp;&nbsp;&nbsp;TIM_DeInit
<LI><a href="#[2c9]">&gt;&gt;</a>&nbsp;&nbsp;&nbsp;SYSCFG_CompensationCellCmd
<LI><a href="#[2c8]">&gt;&gt;</a>&nbsp;&nbsp;&nbsp;SYSCFG_ETH_MediaInterfaceConfig
<LI><a href="#[2c7]">&gt;&gt;</a>&nbsp;&nbsp;&nbsp;SYSCFG_MemoryRemapConfig
<LI><a href="#[2c5]">&gt;&gt;</a>&nbsp;&nbsp;&nbsp;RCC_ClearITPendingBit
<LI><a href="#[2c4]">&gt;&gt;</a>&nbsp;&nbsp;&nbsp;RCC_GetITStatus
<LI><a href="#[2c3]">&gt;&gt;</a>&nbsp;&nbsp;&nbsp;RCC_ITConfig
<LI><a href="#[2c2]">&gt;&gt;</a>&nbsp;&nbsp;&nbsp;RCC_APB2PeriphClockLPModeCmd
<LI><a href="#[2c1]">&gt;&gt;</a>&nbsp;&nbsp;&nbsp;RCC_APB1PeriphClockLPModeCmd
<LI><a href="#[2c0]">&gt;&gt;</a>&nbsp;&nbsp;&nbsp;RCC_AHB3PeriphClockLPModeCmd
<LI><a href="#[2bf]">&gt;&gt;</a>&nbsp;&nbsp;&nbsp;RCC_AHB2PeriphClockLPModeCmd
<LI><a href="#[2be]">&gt;&gt;</a>&nbsp;&nbsp;&nbsp;RCC_AHB1PeriphClockLPModeCmd
<LI><a href="#[2bd]">&gt;&gt;</a>&nbsp;&nbsp;&nbsp;RCC_AHB3PeriphResetCmd
<LI><a href="#[2bc]">&gt;&gt;</a>&nbsp;&nbsp;&nbsp;RCC_AHB2PeriphResetCmd
<LI><a href="#[2bb]">&gt;&gt;</a>&nbsp;&nbsp;&nbsp;RCC_AHB2PeriphClockCmd
<LI><a href="#[2ba]">&gt;&gt;</a>&nbsp;&nbsp;&nbsp;RCC_I2SCLKConfig
<LI><a href="#[2b9]">&gt;&gt;</a>&nbsp;&nbsp;&nbsp;RCC_BackupResetCmd
<LI><a href="#[2b8]">&gt;&gt;</a>&nbsp;&nbsp;&nbsp;RCC_PCLK2Config
<LI><a href="#[2b7]">&gt;&gt;</a>&nbsp;&nbsp;&nbsp;RCC_PCLK1Config
<LI><a href="#[2b6]">&gt;&gt;</a>&nbsp;&nbsp;&nbsp;RCC_HCLKConfig
<LI><a href="#[2b5]">&gt;&gt;</a>&nbsp;&nbsp;&nbsp;RCC_SYSCLKConfig
<LI><a href="#[2b4]">&gt;&gt;</a>&nbsp;&nbsp;&nbsp;RCC_MCO2Config
<LI><a href="#[2b3]">&gt;&gt;</a>&nbsp;&nbsp;&nbsp;RCC_MCO1Config
<LI><a href="#[2b2]">&gt;&gt;</a>&nbsp;&nbsp;&nbsp;RCC_ClockSecuritySystemCmd
<LI><a href="#[2b1]">&gt;&gt;</a>&nbsp;&nbsp;&nbsp;RCC_PLLI2SCmd
<LI><a href="#[2b0]">&gt;&gt;</a>&nbsp;&nbsp;&nbsp;RCC_PLLI2SConfig
<LI><a href="#[2af]">&gt;&gt;</a>&nbsp;&nbsp;&nbsp;RCC_PLLCmd
<LI><a href="#[2ae]">&gt;&gt;</a>&nbsp;&nbsp;&nbsp;RCC_PLLConfig
<LI><a href="#[2ad]">&gt;&gt;</a>&nbsp;&nbsp;&nbsp;RCC_LSICmd
<LI><a href="#[2ac]">&gt;&gt;</a>&nbsp;&nbsp;&nbsp;RCC_HSICmd
<LI><a href="#[2ab]">&gt;&gt;</a>&nbsp;&nbsp;&nbsp;RCC_AdjustHSICalibrationValue
<LI><a href="#[2a9]">&gt;&gt;</a>&nbsp;&nbsp;&nbsp;RCC_HSEConfig
<LI><a href="#[296]">&gt;&gt;</a>&nbsp;&nbsp;&nbsp;RCC_APB2PeriphResetCmd
<LI><a href="#[2a8]">&gt;&gt;</a>&nbsp;&nbsp;&nbsp;USART_ClearITPendingBit
<LI><a href="#[2a7]">&gt;&gt;</a>&nbsp;&nbsp;&nbsp;USART_IrDACmd
<LI><a href="#[2a6]">&gt;&gt;</a>&nbsp;&nbsp;&nbsp;USART_IrDAConfig
<LI><a href="#[2a5]">&gt;&gt;</a>&nbsp;&nbsp;&nbsp;USART_SmartCardNACKCmd
<LI><a href="#[2a4]">&gt;&gt;</a>&nbsp;&nbsp;&nbsp;USART_SmartCardCmd
<LI><a href="#[2a3]">&gt;&gt;</a>&nbsp;&nbsp;&nbsp;USART_SetGuardTime
<LI><a href="#[2a2]">&gt;&gt;</a>&nbsp;&nbsp;&nbsp;USART_HalfDuplexCmd
<LI><a href="#[2a1]">&gt;&gt;</a>&nbsp;&nbsp;&nbsp;USART_SendBreak
<LI><a href="#[2a0]">&gt;&gt;</a>&nbsp;&nbsp;&nbsp;USART_LINCmd
<LI><a href="#[29f]">&gt;&gt;</a>&nbsp;&nbsp;&nbsp;USART_LINBreakDetectLengthConfig
<LI><a href="#[29e]">&gt;&gt;</a>&nbsp;&nbsp;&nbsp;USART_WakeUpConfig
<LI><a href="#[29d]">&gt;&gt;</a>&nbsp;&nbsp;&nbsp;USART_ReceiverWakeUpCmd
<LI><a href="#[29c]">&gt;&gt;</a>&nbsp;&nbsp;&nbsp;USART_SetAddress
<LI><a href="#[29b]">&gt;&gt;</a>&nbsp;&nbsp;&nbsp;USART_OneBitMethodCmd
<LI><a href="#[29a]">&gt;&gt;</a>&nbsp;&nbsp;&nbsp;USART_OverSampling8Cmd
<LI><a href="#[299]">&gt;&gt;</a>&nbsp;&nbsp;&nbsp;USART_SetPrescaler
<LI><a href="#[298]">&gt;&gt;</a>&nbsp;&nbsp;&nbsp;USART_ClockInit
<LI><a href="#[28e]">&gt;&gt;</a>&nbsp;&nbsp;&nbsp;RCC_AHB1PeriphResetCmd
<LI><a href="#[295]">&gt;&gt;</a>&nbsp;&nbsp;&nbsp;GPIO_ToggleBits
<LI><a href="#[294]">&gt;&gt;</a>&nbsp;&nbsp;&nbsp;GPIO_Write
<LI><a href="#[293]">&gt;&gt;</a>&nbsp;&nbsp;&nbsp;GPIO_WriteBit
<LI><a href="#[292]">&gt;&gt;</a>&nbsp;&nbsp;&nbsp;GPIO_ReadOutputData
<LI><a href="#[291]">&gt;&gt;</a>&nbsp;&nbsp;&nbsp;GPIO_ReadOutputDataBit
<LI><a href="#[290]">&gt;&gt;</a>&nbsp;&nbsp;&nbsp;GPIO_ReadInputData
<LI><a href="#[28f]">&gt;&gt;</a>&nbsp;&nbsp;&nbsp;GPIO_PinLockConfig
<LI><a href="#[28d]">&gt;&gt;</a>&nbsp;&nbsp;&nbsp;GPIO_DeInit
<LI><a href="#[28c]">&gt;&gt;</a>&nbsp;&nbsp;&nbsp;FSMC_ClearITPendingBit
<LI><a href="#[28b]">&gt;&gt;</a>&nbsp;&nbsp;&nbsp;FSMC_GetITStatus
<LI><a href="#[28a]">&gt;&gt;</a>&nbsp;&nbsp;&nbsp;FSMC_ClearFlag
<LI><a href="#[289]">&gt;&gt;</a>&nbsp;&nbsp;&nbsp;FSMC_GetFlagStatus
<LI><a href="#[288]">&gt;&gt;</a>&nbsp;&nbsp;&nbsp;FSMC_ITConfig
<LI><a href="#[287]">&gt;&gt;</a>&nbsp;&nbsp;&nbsp;FSMC_PCCARDCmd
<LI><a href="#[286]">&gt;&gt;</a>&nbsp;&nbsp;&nbsp;FSMC_PCCARDInit
<LI><a href="#[285]">&gt;&gt;</a>&nbsp;&nbsp;&nbsp;FSMC_NANDECCCmd
<LI><a href="#[284]">&gt;&gt;</a>&nbsp;&nbsp;&nbsp;FSMC_NANDCmd
<LI><a href="#[283]">&gt;&gt;</a>&nbsp;&nbsp;&nbsp;FSMC_NANDInit
<LI><a href="#[282]">&gt;&gt;</a>&nbsp;&nbsp;&nbsp;FSMC_NANDDeInit
<LI><a href="#[281]">&gt;&gt;</a>&nbsp;&nbsp;&nbsp;FSMC_NORSRAMDeInit
<LI><a href="#[280]">&gt;&gt;</a>&nbsp;&nbsp;&nbsp;EXTI_ClearFlag
<LI><a href="#[27f]">&gt;&gt;</a>&nbsp;&nbsp;&nbsp;EXTI_GetFlagStatus
<LI><a href="#[27e]">&gt;&gt;</a>&nbsp;&nbsp;&nbsp;EXTI_GenerateSWInterrupt
<LI><a href="#[297]">&gt;&gt;</a>&nbsp;&nbsp;&nbsp;RCC_APB1PeriphResetCmd
<LI><a href="#[27d]">&gt;&gt;</a>&nbsp;&nbsp;&nbsp;SysTick_CLKSourceConfig
<LI><a href="#[27c]">&gt;&gt;</a>&nbsp;&nbsp;&nbsp;NVIC_SystemLPConfig
<LI><a href="#[27b]">&gt;&gt;</a>&nbsp;&nbsp;&nbsp;NVIC_SetVectorTable
<LI><a href="#[25c]">&gt;&gt;</a>&nbsp;&nbsp;&nbsp;RTC_WriteBackupRegister
<LI><a href="#[26d]">&gt;&gt;</a>&nbsp;&nbsp;&nbsp;RTC_SetTime
<LI><a href="#[270]">&gt;&gt;</a>&nbsp;&nbsp;&nbsp;RTC_SetDate
<LI><a href="#[268]">&gt;&gt;</a>&nbsp;&nbsp;&nbsp;RTC_ReadBackupRegister
<LI><a href="#[264]">&gt;&gt;</a>&nbsp;&nbsp;&nbsp;RTC_Init
<LI><a href="#[26e]">&gt;&gt;</a>&nbsp;&nbsp;&nbsp;RTC_GetTime
<LI><a href="#[271]">&gt;&gt;</a>&nbsp;&nbsp;&nbsp;RTC_GetDate
<LI><a href="#[261]">&gt;&gt;</a>&nbsp;&nbsp;&nbsp;RCC_RTCCLKConfig
<LI><a href="#[262]">&gt;&gt;</a>&nbsp;&nbsp;&nbsp;RCC_RTCCLKCmd
<LI><a href="#[25f]">&gt;&gt;</a>&nbsp;&nbsp;&nbsp;RCC_LSEConfig
<LI><a href="#[266]">&gt;&gt;</a>&nbsp;&nbsp;&nbsp;PWR_GetFlagStatus
<LI><a href="#[265]">&gt;&gt;</a>&nbsp;&nbsp;&nbsp;PWR_BackupRegulatorCmd
<LI><a href="#[25e]">&gt;&gt;</a>&nbsp;&nbsp;&nbsp;PWR_BackupAccessCmd
<LI><a href="#[277]">&gt;&gt;</a>&nbsp;&nbsp;&nbsp;ADC_VBATCmd
<LI><a href="#[27a]">&gt;&gt;</a>&nbsp;&nbsp;&nbsp;ADC_SoftwareStartConv
<LI><a href="#[276]">&gt;&gt;</a>&nbsp;&nbsp;&nbsp;ADC_RegularChannelConfig
<LI><a href="#[274]">&gt;&gt;</a>&nbsp;&nbsp;&nbsp;ADC_Init
<LI><a href="#[278]">&gt;&gt;</a>&nbsp;&nbsp;&nbsp;ADC_DMARequestAfterLastTransferCmd
<LI><a href="#[275]">&gt;&gt;</a>&nbsp;&nbsp;&nbsp;ADC_DMACmd
<LI><a href="#[273]">&gt;&gt;</a>&nbsp;&nbsp;&nbsp;ADC_CommonInit
<LI><a href="#[279]">&gt;&gt;</a>&nbsp;&nbsp;&nbsp;ADC_Cmd
<LI><a href="#[26b]">&gt;&gt;</a>&nbsp;&nbsp;&nbsp;read_u32_from_bkpsram
<LI><a href="#[26a]">&gt;&gt;</a>&nbsp;&nbsp;&nbsp;write_u32_to_bkpsram
<LI><a href="#[267]">&gt;&gt;</a>&nbsp;&nbsp;&nbsp;read_backup_reg
<LI><a href="#[25b]">&gt;&gt;</a>&nbsp;&nbsp;&nbsp;write_backup_reg
</UL>

<P><STRONG><a name="[ea]"></a>init_app_start_task</STRONG> (Thumb, 70 bytes, Stack size 0 bytes, app.o(.text))
<BR><BR>[Calls]<UL><LI><a href="#[ec]">&gt;&gt;</a>&nbsp;&nbsp;&nbsp;OSTaskNameSet
<LI><a href="#[eb]">&gt;&gt;</a>&nbsp;&nbsp;&nbsp;OSTaskCreateExt
<LI><a href="#[df]">&gt;&gt;</a>&nbsp;&nbsp;&nbsp;assert_failed
</UL>
<BR>[Called By]<UL><LI><a href="#[ce]">&gt;&gt;</a>&nbsp;&nbsp;&nbsp;main
</UL>

<P><STRONG><a name="[10a]"></a>app_cmd_tbl_add</STRONG> (Thumb, 40 bytes, Stack size 0 bytes, app_shell.o(.text))
<BR><BR>[Calls]<UL><LI><a href="#[10b]">&gt;&gt;</a>&nbsp;&nbsp;&nbsp;Shell_CmdTblAdd
<LI><a href="#[d5]">&gt;&gt;</a>&nbsp;&nbsp;&nbsp;app_traceInfo_output
</UL>
<BR>[Called By]<UL><LI><a href="#[82]">&gt;&gt;</a>&nbsp;&nbsp;&nbsp;shell_task
</UL>

<P><STRONG><a name="[e6]"></a>init_shell_task</STRONG> (Thumb, 74 bytes, Stack size 0 bytes, app_shell.o(.text))
<BR><BR>[Calls]<UL><LI><a href="#[ec]">&gt;&gt;</a>&nbsp;&nbsp;&nbsp;OSTaskNameSet
<LI><a href="#[eb]">&gt;&gt;</a>&nbsp;&nbsp;&nbsp;OSTaskCreateExt
<LI><a href="#[df]">&gt;&gt;</a>&nbsp;&nbsp;&nbsp;assert_failed
</UL>
<BR>[Called By]<UL><LI><a href="#[81]">&gt;&gt;</a>&nbsp;&nbsp;&nbsp;app_start_task
</UL>

<P><STRONG><a name="[55]"></a>USART1_IRQHandler</STRONG> (Thumb, 42 bytes, Stack size 0 bytes, app_shell.o(.text))
<BR><BR>[Calls]<UL><LI><a href="#[11d]">&gt;&gt;</a>&nbsp;&nbsp;&nbsp;USART_ReceiveData
<LI><a href="#[11c]">&gt;&gt;</a>&nbsp;&nbsp;&nbsp;USART_GetITStatus
<LI><a href="#[117]">&gt;&gt;</a>&nbsp;&nbsp;&nbsp;OSQPost
<LI><a href="#[11e]">&gt;&gt;</a>&nbsp;&nbsp;&nbsp;OSIntExit
<LI><a href="#[11b]">&gt;&gt;</a>&nbsp;&nbsp;&nbsp;OSIntEnter
</UL>
<BR>[Address Reference Count : 1]<UL><LI> startup_stm32f2xx.o(RESET)
</UL>
<P><STRONG><a name="[122]"></a>init_usart_dma_route_task</STRONG> (Thumb, 196 bytes, Stack size 0 bytes, app_usart_dma_route.o(.text))
<BR><BR>[Calls]<UL><LI><a href="#[123]">&gt;&gt;</a>&nbsp;&nbsp;&nbsp;OSSemCreate
<LI><a href="#[124]">&gt;&gt;</a>&nbsp;&nbsp;&nbsp;OSMemCreate
<LI><a href="#[10d]">&gt;&gt;</a>&nbsp;&nbsp;&nbsp;OSQCreate
<LI><a href="#[ec]">&gt;&gt;</a>&nbsp;&nbsp;&nbsp;OSTaskNameSet
<LI><a href="#[eb]">&gt;&gt;</a>&nbsp;&nbsp;&nbsp;OSTaskCreateExt
<LI><a href="#[df]">&gt;&gt;</a>&nbsp;&nbsp;&nbsp;assert_failed
</UL>
<BR>[Called By]<UL><LI><a href="#[13a]">&gt;&gt;</a>&nbsp;&nbsp;&nbsp;control_uart_cmd_analysis_init
</UL>

<P><STRONG><a name="[125]"></a>init_usart_with_recv_callback</STRONG> (Thumb, 186 bytes, Stack size 0 bytes, app_usart_dma_route.o(.text))
<BR><BR>[Calls]<UL><LI><a href="#[128]">&gt;&gt;</a>&nbsp;&nbsp;&nbsp;reload_usart_dma_rx
<LI><a href="#[126]">&gt;&gt;</a>&nbsp;&nbsp;&nbsp;init_usart
<LI><a href="#[127]">&gt;&gt;</a>&nbsp;&nbsp;&nbsp;OSMemGet
<LI><a href="#[df]">&gt;&gt;</a>&nbsp;&nbsp;&nbsp;assert_failed
</UL>
<BR>[Called By]<UL><LI><a href="#[13a]">&gt;&gt;</a>&nbsp;&nbsp;&nbsp;control_uart_cmd_analysis_init
</UL>

<P><STRONG><a name="[129]"></a>send_data_packet</STRONG> (Thumb, 126 bytes, Stack size 0 bytes, app_usart_dma_route.o(.text))
<BR><BR>[Calls]<UL><LI><a href="#[127]">&gt;&gt;</a>&nbsp;&nbsp;&nbsp;OSMemGet
<LI><a href="#[117]">&gt;&gt;</a>&nbsp;&nbsp;&nbsp;OSQPost
<LI><a href="#[d5]">&gt;&gt;</a>&nbsp;&nbsp;&nbsp;app_traceInfo_output
<LI><a href="#[df]">&gt;&gt;</a>&nbsp;&nbsp;&nbsp;assert_failed
<LI><a href="#[111]">&gt;&gt;</a>&nbsp;&nbsp;&nbsp;__aeabi_memcpy
</UL>
<BR>[Called By]<UL><LI><a href="#[8f]">&gt;&gt;</a>&nbsp;&nbsp;&nbsp;uart_ipc_send_task
<LI><a href="#[fa]">&gt;&gt;</a>&nbsp;&nbsp;&nbsp;uart_answer_cmd
</UL>

<P><STRONG><a name="[3c]"></a>DMA1_Stream1_IRQHandler</STRONG> (Thumb, 142 bytes, Stack size 0 bytes, app_usart_dma_route.o(.text))
<BR><BR>[Calls]<UL><LI><a href="#[128]">&gt;&gt;</a>&nbsp;&nbsp;&nbsp;reload_usart_dma_rx
<LI><a href="#[121]">&gt;&gt;</a>&nbsp;&nbsp;&nbsp;OSMemPut
<LI><a href="#[127]">&gt;&gt;</a>&nbsp;&nbsp;&nbsp;OSMemGet
<LI><a href="#[12a]">&gt;&gt;</a>&nbsp;&nbsp;&nbsp;DMA_GetITStatus
<LI><a href="#[12b]">&gt;&gt;</a>&nbsp;&nbsp;&nbsp;DMA_GetCurrDataCounter
<LI><a href="#[12c]">&gt;&gt;</a>&nbsp;&nbsp;&nbsp;DMA_ClearITPendingBit
<LI><a href="#[117]">&gt;&gt;</a>&nbsp;&nbsp;&nbsp;OSQPost
<LI><a href="#[11e]">&gt;&gt;</a>&nbsp;&nbsp;&nbsp;OSIntExit
<LI><a href="#[11b]">&gt;&gt;</a>&nbsp;&nbsp;&nbsp;OSIntEnter
<LI><a href="#[e0]">&gt;&gt;</a>&nbsp;&nbsp;&nbsp;traceInfo_output
</UL>
<BR>[Address Reference Count : 1]<UL><LI> startup_stm32f2xx.o(RESET)
</UL>
<P><STRONG><a name="[3e]"></a>DMA1_Stream3_IRQHandler</STRONG> (Thumb, 408 bytes, Stack size 0 bytes, app_usart_dma_route.o(.text))
<BR><BR>[Calls]<UL><LI><a href="#[12d]">&gt;&gt;</a>&nbsp;&nbsp;&nbsp;OSSemPost
<LI><a href="#[121]">&gt;&gt;</a>&nbsp;&nbsp;&nbsp;OSMemPut
<LI><a href="#[12a]">&gt;&gt;</a>&nbsp;&nbsp;&nbsp;DMA_GetITStatus
<LI><a href="#[12c]">&gt;&gt;</a>&nbsp;&nbsp;&nbsp;DMA_ClearITPendingBit
<LI><a href="#[11e]">&gt;&gt;</a>&nbsp;&nbsp;&nbsp;OSIntExit
<LI><a href="#[11b]">&gt;&gt;</a>&nbsp;&nbsp;&nbsp;OSIntEnter
</UL>
<BR>[Address Reference Count : 1]<UL><LI> startup_stm32f2xx.o(RESET)
</UL>
<P><STRONG><a name="[57]"></a>USART3_IRQHandler</STRONG> (Thumb, 48 bytes, Stack size 0 bytes, app_usart_dma_route.o(.text))
<BR><BR>[Calls]<UL><LI><a href="#[12e]">&gt;&gt;</a>&nbsp;&nbsp;&nbsp;DMA_GetCmdStatus
<LI><a href="#[12f]">&gt;&gt;</a>&nbsp;&nbsp;&nbsp;DMA_Cmd
<LI><a href="#[11d]">&gt;&gt;</a>&nbsp;&nbsp;&nbsp;USART_ReceiveData
<LI><a href="#[11c]">&gt;&gt;</a>&nbsp;&nbsp;&nbsp;USART_GetITStatus
<LI><a href="#[11e]">&gt;&gt;</a>&nbsp;&nbsp;&nbsp;OSIntExit
<LI><a href="#[11b]">&gt;&gt;</a>&nbsp;&nbsp;&nbsp;OSIntEnter
</UL>
<BR>[Address Reference Count : 1]<UL><LI> startup_stm32f2xx.o(RESET)
</UL>
<P><STRONG><a name="[13a]"></a>control_uart_cmd_analysis_init</STRONG> (Thumb, 364 bytes, Stack size 0 bytes, app_cmd_analysis.o(.text))
<BR><BR>[Calls]<UL><LI><a href="#[123]">&gt;&gt;</a>&nbsp;&nbsp;&nbsp;OSSemCreate
<LI><a href="#[125]">&gt;&gt;</a>&nbsp;&nbsp;&nbsp;init_usart_with_recv_callback
<LI><a href="#[122]">&gt;&gt;</a>&nbsp;&nbsp;&nbsp;init_usart_dma_route_task
<LI><a href="#[d5]">&gt;&gt;</a>&nbsp;&nbsp;&nbsp;app_traceInfo_output
<LI><a href="#[df]">&gt;&gt;</a>&nbsp;&nbsp;&nbsp;assert_failed
</UL>
<BR>[Called By]<UL><LI><a href="#[13b]">&gt;&gt;</a>&nbsp;&nbsp;&nbsp;control_board_task
</UL>

<P><STRONG><a name="[13b]"></a>control_board_task</STRONG> (Thumb, 50 bytes, Stack size 0 bytes, app_control_board.o(.text))
<BR><BR>[Calls]<UL><LI><a href="#[13d]">&gt;&gt;</a>&nbsp;&nbsp;&nbsp;user_timer_init
<LI><a href="#[143]">&gt;&gt;</a>&nbsp;&nbsp;&nbsp;init_trouble_shooting_task
<LI><a href="#[13c]">&gt;&gt;</a>&nbsp;&nbsp;&nbsp;init_comX100_module_task
<LI><a href="#[13f]">&gt;&gt;</a>&nbsp;&nbsp;&nbsp;control_init_timing_back_task
<LI><a href="#[140]">&gt;&gt;</a>&nbsp;&nbsp;&nbsp;control_init_send_task
<LI><a href="#[142]">&gt;&gt;</a>&nbsp;&nbsp;&nbsp;control_init_flow_task
<LI><a href="#[141]">&gt;&gt;</a>&nbsp;&nbsp;&nbsp;control_init_feedback_task
<LI><a href="#[13e]">&gt;&gt;</a>&nbsp;&nbsp;&nbsp;control_init_adust_implement_task
<LI><a href="#[13a]">&gt;&gt;</a>&nbsp;&nbsp;&nbsp;control_uart_cmd_analysis_init
</UL>
<BR>[Address Reference Count : 1]<UL><LI> app_control_board.o(.text)
</UL>
<P><STRONG><a name="[e5]"></a>init_control_board_task</STRONG> (Thumb, 70 bytes, Stack size 0 bytes, app_control_board.o(.text))
<BR><BR>[Calls]<UL><LI><a href="#[ec]">&gt;&gt;</a>&nbsp;&nbsp;&nbsp;OSTaskNameSet
<LI><a href="#[eb]">&gt;&gt;</a>&nbsp;&nbsp;&nbsp;OSTaskCreateExt
<LI><a href="#[df]">&gt;&gt;</a>&nbsp;&nbsp;&nbsp;assert_failed
</UL>
<BR>[Called By]<UL><LI><a href="#[81]">&gt;&gt;</a>&nbsp;&nbsp;&nbsp;app_start_task
</UL>

<P><STRONG><a name="[e7]"></a>init_led_task</STRONG> (Thumb, 72 bytes, Stack size 0 bytes, app_led.o(.text))
<BR><BR>[Calls]<UL><LI><a href="#[146]">&gt;&gt;</a>&nbsp;&nbsp;&nbsp;init_led_gpio
<LI><a href="#[ec]">&gt;&gt;</a>&nbsp;&nbsp;&nbsp;OSTaskNameSet
<LI><a href="#[eb]">&gt;&gt;</a>&nbsp;&nbsp;&nbsp;OSTaskCreateExt
<LI><a href="#[df]">&gt;&gt;</a>&nbsp;&nbsp;&nbsp;assert_failed
</UL>
<BR>[Called By]<UL><LI><a href="#[81]">&gt;&gt;</a>&nbsp;&nbsp;&nbsp;app_start_task
</UL>

<P><STRONG><a name="[14]"></a>control_RPDO1_callback</STRONG> (Thumb, 150 bytes, Stack size 0 bytes, app_control_pdo_callback.o(.text))
<BR><BR>[Calls]<UL><LI><a href="#[148]">&gt;&gt;</a>&nbsp;&nbsp;&nbsp;__aeabi_fmul
<LI><a href="#[147]">&gt;&gt;</a>&nbsp;&nbsp;&nbsp;__aeabi_ui2f
<LI><a href="#[133]">&gt;&gt;</a>&nbsp;&nbsp;&nbsp;__aeabi_f2uiz
</UL>
<BR>[Address Reference Count : 1]<UL><LI> app_control_board.o(.data)
</UL>
<P><STRONG><a name="[15]"></a>control_RPDO2_callback</STRONG> (Thumb, 26 bytes, Stack size 0 bytes, app_control_pdo_callback.o(.text))
<BR>[Address Reference Count : 1]<UL><LI> app_control_board.o(.data)
</UL>
<P><STRONG><a name="[16]"></a>control_RPDO3_callback</STRONG> (Thumb, 780 bytes, Stack size 0 bytes, app_control_pdo_callback.o(.text))
<BR><BR>[Calls]<UL><LI><a href="#[14f]">&gt;&gt;</a>&nbsp;&nbsp;&nbsp;update_pressure_now
<LI><a href="#[14d]">&gt;&gt;</a>&nbsp;&nbsp;&nbsp;set_overflow_status
<LI><a href="#[14a]">&gt;&gt;</a>&nbsp;&nbsp;&nbsp;post_error_msg
<LI><a href="#[150]">&gt;&gt;</a>&nbsp;&nbsp;&nbsp;get_test_canal_pressure_status
<LI><a href="#[14c]">&gt;&gt;</a>&nbsp;&nbsp;&nbsp;get_overflow_status
<LI><a href="#[14b]">&gt;&gt;</a>&nbsp;&nbsp;&nbsp;get_flow_wait_status
<LI><a href="#[14e]">&gt;&gt;</a>&nbsp;&nbsp;&nbsp;get_flow_pressure_status
<LI><a href="#[149]">&gt;&gt;</a>&nbsp;&nbsp;&nbsp;arm0_get_cur_prio
<LI><a href="#[137]">&gt;&gt;</a>&nbsp;&nbsp;&nbsp;set_adjust_event
<LI><a href="#[12d]">&gt;&gt;</a>&nbsp;&nbsp;&nbsp;OSSemPost
<LI><a href="#[d5]">&gt;&gt;</a>&nbsp;&nbsp;&nbsp;app_traceInfo_output
<LI><a href="#[df]">&gt;&gt;</a>&nbsp;&nbsp;&nbsp;assert_failed
</UL>
<BR>[Address Reference Count : 1]<UL><LI> app_control_board.o(.data)
</UL>
<P><STRONG><a name="[17]"></a>control_RPDO4_callback</STRONG> (Thumb, 524 bytes, Stack size 0 bytes, app_control_pdo_callback.o(.text))
<BR><BR>[Calls]<UL><LI><a href="#[151]">&gt;&gt;</a>&nbsp;&nbsp;&nbsp;get_cmd_fn
<LI><a href="#[138]">&gt;&gt;</a>&nbsp;&nbsp;&nbsp;OSFlagPost
<LI><a href="#[d5]">&gt;&gt;</a>&nbsp;&nbsp;&nbsp;app_traceInfo_output
<LI><a href="#[df]">&gt;&gt;</a>&nbsp;&nbsp;&nbsp;assert_failed
<LI><a href="#[111]">&gt;&gt;</a>&nbsp;&nbsp;&nbsp;__aeabi_memcpy
</UL>
<BR>[Address Reference Count : 1]<UL><LI> app_control_board.o(.data)
</UL>
<P><STRONG><a name="[18]"></a>control_RPDO5_callback</STRONG> (Thumb, 148 bytes, Stack size 0 bytes, app_control_pdo_callback.o(.text))
<BR><BR>[Calls]<UL><LI><a href="#[14a]">&gt;&gt;</a>&nbsp;&nbsp;&nbsp;post_error_msg
<LI><a href="#[d5]">&gt;&gt;</a>&nbsp;&nbsp;&nbsp;app_traceInfo_output
</UL>
<BR>[Address Reference Count : 1]<UL><LI> app_control_board.o(.data)
</UL>
<P><STRONG><a name="[19]"></a>control_RPDO6_callback</STRONG> (Thumb, 90 bytes, Stack size 0 bytes, app_control_pdo_callback.o(.text))
<BR><BR>[Calls]<UL><LI><a href="#[152]">&gt;&gt;</a>&nbsp;&nbsp;&nbsp;judge_array_null
</UL>
<BR>[Address Reference Count : 1]<UL><LI> app_control_board.o(.data)
</UL>
<P><STRONG><a name="[1a]"></a>control_RPDO7_callback</STRONG> (Thumb, 26 bytes, Stack size 0 bytes, app_control_pdo_callback.o(.text))
<BR>[Address Reference Count : 1]<UL><LI> app_control_board.o(.data)
</UL>
<P><STRONG><a name="[1b]"></a>control_RPDO8_callback</STRONG> (Thumb, 46 bytes, Stack size 0 bytes, app_control_pdo_callback.o(.text))
<BR><BR>[Calls]<UL><LI><a href="#[f5]">&gt;&gt;</a>&nbsp;&nbsp;&nbsp;DumpData
<LI><a href="#[d5]">&gt;&gt;</a>&nbsp;&nbsp;&nbsp;app_traceInfo_output
</UL>
<BR>[Address Reference Count : 1]<UL><LI> app_control_board.o(.data)
</UL>
<P><STRONG><a name="[1c]"></a>control_RPDO9_callback</STRONG> (Thumb, 96 bytes, Stack size 0 bytes, app_control_pdo_callback.o(.text))
<BR><BR>[Calls]<UL><LI><a href="#[14e]">&gt;&gt;</a>&nbsp;&nbsp;&nbsp;get_flow_pressure_status
<LI><a href="#[137]">&gt;&gt;</a>&nbsp;&nbsp;&nbsp;set_adjust_event
<LI><a href="#[f5]">&gt;&gt;</a>&nbsp;&nbsp;&nbsp;DumpData
<LI><a href="#[d5]">&gt;&gt;</a>&nbsp;&nbsp;&nbsp;app_traceInfo_output
</UL>
<BR>[Address Reference Count : 1]<UL><LI> app_control_board.o(.data)
</UL>
<P><STRONG><a name="[1d]"></a>control_RPDO10_callback</STRONG> (Thumb, 130 bytes, Stack size 0 bytes, app_control_pdo_callback.o(.text))
<BR><BR>[Calls]<UL><LI><a href="#[151]">&gt;&gt;</a>&nbsp;&nbsp;&nbsp;get_cmd_fn
<LI><a href="#[138]">&gt;&gt;</a>&nbsp;&nbsp;&nbsp;OSFlagPost
<LI><a href="#[d5]">&gt;&gt;</a>&nbsp;&nbsp;&nbsp;app_traceInfo_output
<LI><a href="#[df]">&gt;&gt;</a>&nbsp;&nbsp;&nbsp;assert_failed
<LI><a href="#[111]">&gt;&gt;</a>&nbsp;&nbsp;&nbsp;__aeabi_memcpy
</UL>
<BR>[Address Reference Count : 1]<UL><LI> app_control_board.o(.data)
</UL>
<P><STRONG><a name="[1e]"></a>control_RPDO11_callback</STRONG> (Thumb, 148 bytes, Stack size 0 bytes, app_control_pdo_callback.o(.text))
<BR><BR>[Calls]<UL><LI><a href="#[14a]">&gt;&gt;</a>&nbsp;&nbsp;&nbsp;post_error_msg
<LI><a href="#[d5]">&gt;&gt;</a>&nbsp;&nbsp;&nbsp;app_traceInfo_output
</UL>
<BR>[Address Reference Count : 1]<UL><LI> app_control_board.o(.data)
</UL>
<P><STRONG><a name="[1f]"></a>control_RPDO12_callback</STRONG> (Thumb, 104 bytes, Stack size 0 bytes, app_control_pdo_callback.o(.text))
<BR><BR>[Calls]<UL><LI><a href="#[14a]">&gt;&gt;</a>&nbsp;&nbsp;&nbsp;post_error_msg
<LI><a href="#[152]">&gt;&gt;</a>&nbsp;&nbsp;&nbsp;judge_array_null
<LI><a href="#[d5]">&gt;&gt;</a>&nbsp;&nbsp;&nbsp;app_traceInfo_output
</UL>
<BR>[Address Reference Count : 1]<UL><LI> app_control_board.o(.data)
</UL>
<P><STRONG><a name="[20]"></a>control_RPDO13_callback</STRONG> (Thumb, 38 bytes, Stack size 0 bytes, app_control_pdo_callback.o(.text))
<BR><BR>[Calls]<UL><LI><a href="#[d5]">&gt;&gt;</a>&nbsp;&nbsp;&nbsp;app_traceInfo_output
</UL>
<BR>[Address Reference Count : 1]<UL><LI> app_control_board.o(.data)
</UL>
<P><STRONG><a name="[21]"></a>control_RPDO14_callback</STRONG> (Thumb, 38 bytes, Stack size 0 bytes, app_control_pdo_callback.o(.text))
<BR><BR>[Calls]<UL><LI><a href="#[d5]">&gt;&gt;</a>&nbsp;&nbsp;&nbsp;app_traceInfo_output
</UL>
<BR>[Address Reference Count : 1]<UL><LI> app_control_board.o(.data)
</UL>
<P><STRONG><a name="[22]"></a>control_RPDO15_callback</STRONG> (Thumb, 668 bytes, Stack size 0 bytes, app_control_pdo_callback.o(.text))
<BR><BR>[Calls]<UL><LI><a href="#[14a]">&gt;&gt;</a>&nbsp;&nbsp;&nbsp;post_error_msg
<LI><a href="#[14b]">&gt;&gt;</a>&nbsp;&nbsp;&nbsp;get_flow_wait_status
<LI><a href="#[149]">&gt;&gt;</a>&nbsp;&nbsp;&nbsp;arm0_get_cur_prio
<LI><a href="#[12d]">&gt;&gt;</a>&nbsp;&nbsp;&nbsp;OSSemPost
<LI><a href="#[d5]">&gt;&gt;</a>&nbsp;&nbsp;&nbsp;app_traceInfo_output
<LI><a href="#[df]">&gt;&gt;</a>&nbsp;&nbsp;&nbsp;assert_failed
</UL>
<BR>[Address Reference Count : 1]<UL><LI> app_control_board.o(.data)
</UL>
<P><STRONG><a name="[23]"></a>control_RPDO16_callback</STRONG> (Thumb, 130 bytes, Stack size 0 bytes, app_control_pdo_callback.o(.text))
<BR><BR>[Calls]<UL><LI><a href="#[151]">&gt;&gt;</a>&nbsp;&nbsp;&nbsp;get_cmd_fn
<LI><a href="#[138]">&gt;&gt;</a>&nbsp;&nbsp;&nbsp;OSFlagPost
<LI><a href="#[d5]">&gt;&gt;</a>&nbsp;&nbsp;&nbsp;app_traceInfo_output
<LI><a href="#[df]">&gt;&gt;</a>&nbsp;&nbsp;&nbsp;assert_failed
<LI><a href="#[111]">&gt;&gt;</a>&nbsp;&nbsp;&nbsp;__aeabi_memcpy
</UL>
<BR>[Address Reference Count : 1]<UL><LI> app_control_board.o(.data)
</UL>
<P><STRONG><a name="[24]"></a>control_RPDO17_callback</STRONG> (Thumb, 148 bytes, Stack size 0 bytes, app_control_pdo_callback.o(.text))
<BR><BR>[Calls]<UL><LI><a href="#[14a]">&gt;&gt;</a>&nbsp;&nbsp;&nbsp;post_error_msg
<LI><a href="#[d5]">&gt;&gt;</a>&nbsp;&nbsp;&nbsp;app_traceInfo_output
</UL>
<BR>[Address Reference Count : 1]<UL><LI> app_control_board.o(.data)
</UL>
<P><STRONG><a name="[25]"></a>control_RPDO18_callback</STRONG> (Thumb, 104 bytes, Stack size 0 bytes, app_control_pdo_callback.o(.text))
<BR><BR>[Calls]<UL><LI><a href="#[14a]">&gt;&gt;</a>&nbsp;&nbsp;&nbsp;post_error_msg
<LI><a href="#[152]">&gt;&gt;</a>&nbsp;&nbsp;&nbsp;judge_array_null
<LI><a href="#[d5]">&gt;&gt;</a>&nbsp;&nbsp;&nbsp;app_traceInfo_output
</UL>
<BR>[Address Reference Count : 1]<UL><LI> app_control_board.o(.data)
</UL>
<P><STRONG><a name="[142]"></a>control_init_flow_task</STRONG> (Thumb, 68 bytes, Stack size 0 bytes, app_control_flow.o(.text))
<BR><BR>[Calls]<UL><LI><a href="#[ec]">&gt;&gt;</a>&nbsp;&nbsp;&nbsp;OSTaskNameSet
<LI><a href="#[eb]">&gt;&gt;</a>&nbsp;&nbsp;&nbsp;OSTaskCreateExt
<LI><a href="#[df]">&gt;&gt;</a>&nbsp;&nbsp;&nbsp;assert_failed
</UL>
<BR>[Called By]<UL><LI><a href="#[13b]">&gt;&gt;</a>&nbsp;&nbsp;&nbsp;control_board_task
</UL>

<P><STRONG><a name="[163]"></a>os_stop_program</STRONG> (Thumb, 40 bytes, Stack size 0 bytes, app_control_monitor.o(.text))
<BR><BR>[Calls]<UL><LI><a href="#[164]">&gt;&gt;</a>&nbsp;&nbsp;&nbsp;stop_pause_status
<LI><a href="#[160]">&gt;&gt;</a>&nbsp;&nbsp;&nbsp;OSTaskSuspend
<LI><a href="#[136]">&gt;&gt;</a>&nbsp;&nbsp;&nbsp;set_run_status
</UL>
<BR>[Called By]<UL><LI><a href="#[16b]">&gt;&gt;</a>&nbsp;&nbsp;&nbsp;stop_program_implement
<LI><a href="#[165]">&gt;&gt;</a>&nbsp;&nbsp;&nbsp;stop_centrifuge
</UL>

<P><STRONG><a name="[167]"></a>os_resume_flow</STRONG> (Thumb, 50 bytes, Stack size 0 bytes, app_control_monitor.o(.text))
<BR><BR>[Calls]<UL><LI><a href="#[164]">&gt;&gt;</a>&nbsp;&nbsp;&nbsp;stop_pause_status
<LI><a href="#[168]">&gt;&gt;</a>&nbsp;&nbsp;&nbsp;OSTaskResume
<LI><a href="#[154]">&gt;&gt;</a>&nbsp;&nbsp;&nbsp;set_flow_pressure_status
<LI><a href="#[14e]">&gt;&gt;</a>&nbsp;&nbsp;&nbsp;get_flow_pressure_status
<LI><a href="#[136]">&gt;&gt;</a>&nbsp;&nbsp;&nbsp;set_run_status
</UL>
<BR>[Called By]<UL><LI><a href="#[1ad]">&gt;&gt;</a>&nbsp;&nbsp;&nbsp;resume_ACBlood_func
<LI><a href="#[169]">&gt;&gt;</a>&nbsp;&nbsp;&nbsp;resume_program_implement
</UL>

<P><STRONG><a name="[16c]"></a>os_pause_flow</STRONG> (Thumb, 22 bytes, Stack size 0 bytes, app_control_monitor.o(.text))
<BR><BR>[Calls]<UL><LI><a href="#[160]">&gt;&gt;</a>&nbsp;&nbsp;&nbsp;OSTaskSuspend
</UL>
<BR>[Called By]<UL><LI><a href="#[220]">&gt;&gt;</a>&nbsp;&nbsp;&nbsp;feedback_direct
<LI><a href="#[21e]">&gt;&gt;</a>&nbsp;&nbsp;&nbsp;feedback_with_pla
<LI><a href="#[16d]">&gt;&gt;</a>&nbsp;&nbsp;&nbsp;pause_program_implement
</UL>

<P><STRONG><a name="[172]"></a>control_init_monitor_task</STRONG> (Thumb, 78 bytes, Stack size 0 bytes, app_control_monitor.o(.text), UNUSED)
<BR><BR>[Calls]<UL><LI><a href="#[173]">&gt;&gt;</a>&nbsp;&nbsp;&nbsp;init_arm0_exter_gpio
<LI><a href="#[174]">&gt;&gt;</a>&nbsp;&nbsp;&nbsp;control_init_key_press
<LI><a href="#[ec]">&gt;&gt;</a>&nbsp;&nbsp;&nbsp;OSTaskNameSet
<LI><a href="#[eb]">&gt;&gt;</a>&nbsp;&nbsp;&nbsp;OSTaskCreateExt
<LI><a href="#[df]">&gt;&gt;</a>&nbsp;&nbsp;&nbsp;assert_failed
</UL>

<P><STRONG><a name="[14a]"></a>post_error_msg</STRONG> (Thumb, 20 bytes, Stack size 0 bytes, app_control_monitor.o(.text))
<BR><BR>[Called By]<UL><LI><a href="#[1e5]">&gt;&gt;</a>&nbsp;&nbsp;&nbsp;tmr_pause_program_callback
<LI><a href="#[1e4]">&gt;&gt;</a>&nbsp;&nbsp;&nbsp;tmr_key_press_callback
<LI><a href="#[8f]">&gt;&gt;</a>&nbsp;&nbsp;&nbsp;uart_ipc_send_task
<LI><a href="#[90]">&gt;&gt;</a>&nbsp;&nbsp;&nbsp;tpdo_arm1_send_task
<LI><a href="#[91]">&gt;&gt;</a>&nbsp;&nbsp;&nbsp;tpdo_arm2_send_task
<LI><a href="#[92]">&gt;&gt;</a>&nbsp;&nbsp;&nbsp;tpdo_arm3_send_task
<LI><a href="#[1be]">&gt;&gt;</a>&nbsp;&nbsp;&nbsp;response_high_pressure
<LI><a href="#[1bd]">&gt;&gt;</a>&nbsp;&nbsp;&nbsp;response_low_pressure
<LI><a href="#[155]">&gt;&gt;</a>&nbsp;&nbsp;&nbsp;test_comm_state
<LI><a href="#[18]">&gt;&gt;</a>&nbsp;&nbsp;&nbsp;control_RPDO5_callback
<LI><a href="#[16]">&gt;&gt;</a>&nbsp;&nbsp;&nbsp;control_RPDO3_callback
<LI><a href="#[25]">&gt;&gt;</a>&nbsp;&nbsp;&nbsp;control_RPDO18_callback
<LI><a href="#[24]">&gt;&gt;</a>&nbsp;&nbsp;&nbsp;control_RPDO17_callback
<LI><a href="#[22]">&gt;&gt;</a>&nbsp;&nbsp;&nbsp;control_RPDO15_callback
<LI><a href="#[1f]">&gt;&gt;</a>&nbsp;&nbsp;&nbsp;control_RPDO12_callback
<LI><a href="#[1e]">&gt;&gt;</a>&nbsp;&nbsp;&nbsp;control_RPDO11_callback
<LI><a href="#[fa]">&gt;&gt;</a>&nbsp;&nbsp;&nbsp;uart_answer_cmd
<LI><a href="#[105]">&gt;&gt;</a>&nbsp;&nbsp;&nbsp;get_pump_total_distance
</UL>

<P><STRONG><a name="[178]"></a>EnumBoardDemo</STRONG> (Thumb, 260 bytes, Stack size 0 bytes, app_comx100.o(.text), UNUSED)
<BR><BR>[Calls]<UL><LI><a href="#[179]">&gt;&gt;</a>&nbsp;&nbsp;&nbsp;xDriverOpen
<LI><a href="#[17a]">&gt;&gt;</a>&nbsp;&nbsp;&nbsp;xDriverEnumChannels
<LI><a href="#[17b]">&gt;&gt;</a>&nbsp;&nbsp;&nbsp;xDriverEnumBoards
<LI><a href="#[17c]">&gt;&gt;</a>&nbsp;&nbsp;&nbsp;xDriverClose
<LI><a href="#[d5]">&gt;&gt;</a>&nbsp;&nbsp;&nbsp;app_traceInfo_output
<LI><a href="#[10e]">&gt;&gt;</a>&nbsp;&nbsp;&nbsp;__aeabi_memclr4
<LI><a href="#[118]">&gt;&gt;</a>&nbsp;&nbsp;&nbsp;strlen
</UL>

<P><STRONG><a name="[17d]"></a>SysdeviceDemo</STRONG> (Thumb, 1448 bytes, Stack size 0 bytes, app_comx100.o(.text), UNUSED)
<BR><BR>[Calls]<UL><LI><a href="#[181]">&gt;&gt;</a>&nbsp;&nbsp;&nbsp;xSysdevicePutPacket
<LI><a href="#[17e]">&gt;&gt;</a>&nbsp;&nbsp;&nbsp;xSysdeviceOpen
<LI><a href="#[17f]">&gt;&gt;</a>&nbsp;&nbsp;&nbsp;xSysdeviceInfo
<LI><a href="#[182]">&gt;&gt;</a>&nbsp;&nbsp;&nbsp;xSysdeviceGetPacket
<LI><a href="#[180]">&gt;&gt;</a>&nbsp;&nbsp;&nbsp;xSysdeviceGetMBXState
<LI><a href="#[183]">&gt;&gt;</a>&nbsp;&nbsp;&nbsp;xSysdeviceClose
<LI><a href="#[179]">&gt;&gt;</a>&nbsp;&nbsp;&nbsp;xDriverOpen
<LI><a href="#[17c]">&gt;&gt;</a>&nbsp;&nbsp;&nbsp;xDriverClose
<LI><a href="#[177]">&gt;&gt;</a>&nbsp;&nbsp;&nbsp;DumpPacket
<LI><a href="#[d5]">&gt;&gt;</a>&nbsp;&nbsp;&nbsp;app_traceInfo_output
<LI><a href="#[10e]">&gt;&gt;</a>&nbsp;&nbsp;&nbsp;__aeabi_memclr4
</UL>

<P><STRONG><a name="[184]"></a>ChannelDemo</STRONG> (Thumb, 528 bytes, Stack size 0 bytes, app_comx100.o(.text), UNUSED)
<BR><BR>[Calls]<UL><LI><a href="#[179]">&gt;&gt;</a>&nbsp;&nbsp;&nbsp;xDriverOpen
<LI><a href="#[176]">&gt;&gt;</a>&nbsp;&nbsp;&nbsp;xDriverGetErrorDescription
<LI><a href="#[17c]">&gt;&gt;</a>&nbsp;&nbsp;&nbsp;xDriverClose
<LI><a href="#[187]">&gt;&gt;</a>&nbsp;&nbsp;&nbsp;xChannelPutPacket
<LI><a href="#[185]">&gt;&gt;</a>&nbsp;&nbsp;&nbsp;xChannelOpen
<LI><a href="#[186]">&gt;&gt;</a>&nbsp;&nbsp;&nbsp;xChannelInfo
<LI><a href="#[18b]">&gt;&gt;</a>&nbsp;&nbsp;&nbsp;xChannelIOWrite
<LI><a href="#[189]">&gt;&gt;</a>&nbsp;&nbsp;&nbsp;xChannelIOReadSendData
<LI><a href="#[18a]">&gt;&gt;</a>&nbsp;&nbsp;&nbsp;xChannelIORead
<LI><a href="#[188]">&gt;&gt;</a>&nbsp;&nbsp;&nbsp;xChannelGetPacket
<LI><a href="#[18c]">&gt;&gt;</a>&nbsp;&nbsp;&nbsp;xChannelClose
<LI><a href="#[177]">&gt;&gt;</a>&nbsp;&nbsp;&nbsp;DumpPacket
<LI><a href="#[f5]">&gt;&gt;</a>&nbsp;&nbsp;&nbsp;DumpData
<LI><a href="#[d5]">&gt;&gt;</a>&nbsp;&nbsp;&nbsp;app_traceInfo_output
<LI><a href="#[10e]">&gt;&gt;</a>&nbsp;&nbsp;&nbsp;__aeabi_memclr4
<LI><a href="#[108]">&gt;&gt;</a>&nbsp;&nbsp;&nbsp;__aeabi_memset
</UL>

<P><STRONG><a name="[18d]"></a>BlockDemo</STRONG> (Thumb, 1076 bytes, Stack size 0 bytes, app_comx100.o(.text), UNUSED)
<BR><BR>[Calls]<UL><LI><a href="#[179]">&gt;&gt;</a>&nbsp;&nbsp;&nbsp;xDriverOpen
<LI><a href="#[176]">&gt;&gt;</a>&nbsp;&nbsp;&nbsp;xDriverGetErrorDescription
<LI><a href="#[17c]">&gt;&gt;</a>&nbsp;&nbsp;&nbsp;xDriverClose
<LI><a href="#[185]">&gt;&gt;</a>&nbsp;&nbsp;&nbsp;xChannelOpen
<LI><a href="#[190]">&gt;&gt;</a>&nbsp;&nbsp;&nbsp;xChannelExtendedStatusBlock
<LI><a href="#[18e]">&gt;&gt;</a>&nbsp;&nbsp;&nbsp;xChannelControlBlock
<LI><a href="#[18f]">&gt;&gt;</a>&nbsp;&nbsp;&nbsp;xChannelCommonStatusBlock
<LI><a href="#[18c]">&gt;&gt;</a>&nbsp;&nbsp;&nbsp;xChannelClose
<LI><a href="#[f5]">&gt;&gt;</a>&nbsp;&nbsp;&nbsp;DumpData
<LI><a href="#[d5]">&gt;&gt;</a>&nbsp;&nbsp;&nbsp;app_traceInfo_output
</UL>

<P><STRONG><a name="[191]"></a>cifXToolkitInit</STRONG> (Thumb, 138 bytes, Stack size 0 bytes, app_comx100.o(.text))
<BR><BR>[Calls]<UL><LI><a href="#[192]">&gt;&gt;</a>&nbsp;&nbsp;&nbsp;cifXTKitInit
<LI><a href="#[197]">&gt;&gt;</a>&nbsp;&nbsp;&nbsp;cifXTKitDeinit
<LI><a href="#[196]">&gt;&gt;</a>&nbsp;&nbsp;&nbsp;cifXTKitAddDevice
<LI><a href="#[195]">&gt;&gt;</a>&nbsp;&nbsp;&nbsp;OS_Strncpy
<LI><a href="#[194]">&gt;&gt;</a>&nbsp;&nbsp;&nbsp;OS_Memset
<LI><a href="#[193]">&gt;&gt;</a>&nbsp;&nbsp;&nbsp;OS_Memalloc
</UL>
[...]
<LI><a href="#[3d2]">&gt;&gt;</a>&nbsp;&nbsp;&nbsp;OS_Memfree
<LI><a href="#[3d1]">&gt;&gt;</a>&nbsp;&nbsp;&nbsp;OS_FileRead
<LI><a href="#[3d0]">&gt;&gt;</a>&nbsp;&nbsp;&nbsp;OS_FileOpen
<LI><a href="#[3d3]">&gt;&gt;</a>&nbsp;&nbsp;&nbsp;OS_FileClose
<LI><a href="#[3c0]">&gt;&gt;</a>&nbsp;&nbsp;&nbsp;DEV_WaitForReady_Poll
<LI><a href="#[3bf]">&gt;&gt;</a>&nbsp;&nbsp;&nbsp;DEV_WaitForNotReady_Poll
<LI><a href="#[95]">&gt;&gt;</a>&nbsp;&nbsp;&nbsp;DEV_TransferPacket
<LI><a href="#[383]">&gt;&gt;</a>&nbsp;&nbsp;&nbsp;xSysdeviceDownload
<LI><a href="#[373]">&gt;&gt;</a>&nbsp;&nbsp;&nbsp;USER_Trace
<LI><a href="#[10e]">&gt;&gt;</a>&nbsp;&nbsp;&nbsp;__aeabi_memclr4
</UL>
<BR>[Called By]<UL><LI><a href="#[3f0]">&gt;&gt;</a>&nbsp;&nbsp;&nbsp;cifXStartDevice
</UL>

<P><STRONG><a name="[3d7]"></a>cifXStartFlashDevice</STRONG> (Thumb, 54 bytes, Stack size 0 bytes, cifxinit.o(.text))
<BR><BR>[Calls]<UL><LI><a href="#[37d]">&gt;&gt;</a>&nbsp;&nbsp;&nbsp;OS_Strcmp
</UL>
<BR>[Called By]<UL><LI><a href="#[3f0]">&gt;&gt;</a>&nbsp;&nbsp;&nbsp;cifXStartDevice
</UL>

<P><STRONG><a name="[3d8]"></a>cifXHandleFlashBaseOSModule</STRONG> (Thumb, 1144 bytes, Stack size 0 bytes, cifxinit.o(.text))
<BR><BR>[Calls]<UL><LI><a href="#[193]">&gt;&gt;</a>&nbsp;&nbsp;&nbsp;OS_Memalloc
<LI><a href="#[3d6]">&gt;&gt;</a>&nbsp;&nbsp;&nbsp;USER_GetOSFile
<LI><a href="#[3d2]">&gt;&gt;</a>&nbsp;&nbsp;&nbsp;OS_Memfree
<LI><a href="#[3d1]">&gt;&gt;</a>&nbsp;&nbsp;&nbsp;OS_FileRead
<LI><a href="#[3d0]">&gt;&gt;</a>&nbsp;&nbsp;&nbsp;OS_FileOpen
<LI><a href="#[3d3]">&gt;&gt;</a>&nbsp;&nbsp;&nbsp;OS_FileClose
<LI><a href="#[38a]">&gt;&gt;</a>&nbsp;&nbsp;&nbsp;DEV_DoSystemStart
<LI><a href="#[383]">&gt;&gt;</a>&nbsp;&nbsp;&nbsp;xSysdeviceDownload
<LI><a href="#[373]">&gt;&gt;</a>&nbsp;&nbsp;&nbsp;USER_Trace
<LI><a href="#[372]">&gt;&gt;</a>&nbsp;&nbsp;&nbsp;DEV_CheckForDownload
<LI><a href="#[369]">&gt;&gt;</a>&nbsp;&nbsp;&nbsp;DEV_RemoveChannelFiles
<LI><a href="#[10e]">&gt;&gt;</a>&nbsp;&nbsp;&nbsp;__aeabi_memclr4
</UL>
<BR>[Called By]<UL><LI><a href="#[3f0]">&gt;&gt;</a>&nbsp;&nbsp;&nbsp;cifXStartDevice
</UL>

<P><STRONG><a name="[3d9]"></a>cifXDownloadFWFiles</STRONG> (Thumb, 416 bytes, Stack size 0 bytes, cifxinit.o(.text))
<BR><BR>[Calls]<UL><LI><a href="#[195]">&gt;&gt;</a>&nbsp;&nbsp;&nbsp;OS_Strncpy
<LI><a href="#[194]">&gt;&gt;</a>&nbsp;&nbsp;&nbsp;OS_Memset
<LI><a href="#[193]">&gt;&gt;</a>&nbsp;&nbsp;&nbsp;OS_Memalloc
<LI><a href="#[3da]">&gt;&gt;</a>&nbsp;&nbsp;&nbsp;USER_GetFirmwareFileCount
<LI><a href="#[3db]">&gt;&gt;</a>&nbsp;&nbsp;&nbsp;USER_GetFirmwareFile
<LI><a href="#[3d2]">&gt;&gt;</a>&nbsp;&nbsp;&nbsp;OS_Memfree
<LI><a href="#[3d1]">&gt;&gt;</a>&nbsp;&nbsp;&nbsp;OS_FileRead
<LI><a href="#[3d0]">&gt;&gt;</a>&nbsp;&nbsp;&nbsp;OS_FileOpen
<LI><a href="#[3d3]">&gt;&gt;</a>&nbsp;&nbsp;&nbsp;OS_FileClose
<LI><a href="#[373]">&gt;&gt;</a>&nbsp;&nbsp;&nbsp;USER_Trace
<LI><a href="#[37b]">&gt;&gt;</a>&nbsp;&nbsp;&nbsp;DEV_ProcessFWDownload
<LI><a href="#[10e]">&gt;&gt;</a>&nbsp;&nbsp;&nbsp;__aeabi_memclr4
</UL>
<BR>[Called By]<UL><LI><a href="#[3f0]">&gt;&gt;</a>&nbsp;&nbsp;&nbsp;cifXStartDevice
</UL>

<P><STRONG><a name="[3dc]"></a>cifXDownloadCNFFiles</STRONG> (Thumb, 468 bytes, Stack size 0 bytes, cifxinit.o(.text))
<BR><BR>[Calls]<UL><LI><a href="#[193]">&gt;&gt;</a>&nbsp;&nbsp;&nbsp;OS_Memalloc
<LI><a href="#[3dd]">&gt;&gt;</a>&nbsp;&nbsp;&nbsp;USER_GetConfigurationFileCount
<LI><a href="#[3de]">&gt;&gt;</a>&nbsp;&nbsp;&nbsp;USER_GetConfigurationFile
<LI><a href="#[3d2]">&gt;&gt;</a>&nbsp;&nbsp;&nbsp;OS_Memfree
<LI><a href="#[3d1]">&gt;&gt;</a>&nbsp;&nbsp;&nbsp;OS_FileRead
<LI><a href="#[3d0]">&gt;&gt;</a>&nbsp;&nbsp;&nbsp;OS_FileOpen
<LI><a href="#[3d3]">&gt;&gt;</a>&nbsp;&nbsp;&nbsp;OS_FileClose
<LI><a href="#[383]">&gt;&gt;</a>&nbsp;&nbsp;&nbsp;xSysdeviceDownload
<LI><a href="#[373]">&gt;&gt;</a>&nbsp;&nbsp;&nbsp;USER_Trace
<LI><a href="#[372]">&gt;&gt;</a>&nbsp;&nbsp;&nbsp;DEV_CheckForDownload
<LI><a href="#[10e]">&gt;&gt;</a>&nbsp;&nbsp;&nbsp;__aeabi_memclr4
</UL>
<BR>[Called By]<UL><LI><a href="#[3f0]">&gt;&gt;</a>&nbsp;&nbsp;&nbsp;cifXStartDevice
</UL>

<P><STRONG><a name="[3df]"></a>cifXStartRAMFirmware</STRONG> (Thumb, 420 bytes, Stack size 0 bytes, cifxinit.o(.text))
<BR><BR>[Calls]<UL><LI><a href="#[3c0]">&gt;&gt;</a>&nbsp;&nbsp;&nbsp;DEV_WaitForReady_Poll
<LI><a href="#[3bf]">&gt;&gt;</a>&nbsp;&nbsp;&nbsp;DEV_WaitForNotReady_Poll
<LI><a href="#[385]">&gt;&gt;</a>&nbsp;&nbsp;&nbsp;cifXStartModule
<LI><a href="#[387]">&gt;&gt;</a>&nbsp;&nbsp;&nbsp;HwIfRead32
<LI><a href="#[95]">&gt;&gt;</a>&nbsp;&nbsp;&nbsp;DEV_TransferPacket
<LI><a href="#[373]">&gt;&gt;</a>&nbsp;&nbsp;&nbsp;USER_Trace
<LI><a href="#[10e]">&gt;&gt;</a>&nbsp;&nbsp;&nbsp;__aeabi_memclr4
</UL>
<BR>[Called By]<UL><LI><a href="#[3f0]">&gt;&gt;</a>&nbsp;&nbsp;&nbsp;cifXStartDevice
</UL>

<P><STRONG><a name="[3e0]"></a>cifXStartFlashFirmware</STRONG> (Thumb, 676 bytes, Stack size 0 bytes, cifxinit.o(.text))
<BR><BR>[Calls]<UL><LI><a href="#[385]">&gt;&gt;</a>&nbsp;&nbsp;&nbsp;cifXStartModule
<LI><a href="#[387]">&gt;&gt;</a>&nbsp;&nbsp;&nbsp;HwIfRead32
<LI><a href="#[38a]">&gt;&gt;</a>&nbsp;&nbsp;&nbsp;DEV_DoSystemStart
<LI><a href="#[373]">&gt;&gt;</a>&nbsp;&nbsp;&nbsp;USER_Trace
</UL>
<BR>[Called By]<UL><LI><a href="#[3f0]">&gt;&gt;</a>&nbsp;&nbsp;&nbsp;cifXStartDevice
</UL>

<P><STRONG><a name="[3e1]"></a>cifXStartFlashConfiguration</STRONG> (Thumb, 120 bytes, Stack size 0 bytes, cifxinit.o(.text))
<BR><BR>[Calls]<UL><LI><a href="#[399]">&gt;&gt;</a>&nbsp;&nbsp;&nbsp;DEV_DoChannelInit
<LI><a href="#[373]">&gt;&gt;</a>&nbsp;&nbsp;&nbsp;USER_Trace
</UL>
<BR>[Called By]<UL><LI><a href="#[3f0]">&gt;&gt;</a>&nbsp;&nbsp;&nbsp;cifXStartDevice
</UL>

<P><STRONG><a name="[3e2]"></a>cifXCreateSystemDevice</STRONG> (Thumb, 538 bytes, Stack size 0 bytes, cifxinit.o(.text))
<BR><BR>[Calls]<UL><LI><a href="#[194]">&gt;&gt;</a>&nbsp;&nbsp;&nbsp;OS_Memset
<LI><a href="#[3e3]">&gt;&gt;</a>&nbsp;&nbsp;&nbsp;USER_GetAliasName
<LI><a href="#[3e4]">&gt;&gt;</a>&nbsp;&nbsp;&nbsp;OS_CreateMutex
<LI><a href="#[3e5]">&gt;&gt;</a>&nbsp;&nbsp;&nbsp;OS_CreateLock
<LI><a href="#[3be]">&gt;&gt;</a>&nbsp;&nbsp;&nbsp;DEV_ReadHostFlags
<LI><a href="#[3b7]">&gt;&gt;</a>&nbsp;&nbsp;&nbsp;HwIfRead16
<LI><a href="#[37d]">&gt;&gt;</a>&nbsp;&nbsp;&nbsp;OS_Strcmp
<LI><a href="#[3a1]">&gt;&gt;</a>&nbsp;&nbsp;&nbsp;OS_LeaveLock
<LI><a href="#[39f]">&gt;&gt;</a>&nbsp;&nbsp;&nbsp;OS_EnterLock
<LI><a href="#[39c]">&gt;&gt;</a>&nbsp;&nbsp;&nbsp;HwIfRead8
<LI><a href="#[387]">&gt;&gt;</a>&nbsp;&nbsp;&nbsp;HwIfRead32
<LI><a href="#[394]">&gt;&gt;</a>&nbsp;&nbsp;&nbsp;DEV_ReadHandshakeFlags
<LI><a href="#[373]">&gt;&gt;</a>&nbsp;&nbsp;&nbsp;USER_Trace
<LI><a href="#[367]">&gt;&gt;</a>&nbsp;&nbsp;&nbsp;OS_Strlen
</UL>
<BR>[Called By]<UL><LI><a href="#[3f0]">&gt;&gt;</a>&nbsp;&nbsp;&nbsp;cifXStartDevice
</UL>

<P><STRONG><a name="[3e6]"></a>cifXReadChannelLayout</STRONG> (Thumb, 1680 bytes, Stack size 0 bytes, cifxinit.o(.text))
<BR><BR>[Calls]<UL><LI><a href="#[194]">&gt;&gt;</a>&nbsp;&nbsp;&nbsp;OS_Memset
<LI><a href="#[193]">&gt;&gt;</a>&nbsp;&nbsp;&nbsp;OS_Memalloc
<LI><a href="#[3e7]">&gt;&gt;</a>&nbsp;&nbsp;&nbsp;OS_Memrealloc
<LI><a href="#[3e4]">&gt;&gt;</a>&nbsp;&nbsp;&nbsp;OS_CreateMutex
<LI><a href="#[95]">&gt;&gt;</a>&nbsp;&nbsp;&nbsp;DEV_TransferPacket
<LI><a href="#[373]">&gt;&gt;</a>&nbsp;&nbsp;&nbsp;USER_Trace
<LI><a href="#[10e]">&gt;&gt;</a>&nbsp;&nbsp;&nbsp;__aeabi_memclr4
</UL>
<BR>[Called By]<UL><LI><a href="#[3ea]">&gt;&gt;</a>&nbsp;&nbsp;&nbsp;cifXCreateChannels
</UL>

<P><STRONG><a name="[3e8]"></a>cifXHandleWarmstartParameter</STRONG> (Thumb, 268 bytes, Stack size 0 bytes, cifxinit.o(.text))
<BR><BR>[Calls]<UL><LI><a href="#[194]">&gt;&gt;</a>&nbsp;&nbsp;&nbsp;OS_Memset
<LI><a href="#[3e9]">&gt;&gt;</a>&nbsp;&nbsp;&nbsp;USER_GetWarmstartParameters
<LI><a href="#[3c2]">&gt;&gt;</a>&nbsp;&nbsp;&nbsp;DEV_WaitForRunning_Poll
<LI><a href="#[95]">&gt;&gt;</a>&nbsp;&nbsp;&nbsp;DEV_TransferPacket
<LI><a href="#[373]">&gt;&gt;</a>&nbsp;&nbsp;&nbsp;USER_Trace
<LI><a href="#[10e]">&gt;&gt;</a>&nbsp;&nbsp;&nbsp;__aeabi_memclr4
</UL>
<BR>[Called By]<UL><LI><a href="#[3f0]">&gt;&gt;</a>&nbsp;&nbsp;&nbsp;cifXStartDevice
</UL>

<P><STRONG><a name="[3ea]"></a>cifXCreateChannels</STRONG> (Thumb, 1232 bytes, Stack size 0 bytes, cifxinit.o(.text))
<BR><BR>[Calls]<UL><LI><a href="#[194]">&gt;&gt;</a>&nbsp;&nbsp;&nbsp;OS_Memset
<LI><a href="#[193]">&gt;&gt;</a>&nbsp;&nbsp;&nbsp;OS_Memalloc
<LI><a href="#[3e7]">&gt;&gt;</a>&nbsp;&nbsp;&nbsp;OS_Memrealloc
<LI><a href="#[3d2]">&gt;&gt;</a>&nbsp;&nbsp;&nbsp;OS_Memfree
<LI><a href="#[3e4]">&gt;&gt;</a>&nbsp;&nbsp;&nbsp;OS_CreateMutex
<LI><a href="#[3e5]">&gt;&gt;</a>&nbsp;&nbsp;&nbsp;OS_CreateLock
<LI><a href="#[3e6]">&gt;&gt;</a>&nbsp;&nbsp;&nbsp;cifXReadChannelLayout
<LI><a href="#[3c0]">&gt;&gt;</a>&nbsp;&nbsp;&nbsp;DEV_WaitForReady_Poll
<LI><a href="#[3be]">&gt;&gt;</a>&nbsp;&nbsp;&nbsp;DEV_ReadHostFlags
<LI><a href="#[39c]">&gt;&gt;</a>&nbsp;&nbsp;&nbsp;HwIfRead8
<LI><a href="#[387]">&gt;&gt;</a>&nbsp;&nbsp;&nbsp;HwIfRead32
<LI><a href="#[95]">&gt;&gt;</a>&nbsp;&nbsp;&nbsp;DEV_TransferPacket
<LI><a href="#[394]">&gt;&gt;</a>&nbsp;&nbsp;&nbsp;DEV_ReadHandshakeFlags
<LI><a href="#[388]">&gt;&gt;</a>&nbsp;&nbsp;&nbsp;cifXConvertEndianess
<LI><a href="#[373]">&gt;&gt;</a>&nbsp;&nbsp;&nbsp;USER_Trace
<LI><a href="#[379]">&gt;&gt;</a>&nbsp;&nbsp;&nbsp;OS_Memcpy
<LI><a href="#[10e]">&gt;&gt;</a>&nbsp;&nbsp;&nbsp;__aeabi_memclr4
</UL>
<BR>[Called By]<UL><LI><a href="#[3f0]">&gt;&gt;</a>&nbsp;&nbsp;&nbsp;cifXStartDevice
</UL>

<P><STRONG><a name="[3eb]"></a>cifXCheckIRQEnable</STRONG> (Thumb, 154 bytes, Stack size 0 bytes, cifxinit.o(.text))
<BR><BR>[Calls]<UL><LI><a href="#[3ec]">&gt;&gt;</a>&nbsp;&nbsp;&nbsp;USER_GetInterruptEnable
<LI><a href="#[3ed]">&gt;&gt;</a>&nbsp;&nbsp;&nbsp;OS_CreateEvent
</UL>
<BR>[Called By]<UL><LI><a href="#[3f0]">&gt;&gt;</a>&nbsp;&nbsp;&nbsp;cifXStartDevice
</UL>

<P><STRONG><a name="[3ee]"></a>cifXIsBaseOSModule</STRONG> (Thumb, 36 bytes, Stack size 0 bytes, cifxinit.o(.text))
<BR><BR>[Calls]<UL><LI><a href="#[387]">&gt;&gt;</a>&nbsp;&nbsp;&nbsp;HwIfRead32
</UL>
<BR>[Called By]<UL><LI><a href="#[3f0]">&gt;&gt;</a>&nbsp;&nbsp;&nbsp;cifXStartDevice
</UL>

<P><STRONG><a name="[3ef]"></a>cifXDetectDeviceType</STRONG> (Thumb, 142 bytes, Stack size 0 bytes, cifxinit.o(.text))
<BR><BR>[Calls]<UL><LI><a href="#[37d]">&gt;&gt;</a>&nbsp;&nbsp;&nbsp;OS_Strcmp
<LI><a href="#[373]">&gt;&gt;</a>&nbsp;&nbsp;&nbsp;USER_Trace
</UL>
<BR>[Called By]<UL><LI><a href="#[3f0]">&gt;&gt;</a>&nbsp;&nbsp;&nbsp;cifXStartDevice
</UL>

<P><STRONG><a name="[3f0]"></a>cifXStartDevice</STRONG> (Thumb, 856 bytes, Stack size 0 bytes, cifxinit.o(.text))
<BR><BR>[Calls]<UL><LI><a href="#[194]">&gt;&gt;</a>&nbsp;&nbsp;&nbsp;OS_Memset
<LI><a href="#[3e5]">&gt;&gt;</a>&nbsp;&nbsp;&nbsp;OS_CreateLock
<LI><a href="#[3ef]">&gt;&gt;</a>&nbsp;&nbsp;&nbsp;cifXDetectDeviceType
<LI><a href="#[3ee]">&gt;&gt;</a>&nbsp;&nbsp;&nbsp;cifXIsBaseOSModule
<LI><a href="#[3eb]">&gt;&gt;</a>&nbsp;&nbsp;&nbsp;cifXCheckIRQEnable
<LI><a href="#[3ea]">&gt;&gt;</a>&nbsp;&nbsp;&nbsp;cifXCreateChannels
<LI><a href="#[3e8]">&gt;&gt;</a>&nbsp;&nbsp;&nbsp;cifXHandleWarmstartParameter
<LI><a href="#[3e2]">&gt;&gt;</a>&nbsp;&nbsp;&nbsp;cifXCreateSystemDevice
<LI><a href="#[3e1]">&gt;&gt;</a>&nbsp;&nbsp;&nbsp;cifXStartFlashConfiguration
<LI><a href="#[3e0]">&gt;&gt;</a>&nbsp;&nbsp;&nbsp;cifXStartFlashFirmware
<LI><a href="#[3df]">&gt;&gt;</a>&nbsp;&nbsp;&nbsp;cifXStartRAMFirmware
<LI><a href="#[3dc]">&gt;&gt;</a>&nbsp;&nbsp;&nbsp;cifXDownloadCNFFiles
<LI><a href="#[3d9]">&gt;&gt;</a>&nbsp;&nbsp;&nbsp;cifXDownloadFWFiles
<LI><a href="#[3d8]">&gt;&gt;</a>&nbsp;&nbsp;&nbsp;cifXHandleFlashBaseOSModule
<LI><a href="#[3d7]">&gt;&gt;</a>&nbsp;&nbsp;&nbsp;cifXStartFlashDevice
<LI><a href="#[3d5]">&gt;&gt;</a>&nbsp;&nbsp;&nbsp;cifXHandleRAMBaseOSModule
<LI><a href="#[3d4]">&gt;&gt;</a>&nbsp;&nbsp;&nbsp;cifXStartRAMDevice
<LI><a href="#[39c]">&gt;&gt;</a>&nbsp;&nbsp;&nbsp;HwIfRead8
<LI><a href="#[373]">&gt;&gt;</a>&nbsp;&nbsp;&nbsp;USER_Trace
</UL>
<BR>[Called By]<UL><LI><a href="#[196]">&gt;&gt;</a>&nbsp;&nbsp;&nbsp;cifXTKitAddDevice
</UL>

<P><STRONG><a name="[3f1]"></a>cifXStopDevice</STRONG> (Thumb, 554 bytes, Stack size 0 bytes, cifxinit.o(.text))
<BR><BR>[Calls]<UL><LI><a href="#[3e7]">&gt;&gt;</a>&nbsp;&nbsp;&nbsp;OS_Memrealloc
<LI><a href="#[3f5]">&gt;&gt;</a>&nbsp;&nbsp;&nbsp;OS_Memmove
<LI><a href="#[3d2]">&gt;&gt;</a>&nbsp;&nbsp;&nbsp;OS_Memfree
<LI><a href="#[3f3]">&gt;&gt;</a>&nbsp;&nbsp;&nbsp;OS_DeleteMutex
<LI><a href="#[3f4]">&gt;&gt;</a>&nbsp;&nbsp;&nbsp;OS_DeleteLock
<LI><a href="#[3f2]">&gt;&gt;</a>&nbsp;&nbsp;&nbsp;OS_DeleteEvent
</UL>
<BR>[Called By]<UL><LI><a href="#[197]">&gt;&gt;</a>&nbsp;&nbsp;&nbsp;cifXTKitDeinit
<LI><a href="#[3f8]">&gt;&gt;</a>&nbsp;&nbsp;&nbsp;cifXTKitRemoveDevice
</UL>

<P><STRONG><a name="[3fd]"></a>ProcessIOArea</STRONG> (Thumb, 158 bytes, Stack size 0 bytes, cifxinterrupt.o(.text))
<BR><BR>[Calls]<UL><LI><a href="#[3fe]">&gt;&gt;</a>&nbsp;&nbsp;&nbsp;OS_SetEvent
<LI><a href="#[39d]">&gt;&gt;</a>&nbsp;&nbsp;&nbsp;DEV_GetIOBitstate
</UL>
<BR>[Called By]<UL><LI><a href="#[1a0]">&gt;&gt;</a>&nbsp;&nbsp;&nbsp;cifXTKitDSRHandler
</UL>

<P><STRONG><a name="[3ff]"></a>md5_process</STRONG> (Thumb, 2144 bytes, Stack size 0 bytes, md5.o(.text))
<BR><BR>[Calls]<UL><LI><a href="#[400]">&gt;&gt;</a>&nbsp;&nbsp;&nbsp;md5_memcpy
</UL>
<BR>[Called By]<UL><LI><a href="#[375]">&gt;&gt;</a>&nbsp;&nbsp;&nbsp;md5_append
</UL>

<P><STRONG><a name="[40a]"></a>OS_SchedNew</STRONG> (Thumb, 80 bytes, Stack size 0 bytes, os_core.o(.text))
<BR><BR>[Called By]<UL><LI><a href="#[227]">&gt;&gt;</a>&nbsp;&nbsp;&nbsp;OSStart
<LI><a href="#[11e]">&gt;&gt;</a>&nbsp;&nbsp;&nbsp;OSIntExit
<LI><a href="#[409]">&gt;&gt;</a>&nbsp;&nbsp;&nbsp;OS_Sched
</UL>

<P><STRONG><a name="[413]"></a>OS_InitTaskStat</STRONG> (Thumb, 52 bytes, Stack size 0 bytes, os_core.o(.text))
<BR><BR>[Calls]<UL><LI><a href="#[ec]">&gt;&gt;</a>&nbsp;&nbsp;&nbsp;OSTaskNameSet
<LI><a href="#[eb]">&gt;&gt;</a>&nbsp;&nbsp;&nbsp;OSTaskCreateExt
</UL>
<BR>[Called By]<UL><LI><a href="#[226]">&gt;&gt;</a>&nbsp;&nbsp;&nbsp;OSInit
</UL>

<P><STRONG><a name="[416]"></a>OS_InitTaskIdle</STRONG> (Thumb, 52 bytes, Stack size 0 bytes, os_core.o(.text))
<BR><BR>[Calls]<UL><LI><a href="#[ec]">&gt;&gt;</a>&nbsp;&nbsp;&nbsp;OSTaskNameSet
<LI><a href="#[eb]">&gt;&gt;</a>&nbsp;&nbsp;&nbsp;OSTaskCreateExt
</UL>
<BR>[Called By]<UL><LI><a href="#[226]">&gt;&gt;</a>&nbsp;&nbsp;&nbsp;OSInit
</UL>

<P><STRONG><a name="[417]"></a>OS_InitEventList</STRONG> (Thumb, 84 bytes, Stack size 0 bytes, os_core.o(.text))
<BR><BR>[Calls]<UL><LI><a href="#[418]">&gt;&gt;</a>&nbsp;&nbsp;&nbsp;OS_MemClr
</UL>
<BR>[Called By]<UL><LI><a href="#[226]">&gt;&gt;</a>&nbsp;&nbsp;&nbsp;OSInit
</UL>

<P><STRONG><a name="[419]"></a>OS_InitTCBList</STRONG> (Thumb, 106 bytes, Stack size 0 bytes, os_core.o(.text))
<BR><BR>[Calls]<UL><LI><a href="#[418]">&gt;&gt;</a>&nbsp;&nbsp;&nbsp;OS_MemClr
</UL>
<BR>[Called By]<UL><LI><a href="#[226]">&gt;&gt;</a>&nbsp;&nbsp;&nbsp;OSInit
</UL>

<P><STRONG><a name="[41c]"></a>OS_InitRdyList</STRONG> (Thumb, 46 bytes, Stack size 0 bytes, os_core.o(.text))
<BR><BR>[Called By]<UL><LI><a href="#[226]">&gt;&gt;</a>&nbsp;&nbsp;&nbsp;OSInit
</UL>

<P><STRONG><a name="[41b]"></a>OS_InitMisc</STRONG> (Thumb, 48 bytes, Stack size 0 bytes, os_core.o(.text))
<BR><BR>[Called By]<UL><LI><a href="#[226]">&gt;&gt;</a>&nbsp;&nbsp;&nbsp;OSInit
</UL>

<P><STRONG><a name="[42c]"></a>OS_FlagTaskRdy</STRONG> (Thumb, 94 bytes, Stack size 0 bytes, os_flag.o(.text))
<BR><BR>[Calls]<UL><LI><a href="#[42d]">&gt;&gt;</a>&nbsp;&nbsp;&nbsp;OS_FlagUnlink
</UL>
<BR>[Called By]<UL><LI><a href="#[138]">&gt;&gt;</a>&nbsp;&nbsp;&nbsp;OSFlagPost
<LI><a href="#[42e]">&gt;&gt;</a>&nbsp;&nbsp;&nbsp;OSFlagDel
</UL>

<P><STRONG><a name="[431]"></a>OS_FlagBlock</STRONG> (Thumb, 156 bytes, Stack size 0 bytes, os_flag.o(.text))
<BR><BR>[Called By]<UL><LI><a href="#[1ca]">&gt;&gt;</a>&nbsp;&nbsp;&nbsp;OSFlagPend
</UL>

<P><STRONG><a name="[440]"></a>OSMutex_RdyAtPrio</STRONG> (Thumb, 120 bytes, Stack size 0 bytes, os_mutex.o(.text))
<BR><BR>[Called By]<UL><LI><a href="#[233]">&gt;&gt;</a>&nbsp;&nbsp;&nbsp;OSMutexPost
<LI><a href="#[43f]">&gt;&gt;</a>&nbsp;&nbsp;&nbsp;OSMutexDel
</UL>

<P><STRONG><a name="[459]"></a>OSTmr_Alloc</STRONG> (Thumb, 50 bytes, Stack size 0 bytes, os_tmr.o(.text))
<BR><BR>[Called By]<UL><LI><a href="#[1e8]">&gt;&gt;</a>&nbsp;&nbsp;&nbsp;OSTmrCreate
</UL>

<P><STRONG><a name="[45c]"></a>OSTmr_Free</STRONG> (Thumb, 58 bytes, Stack size 0 bytes, os_tmr.o(.text), UNUSED)
<BR><BR>[Called By]<UL><LI><a href="#[45a]">&gt;&gt;</a>&nbsp;&nbsp;&nbsp;OSTmrDel
</UL>

<P><STRONG><a name="[45b]"></a>OSTmr_Unlink</STRONG> (Thumb, 62 bytes, Stack size 0 bytes, os_tmr.o(.text))
<BR><BR>[Called By]<UL><LI><a href="#[1ea]">&gt;&gt;</a>&nbsp;&nbsp;&nbsp;OSTmrStop
<LI><a href="#[16f]">&gt;&gt;</a>&nbsp;&nbsp;&nbsp;OSTmrStart
<LI><a href="#[45a]">&gt;&gt;</a>&nbsp;&nbsp;&nbsp;OSTmrDel
<LI><a href="#[96]">&gt;&gt;</a>&nbsp;&nbsp;&nbsp;OSTmr_Task
</UL>

<P><STRONG><a name="[460]"></a>OSTmr_Link</STRONG> (Thumb, 100 bytes, Stack size 0 bytes, os_tmr.o(.text))
<BR><BR>[Called By]<UL><LI><a href="#[16f]">&gt;&gt;</a>&nbsp;&nbsp;&nbsp;OSTmrStart
<LI><a href="#[96]">&gt;&gt;</a>&nbsp;&nbsp;&nbsp;OSTmr_Task
</UL>

<P><STRONG><a name="[96]"></a>OSTmr_Task</STRONG> (Thumb, 114 bytes, Stack size 0 bytes, os_tmr.o(.text))
<BR><BR>[Calls]<UL><LI><a href="#[1f4]">&gt;&gt;</a>&nbsp;&nbsp;&nbsp;OSSchedUnlock
<LI><a href="#[1f6]">&gt;&gt;</a>&nbsp;&nbsp;&nbsp;OSSchedLock
<LI><a href="#[11f]">&gt;&gt;</a>&nbsp;&nbsp;&nbsp;OSSemPend
<LI><a href="#[460]">&gt;&gt;</a>&nbsp;&nbsp;&nbsp;OSTmr_Link
<LI><a href="#[45b]">&gt;&gt;</a>&nbsp;&nbsp;&nbsp;OSTmr_Unlink
</UL>
<BR>[Address Reference Count : 1]<UL><LI> os_tmr.o(.text)
</UL>
<P><STRONG><a name="[462]"></a>OSTmr_InitTask</STRONG> (Thumb, 52 bytes, Stack size 0 bytes, os_tmr.o(.text))
<BR><BR>[Calls]<UL><LI><a href="#[ec]">&gt;&gt;</a>&nbsp;&nbsp;&nbsp;OSTaskNameSet
<LI><a href="#[eb]">&gt;&gt;</a>&nbsp;&nbsp;&nbsp;OSTaskCreateExt
</UL>
<BR>[Called By]<UL><LI><a href="#[420]">&gt;&gt;</a>&nbsp;&nbsp;&nbsp;OSTmr_Init
</UL>

<P><STRONG><a name="[463]"></a>SetSysClock</STRONG> (Thumb, 190 bytes, Stack size 0 bytes, system_stm32f2xx.o(.text))
<BR><BR>[Called By]<UL><LI><a href="#[99]">&gt;&gt;</a>&nbsp;&nbsp;&nbsp;SystemInit
</UL>

<P><STRONG><a name="[28]"></a>HardFault_Handler</STRONG> (Thumb, 18 bytes, Stack size 0 bytes, startup_stm32f2xx.o(.text))
<BR><BR>[Calls]<UL><LI><a href="#[230]">&gt;&gt;</a>&nbsp;&nbsp;&nbsp;hard_fault_handler_c
</UL>
<BR>[Address Reference Count : 1]<UL><LI> startup_stm32f2xx.o(RESET)
</UL>
<P><STRONG><a name="[4aa]"></a>_fadd1</STRONG> (Thumb, 0 bytes, Stack size 0 bytes, faddsub_clz.o(x$fpl$fadd), UNUSED)
<BR><BR>[Called By]<UL><LI><a href="#[4a9]">&gt;&gt;</a>&nbsp;&nbsp;&nbsp;_fsub
</UL>

<P><STRONG><a name="[4a2]"></a>_fsub1</STRONG> (Thumb, 0 bytes, Stack size 0 bytes, faddsub_clz.o(x$fpl$fsub), UNUSED)
<BR><BR>[Called By]<UL><LI><a href="#[4a1]">&gt;&gt;</a>&nbsp;&nbsp;&nbsp;_fadd
</UL>

<P><STRONG><a name="[9d]"></a>_printf_input_char</STRONG> (Thumb, 10 bytes, Stack size 0 bytes, _printf_char_common.o(.text))
<BR>[Address Reference Count : 1]<UL><LI> _printf_char_common.o(.text)
</UL>
<P><STRONG><a name="[486]"></a>_fp_digits</STRONG> (Thumb, 426 bytes, Stack size 0 bytes, _printf_fp_dec.o(.text))
<BR><BR>[Calls]<UL><LI><a href="#[482]">&gt;&gt;</a>&nbsp;&nbsp;&nbsp;_ll_udiv10
<LI><a href="#[48a]">&gt;&gt;</a>&nbsp;&nbsp;&nbsp;_btod_emul
<LI><a href="#[489]">&gt;&gt;</a>&nbsp;&nbsp;&nbsp;_btod_ediv
<LI><a href="#[488]">&gt;&gt;</a>&nbsp;&nbsp;&nbsp;_btod_d2e
<LI><a href="#[487]">&gt;&gt;</a>&nbsp;&nbsp;&nbsp;_btod_etento
</UL>
<BR>[Called By]<UL><LI><a href="#[48b]">&gt;&gt;</a>&nbsp;&nbsp;&nbsp;_printf_fp_dec_real
</UL>
<P>
<H3>
Undefined Global Symbols
</H3><HR></body></html>
