ARM Linker, 5.03 [Build 76] [MDK-ARM Standard]

==============================================================================

Section Cross References

    app.o(.text) refers to _printf_percent.o(.ARM.Collect$$_printf_percent$$00000000) for _printf_percent
    app.o(.text) refers to _printf_d.o(.ARM.Collect$$_printf_percent$$00000009) for _printf_d
    app.o(.text) refers to _printf_dec.o(.text) for _printf_int_dec
    app.o(.text) refers to _printf_s.o(.ARM.Collect$$_printf_percent$$00000014) for _printf_s
    app.o(.text) refers to _printf_str.o(.text) for _printf_str
    app.o(.text) refers to trace.o(.text) for app_traceInfo_output
    app.o(.text) refers to os_core.o(.text) for OSVersion
    app.o(.text) refers to __2snprintf.o(.text) for __2snprintf
    app.o(.text) refers to os_task.o(.text) for OSTaskQuery
    app.o(.text) refers to bsp.o(.text) for bsp_init
    app.o(.text) refers to app_slave_board2.o(.text) for init_slave_board2_task
    app.o(.text) refers to app_shell.o(.text) for init_shell_task
    app.o(.text) refers to app_led.o(.text) for init_led_task
    app.o(.text) refers to app_buzzer_ring.o(.text) for init_buzzer_ring_task
    app.o(.text) refers to os_core.o(.data) for OSRunning
    app.o(.text) refers to app.o(.bss) for startup_task_stk
    app_shell.o(.text) refers to _printf_percent.o(.ARM.Collect$$_printf_percent$$00000000) for _printf_percent
    app_shell.o(.text) refers to _printf_s.o(.ARM.Collect$$_printf_percent$$00000014) for _printf_s
    app_shell.o(.text) refers to _printf_str.o(.text) for _printf_str
    app_shell.o(.text) refers to _printf_d.o(.ARM.Collect$$_printf_percent$$00000009) for _printf_d
    app_shell.o(.text) refers to _printf_dec.o(.text) for _printf_int_dec
    app_shell.o(.text) refers to _printf_x.o(.ARM.Collect$$_printf_percent$$0000000C) for _printf_x
    app_shell.o(.text) refers to _printf_hex_int_ll_ptr.o(.text) for _printf_longlong_hex
    app_shell.o(.text) refers to trace.o(.text) for app_traceInfo_output
    app_shell.o(.text) refers to __2snprintf.o(.text) for __2snprintf
    app_shell.o(.text) refers to os_core.o(.text) for OSVersion
    app_shell.o(.text) refers to os_task.o(.text) for OSTaskQuery
    app_shell.o(.text) refers to strcmpv7m.o(.text) for strcmp
    app_shell.o(.text) refers to os_q.o(.text) for OSQPend
    app_shell.o(.text) refers to os_time.o(.text) for OSTimeGet
    app_shell.o(.text) refers to app_monitor2.o(.text) for slave2_show_parameter_table
    app_shell.o(.text) refers to os_core.o(.data) for OSCPUUsage
    app_shell.o(.text) refers to app_shell.o(.constdata) for .constdata
    app_shell.o(.text) refers to app_shell.o(.data) for g_uart1_queue
    app_shell.o(.text) refers to atoi.o(.text) for atoi
    app_shell.o(.text) refers to app_valve_control.o(.text) for stop_valve
    app_shell.o(.text) refers to app_dc_motor.o(.text) for get_adjust_pwm_percent
    app_shell.o(.text) refers to ffix.o(x$fpl$ffix) for __aeabi_f2iz
    app_shell.o(.text) refers to fflt_clz.o(x$fpl$fflt) for __aeabi_i2f
    app_shell.o(.text) refers to shell.o(.text) for Shell_CmdTblAdd
    app_shell.o(.text) refers to app.o(.text) for assert_failed
    app_shell.o(.text) refers to rt_memclr_w.o(.text) for __aeabi_memclr4
    app_shell.o(.text) refers to strncpy.o(.text) for strncpy
    app_shell.o(.text) refers to rt_memcpy_v6.o(.text) for __aeabi_memcpy
    app_shell.o(.text) refers to os_cpu_a.o(.text) for OS_CPU_SR_Save
    app_shell.o(.text) refers to strlen.o(.text) for strlen
    app_shell.o(.text) refers to shell.o(.data) for Shell_ModuleCmdUsedPoolPtr
    app_shell.o(.text) refers to app_shell.o(.bss) for uart_array_msg
    app_shell.o(.text) refers to stm32f2xx_usart.o(.text) for USART_GetITStatus
    app_shell.o(.data) refers to app_shell.o(.conststring) for .conststring
    app_shell.o(.data) refers to app_shell.o(.text) for App_TestShellCmd
    app_modbus_analyse.o(.text) refers to trace.o(.text) for app_traceInfo_output
    app_modbus_analyse.o(.text) refers to crc.o(.text) for CRC16
    app_modbus_analyse.o(.text) refers to app_usart_dma_route.o(.text) for send_data_packet
    app_modbus_analyse.o(.text) refers to rt_memclr_w.o(.text) for __aeabi_memclr4
    app_modbus_analyse.o(.text) refers to os_time.o(.text) for OSTimeDlyHMSM
    app_modbus_analyse.o(.text) refers to os_task.o(.text) for OSTaskCreateExt
    app_modbus_analyse.o(.text) refers to app.o(.text) for assert_failed
    app_modbus_analyse.o(.text) refers to app_modbus_analyse.o(.bss) for p_RPDO
    app_modbus_analyse.o(.text) refers to app_modbus_analyse.o(.data) for p_TPDO
    app_usart_dma_route.o(.text) refers to trace.o(.text) for app_traceInfo_output
    app_usart_dma_route.o(.text) refers to os_q.o(.text) for OSQPend
    app_usart_dma_route.o(.text) refers to os_sem.o(.text) for OSSemPend
    app_usart_dma_route.o(.text) refers to usart.o(.text) for reload_usart_dma_tx
    app_usart_dma_route.o(.text) refers to os_mem.o(.text) for OSMemPut
[...]
    OS_TaskIdle                              0x08018f71   Thumb Code    34  os_core.o(.text)
    OS_MemClr                                0x08018fc7   Thumb Code    18  os_core.o(.text)
    OSInit                                   0x080190f5   Thumb Code    56  os_core.o(.text)
    OSIntEnter                               0x0801912d   Thumb Code    42  os_core.o(.text)
    OSIntExit                                0x08019157   Thumb Code   264  os_core.o(.text)
    OSSchedLock                              0x0801925f   Thumb Code    50  os_core.o(.text)
    OSSchedUnlock                            0x08019291   Thumb Code    82  os_core.o(.text)
    OSStart                                  0x080192e3   Thumb Code    48  os_core.o(.text)
    OSStatInit                               0x08019313   Thumb Code    62  os_core.o(.text)
    OSTimeTick                               0x08019351   Thumb Code   216  os_core.o(.text)
    OSVersion                                0x08019429   Thumb Code     6  os_core.o(.text)
    OS_Dummy                                 0x0801942f   Thumb Code     2  os_core.o(.text)
    OS_EventTaskRemove                       0x08019431   Thumb Code    44  os_core.o(.text)
    OS_EventTaskRdy                          0x0801945d   Thumb Code   180  os_core.o(.text)
    OS_EventTaskWait                         0x08019511   Thumb Code   114  os_core.o(.text)
    OS_EventWaitListInit                     0x08019583   Thumb Code    30  os_core.o(.text)
    OS_MemCopy                               0x080195a1   Thumb Code    20  os_core.o(.text)
    OS_TCBInit                               0x080195b5   Thumb Code   386  os_core.o(.text)
    OS_CPU_SR_Save                           0x0801974d   Thumb Code     0  os_cpu_a.o(.text)
    OS_CPU_SR_Restore                        0x08019755   Thumb Code     0  os_cpu_a.o(.text)
    OSStartHighRdy                           0x0801975b   Thumb Code     0  os_cpu_a.o(.text)
    OSCtxSw                                  0x0801977b   Thumb Code     0  os_cpu_a.o(.text)
    OSIntCtxSw                               0x08019785   Thumb Code     0  os_cpu_a.o(.text)
    PendSV_Handler                           0x0801978f   Thumb Code     0  os_cpu_a.o(.text)
    OSInitHookBegin                          0x080197f1   Thumb Code    32  os_cpu_c.o(.text)
    OSInitHookEnd                            0x08019811   Thumb Code     2  os_cpu_c.o(.text)
    OSTaskCreateHook                         0x08019813   Thumb Code     2  os_cpu_c.o(.text)
    OSTaskDelHook                            0x08019815   Thumb Code     2  os_cpu_c.o(.text)
    OSTaskIdleHook                           0x08019817   Thumb Code     2  os_cpu_c.o(.text)
    OSTaskReturnHook                         0x08019819   Thumb Code     2  os_cpu_c.o(.text)
    OSTaskStatHook                           0x0801981b   Thumb Code     2  os_cpu_c.o(.text)
    OSTaskStkInit                            0x0801981d   Thumb Code   152  os_cpu_c.o(.text)
    OSTaskSwHook                             0x080198b5   Thumb Code     2  os_cpu_c.o(.text)
    OSTCBInitHook                            0x080198b7   Thumb Code     2  os_cpu_c.o(.text)
    OSTimeTickHook                           0x080198b9   Thumb Code    30  os_cpu_c.o(.text)
    OSDebugInit                              0x080198e9   Thumb Code   118  os_dbg.o(.text)
    SystemInit                               0x08019b03   Thumb Code    74  system_stm32f2xx.o(.text)
    SystemCoreClockUpdate                    0x08019b4d   Thumb Code   174  system_stm32f2xx.o(.text)
    Reset_Handler                            0x08019c25   Thumb Code     8  startup_stm32f2xx.o(.text)
    ADC_IRQHandler                           0x08019c4f   Thumb Code     0  startup_stm32f2xx.o(.text)
    CAN1_RX0_IRQHandler                      0x08019c4f   Thumb Code     0  startup_stm32f2xx.o(.text)
    CAN1_RX1_IRQHandler                      0x08019c4f   Thumb Code     0  startup_stm32f2xx.o(.text)
    CAN1_SCE_IRQHandler                      0x08019c4f   Thumb Code     0  startup_stm32f2xx.o(.text)
    CAN1_TX_IRQHandler                       0x08019c4f   Thumb Code     0  startup_stm32f2xx.o(.text)
    CAN2_RX0_IRQHandler                      0x08019c4f   Thumb Code     0  startup_stm32f2xx.o(.text)
    CAN2_RX1_IRQHandler                      0x08019c4f   Thumb Code     0  startup_stm32f2xx.o(.text)
    CAN2_SCE_IRQHandler                      0x08019c4f   Thumb Code     0  startup_stm32f2xx.o(.text)
    CAN2_TX_IRQHandler                       0x08019c4f   Thumb Code     0  startup_stm32f2xx.o(.text)
    CRYP_IRQHandler                          0x08019c4f   Thumb Code     0  startup_stm32f2xx.o(.text)
    DCMI_IRQHandler                          0x08019c4f   Thumb Code     0  startup_stm32f2xx.o(.text)
    DMA1_Stream0_IRQHandler                  0x08019c4f   Thumb Code     0  startup_stm32f2xx.o(.text)
    DMA1_Stream1_IRQHandler                  0x08019c4f   Thumb Code     0  startup_stm32f2xx.o(.text)
    DMA1_Stream2_IRQHandler                  0x08019c4f   Thumb Code     0  startup_stm32f2xx.o(.text)
    DMA1_Stream3_IRQHandler                  0x08019c4f   Thumb Code     0  startup_stm32f2xx.o(.text)
    DMA1_Stream4_IRQHandler                  0x08019c4f   Thumb Code     0  startup_stm32f2xx.o(.text)
    DMA1_Stream5_IRQHandler                  0x08019c4f   Thumb Code     0  startup_stm32f2xx.o(.text)
    DMA1_Stream6_IRQHandler                  0x08019c4f   Thumb Code     0  startup_stm32f2xx.o(.text)
    DMA1_Stream7_IRQHandler                  0x08019c4f   Thumb Code     0  startup_stm32f2xx.o(.text)
    DMA2_Stream1_IRQHandler                  0x08019c4f   Thumb Code     0  startup_stm32f2xx.o(.text)
    DMA2_Stream3_IRQHandler                  0x08019c4f   Thumb Code     0  startup_stm32f2xx.o(.text)
    DMA2_Stream4_IRQHandler                  0x08019c4f   Thumb Code     0  startup_stm32f2xx.o(.text)
    DMA2_Stream5_IRQHandler                  0x08019c4f   Thumb Code     0  startup_stm32f2xx.o(.text)
    DMA2_Stream6_IRQHandler                  0x08019c4f   Thumb Code     0  startup_stm32f2xx.o(.text)
    ETH_IRQHandler                           0x08019c4f   Thumb Code     0  startup_stm32f2xx.o(.text)
    ETH_WKUP_IRQHandler                      0x08019c4f   Thumb Code     0  startup_stm32f2xx.o(.text)
    FLASH_IRQHandler                         0x08019c4f   Thumb Code     0  startup_stm32f2xx.o(.text)
    FSMC_IRQHandler                          0x08019c4f   Thumb Code     0  startup_stm32f2xx.o(.text)
    HASH_RNG_IRQHandler                      0x08019c4f   Thumb Code     0  startup_stm32f2xx.o(.text)
    I2C1_ER_IRQHandler                       0x08019c4f   Thumb Code     0  startup_stm32f2xx.o(.text)
    I2C1_EV_IRQHandler                       0x08019c4f   Thumb Code     0  startup_stm32f2xx.o(.text)
    I2C2_ER_IRQHandler                       0x08019c4f   Thumb Code     0  startup_stm32f2xx.o(.text)
    I2C2_EV_IRQHandler                       0x08019c4f   Thumb Code     0  startup_stm32f2xx.o(.text)
    I2C3_ER_IRQHandler                       0x08019c4f   Thumb Code     0  startup_stm32f2xx.o(.text)
    I2C3_EV_IRQHandler                       0x08019c4f   Thumb Code     0  startup_stm32f2xx.o(.text)
    OTG_FS_IRQHandler                        0x08019c4f   Thumb Code     0  startup_stm32f2xx.o(.text)
    OTG_FS_WKUP_IRQHandler                   0x08019c4f   Thumb Code     0  startup_stm32f2xx.o(.text)
    OTG_HS_EP1_IN_IRQHandler                 0x08019c4f   Thumb Code     0  startup_stm32f2xx.o(.text)
    OTG_HS_EP1_OUT_IRQHandler                0x08019c4f   Thumb Code     0  startup_stm32f2xx.o(.text)
    OTG_HS_IRQHandler                        0x08019c4f   Thumb Code     0  startup_stm32f2xx.o(.text)
    OTG_HS_WKUP_IRQHandler                   0x08019c4f   Thumb Code     0  startup_stm32f2xx.o(.text)
    PVD_IRQHandler                           0x08019c4f   Thumb Code     0  startup_stm32f2xx.o(.text)
    RCC_IRQHandler                           0x08019c4f   Thumb Code     0  startup_stm32f2xx.o(.text)
    RTC_Alarm_IRQHandler                     0x08019c4f   Thumb Code     0  startup_stm32f2xx.o(.text)
    RTC_WKUP_IRQHandler                      0x08019c4f   Thumb Code     0  startup_stm32f2xx.o(.text)
    SDIO_IRQHandler                          0x08019c4f   Thumb Code     0  startup_stm32f2xx.o(.text)
    SPI1_IRQHandler                          0x08019c4f   Thumb Code     0  startup_stm32f2xx.o(.text)
    SPI2_IRQHandler                          0x08019c4f   Thumb Code     0  startup_stm32f2xx.o(.text)
    SPI3_IRQHandler                          0x08019c4f   Thumb Code     0  startup_stm32f2xx.o(.text)
    TAMP_STAMP_IRQHandler                    0x08019c4f   Thumb Code     0  startup_stm32f2xx.o(.text)
    TIM1_BRK_TIM9_IRQHandler                 0x08019c4f   Thumb Code     0  startup_stm32f2xx.o(.text)
    TIM1_CC_IRQHandler                       0x08019c4f   Thumb Code     0  startup_stm32f2xx.o(.text)
    TIM1_TRG_COM_TIM11_IRQHandler            0x08019c4f   Thumb Code     0  startup_stm32f2xx.o(.text)
    TIM1_UP_TIM10_IRQHandler                 0x08019c4f   Thumb Code     0  startup_stm32f2xx.o(.text)
    TIM2_IRQHandler                          0x08019c4f   Thumb Code     0  startup_stm32f2xx.o(.text)
    TIM3_IRQHandler                          0x08019c4f   Thumb Code     0  startup_stm32f2xx.o(.text)
    TIM4_IRQHandler                          0x08019c4f   Thumb Code     0  startup_stm32f2xx.o(.text)
    TIM8_BRK_TIM12_IRQHandler                0x08019c4f   Thumb Code     0  startup_stm32f2xx.o(.text)
    TIM8_CC_IRQHandler                       0x08019c4f   Thumb Code     0  startup_stm32f2xx.o(.text)
    TIM8_TRG_COM_TIM14_IRQHandler            0x08019c4f   Thumb Code     0  startup_stm32f2xx.o(.text)
    TIM8_UP_TIM13_IRQHandler                 0x08019c4f   Thumb Code     0  startup_stm32f2xx.o(.text)
    UART4_IRQHandler                         0x08019c4f   Thumb Code     0  startup_stm32f2xx.o(.text)
    UART5_IRQHandler                         0x08019c4f   Thumb Code     0  startup_stm32f2xx.o(.text)
    USART2_IRQHandler                        0x08019c4f   Thumb Code     0  startup_stm32f2xx.o(.text)
    USART6_IRQHandler                        0x08019c4f   Thumb Code     0  startup_stm32f2xx.o(.text)
    WWDG_IRQHandler                          0x08019c4f   Thumb Code     0  startup_stm32f2xx.o(.text)
    __user_initial_stackheap                 0x08019c51   Thumb Code     0  startup_stm32f2xx.o(.text)
    malloc                                   0x08019c75   Thumb Code    94  h1_alloc.o(.text)
    free                                     0x08019cd3   Thumb Code    78  h1_free.o(.text)
    __c89vsnprintf                           0x08019d21   Thumb Code    48  c89vsnprintf.o(.text)
    __2snprintf                              0x08019d55   Thumb Code    50  __2snprintf.o(.text)
    _printf_pre_padding                      0x08019d8d   Thumb Code    46  _printf_pad.o(.text)
    _printf_post_padding                     0x08019dbb   Thumb Code    36  _printf_pad.o(.text)
    _printf_str                              0x08019ddf   Thumb Code    82  _printf_str.o(.text)
    _printf_int_dec                          0x08019e31   Thumb Code   102  _printf_dec.o(.text)
    _printf_longlong_hex                     0x08019ea9   Thumb Code    92  _printf_hex_int_ll_ptr.o(.text)
    _printf_int_hex                          0x08019f05   Thumb Code    28  _printf_hex_int_ll_ptr.o(.text)
    _printf_ll_hex                           0x08019f21   Thumb Code    12  _printf_hex_int_ll_ptr.o(.text)
    _printf_hex_ptr                          0x08019f2d   Thumb Code    18  _printf_hex_int_ll_ptr.o(.text)
    __printf                                 0x08019f45   Thumb Code   390  __printf_flags_ss_wp.o(.text)
    atoi                                     0x0801a0d1   Thumb Code    26  atoi.o(.text)
    strtok                                   0x0801a0ed   Thumb Code     6  strtok.o(.text)
    strcpy                                   0x0801a0f9   Thumb Code    72  strcpy.o(.text)
    strlen                                   0x0801a141   Thumb Code    62  strlen.o(.text)
    __aeabi_memcpy                           0x0801a17f   Thumb Code     0  rt_memcpy_v6.o(.text)
    __rt_memcpy                              0x0801a17f   Thumb Code   138  rt_memcpy_v6.o(.text)
    _memcpy_lastbytes                        0x0801a1e5   Thumb Code     0  rt_memcpy_v6.o(.text)
    __aeabi_memcpy4                          0x0801a209   Thumb Code     0  rt_memcpy_w.o(.text)
    __aeabi_memcpy8                          0x0801a209   Thumb Code     0  rt_memcpy_w.o(.text)
    __rt_memcpy_w                            0x0801a209   Thumb Code   100  rt_memcpy_w.o(.text)
    _memcpy_lastbytes_aligned                0x0801a251   Thumb Code     0  rt_memcpy_w.o(.text)
    __aeabi_memclr4                          0x0801a26d   Thumb Code     0  rt_memclr_w.o(.text)
    __aeabi_memclr8                          0x0801a26d   Thumb Code     0  rt_memclr_w.o(.text)
    __rt_memclr_w                            0x0801a26d   Thumb Code    78  rt_memclr_w.o(.text)
    _memset_w                                0x0801a271   Thumb Code     0  rt_memclr_w.o(.text)
    strncpy                                  0x0801a2bb   Thumb Code    86  strncpy.o(.text)
    strcmp                                   0x0801a311   Thumb Code   128  strcmpv7m.o(.text)
    __use_two_region_memory                  0x0801a391   Thumb Code     2  heapauxi.o(.text)
    __rt_heap_escrow                         0x0801a393   Thumb Code     2  heapauxi.o(.text)
    __rt_heap_expand                         0x0801a395   Thumb Code     2  heapauxi.o(.text)
    __rt_heap_descriptor                     0x0801a399   Thumb Code     8  rt_heap_descriptor_intlibspace.o(.text)
    __aeabi_errno_addr                       0x0801a3a1   Thumb Code     8  rt_errno_addr_intlibspace.o(.text)
    __errno$intlibspace                      0x0801a3a1   Thumb Code     0  rt_errno_addr_intlibspace.o(.text)
    __rt_errno_addr$intlibspace              0x0801a3a1   Thumb Code     0  rt_errno_addr_intlibspace.o(.text)
    __use_no_heap                            0x0801a3a9   Thumb Code     2  hguard.o(.text)
    __heap$guard                             0x0801a3ab   Thumb Code     2  hguard.o(.text)
    _terminate_user_alloc                    0x0801a3ad   Thumb Code     2  init_alloc.o(.text)
    _init_user_alloc                         0x0801a3af   Thumb Code     2  init_alloc.o(.text)
    __Heap_Full                              0x0801a3b1   Thumb Code    34  init_alloc.o(.text)
    __Heap_Broken                            0x0801a3d3   Thumb Code     6  init_alloc.o(.text)
    _init_alloc                              0x0801a3d9   Thumb Code    94  init_alloc.o(.text)
    __Heap_Initialize                        0x0801a437   Thumb Code    10  h1_init.o(.text)
    __Heap_DescSize                          0x0801a441   Thumb Code     4  h1_init.o(.text)
    _printf_truncate_signed                  0x0801a445   Thumb Code    18  _printf_truncate.o(.text)
    _printf_truncate_unsigned                0x0801a457   Thumb Code    18  _printf_truncate.o(.text)
    _printf_int_common                       0x0801a469   Thumb Code   184  _printf_intcommon.o(.text)
    _printf_charcount                        0x0801a521   Thumb Code    42  _printf_charcount.o(.text)
    _printf_char_common                      0x0801a557   Thumb Code    32  _printf_char_common.o(.text)
    _sputc                                   0x0801a57d   Thumb Code    10  _sputc.o(.text)
    _snputc                                  0x0801a587   Thumb Code    16  _snputc.o(.text)
    _printf_cs_common                        0x0801a597   Thumb Code    20  _printf_char.o(.text)
    _printf_char                             0x0801a5ab   Thumb Code    16  _printf_char.o(.text)
    _printf_string                           0x0801a5bb   Thumb Code     8  _printf_char.o(.text)
    _printf_wctomb                           0x0801a5c5   Thumb Code   182  _printf_wctomb.o(.text)
    _printf_longlong_dec                     0x0801a681   Thumb Code   104  _printf_longlong_dec.o(.text)
    _printf_longlong_oct                     0x0801a6f9   Thumb Code    76  _printf_oct_int_ll.o(.text)
    _printf_int_oct                          0x0801a745   Thumb Code    24  _printf_oct_int_ll.o(.text)
    _printf_ll_oct                           0x0801a75d   Thumb Code    12  _printf_oct_int_ll.o(.text)
    strtol                                   0x0801a771   Thumb Code   112  strtol.o(.text)
    __strtok_internal                        0x0801a7e1   Thumb Code    64  strtok_int.o(.text)
    __aeabi_memclr                           0x0801a825   Thumb Code     0  rt_memclr.o(.text)
    __rt_memclr                              0x0801a825   Thumb Code    68  rt_memclr.o(.text)
    _memset                                  0x0801a829   Thumb Code     0  rt_memclr.o(.text)
    __user_libspace                          0x0801a869   Thumb Code     8  libspace.o(.text)
    __user_perproc_libspace                  0x0801a869   Thumb Code     0  libspace.o(.text)
    __user_perthread_libspace                0x0801a869   Thumb Code     0  libspace.o(.text)
    __rt_ctype_table                         0x0801a871   Thumb Code    16  rt_ctype_table.o(.text)
    __Heap_ProvideMemory                     0x0801a881   Thumb Code    52  h1_extend.o(.text)
    _ll_udiv10                               0x0801a8b5   Thumb Code   138  lludiv10.o(.text)
    __lib_sel_fp_printf                      0x0801a93f   Thumb Code     2  _printf_fp_dec.o(.text)
    _printf_fp_dec_real                      0x0801aaeb   Thumb Code   628  _printf_fp_dec.o(.text)
    _printf_lcs_common                       0x0801ad5f   Thumb Code    20  _printf_wchar.o(.text)
    _printf_wchar                            0x0801ad73   Thumb Code    16  _printf_wchar.o(.text)
    _printf_wstring                          0x0801ad83   Thumb Code     8  _printf_wchar.o(.text)
    _strtoul                                 0x0801ad8b   Thumb Code   158  _strtoul.o(.text)
    _wcrtomb                                 0x0801ae29   Thumb Code    64  _wcrtomb.o(.text)
    __rt_SIGRTMEM                            0x0801ae69   Thumb Code    14  defsig_rtmem_outer.o(.text)
    strcspn                                  0x0801ae77   Thumb Code    32  strcspn.o(.text)
    strspn                                   0x0801ae97   Thumb Code    28  strspn.o(.text)
    __I$use$semihosting                      0x0801aeb3   Thumb Code     0  use_no_semi.o(.text)
    __use_no_semihosting_swi                 0x0801aeb3   Thumb Code     2  use_no_semi.o(.text)
    __semihosting_library_function           0x0801aeb5   Thumb Code     0  indicate_semi.o(.text)
    __user_setup_stackheap                   0x0801aeb5   Thumb Code    74  sys_stackheap_outer.o(.text)
    __rt_locale                              0x0801af01   Thumb Code     8  rt_locale_intlibspace.o(.text)
    _printf_fp_infnan                        0x0801af09   Thumb Code   112  _printf_fp_infnan.o(.text)
    _chval                                   0x0801af89   Thumb Code    28  _chval.o(.text)
    _btod_etento                             0x0801afa5   Thumb Code   222  bigflt0.o(.text)
    exit                                     0x0801b089   Thumb Code    12  exit.o(.text)
    __sig_exit                               0x0801b095   Thumb Code    10  defsig_exit.o(.text)
    __rt_SIGRTMEM_inner                      0x0801b0a1   Thumb Code    22  defsig_rtmem_inner.o(.text)
    _sys_exit                                0x0801b0f1   Thumb Code     8  sys_exit.o(.text)
    __default_signal_display                 0x0801b0fd   Thumb Code    50  defsig_general.o(.text)
    _ttywrch                                 0x0801b12f   Thumb Code    14  sys_wrch.o(.text)
    _btod_d2e                                0x0801b13d   Thumb Code    62  btod.o(CL$$btod_d2e)
    _d2e_denorm_low                          0x0801b17b   Thumb Code    70  btod.o(CL$$btod_d2e_denorm_low)
    _d2e_norm_op1                            0x0801b1c1   Thumb Code    96  btod.o(CL$$btod_d2e_norm_op1)
    __btod_div_common                        0x0801b221   Thumb Code   696  btod.o(CL$$btod_div_common)
    _e2e                                     0x0801b559   Thumb Code   198  btod.o(CL$$btod_e2e)
    _btod_ediv                               0x0801b61f   Thumb Code    40  btod.o(CL$$btod_ediv)
    _btod_emul                               0x0801b647   Thumb Code    40  btod.o(CL$$btod_emul)
    __btod_mult_common                       0x0801b66f   Thumb Code   580  btod.o(CL$$btod_mult_common)
    __ARM_fpclassify                         0x0801b8b3   Thumb Code    40  fpclassify.o(i.__ARM_fpclassify)
    _is_digit                                0x0801b8db   Thumb Code    14  __printf_wp.o(i._is_digit)
    _get_lc_ctype                            0x0801b8e9   Thumb Code    44  lc_ctype_c.o(locale$$code)
    _get_lc_numeric                          0x0801b915   Thumb Code    44  lc_numeric_c.o(locale$$code)
    __aeabi_d2f                              0x0801b941   Thumb Code     0  d2f.o(x$fpl$d2f)
    _d2f                                     0x0801b941   Thumb Code    98  d2f.o(x$fpl$d2f)
    __aeabi_dadd                             0x0801b9a5   Thumb Code     0  daddsub_clz.o(x$fpl$dadd)
    _dadd                                    0x0801b9a5   Thumb Code   332  daddsub_clz.o(x$fpl$dadd)
    __fpl_dcmp_Inf                           0x0801baf5   Thumb Code    24  dcmpi.o(x$fpl$dcmpinf)
    __aeabi_ddiv                             0x0801bb0d   Thumb Code     0  ddiv.o(x$fpl$ddiv)
    _ddiv                                    0x0801bb0d   Thumb Code   552  ddiv.o(x$fpl$ddiv)
    __aeabi_d2iz                             0x0801bdbd   Thumb Code     0  dfix.o(x$fpl$dfix)
    _dfix                                    0x0801bdbd   Thumb Code    94  dfix.o(x$fpl$dfix)
    __aeabi_d2uiz                            0x0801be1d   Thumb Code     0  dfixu.o(x$fpl$dfixu)
    _dfixu                                   0x0801be1d   Thumb Code    90  dfixu.o(x$fpl$dfixu)
    __aeabi_i2d                              0x0801be77   Thumb Code     0  dflt_clz.o(x$fpl$dflt)
    _dflt                                    0x0801be77   Thumb Code    46  dflt_clz.o(x$fpl$dflt)
    __aeabi_ui2d                             0x0801bea5   Thumb Code     0  dflt_clz.o(x$fpl$dfltu)
    _dfltu                                   0x0801bea5   Thumb Code    38  dflt_clz.o(x$fpl$dfltu)
    __aeabi_cdcmple                          0x0801becd   Thumb Code     0  dleqf.o(x$fpl$dleqf)
    _dcmple                                  0x0801becd   Thumb Code   120  dleqf.o(x$fpl$dleqf)
    __fpl_dcmple_InfNaN                      0x0801bf2f   Thumb Code     0  dleqf.o(x$fpl$dleqf)
    __aeabi_dmul                             0x0801bf45   Thumb Code     0  dmul.o(x$fpl$dmul)
    _dmul                                    0x0801bf45   Thumb Code   332  dmul.o(x$fpl$dmul)
    __fpl_dnaninf                            0x0801c099   Thumb Code   156  dnaninf.o(x$fpl$dnaninf)
    __fpl_dretinf                            0x0801c135   Thumb Code    12  dretinf.o(x$fpl$dretinf)
    __aeabi_cdrcmple                         0x0801c141   Thumb Code     0  drleqf.o(x$fpl$drleqf)
    _drcmple                                 0x0801c141   Thumb Code   108  drleqf.o(x$fpl$drleqf)
    __aeabi_dsub                             0x0801c1ad   Thumb Code     0  daddsub_clz.o(x$fpl$dsub)
    _dsub                                    0x0801c1ad   Thumb Code   464  daddsub_clz.o(x$fpl$dsub)
    __aeabi_f2d                              0x0801c381   Thumb Code     0  f2d.o(x$fpl$f2d)
    _f2d                                     0x0801c381   Thumb Code    86  f2d.o(x$fpl$f2d)
    __aeabi_fadd                             0x0801c3d9   Thumb Code     0  faddsub_clz.o(x$fpl$fadd)
    _fadd                                    0x0801c3d9   Thumb Code   196  faddsub_clz.o(x$fpl$fadd)
    __fpl_fcmp_Inf                           0x0801c49d   Thumb Code    24  fcmpi.o(x$fpl$fcmpinf)
    __aeabi_cfcmpeq                          0x0801c4b5   Thumb Code     0  feqf.o(x$fpl$feqf)
    _fcmpeq                                  0x0801c4b5   Thumb Code   104  feqf.o(x$fpl$feqf)
    __aeabi_f2iz                             0x0801c51d   Thumb Code     0  ffix.o(x$fpl$ffix)
    _ffix                                    0x0801c51d   Thumb Code    54  ffix.o(x$fpl$ffix)
    __aeabi_f2uiz                            0x0801c555   Thumb Code     0  ffixu.o(x$fpl$ffixu)
    _ffixu                                   0x0801c555   Thumb Code    62  ffixu.o(x$fpl$ffixu)
    __aeabi_i2f                              0x0801c595   Thumb Code     0  fflt_clz.o(x$fpl$fflt)
    _fflt                                    0x0801c595   Thumb Code    48  fflt_clz.o(x$fpl$fflt)
    __aeabi_cfcmple                          0x0801c5c5   Thumb Code     0  fleqf.o(x$fpl$fleqf)
    _fcmple                                  0x0801c5c5   Thumb Code   104  fleqf.o(x$fpl$fleqf)
    __fpl_fcmple_InfNaN                      0x0801c617   Thumb Code     0  fleqf.o(x$fpl$fleqf)
    __aeabi_fmul                             0x0801c62d   Thumb Code     0  fmul.o(x$fpl$fmul)
    _fmul                                    0x0801c62d   Thumb Code   258  fmul.o(x$fpl$fmul)
    __fpl_fnaninf                            0x0801c72f   Thumb Code   140  fnaninf.o(x$fpl$fnaninf)
    __fpl_fretinf                            0x0801c7bb   Thumb Code    10  fretinf.o(x$fpl$fretinf)
    __aeabi_cfrcmple                         0x0801c7c5   Thumb Code     0  frleqf.o(x$fpl$frleqf)
    _frcmple                                 0x0801c7c5   Thumb Code    98  frleqf.o(x$fpl$frleqf)
    __aeabi_frsub                            0x0801c827   Thumb Code     0  faddsub_clz.o(x$fpl$frsb)
    _frsb                                    0x0801c827   Thumb Code    20  faddsub_clz.o(x$fpl$frsb)
    __aeabi_fsub                             0x0801c83d   Thumb Code     0  faddsub_clz.o(x$fpl$fsub)
    _fsub                                    0x0801c83d   Thumb Code   234  faddsub_clz.o(x$fpl$fsub)
    _printf_fp_dec                           0x0801c927   Thumb Code     4  printf1.o(x$fpl$printf1)
    __I$use$fp                               0x0801c92a   Number         0  usenofp.o(x$fpl$usenofp)
    OSUnMapTbl                               0x0801d3e8   Data         256  os_core.o(.constdata)
    OSDebugEn                                0x0801d4e8   Data           2  os_dbg.o(.constdata)
    OSEndiannessTest                         0x0801d4ec   Data           4  os_dbg.o(.constdata)
    OSEventEn                                0x0801d4f0   Data           2  os_dbg.o(.constdata)
    OSEventMax                               0x0801d4f2   Data           2  os_dbg.o(.constdata)
    OSEventNameEn                            0x0801d4f4   Data           2  os_dbg.o(.constdata)
    OSEventSize                              0x0801d4f6   Data           2  os_dbg.o(.constdata)
    OSEventTblSize                           0x0801d4f8   Data           2  os_dbg.o(.constdata)
    OSEventMultiEn                           0x0801d4fa   Data           2  os_dbg.o(.constdata)
    OSFlagEn                                 0x0801d4fc   Data           2  os_dbg.o(.constdata)
    OSFlagGrpSize                            0x0801d4fe   Data           2  os_dbg.o(.constdata)
    OSFlagNodeSize                           0x0801d500   Data           2  os_dbg.o(.constdata)
    OSFlagWidth                              0x0801d502   Data           2  os_dbg.o(.constdata)
    OSFlagMax                                0x0801d504   Data           2  os_dbg.o(.constdata)
    OSFlagNameEn                             0x0801d506   Data           2  os_dbg.o(.constdata)
    OSLowestPrio                             0x0801d508   Data           2  os_dbg.o(.constdata)
    OSMboxEn                                 0x0801d50a   Data           2  os_dbg.o(.constdata)
    OSMemEn                                  0x0801d50c   Data           2  os_dbg.o(.constdata)
    OSMemMax                                 0x0801d50e   Data           2  os_dbg.o(.constdata)
    OSMemNameEn                              0x0801d510   Data           2  os_dbg.o(.constdata)
    OSMemSize                                0x0801d512   Data           2  os_dbg.o(.constdata)
    OSMemTblSize                             0x0801d514   Data           2  os_dbg.o(.constdata)
    OSMutexEn                                0x0801d516   Data           2  os_dbg.o(.constdata)
    OSPtrSize                                0x0801d518   Data           2  os_dbg.o(.constdata)
    OSQEn                                    0x0801d51a   Data           2  os_dbg.o(.constdata)
    OSQMax                                   0x0801d51c   Data           2  os_dbg.o(.constdata)
    OSQSize                                  0x0801d51e   Data           2  os_dbg.o(.constdata)
    OSRdyTblSize                             0x0801d520   Data           2  os_dbg.o(.constdata)
    OSSemEn                                  0x0801d522   Data           2  os_dbg.o(.constdata)
    OSStkWidth                               0x0801d524   Data           2  os_dbg.o(.constdata)
    OSTaskCreateEn                           0x0801d526   Data           2  os_dbg.o(.constdata)
    OSTaskCreateExtEn                        0x0801d528   Data           2  os_dbg.o(.constdata)
    OSTaskDelEn                              0x0801d52a   Data           2  os_dbg.o(.constdata)
    OSTaskIdleStkSize                        0x0801d52c   Data           2  os_dbg.o(.constdata)
    OSTaskProfileEn                          0x0801d52e   Data           2  os_dbg.o(.constdata)
    OSTaskMax                                0x0801d530   Data           2  os_dbg.o(.constdata)
    OSTaskNameEn                             0x0801d532   Data           2  os_dbg.o(.constdata)
    OSTaskStatEn                             0x0801d534   Data           2  os_dbg.o(.constdata)
    OSTaskStatStkSize                        0x0801d536   Data           2  os_dbg.o(.constdata)
    OSTaskStatStkChkEn                       0x0801d538   Data           2  os_dbg.o(.constdata)
    OSTaskSwHookEn                           0x0801d53a   Data           2  os_dbg.o(.constdata)
    OSTCBPrioTblMax                          0x0801d53c   Data           2  os_dbg.o(.constdata)
    OSTCBSize                                0x0801d53e   Data           2  os_dbg.o(.constdata)
    OSTicksPerSec                            0x0801d540   Data           2  os_dbg.o(.constdata)
    OSTimeTickHookEn                         0x0801d542   Data           2  os_dbg.o(.constdata)
    OSVersionNbr                             0x0801d544   Data           2  os_dbg.o(.constdata)
    OSTmrEn                                  0x0801d546   Data           2  os_dbg.o(.constdata)
    OSTmrCfgMax                              0x0801d548   Data           2  os_dbg.o(.constdata)
    OSTmrCfgNameEn                           0x0801d54a   Data           2  os_dbg.o(.constdata)
    OSTmrCfgWheelSize                        0x0801d54c   Data           2  os_dbg.o(.constdata)
    OSTmrCfgTicksPerSec                      0x0801d54e   Data           2  os_dbg.o(.constdata)
    OSTmrSize                                0x0801d550   Data           2  os_dbg.o(.constdata)
    OSTmrTblSize                             0x0801d552   Data           2  os_dbg.o(.constdata)
    OSTmrWheelSize                           0x0801d554   Data           2  os_dbg.o(.constdata)
    OSTmrWheelTblSize                        0x0801d556   Data           2  os_dbg.o(.constdata)
    OSDataSize                               0x0801d558   Data           2  os_dbg.o(.constdata)
    Region$$Table$$Base                      0x0801d67c   Number         0  anon$$obj.o(Region$$Table)
    Region$$Table$$Limit                     0x0801d69c   Number         0  anon$$obj.o(Region$$Table)
    __ctype                                  0x0801d6a9   Data           0  lc_ctype_c.o(locale$$data)
    PLTVALVE_LEFT_OPTICAL_FLAG               0x20000074   Data           1  app_pump_control2.o(.data)
    PLTVALVE_RIGHT_OPTICAL_FLAG              0x20000075   Data           1  app_pump_control2.o(.data)
    PLTVALVE_MIDDLE_OPTICAL_FLAG             0x20000076   Data           1  app_pump_control2.o(.data)
    PLAVALVE_LEFT_OPTICAL_FLAG               0x20000077   Data           1  app_pump_control2.o(.data)
    PLAVALVE_RIGHT_OPTICAL_FLAG              0x20000078   Data           1  app_pump_control2.o(.data)
    PLAVALVE_MIDDLE_OPTICAL_FLAG             0x20000079   Data           1  app_pump_control2.o(.data)
    RBCVALVE_LEFT_OPTICAL_FLAG               0x2000007a   Data           1  app_pump_control2.o(.data)
    RBCVALVE_RIGHT_OPTICAL_FLAG              0x2000007b   Data           1  app_pump_control2.o(.data)
    RBCVALVE_MIDDLE_OPTICAL_FLAG             0x2000007c   Data           1  app_pump_control2.o(.data)
    sensor_state_handle                      0x20000094   Data           8  app_slave_board2.o(.data)
    pump_state1_handle                       0x2000009c   Data           8  app_slave_board2.o(.data)
    pump_state2_handle                       0x200000a4   Data           8  app_slave_board2.o(.data)
    PLT_pump_total_distance                  0x200000ac   Data           2  app_slave_board2.o(.data)
    plasma_pump_total_distance               0x200000ae   Data           2  app_slave_board2.o(.data)
    PLT_pump_old_single_distance             0x200000b0   Data           2  app_slave_board2.o(.data)
    plasma_pump_old_single_distance          0x200000b2   Data           2  app_slave_board2.o(.data)
    fn_start_pump                            0x200000b4   Data           1  app_slave_board2.o(.data)
    pump_set1                                0x200000b5   Data           8  app_slave_board2.o(.data)
    pump_set2                                0x200000bd   Data           8  app_slave_board2.o(.data)
    control_order_r                          0x200000c5   Data           8  app_slave_board2.o(.data)
    control_order_sync_r                     0x200000cd   Data           8  app_slave_board2.o(.data)
    pump_state1                              0x200000d5   Data           8  app_slave_board2.o(.data)
    pump_state2                              0x200000dd   Data           8  app_slave_board2.o(.data)
    sensor_state                             0x200000e5   Data           8  app_slave_board2.o(.data)
    control_order_sync_t                     0x200000ed   Data           8  app_slave_board2.o(.data)
    task_errcode                             0x200000f5   Data           8  app_slave_board2.o(.data)
    pump_errcode                             0x200000fd   Data           8  app_slave_board2.o(.data)
    pump_q_send                              0x20000108   Data           4  app_slave_board2.o(.data)
    pump_mem_order                           0x2000010c   Data           4  app_slave_board2.o(.data)
    pump_mem_ptr                             0x20000110   Data           4  app_slave_board2.o(.data)
    start_pump_sync_flag                     0x20000114   Data           4  app_slave_board2.o(.data)
    tmr_plasma_pump_timeout                  0x20000118   Data           4  app_slave_board2.o(.data)
    tmr_PLT_pump_timeout                     0x2000011c   Data           4  app_slave_board2.o(.data)
    flag_tmr_plasma_pump_timeout             0x20000120   Data           1  app_slave_board2.o(.data)
    flag_tmr_PLT_pump_timeout                0x20000121   Data           1  app_slave_board2.o(.data)
    tmr_plasma_pump_direction                0x20000124   Data           4  app_slave_board2.o(.data)
    tmr_PLT_pump_direction                   0x20000128   Data           4  app_slave_board2.o(.data)
    flag_tmr_plasma_pump_dir                 0x2000012c   Data           1  app_slave_board2.o(.data)
    flag_tmr_PLT_pump_dir                    0x2000012d   Data           1  app_slave_board2.o(.data)
    tmr_plasma_valve_location                0x20000130   Data           4  app_slave_board2.o(.data)
    tmr_PLT_valve_location                   0x20000134   Data           4  app_slave_board2.o(.data)
    tmr_RBC_valve_location                   0x20000138   Data           4  app_slave_board2.o(.data)
    flag_tmr_plasma_valve_location           0x2000013c   Data           1  app_slave_board2.o(.data)
    flag_tmr_PLT_valve_location              0x2000013d   Data           1  app_slave_board2.o(.data)
    flag_tmr_RBC_valve_location              0x2000013e   Data           1  app_slave_board2.o(.data)
    TPDO_q_send                              0x20000140   Data           4  app_slave_board2.o(.data)
    TPDO_mem_order                           0x20000144   Data           4  app_slave_board2.o(.data)
    TPDO_mem_ptr                             0x20000148   Data           4  app_slave_board2.o(.data)
    task_errcode_acknak_flag                 0x2000014c   Data           4  app_slave_board2.o(.data)
    init_order_flag                          0x20000150   Data           4  app_slave_board2.o(.data)
    valve_control_event                      0x20000154   Data           4  app_slave_board2.o(.data)
    PLT_pump_current_direction               0x20000160   Data           1  app_sensor_board2.o(.data)
    plasma_pump_current_direction            0x20000161   Data           1  app_sensor_board2.o(.data)
    PLT_pump_current_speed                   0x20000162   Data           2  app_sensor_board2.o(.data)
    plasma_pump_current_speed                0x20000164   Data           2  app_sensor_board2.o(.data)
    RBC_detector_status                      0x20000166   Data           2  app_sensor_board2.o(.data)
    g_user_tmr_signal                        0x20000168   Data           4  app_user_tmr.o(.data)
    g_user_time                              0x2000016c   Data           4  app_user_tmr.o(.data)
    red_or_green_flag                        0x20000172   Data           1  app_da_output.o(.data)
    g_dc_motor_rx_queue                      0x20000180   Data           4  app_dc_motor.o(.data)
    Shell_ModuleCmdUsedPoolPtr               0x20000184   Data           4  shell.o(.data)
    Shell_ModuleCmdFreePoolPtr               0x20000188   Data           4  shell.o(.data)
    ADC1_convert_value                       0x2000027c   Data           2  adc_dac.o(.data)
    arm2_sensor_status                       0x200002ac   Data           8  exti_board2.o(.data)
    PLTvalve_optical2                        0x200002b4   Data           4  exti_board2.o(.data)
    PLAvalve_optical1                        0x200002b8   Data           4  exti_board2.o(.data)
    PLAvalve_optical2                        0x200002bc   Data           4  exti_board2.o(.data)
    PLAvalve_optical3                        0x200002c0   Data           4  exti_board2.o(.data)
    RBCvalve_optical1                        0x200002c4   Data           4  exti_board2.o(.data)
    RBCvalve_optical2                        0x200002c8   Data           4  exti_board2.o(.data)
    RBCvalve_optical3                        0x200002cc   Data           4  exti_board2.o(.data)
    PLTvalve_optical3                        0x200002d0   Data           4  exti_board2.o(.data)
    PLTvalve_optical1                        0x200002d4   Data           4  exti_board2.o(.data)
    PLAsmapump_hall                          0x200002d8   Data           4  exti_board2.o(.data)
    PLTpump_hall                             0x200002dc   Data           4  exti_board2.o(.data)
    arm2_actsensor_type                      0x200002e0   Data           1  exti_board2.o(.data)
    OSCtxSwCtr                               0x200002f4   Data           4  os_core.o(.data)
    OSEventFreeList                          0x200002f8   Data           4  os_core.o(.data)
    OSFlagFreeList                           0x200002fc   Data           4  os_core.o(.data)
    OSCPUUsage                               0x20000300   Data           1  os_core.o(.data)
    OSIdleCtrMax                             0x20000304   Data           4  os_core.o(.data)
    OSIdleCtrRun                             0x20000308   Data           4  os_core.o(.data)
    OSStatRdy                                0x2000030c   Data           1  os_core.o(.data)
    OSIntNesting                             0x2000030d   Data           1  os_core.o(.data)
    OSLockNesting                            0x2000030e   Data           1  os_core.o(.data)
    OSPrioCur                                0x2000030f   Data           1  os_core.o(.data)
    OSPrioHighRdy                            0x20000310   Data           1  os_core.o(.data)
    OSRdyGrp                                 0x20000312   Data           2  os_core.o(.data)
    OSRunning                                0x20000314   Data           1  os_core.o(.data)
    OSTaskCtr                                0x20000315   Data           1  os_core.o(.data)
    OSIdleCtr                                0x20000318   Data           4  os_core.o(.data)
    OSTCBCur                                 0x2000031c   Data           4  os_core.o(.data)
    OSTCBFreeList                            0x20000320   Data           4  os_core.o(.data)
    OSTCBHighRdy                             0x20000324   Data           4  os_core.o(.data)
    OSTCBList                                0x20000328   Data           4  os_core.o(.data)
    OSTickStepState                          0x2000032c   Data           1  os_core.o(.data)
    OSMemFreeList                            0x20000330   Data           4  os_core.o(.data)
    OSQFreeList                              0x20000334   Data           4  os_core.o(.data)
    OSTaskRegNextAvailID                     0x20000338   Data           1  os_core.o(.data)
    OSTime                                   0x2000033c   Data           4  os_core.o(.data)
    OSTmrFree                                0x20000340   Data           2  os_core.o(.data)
    OSTmrUsed                                0x20000342   Data           2  os_core.o(.data)
    OSTmrTime                                0x20000344   Data           4  os_core.o(.data)
    OSTmrSem                                 0x20000348   Data           4  os_core.o(.data)
    OSTmrSemSignal                           0x2000034c   Data           4  os_core.o(.data)
    OSTmrFreeList                            0x20000350   Data           4  os_core.o(.data)
    OS_CPU_ExceptStkBase                     0x20000354   Data           4  os_cpu_c.o(.data)
    SystemCoreClock                          0x2000035c   Data           4  system_stm32f2xx.o(.data)
    AHBPrescTable                            0x20000360   Data          16  system_stm32f2xx.o(.data)
    pump_order_msggrp                        0x200024a8   Data          20  app_slave_board2.o(.bss)
    pump_valve_order                         0x200024bc   Data          30  app_slave_board2.o(.bss)
    TPDO_order_msggrp                        0x200024dc   Data          40  app_slave_board2.o(.bss)
    TPDO_order                               0x20002504   Data          80  app_slave_board2.o(.bss)
    g_user_tmr_array                         0x20003db8   Data         420  app_user_tmr.o(.bss)
    Shell_ModuleCmdTbl                       0x20009fc0   Data         192  shell.o(.bss)
    ADC_ConvertedValue                       0x2000a9c8   Data          16  adc_dac.o(.bss)
    ADC1_convert_values                      0x2000a9d8   Data         200  adc_dac.o(.bss)
    OSEventTbl                               0x2000aaa0   Data        3360  os_core.o(.bss)
    OSFlagTbl                                0x2000b7c0   Data          80  os_core.o(.bss)
    OSTaskStatStk                            0x2000b810   Data         512  os_core.o(.bss)
    OSRdyTbl                                 0x2000ba10   Data          10  os_core.o(.bss)
    OSTaskIdleStk                            0x2000ba1c   Data         512  os_core.o(.bss)
    OSTCBPrioTbl                             0x2000bc1c   Data         260  os_core.o(.bss)
    OSTCBTbl                                 0x2000bd20   Data        4784  os_core.o(.bss)
    OSMemTbl                                 0x2000cfd0   Data         120  os_core.o(.bss)
    OSQTbl                                   0x2000d048   Data         480  os_core.o(.bss)
    OSTmrTbl                                 0x2000d228   Data         640  os_core.o(.bss)
    OSTmrTaskStk                             0x2000d4a8   Data        1024  os_core.o(.bss)
    OSTmrWheelTbl                            0x2000d8a8   Data          64  os_core.o(.bss)
    OS_CPU_ExceptStk                         0x2000d8e8   Data          16  os_cpu_c.o(.bss)
    __libspace_start                         0x2000d8f8   Data          96  libspace.o(.bss)
    __temporary_stack_top$libspace           0x2000d958   Data           0  libspace.o(.bss)



==============================================================================

Memory Map of the image

  Image Entry point : 0x08000185

  Load Region LR_IROM1 (Base: 0x08000000, Size: 0x0001db3c, Max: 0x00100000, ABSOLUTE, COMPRESSED[0x0001d8ac])

    Execution Region ER_IROM1 (Base: 0x08000000, Size: 0x0001d7c8, Max: 0x00100000, ABSOLUTE)

    Base Addr    Size         Type   Attr      Idx    E Section Name        Object

    0x08000000   0x00000184   Data   RO          194    RESET               startup_stm32f2xx.o
    0x08000184   0x00000008   Code   RO          279  * !!!main             c_w.l(__main.o)
    0x0800018c   0x00000034   Code   RO          537    !!!scatter          c_w.l(__scatter.o)
    0x080001c0   0x0000005a   Code   RO          536    !!dczerorl2         c_w.l(__dczerorl2.o)
    0x0800021a   0x00000002   PAD
    0x0800021c   0x0000001c   Code   RO          538    !!handler_zi        c_w.l(__scatter_zi.o)
    0x08000238   0x00000000   Code   RO          267    .ARM.Collect$$_printf_percent$$00000000  c_w.l(_printf_percent.o)
    0x08000238   0x00000006   Code   RO          343    .ARM.Collect$$_printf_percent$$00000001  c_w.l(_printf_n.o)
    0x0800023e   0x00000006   Code   RO          344    .ARM.Collect$$_printf_percent$$00000002  c_w.l(_printf_p.o)
    0x08000244   0x00000006   Code   RO          348    .ARM.Collect$$_printf_percent$$00000003  c_w.l(_printf_f.o)
    0x0800024a   0x00000006   Code   RO          349    .ARM.Collect$$_printf_percent$$00000004  c_w.l(_printf_e.o)
    0x08000250   0x00000006   Code   RO          350    .ARM.Collect$$_printf_percent$$00000005  c_w.l(_printf_g.o)
    0x08000256   0x00000006   Code   RO          351    .ARM.Collect$$_printf_percent$$00000006  c_w.l(_printf_a.o)
    0x0800025c   0x0000000a   Code   RO          356    .ARM.Collect$$_printf_percent$$00000007  c_w.l(_printf_ll.o)
    0x08000266   0x00000006   Code   RO          346    .ARM.Collect$$_printf_percent$$00000008  c_w.l(_printf_i.o)
    0x0800026c   0x00000006   Code   RO          266    .ARM.Collect$$_printf_percent$$00000009  c_w.l(_printf_d.o)
    0x08000272   0x00000006   Code   RO          347    .ARM.Collect$$_printf_percent$$0000000A  c_w.l(_printf_u.o)
    0x08000278   0x00000006   Code   RO          345    .ARM.Collect$$_printf_percent$$0000000B  c_w.l(_printf_o.o)
    0x0800027e   0x00000006   Code   RO          265    .ARM.Collect$$_printf_percent$$0000000C  c_w.l(_printf_x.o)
    0x08000284   0x00000006   Code   RO          353    .ARM.Collect$$_printf_percent$$0000000D  c_w.l(_printf_lli.o)
    0x0800028a   0x00000006   Code   RO          354    .ARM.Collect$$_printf_percent$$0000000E  c_w.l(_printf_lld.o)
    0x08000290   0x00000006   Code   RO          355    .ARM.Collect$$_printf_percent$$0000000F  c_w.l(_printf_llu.o)
    0x08000296   0x00000006   Code   RO          360    .ARM.Collect$$_printf_percent$$00000010  c_w.l(_printf_llo.o)
    0x0800029c   0x00000006   Code   RO          361    .ARM.Collect$$_printf_percent$$00000011  c_w.l(_printf_llx.o)
    0x080002a2   0x0000000a   Code   RO          357    .ARM.Collect$$_printf_percent$$00000012  c_w.l(_printf_l.o)
    0x080002ac   0x00000006   Code   RO          342    .ARM.Collect$$_printf_percent$$00000013  c_w.l(_printf_c.o)
    0x080002b2   0x00000006   Code   RO          264    .ARM.Collect$$_printf_percent$$00000014  c_w.l(_printf_s.o)
    0x080002b8   0x00000006   Code   RO          358    .ARM.Collect$$_printf_percent$$00000015  c_w.l(_printf_lc.o)
    0x080002be   0x00000006   Code   RO          359    .ARM.Collect$$_printf_percent$$00000016  c_w.l(_printf_ls.o)
    0x080002c4   0x00000004   Code   RO          352    .ARM.Collect$$_printf_percent$$00000017  c_w.l(_printf_percent_end.o)
    0x080002c8   0x00000002   Code   RO          490    .ARM.Collect$$libinit$$00000000  c_w.l(libinit.o)
    0x080002ca   0x00000000   Code   RO          367    .ARM.Collect$$libinit$$00000002  c_w.l(libinit2.o)
    0x080002ca   0x00000008   Code   RO          368    .ARM.Collect$$libinit$$00000003  c_w.l(libinit2.o)
    0x080002d2   0x00000000   Code   RO          370    .ARM.Collect$$libinit$$00000008  c_w.l(libinit2.o)
    0x080002d2   0x00000000   Code   RO          372    .ARM.Collect$$libinit$$0000000A  c_w.l(libinit2.o)
    0x080002d2   0x00000000   Code   RO          374    .ARM.Collect$$libinit$$0000000C  c_w.l(libinit2.o)
    0x080002d2   0x00000006   Code   RO          375    .ARM.Collect$$libinit$$0000000D  c_w.l(libinit2.o)
    0x080002d8   0x00000000   Code   RO          377    .ARM.Collect$$libinit$$0000000F  c_w.l(libinit2.o)
    0x080002d8   0x0000000c   Code   RO          378    .ARM.Collect$$libinit$$00000010  c_w.l(libinit2.o)
    0x080002e4   0x00000000   Code   RO          379    .ARM.Collect$$libinit$$00000011  c_w.l(libinit2.o)
    0x080002e4   0x00000000   Code   RO          381    .ARM.Collect$$libinit$$00000013  c_w.l(libinit2.o)
    0x080002e4   0x0000000a   Code   RO          382    .ARM.Collect$$libinit$$00000014  c_w.l(libinit2.o)
    0x080002ee   0x00000000   Code   RO          383    .ARM.Collect$$libinit$$00000015  c_w.l(libinit2.o)
    0x080002ee   0x00000000   Code   RO          385    .ARM.Collect$$libinit$$00000017  c_w.l(libinit2.o)
    0x080002ee   0x00000000   Code   RO          387    .ARM.Collect$$libinit$$00000019  c_w.l(libinit2.o)
    0x080002ee   0x00000000   Code   RO          389    .ARM.Collect$$libinit$$0000001B  c_w.l(libinit2.o)
    0x080002ee   0x00000000   Code   RO          391    .ARM.Collect$$libinit$$0000001D  c_w.l(libinit2.o)
    0x080002ee   0x00000000   Code   RO          393    .ARM.Collect$$libinit$$0000001F  c_w.l(libinit2.o)
    0x080002ee   0x00000000   Code   RO          395    .ARM.Collect$$libinit$$00000021  c_w.l(libinit2.o)
    0x080002ee   0x00000000   Code   RO          397    .ARM.Collect$$libinit$$00000023  c_w.l(libinit2.o)
    0x080002ee   0x00000000   Code   RO          401    .ARM.Collect$$libinit$$0000002A  c_w.l(libinit2.o)
    0x080002ee   0x00000000   Code   RO          403    .ARM.Collect$$libinit$$0000002C  c_w.l(libinit2.o)
    0x080002ee   0x00000000   Code   RO          405    .ARM.Collect$$libinit$$0000002E  c_w.l(libinit2.o)
    0x080002ee   0x00000000   Code   RO          407    .ARM.Collect$$libinit$$00000030  c_w.l(libinit2.o)
    0x080002ee   0x00000002   Code   RO          408    .ARM.Collect$$libinit$$00000031  c_w.l(libinit2.o)
    0x080002f0   0x00000002   Code   RO          533    .ARM.Collect$$libshutdown$$00000000  c_w.l(libshutdown.o)
    0x080002f2   0x00000000   Code   RO          502    .ARM.Collect$$libshutdown$$00000003  c_w.l(libshutdown2.o)
    0x080002f2   0x00000000   Code   RO          505    .ARM.Collect$$libshutdown$$00000006  c_w.l(libshutdown2.o)
    0x080002f2   0x00000000   Code   RO          508    .ARM.Collect$$libshutdown$$00000009  c_w.l(libshutdown2.o)
    0x080002f2   0x00000000   Code   RO          510    .ARM.Collect$$libshutdown$$0000000B  c_w.l(libshutdown2.o)
    0x080002f2   0x00000000   Code   RO          513    .ARM.Collect$$libshutdown$$0000000E  c_w.l(libshutdown2.o)
    0x080002f2   0x00000002   Code   RO          514    .ARM.Collect$$libshutdown$$0000000F  c_w.l(libshutdown2.o)
    0x080002f4   0x00000000   Code   RO          312    .ARM.Collect$$rtentry$$00000000  c_w.l(rtentry.o)
    0x080002f4   0x00000000   Code   RO          421    .ARM.Collect$$rtentry$$00000002  c_w.l(rtentry2.o)
    0x080002f4   0x00000006   Code   RO          433    .ARM.Collect$$rtentry$$00000004  c_w.l(rtentry4.o)
    0x080002fa   0x00000000   Code   RO          423    .ARM.Collect$$rtentry$$00000009  c_w.l(rtentry2.o)
    0x080002fa   0x00000004   Code   RO          424    .ARM.Collect$$rtentry$$0000000A  c_w.l(rtentry2.o)
    0x080002fe   0x00000000   Code   RO          426    .ARM.Collect$$rtentry$$0000000C  c_w.l(rtentry2.o)
    0x080002fe   0x00000008   Code   RO          427    .ARM.Collect$$rtentry$$0000000D  c_w.l(rtentry2.o)
    0x08000306   0x00000002   Code   RO          494    .ARM.Collect$$rtexit$$00000000  c_w.l(rtexit.o)
    0x08000308   0x00000000   Code   RO          517    .ARM.Collect$$rtexit$$00000002  c_w.l(rtexit2.o)
    0x08000308   0x00000004   Code   RO          518    .ARM.Collect$$rtexit$$00000003  c_w.l(rtexit2.o)
    0x0800030c   0x00000006   Code   RO          519    .ARM.Collect$$rtexit$$00000004  c_w.l(rtexit2.o)
    0x08000312   0x00000002   PAD
    0x08000314   0x00000000   Code   RO          437    .emb_text           c_w.l(maybetermalloc1.o)
    0x08000314   0x00000308   Code   RO            2    .text               app.o
    0x0800061c   0x00001588   Code   RO            5    .text               app_shell.o
    0x08001ba4   0x00000498   Code   RO           11    .text               app_modbus_analyse.o
    0x0800203c   0x00000570   Code   RO           15    .text               app_usart_dma_route.o
    0x080025ac   0x00000e8c   Code   RO           19    .text               app_pump_control2.o
    0x08003438   0x000003f8   Code   RO           24    .text               app_slave_board2.o
    0x08003830   0x00001e50   Code   RO           28    .text               app_monitor2.o
    0x08005680   0x00000534   Code   RO           31    .text               app_pdo_callback2.o
    0x08005bb4   0x00000094   Code   RO           35    .text               app_led.o
    0x08005c48   0x0000036c   Code   RO           38    .text               app_task_err.o
    0x08005fb4   0x00000284   Code   RO           42    .text               app_sensor_handle2.o
    0x08006238   0x000004dc   Code   RO           45    .text               struct_slave_board2.o
    0x08006714   0x00000280   Code   RO           47    .text               app_buzzer_ring.o
    0x08006994   0x000004a4   Code   RO           51    .text               app_sensor_board2.o
    0x08006e38   0x00000340   Code   RO           55    .text               app_user_tmr.o
    0x08007178   0x00000160   Code   RO           62    .text               app_da_output.o
    0x080072d8   0x00000aac   Code   RO           66    .text               app_valve_control.o
    0x08007d84   0x00000d2c   Code   RO           69    .text               app_dc_motor.o
    0x08008ab0   0x00000012   Code   RO           73    .text               main.o
    0x08008ac2   0x00000002   PAD
    0x08008ac4   0x000003d0   Code   RO           77    .text               shell.o
    0x08008e94   0x000002e8   Code   RO           81    .text               stm32f2xx_it.o
    0x0800917c   0x00000040   Code   RO           83    .text               crc.o
    0x080091bc   0x000002cc   Code   RO           86    .text               trace.o
    0x08009488   0x0000024e   Code   RO           89    .text               datafilter_variance.o
    0x080096d6   0x00000002   PAD
    0x080096d8   0x00000360   Code   RO           91    .text               pid.o
    0x08009a38   0x000001d0   Code   RO           95    .text               protocol.o
    0x08009c08   0x00000078   Code   RO           99    .text               bsp.o
    0x08009c80   0x00000108   Code   RO          104    .text               gpio.o
    0x08009d88   0x00000698   Code   RO          108    .text               usart.o
    0x0800a420   0x0000011c   Code   RO          114    .text               basic_timer.o
    0x0800a53c   0x00000048   Code   RO          116    .text               bell.o
    0x0800a584   0x000003f8   Code   RO          118    .text               encoder.o
    0x0800a97c   0x00000b90   Code   RO          123    .text               pwm.o
    0x0800b50c   0x000003dc   Code   RO          127    .text               adc_dac.o
    0x0800b8e8   0x00000fe8   Code   RO          132    .text               exti_board2.o
    0x0800c8d0   0x000001d4   Code   RO          136    .text               flash_if.o
    0x0800caa4   0x000001ec   Code   RO          138    .text               misc.o
    0x0800cc90   0x0000030c   Code   RO          140    .text               stm32f2xx_exti.o
    0x0800cf9c   0x00000916   Code   RO          142    .text               stm32f2xx_gpio.o
    0x0800d8b2   0x00000002   PAD
    0x0800d8b4   0x00000d78   Code   RO          148    .text               stm32f2xx_rcc.o
    0x0800e62c   0x00000184   Code   RO          153    .text               stm32f2xx_syscfg.o
    0x0800e7b0   0x00003290   Code   RO          155    .text               stm32f2xx_tim.o
    0x08011a40   0x00000eac   Code   RO          157    .text               stm32f2xx_usart.o
    0x080128ec   0x000013b4   Code   RO          161    .text               stm32f2xx_dma.o
    0x08013ca0   0x00001080   Code   RO          163    .text               stm32f2xx_adc.o
    0x08014d20   0x00000608   Code   RO          165    .text               stm32f2xx_dac.o
    0x08015328   0x00000798   Code   RO          167    .text               stm32f2xx_flash.o
    0x08015ac0   0x00000048   Code   RO          169    .text               stm32f2xx_crc.o
    0x08015b08   0x0000087c   Code   RO          170    .text               os_flag.o
    0x08016384   0x00000258   Code   RO          172    .text               os_mem.o
    0x080165dc   0x00000690   Code   RO          173    .text               os_mutex.o
    0x08016c6c   0x00000654   Code   RO          174    .text               os_q.o
    0x080172c0   0x000003e0   Code   RO          175    .text               os_sem.o
    0x080176a0   0x0000097c   Code   RO          176    .text               os_task.o
    0x0801801c   0x000001dc   Code   RO          177    .text               os_time.o
    0x080181f8   0x00000734   Code   RO          178    .text               os_tmr.o
    0x0801892c   0x00000e20   Code   RO          179    .text               os_core.o
    0x0801974c   0x000000a4   Code   RO          183    .text               os_cpu_a.o
    0x080197f0   0x000000f8   Code   RO          184    .text               os_cpu_c.o
    0x080198e8   0x0000015c   Code   RO          187    .text               os_dbg.o
    0x08019a44   0x000001e0   Code   RO          190    .text               system_stm32f2xx.o
    0x08019c24   0x00000050   Code   RO          195    .text               startup_stm32f2xx.o
    0x08019c74   0x0000005e   Code   RO          200    .text               c_w.l(h1_alloc.o)
    0x08019cd2   0x0000004e   Code   RO          201    .text               c_w.l(h1_free.o)
    0x08019d20   0x00000034   Code   RO          230    .text               c_w.l(c89vsnprintf.o)
    0x08019d54   0x00000038   Code   RO          231    .text               c_w.l(__2snprintf.o)
    0x08019d8c   0x00000052   Code   RO          234    .text               c_w.l(_printf_pad.o)
    0x08019dde   0x00000052   Code   RO          235    .text               c_w.l(_printf_str.o)
    0x08019e30   0x00000078   Code   RO          236    .text               c_w.l(_printf_dec.o)
    0x08019ea8   0x0000009c   Code   RO          249    .text               c_w.l(_printf_hex_int_ll_ptr.o)
    0x08019f44   0x0000018c   Code   RO          262    .text               c_w.l(__printf_flags_ss_wp.o)
    0x0801a0d0   0x0000001a   Code   RO          268    .text               c_w.l(atoi.o)
    0x0801a0ea   0x00000002   PAD
    0x0801a0ec   0x0000000c   Code   RO          269    .text               c_w.l(strtok.o)
    0x0801a0f8   0x00000048   Code   RO          271    .text               c_w.l(strcpy.o)
    0x0801a140   0x0000003e   Code   RO          272    .text               c_w.l(strlen.o)
    0x0801a17e   0x0000008a   Code   RO          273    .text               c_w.l(rt_memcpy_v6.o)
    0x0801a208   0x00000064   Code   RO          274    .text               c_w.l(rt_memcpy_w.o)
    0x0801a26c   0x0000004e   Code   RO          275    .text               c_w.l(rt_memclr_w.o)
    0x0801a2ba   0x00000056   Code   RO          276    .text               c_w.l(strncpy.o)
    0x0801a310   0x00000080   Code   RO          277    .text               c_w.l(strcmpv7m.o)
    0x0801a390   0x00000006   Code   RO          278    .text               c_w.l(heapauxi.o)
    0x0801a396   0x00000002   PAD
    0x0801a398   0x00000008   Code   RO          315    .text               c_w.l(rt_heap_descriptor_intlibspace.o)
    0x0801a3a0   0x00000008   Code   RO          318    .text               c_w.l(rt_errno_addr_intlibspace.o)
    0x0801a3a8   0x00000004   Code   RO          319    .text               c_w.l(hguard.o)
    0x0801a3ac   0x0000008a   Code   RO          320    .text               c_w.l(init_alloc.o)
    0x0801a436   0x0000000e   Code   RO          322    .text               c_w.l(h1_init.o)
    0x0801a444   0x00000024   Code   RO          329    .text               c_w.l(_printf_truncate.o)
    0x0801a468   0x000000b8   Code   RO          330    .text               c_w.l(_printf_intcommon.o)
    0x0801a520   0x0000002a   Code   RO          331    .text               c_w.l(_printf_charcount.o)
    0x0801a54a   0x00000002   PAD
    0x0801a54c   0x00000030   Code   RO          332    .text               c_w.l(_printf_char_common.o)
    0x0801a57c   0x0000000a   Code   RO          333    .text               c_w.l(_sputc.o)
    0x0801a586   0x00000010   Code   RO          334    .text               c_w.l(_snputc.o)
    0x0801a596   0x0000002c   Code   RO          335    .text               c_w.l(_printf_char.o)
    0x0801a5c2   0x00000002   PAD
    0x0801a5c4   0x000000bc   Code   RO          336    .text               c_w.l(_printf_wctomb.o)
    0x0801a680   0x00000078   Code   RO          338    .text               c_w.l(_printf_longlong_dec.o)
    0x0801a6f8   0x00000078   Code   RO          341    .text               c_w.l(_printf_oct_int_ll.o)
    0x0801a770   0x00000070   Code   RO          362    .text               c_w.l(strtol.o)
    0x0801a7e0   0x00000044   Code   RO          363    .text               c_w.l(strtok_int.o)
    0x0801a824   0x00000044   Code   RO          364    .text               c_w.l(rt_memclr.o)
    0x0801a868   0x00000008   Code   RO          418    .text               c_w.l(libspace.o)
    0x0801a870   0x00000010   Code   RO          435    .text               c_w.l(rt_ctype_table.o)
    0x0801a880   0x00000034   Code   RO          439    .text               c_w.l(h1_extend.o)
    0x0801a8b4   0x0000008a   Code   RO          441    .text               c_w.l(lludiv10.o)
    0x0801a93e   0x00000420   Code   RO          442    .text               c_w.l(_printf_fp_dec.o)
    0x0801ad5e   0x0000002c   Code   RO          444    .text               c_w.l(_printf_wchar.o)
    0x0801ad8a   0x0000009e   Code   RO          445    .text               c_w.l(_strtoul.o)
    0x0801ae28   0x00000040   Code   RO          446    .text               c_w.l(_wcrtomb.o)
    0x0801ae68   0x0000000e   Code   RO          447    .text               c_w.l(defsig_rtmem_outer.o)
    0x0801ae76   0x00000020   Code   RO          449    .text               c_w.l(strcspn.o)
    0x0801ae96   0x0000001c   Code   RO          450    .text               c_w.l(strspn.o)
    0x0801aeb2   0x00000002   Code   RO          455    .text               c_w.l(use_no_semi.o)
    0x0801aeb4   0x00000000   Code   RO          456    .text               c_w.l(indicate_semi.o)
    0x0801aeb4   0x0000004a   Code   RO          457    .text               c_w.l(sys_stackheap_outer.o)
    0x0801aefe   0x00000002   PAD
    0x0801af00   0x00000008   Code   RO          461    .text               c_w.l(rt_locale_intlibspace.o)
    0x0801af08   0x00000080   Code   RO          463    .text               c_w.l(_printf_fp_infnan.o)
    0x0801af88   0x0000001c   Code   RO          464    .text               c_w.l(_chval.o)
    0x0801afa4   0x000000e4   Code   RO          465    .text               c_w.l(bigflt0.o)
    0x0801b088   0x0000000c   Code   RO          482    .text               c_w.l(exit.o)
    0x0801b094   0x0000000a   Code   RO          483    .text               c_w.l(defsig_exit.o)
    0x0801b09e   0x00000002   PAD
    0x0801b0a0   0x00000050   Code   RO          484    .text               c_w.l(defsig_rtmem_inner.o)
    0x0801b0f0   0x0000000c   Code   RO          493    .text               c_w.l(sys_exit.o)
    0x0801b0fc   0x00000032   Code   RO          499    .text               c_w.l(defsig_general.o)
    0x0801b12e   0x0000000e   Code   RO          515    .text               c_w.l(sys_wrch.o)
    0x0801b13c   0x0000003e   Code   RO          467    CL$$btod_d2e        c_w.l(btod.o)
    0x0801b17a   0x00000046   Code   RO          469    CL$$btod_d2e_denorm_low  c_w.l(btod.o)
    0x0801b1c0   0x00000060   Code   RO          468    CL$$btod_d2e_norm_op1  c_w.l(btod.o)
    0x0801b220   0x00000338   Code   RO          477    CL$$btod_div_common  c_w.l(btod.o)
    0x0801b558   0x000000c6   Code   RO          474    CL$$btod_e2e        c_w.l(btod.o)
    0x0801b61e   0x00000028   Code   RO          471    CL$$btod_ediv       c_w.l(btod.o)
    0x0801b646   0x00000028   Code   RO          470    CL$$btod_emul       c_w.l(btod.o)
    0x0801b66e   0x00000244   Code   RO          476    CL$$btod_mult_common  c_w.l(btod.o)
    0x0801b8b2   0x00000028   Code   RO          492    i.__ARM_fpclassify  m_ws.l(fpclassify.o)
    0x0801b8da   0x0000000e   Code   RO          258    i._is_digit         c_w.l(__printf_wp.o)
    0x0801b8e8   0x0000002c   Code   RO          479    locale$$code        c_w.l(lc_ctype_c.o)
    0x0801b914   0x0000002c   Code   RO          481    locale$$code        c_w.l(lc_numeric_c.o)
    0x0801b940   0x00000062   Code   RO          280    x$fpl$d2f           fz_ws.l(d2f.o)
    0x0801b9a2   0x00000002   PAD
    0x0801b9a4   0x00000150   Code   RO          281    x$fpl$dadd          fz_ws.l(daddsub_clz.o)
    0x0801baf4   0x00000018   Code   RO          409    x$fpl$dcmpinf       fz_ws.l(dcmpi.o)
    0x0801bb0c   0x000002b0   Code   RO          285    x$fpl$ddiv          fz_ws.l(ddiv.o)
    0x0801bdbc   0x0000005e   Code   RO          286    x$fpl$dfix          fz_ws.l(dfix.o)
    0x0801be1a   0x00000002   PAD
    0x0801be1c   0x0000005a   Code   RO          288    x$fpl$dfixu         fz_ws.l(dfixu.o)
    0x0801be76   0x0000002e   Code   RO          291    x$fpl$dflt          fz_ws.l(dflt_clz.o)
    0x0801bea4   0x00000026   Code   RO          290    x$fpl$dfltu         fz_ws.l(dflt_clz.o)
    0x0801beca   0x00000002   PAD
    0x0801becc   0x00000078   Code   RO          293    x$fpl$dleqf         fz_ws.l(dleqf.o)
    0x0801bf44   0x00000154   Code   RO          294    x$fpl$dmul          fz_ws.l(dmul.o)
    0x0801c098   0x0000009c   Code   RO          410    x$fpl$dnaninf       fz_ws.l(dnaninf.o)
    0x0801c134   0x0000000c   Code   RO          411    x$fpl$dretinf       fz_ws.l(dretinf.o)
    0x0801c140   0x0000006c   Code   RO          295    x$fpl$drleqf        fz_ws.l(drleqf.o)
    0x0801c1ac   0x000001d4   Code   RO          283    x$fpl$dsub          fz_ws.l(daddsub_clz.o)
    0x0801c380   0x00000056   Code   RO          296    x$fpl$f2d           fz_ws.l(f2d.o)
    0x0801c3d6   0x00000002   PAD
    0x0801c3d8   0x000000c4   Code   RO          297    x$fpl$fadd          fz_ws.l(faddsub_clz.o)
    0x0801c49c   0x00000018   Code   RO          412    x$fpl$fcmpinf       fz_ws.l(fcmpi.o)
    0x0801c4b4   0x00000068   Code   RO          300    x$fpl$feqf          fz_ws.l(feqf.o)
    0x0801c51c   0x00000036   Code   RO          301    x$fpl$ffix          fz_ws.l(ffix.o)
    0x0801c552   0x00000002   PAD
    0x0801c554   0x0000003e   Code   RO          303    x$fpl$ffixu         fz_ws.l(ffixu.o)
    0x0801c592   0x00000002   PAD
    0x0801c594   0x00000030   Code   RO          306    x$fpl$fflt          fz_ws.l(fflt_clz.o)
    0x0801c5c4   0x00000068   Code   RO          308    x$fpl$fleqf         fz_ws.l(fleqf.o)
    0x0801c62c   0x00000102   Code   RO          309    x$fpl$fmul          fz_ws.l(fmul.o)
    0x0801c72e   0x0000008c   Code   RO          413    x$fpl$fnaninf       fz_ws.l(fnaninf.o)
    0x0801c7ba   0x0000000a   Code   RO          414    x$fpl$fretinf       fz_ws.l(fretinf.o)
    0x0801c7c4   0x00000062   Code   RO          310    x$fpl$frleqf        fz_ws.l(frleqf.o)
    0x0801c826   0x00000014   Code   RO          298    x$fpl$frsb          fz_ws.l(faddsub_clz.o)
    0x0801c83a   0x00000002   PAD
    0x0801c83c   0x000000ea   Code   RO          299    x$fpl$fsub          fz_ws.l(faddsub_clz.o)
    0x0801c926   0x00000004   Code   RO          415    x$fpl$printf1       fz_ws.l(printf1.o)
    0x0801c92a   0x00000000   Code   RO          416    x$fpl$usenofp       fz_ws.l(usenofp.o)
    0x0801c92a   0x00000002   PAD
    0x0801c92c   0x00000432   Data   RO            7    .constdata          app_shell.o
    0x0801cd5e   0x00000002   PAD
    0x0801cd60   0x00000091   Data   RO           21    .constdata          app_pump_control2.o
    0x0801cdf1   0x00000003   PAD
    0x0801cdf4   0x00000270   Data   RO           29    .constdata          app_monitor2.o
    0x0801d064   0x00000060   Data   RO           32    .constdata          app_pdo_callback2.o
    0x0801d0c4   0x00000200   Data   RO           84    .constdata          crc.o
    0x0801d2c4   0x00000014   Data   RO          105    .constdata          gpio.o
    0x0801d2d8   0x000000a2   Data   RO          109    .constdata          usart.o
    0x0801d37a   0x0000001e   Data   RO          120    .constdata          encoder.o
    0x0801d398   0x0000000c   Data   RO          129    .constdata          adc_dac.o
    0x0801d3a4   0x00000044   Data   RO          133    .constdata          exti_board2.o
    0x0801d3e8   0x00000100   Data   RO          181    .constdata          os_core.o
    0x0801d4e8   0x00000072   Data   RO          188    .constdata          os_dbg.o
    0x0801d55a   0x00000028   Data   RO          250    .constdata          c_w.l(_printf_hex_int_ll_ptr.o)
    0x0801d582   0x00000011   Data   RO          263    .constdata          c_w.l(__printf_flags_ss_wp.o)
    0x0801d593   0x00000001   PAD
    0x0801d594   0x00000008   Data   RO          337    .constdata          c_w.l(_printf_wctomb.o)
    0x0801d59c   0x00000094   Data   RO          466    .constdata          c_w.l(bigflt0.o)
    0x0801d630   0x0000004c   Data   RO            8    .conststring        app_shell.o
    0x0801d67c   0x00000020   Data   RO          534    Region$$Table       anon$$obj.o
    0x0801d69c   0x00000110   Data   RO          478    locale$$data        c_w.l(lc_ctype_c.o)
    0x0801d7ac   0x0000001c   Data   RO          480    locale$$data        c_w.l(lc_numeric_c.o)


    Execution Region RW_IRAM1 (Base: 0x20000000, Size: 0x00012958, Max: 0x00020000, ABSOLUTE, COMPRESSED[0x000000e4])

    Base Addr    Size         Type   Attr      Idx    E Section Name        Object

    0x20000000   0x0000005e   Data   RW            9    .data               app_shell.o
    0x2000005e   0x00000002   PAD
    0x20000060   0x00000004   Data   RW           13    .data               app_modbus_analyse.o
    0x20000064   0x00000010   Data   RW           17    .data               app_usart_dma_route.o
    0x20000074   0x00000009   Data   RW           22    .data               app_pump_control2.o
    0x2000007d   0x00000003   PAD
    0x20000080   0x000000d8   Data   RW           26    .data               app_slave_board2.o
    0x20000158   0x00000001   Data   RW           33    .data               app_pdo_callback2.o
    0x20000159   0x00000001   Data   RW           40    .data               app_task_err.o
    0x2000015a   0x00000002   PAD
    0x2000015c   0x00000004   Data   RW           49    .data               app_buzzer_ring.o
    0x20000160   0x00000008   Data   RW           53    .data               app_sensor_board2.o
    0x20000168   0x00000008   Data   RW           57    .data               app_user_tmr.o
    0x20000170   0x00000003   Data   RW           64    .data               app_da_output.o
    0x20000173   0x00000001   PAD
    0x20000174   0x00000010   Data   RW           71    .data               app_dc_motor.o
    0x20000184   0x00000008   Data   RW           79    .data               shell.o
    0x2000018c   0x00000004   Data   RW           88    .data               trace.o
    0x20000190   0x00000004   Data   RW           93    .data               pid.o
    0x20000194   0x00000004   Data   RW           97    .data               protocol.o
    0x20000198   0x0000000c   Data   RW          106    .data               gpio.o
    0x200001a4   0x00000048   Data   RW          110    .data               usart.o
    0x200001ec   0x0000002a   Data   RW          121    .data               encoder.o
    0x20000216   0x00000002   PAD
    0x20000218   0x00000060   Data   RW          125    .data               pwm.o
    0x20000278   0x00000006   Data   RW          130    .data               adc_dac.o
    0x2000027e   0x00000002   PAD
    0x20000280   0x00000061   Data   RW          134    .data               exti_board2.o
    0x200002e1   0x00000010   Data   RW          149    .data               stm32f2xx_rcc.o
    0x200002f1   0x00000003   PAD
    0x200002f4   0x00000060   Data   RW          182    .data               os_core.o
    0x20000354   0x00000006   Data   RW          186    .data               os_cpu_c.o
    0x2000035a   0x00000002   PAD
    0x2000035c   0x00000014   Data   RW          191    .data               system_stm32f2xx.o
    0x20000370   0x00000004   Data   RW          270    .data               c_w.l(strtok.o)
    0x20000374   0x00000200   Zero   RW            3    .bss                app.o
    0x20000574   0x00000640   Zero   RW            6    .bss                app_shell.o
    0x20000bb4   0x00000414   Zero   RW           12    .bss                app_modbus_analyse.o
    0x20000fc8   0x000010e0   Zero   RW           16    .bss                app_usart_dma_route.o
    0x200020a8   0x00000400   Zero   RW           20    .bss                app_pump_control2.o
    0x200024a8   0x000008fc   Zero   RW           25    .bss                app_slave_board2.o
    0x20002da4   0x00000200   Zero   RW           36    .bss                app_led.o
    0x20002fa4   0x00000400   Zero   RW           39    .bss                app_task_err.o
    0x200033a4   0x00000400   Zero   RW           43    .bss                app_sensor_handle2.o
    0x200037a4   0x00000214   Zero   RW           48    .bss                app_buzzer_ring.o
    0x200039b8   0x00000400   Zero   RW           52    .bss                app_sensor_board2.o
    0x20003db8   0x000003a4   Zero   RW           56    .bss                app_user_tmr.o
    0x2000415c   0x00000200   Zero   RW           63    .bss                app_da_output.o
    0x2000435c   0x00000400   Zero   RW           67    .bss                app_valve_control.o
    0x2000475c   0x00000004   PAD
    0x20004760   0x00005860   Zero   RW           70    .bss                app_dc_motor.o
    0x20009fc0   0x000000c0   Zero   RW           78    .bss                shell.o
    0x2000a080   0x00000800   Zero   RW           87    .bss                trace.o
    0x2000a880   0x00000054   Zero   RW           92    .bss                pid.o
    0x2000a8d4   0x00000040   Zero   RW           96    .bss                protocol.o
    0x2000a914   0x00000084   Zero   RW          119    .bss                encoder.o
    0x2000a998   0x00000030   Zero   RW          124    .bss                pwm.o
    0x2000a9c8   0x000000d8   Zero   RW          128    .bss                adc_dac.o
    0x2000aaa0   0x00002e48   Zero   RW          180    .bss                os_core.o
    0x2000d8e8   0x00000010   Zero   RW          185    .bss                os_cpu_c.o
    0x2000d8f8   0x00000060   Zero   RW          419    .bss                c_w.l(libspace.o)
    0x2000d958   0x00004000   Zero   RW          193    HEAP                startup_stm32f2xx.o
    0x20011958   0x00001000   Zero   RW          192    STACK               startup_stm32f2xx.o


==============================================================================

Image component sizes


      Code (inc. data)   RO Data    RW Data    ZI Data      Debug   Object Name

       988         86         12          6        216          0   adc_dac.o
       776        454          0          0        512          0   app.o
       640        120          0          4        532          0   app_buzzer_ring.o
       352        100          0          3        512          0   app_da_output.o
      3372        590          0         16      22624          0   app_dc_motor.o
       148         36          0          0        512          0   app_led.o
      1176        484          0          4       1044          0   app_modbus_analyse.o
      7760       3954        624          0          0          0   app_monitor2.o
      1332        548         96          1          0          0   app_pdo_callback2.o
      3724        954        145          9       1024          0   app_pump_control2.o
      1188        184          0          8       1024          0   app_sensor_board2.o
       644        150          0          0       1024          0   app_sensor_handle2.o
      5512       2306       1150         94       1600          0   app_shell.o
      1016        338          0        216       2300          0   app_slave_board2.o
       876        338          0          1       1024          0   app_task_err.o
      1392        384          0         16       4320          0   app_usart_dma_route.o
       832         66          0          8        932          0   app_user_tmr.o
      2732       1512          0          0       1024          0   app_valve_control.o
       284          8          0          0          0          0   basic_timer.o
        72          4          0          0          0          0   bell.o
       120          8          0          0          0          0   bsp.o
        64         10        512          0          0          0   crc.o
       590          0          0          0          0          0   datafilter_variance.o
      1016         98         30         42        132          0   encoder.o
      4072        334         68         97          0          0   exti_board2.o
       468         50          0          0          0          0   flash_if.o
       264         16         20         12          0          0   gpio.o
        18          0          0          0          0          0   main.o
       492         72          0          0          0          0   misc.o
      3616        308        256         96      11848          0   os_core.o
       164         32          0          0          0          0   os_cpu_a.o
       248         18          0          6         16          0   os_cpu_c.o
       348        230        114          0          0          0   os_dbg.o
      2172         42          0          0          0          0   os_flag.o
       600         16          0          0          0          0   os_mem.o
      1680         56          0          0          0          0   os_mutex.o
      1620         32          0          0          0          0   os_q.o
       992         22          0          0          0          0   os_sem.o
      2428         82          0          0          0          0   os_task.o
       476         28          0          0          0          0   os_time.o
      1844        136          0          0          0          0   os_tmr.o
       864         24          0          4         84          0   pid.o
       464         20          0          4         64          0   protocol.o
      2960        190          0         96         48          0   pwm.o
       976         30          0          8        192          0   shell.o
        80         26        388          0      20480          0   startup_stm32f2xx.o
      4224        146          0          0          0          0   stm32f2xx_adc.o
        72          4          0          0          0          0   stm32f2xx_crc.o
      1544         64          0          0          0          0   stm32f2xx_dac.o
      5044        346          0          0          0          0   stm32f2xx_dma.o
       780         70          0          0          0          0   stm32f2xx_exti.o
      1944        108          0          0          0          0   stm32f2xx_flash.o
      2326        132          0          0          0          0   stm32f2xx_gpio.o
       744        336          0          0          0          0   stm32f2xx_it.o
      3448        258          0         16          0          0   stm32f2xx_rcc.o
       388         72          0          0          0          0   stm32f2xx_syscfg.o
     12944        666          0          0          0          0   stm32f2xx_tim.o
      3756        162          0          0          0          0   stm32f2xx_usart.o
      1244         88          0          0          0          0   struct_slave_board2.o
       480         42          0         20          0          0   system_stm32f2xx.o
       716        126          0          4       2048          0   trace.o
      1688        122        162         72          0          0   usart.o

    ----------------------------------------------------------------------
    104800      17238       3614        880      75140          0   Object Totals
         0          0         32          0          0          0   (incl. Generated)
         6          0          5         17          4          0   (incl. Padding)

    ----------------------------------------------------------------------

      Code (inc. data)   RO Data    RW Data    ZI Data      Debug   Library Member Name

        56          6          0          0          0          0   __2snprintf.o
        90          0          0          0          0          0   __dczerorl2.o
         8          0          0          0          0          0   __main.o
       396          6         17          0          0          0   __printf_flags_ss_wp.o
        14          0          0          0          0          0   __printf_wp.o
        52          8          0          0          0          0   __scatter.o
        28          0          0          0          0          0   __scatter_zi.o
        28          0          0          0          0          0   _chval.o
         6          0          0          0          0          0   _printf_a.o
         6          0          0          0          0          0   _printf_c.o
        44          0          0          0          0          0   _printf_char.o
        48          6          0          0          0          0   _printf_char_common.o
        42          0          0          0          0          0   _printf_charcount.o
         6          0          0          0          0          0   _printf_d.o
       120         18          0          0          0          0   _printf_dec.o
         6          0          0          0          0          0   _printf_e.o
         6          0          0          0          0          0   _printf_f.o
      1056          0          0          0          0          0   _printf_fp_dec.o
       128         16          0          0          0          0   _printf_fp_infnan.o
         6          0          0          0          0          0   _printf_g.o
       156          6         40          0          0          0   _printf_hex_int_ll_ptr.o
         6          0          0          0          0          0   _printf_i.o
       184          0          0          0          0          0   _printf_intcommon.o
        10          0          0          0          0          0   _printf_l.o
         6          0          0          0          0          0   _printf_lc.o
        10          0          0          0          0          0   _printf_ll.o
         6          0          0          0          0          0   _printf_lld.o
         6          0          0          0          0          0   _printf_lli.o
         6          0          0          0          0          0   _printf_llo.o
         6          0          0          0          0          0   _printf_llu.o
         6          0          0          0          0          0   _printf_llx.o
       120         16          0          0          0          0   _printf_longlong_dec.o
         6          0          0          0          0          0   _printf_ls.o
         6          0          0          0          0          0   _printf_n.o
         6          0          0          0          0          0   _printf_o.o
       120          8          0          0          0          0   _printf_oct_int_ll.o
         6          0          0          0          0          0   _printf_p.o
        82          0          0          0          0          0   _printf_pad.o
         0          0          0          0          0          0   _printf_percent.o
         4          0          0          0          0          0   _printf_percent_end.o
         6          0          0          0          0          0   _printf_s.o
        82          0          0          0          0          0   _printf_str.o
        36          0          0          0          0          0   _printf_truncate.o
         6          0          0          0          0          0   _printf_u.o
        44          0          0          0          0          0   _printf_wchar.o
       188          6          8          0          0          0   _printf_wctomb.o
         6          0          0          0          0          0   _printf_x.o
        16          0          0          0          0          0   _snputc.o
        10          0          0          0          0          0   _sputc.o
       158          0          0          0          0          0   _strtoul.o
        64          0          0          0          0          0   _wcrtomb.o
        26          0          0          0          0          0   atoi.o
       228          6        148          0          0          0   bigflt0.o
      1910        128          0          0          0          0   btod.o
        52          4          0          0          0          0   c89vsnprintf.o
        10          0          0          0          0          0   defsig_exit.o
        50          0          0          0          0          0   defsig_general.o
        80         58          0          0          0          0   defsig_rtmem_inner.o
        14          0          0          0          0          0   defsig_rtmem_outer.o
        12          0          0          0          0          0   exit.o
        94          0          0          0          0          0   h1_alloc.o
        52          0          0          0          0          0   h1_extend.o
        78          0          0          0          0          0   h1_free.o
        14          0          0          0          0          0   h1_init.o
         6          0          0          0          0          0   heapauxi.o
         4          0          0          0          0          0   hguard.o
         0          0          0          0          0          0   indicate_semi.o
       138          0          0          0          0          0   init_alloc.o
        44         10        272          0          0          0   lc_ctype_c.o
        44         10         28          0          0          0   lc_numeric_c.o
         2          0          0          0          0          0   libinit.o
        38          0          0          0          0          0   libinit2.o
         2          0          0          0          0          0   libshutdown.o
         2          0          0          0          0          0   libshutdown2.o
         8          4          0          0         96          0   libspace.o
       138          0          0          0          0          0   lludiv10.o
         0          0          0          0          0          0   maybetermalloc1.o
        16          4          0          0          0          0   rt_ctype_table.o
         8          4          0          0          0          0   rt_errno_addr_intlibspace.o
         8          4          0          0          0          0   rt_heap_descriptor_intlibspace.o
         8          4          0          0          0          0   rt_locale_intlibspace.o
        68          0          0          0          0          0   rt_memclr.o
        78          0          0          0          0          0   rt_memclr_w.o
       138          0          0          0          0          0   rt_memcpy_v6.o
       100          0          0          0          0          0   rt_memcpy_w.o
         0          0          0          0          0          0   rtentry.o
        12          0          0          0          0          0   rtentry2.o
         6          0          0          0          0          0   rtentry4.o
         2          0          0          0          0          0   rtexit.o
        10          0          0          0          0          0   rtexit2.o
       128          0          0          0          0          0   strcmpv7m.o
        72          0          0          0          0          0   strcpy.o
        32          0          0          0          0          0   strcspn.o
        62          0          0          0          0          0   strlen.o
        86          0          0          0          0          0   strncpy.o
        28          0          0          0          0          0   strspn.o
        12          6          0          4          0          0   strtok.o
        68          4          0          0          0          0   strtok_int.o
       112          0          0          0          0          0   strtol.o
        12          4          0          0          0          0   sys_exit.o
        74          0          0          0          0          0   sys_stackheap_outer.o
        14          0          0          0          0          0   sys_wrch.o
         2          0          0          0          0          0   use_no_semi.o
        98          4          0          0          0          0   d2f.o
       804         16          0          0          0          0   daddsub_clz.o
        24          0          0          0          0          0   dcmpi.o
       688        140          0          0          0          0   ddiv.o
        94          4          0          0          0          0   dfix.o
        90          4          0          0          0          0   dfixu.o
        84          0          0          0          0          0   dflt_clz.o
       120          4          0          0          0          0   dleqf.o
       340         12          0          0          0          0   dmul.o
       156          4          0          0          0          0   dnaninf.o
        12          0          0          0          0          0   dretinf.o
       108          0          0          0          0          0   drleqf.o
        86          4          0          0          0          0   f2d.o
       450          8          0          0          0          0   faddsub_clz.o
        24          0          0          0          0          0   fcmpi.o
       104          4          0          0          0          0   feqf.o
        54          4          0          0          0          0   ffix.o
        62          4          0          0          0          0   ffixu.o
        48          0          0          0          0          0   fflt_clz.o
       104          4          0          0          0          0   fleqf.o
       258          4          0          0          0          0   fmul.o
       140          4          0          0          0          0   fnaninf.o
        10          0          0          0          0          0   fretinf.o
        98          0          0          0          0          0   frleqf.o
         4          0          0          0          0          0   printf1.o
         0          0          0          0          0          0   usenofp.o
        40          0          0          0          0          0   fpclassify.o

    ----------------------------------------------------------------------
     11848        570        514          4         96          0   Library Totals
        32          0          1          0          0          0   (incl. Padding)

    ----------------------------------------------------------------------

      Code (inc. data)   RO Data    RW Data    ZI Data      Debug   Library Name

      7716        346        513          4         96          0   c_w.l
      4060        224          0          0          0          0   fz_ws.l
        40          0          0          0          0          0   m_ws.l

    ----------------------------------------------------------------------
     11848        570        514          4         96          0   Library Totals

    ----------------------------------------------------------------------

==============================================================================


      Code (inc. data)   RO Data    RW Data    ZI Data      Debug   

    116648      17808       4128        884      75236          0   Grand Totals
    116648      17808       4128        228      75236          0   ELF Image Totals (compressed)
    116648      17808       4128        228          0          0   ROM Totals

==============================================================================

    Total RO  Size (Code + RO Data)               120776 ( 117.95kB)
    Total RW  Size (RW Data + ZI Data)             76120 (  74.34kB)
    Total ROM Size (Code + RO Data + RW Data)     121004 ( 118.17kB)

==============================================================================

