ARM Linker, 5.03 [Build 76] [MDK-ARM Standard]

==============================================================================

Section Cross References

    app.o(.text) refers to _printf_percent.o(.ARM.Collect$$_printf_percent$$00000000) for _printf_percent
    app.o(.text) refers to _printf_d.o(.ARM.Collect$$_printf_percent$$00000009) for _printf_d
    app.o(.text) refers to _printf_dec.o(.text) for _printf_int_dec
    app.o(.text) refers to _printf_s.o(.ARM.Collect$$_printf_percent$$00000014) for _printf_s
    app.o(.text) refers to _printf_str.o(.text) for _printf_str
    app.o(.text) refers to trace.o(.text) for app_traceInfo_output
    app.o(.text) refers to os_core.o(.text) for OSVersion
    app.o(.text) refers to __2snprintf.o(.text) for __2snprintf
    app.o(.text) refers to rtc.o(.text) for init_VBAT_measure
    app.o(.text) refers to os_time.o(.text) for OSTimeDlyHMSM
    app.o(.text) refers to os_task.o(.text) for OSTaskQuery
    app.o(.text) refers to bsp.o(.text) for bsp_init
    app.o(.text) refers to app_control_board.o(.text) for init_control_board_task
    app.o(.text) refers to app_shell.o(.text) for init_shell_task
    app.o(.text) refers to app_led.o(.text) for init_led_task
    app.o(.text) refers to app_buzzer_ring.o(.text) for init_buzzer_ring_task
    app.o(.text) refers to os_core.o(.data) for OSRunning
    app.o(.text) refers to app.o(.bss) for startup_task_stk
    app_shell.o(.text) refers to _printf_percent.o(.ARM.Collect$$_printf_percent$$00000000) for _printf_percent
    app_shell.o(.text) refers to _printf_s.o(.ARM.Collect$$_printf_percent$$00000014) for _printf_s
    app_shell.o(.text) refers to _printf_str.o(.text) for _printf_str
    app_shell.o(.text) refers to _printf_d.o(.ARM.Collect$$_printf_percent$$00000009) for _printf_d
    app_shell.o(.text) refers to _printf_dec.o(.text) for _printf_int_dec
    app_shell.o(.text) refers to _printf_x.o(.ARM.Collect$$_printf_percent$$0000000C) for _printf_x
    app_shell.o(.text) refers to _printf_hex_int_ll_ptr.o(.text) for _printf_longlong_hex
    app_shell.o(.text) refers to trace.o(.text) for app_traceInfo_output
    app_shell.o(.text) refers to __2snprintf.o(.text) for __2snprintf
    app_shell.o(.text) refers to os_core.o(.text) for OSVersion
    app_shell.o(.text) refers to os_task.o(.text) for OSTaskQuery
    app_shell.o(.text) refers to strcmpv7m.o(.text) for strcmp
    app_shell.o(.text) refers to os_q.o(.text) for OSQPend
    app_shell.o(.text) refers to os_time.o(.text) for OSTimeGet
    app_shell.o(.text) refers to app.o(.text) for assert_failed
    app_shell.o(.text) refers to os_core.o(.data) for OSCPUUsage
    app_shell.o(.text) refers to app_shell.o(.constdata) for .constdata
    app_shell.o(.text) refers to app_shell.o(.data) for g_uart1_queue
    app_shell.o(.text) refers to rtc.o(.text) for rtc_init
    app_shell.o(.text) refers to atoi.o(.text) for atoi
    app_shell.o(.text) refers to h1_alloc.o(.text) for malloc
    app_shell.o(.text) refers to h1_free.o(.text) for free
    app_shell.o(.text) refers to app_cmd_send.o(.text) for uart_answer_cmd
    app_shell.o(.text) refers to strtol.o(.text) for strtol
    app_shell.o(.text) refers to app_control_feedback.o(.text) for unload_canal
    app_shell.o(.text) refers to app_comx100.o(.text) for comX100_send_packet
    app_shell.o(.text) refers to app_control_pump.o(.text) for init_pump_param
    app_shell.o(.text) refers to app_control_board.o(.data) for g_arm3_rpdo3_data
    app_shell.o(.text) refers to rt_memcpy_w.o(.text) for __aeabi_memcpy4
    app_shell.o(.text) refers to aeabi_memset.o(.text) for __aeabi_memset
    app_shell.o(.text) refers to shell.o(.text) for Shell_CmdTblAdd
    app_shell.o(.text) refers to rt_memclr_w.o(.text) for __aeabi_memclr4
    app_shell.o(.text) refers to strncpy.o(.text) for strncpy
    app_shell.o(.text) refers to rt_memcpy_v6.o(.text) for __aeabi_memcpy
    app_shell.o(.text) refers to os_cpu_a.o(.text) for OS_CPU_SR_Save
    app_shell.o(.text) refers to strlen.o(.text) for strlen
    app_shell.o(.text) refers to shell.o(.data) for Shell_ModuleCmdUsedPoolPtr
    app_shell.o(.text) refers to app_shell.o(.bss) for uart_array_msg
    app_shell.o(.text) refers to stm32f2xx_usart.o(.text) for USART_GetITStatus
    app_shell.o(.data) refers to app_shell.o(.conststring) for .conststring
    app_shell.o(.data) refers to app_shell.o(.text) for App_TestShellCmd
    app_usart_dma_route.o(.text) refers to trace.o(.text) for app_traceInfo_output
    app_usart_dma_route.o(.text) refers to os_q.o(.text) for OSQPend
    app_usart_dma_route.o(.text) refers to os_sem.o(.text) for OSSemPend
    app_usart_dma_route.o(.text) refers to usart.o(.text) for reload_usart_dma_tx
    app_usart_dma_route.o(.text) refers to os_mem.o(.text) for OSMemPut
    app_usart_dma_route.o(.text) refers to os_task.o(.text) for OSTaskCreateExt
    app_usart_dma_route.o(.text) refers to app.o(.text) for assert_failed
[...]
    OSTaskChangePrio                         0x08026369   Thumb Code   448  os_task.o(.text)
    OSTaskCreate                             0x08026529   Thumb Code   156  os_task.o(.text)
    OS_TaskStkClr                            0x080265c5   Thumb Code    26  os_task.o(.text)
    OSTaskCreateExt                          0x080265df   Thumb Code   178  os_task.o(.text)
    OSTaskDel                                0x08026691   Thumb Code   356  os_task.o(.text)
    OSTaskDelReq                             0x080267f5   Thumb Code   112  os_task.o(.text)
    OSTaskNameGet                            0x08026865   Thumb Code   140  os_task.o(.text)
    OSTaskNameSet                            0x080268f1   Thumb Code   120  os_task.o(.text)
    OSTaskResume                             0x08026969   Thumb Code   166  os_task.o(.text)
    OSTaskStkChk                             0x08026a0f   Thumb Code   146  os_task.o(.text)
    OSTaskSuspend                            0x08026aa1   Thumb Code   174  os_task.o(.text)
    OSTaskQuery                              0x08026b4f   Thumb Code   148  os_task.o(.text)
    OSTaskRegGet                             0x08026be3   Thumb Code    86  os_task.o(.text)
    OSTaskRegGetID                           0x08026c39   Thumb Code    58  os_task.o(.text)
    OSTaskRegSet                             0x08026c73   Thumb Code    84  os_task.o(.text)
    OS_TaskReturn                            0x08026cc7   Thumb Code    18  os_task.o(.text)
    OSTimeDly                                0x08026ce5   Thumb Code   102  os_time.o(.text)
    OSTimeDlyHMSM                            0x08026d4b   Thumb Code   124  os_time.o(.text)
    OSTimeDlyResume                          0x08026dc7   Thumb Code   174  os_time.o(.text)
    OSTimeGet                                0x08026e75   Thumb Code    24  os_time.o(.text)
    OSTimeSet                                0x08026e8d   Thumb Code    24  os_time.o(.text)
    OSTmrCreate                              0x08026ef3   Thumb Code   154  os_tmr.o(.text)
    OSTmrDel                                 0x08027005   Thumb Code   134  os_tmr.o(.text)
    OSTmrNameGet                             0x0802708b   Thumb Code   134  os_tmr.o(.text)
    OSTmrRemainGet                           0x08027111   Thumb Code   172  os_tmr.o(.text)
    OSTmrStateGet                            0x080271bd   Thumb Code    96  os_tmr.o(.text)
    OSTmrStart                               0x08027281   Thumb Code   168  os_tmr.o(.text)
    OSTmrStop                                0x08027329   Thumb Code   190  os_tmr.o(.text)
    OSTmrSignal                              0x080273e7   Thumb Code    16  os_tmr.o(.text)
    OSTmr_Init                               0x0802749d   Thumb Code   172  os_tmr.o(.text)
    OSTmr_SetDly                             0x08027549   Thumb Code    66  os_tmr.o(.text)
    OS_CPU_SR_Save                           0x080275f5   Thumb Code     0  os_cpu_a.o(.text)
    OS_CPU_SR_Restore                        0x080275fd   Thumb Code     0  os_cpu_a.o(.text)
    OSStartHighRdy                           0x08027603   Thumb Code     0  os_cpu_a.o(.text)
    OSCtxSw                                  0x08027623   Thumb Code     0  os_cpu_a.o(.text)
    OSIntCtxSw                               0x0802762d   Thumb Code     0  os_cpu_a.o(.text)
    PendSV_Handler                           0x08027637   Thumb Code     0  os_cpu_a.o(.text)
    OSInitHookBegin                          0x08027699   Thumb Code    32  os_cpu_c.o(.text)
    OSInitHookEnd                            0x080276b9   Thumb Code     2  os_cpu_c.o(.text)
    OSTaskCreateHook                         0x080276bb   Thumb Code     2  os_cpu_c.o(.text)
    OSTaskDelHook                            0x080276bd   Thumb Code     2  os_cpu_c.o(.text)
    OSTaskIdleHook                           0x080276bf   Thumb Code     2  os_cpu_c.o(.text)
    OSTaskReturnHook                         0x080276c1   Thumb Code     2  os_cpu_c.o(.text)
    OSTaskStatHook                           0x080276c3   Thumb Code     2  os_cpu_c.o(.text)
    OSTaskStkInit                            0x080276c5   Thumb Code   152  os_cpu_c.o(.text)
    OSTaskSwHook                             0x0802775d   Thumb Code     2  os_cpu_c.o(.text)
    OSTCBInitHook                            0x0802775f   Thumb Code     2  os_cpu_c.o(.text)
    OSTimeTickHook                           0x08027761   Thumb Code    30  os_cpu_c.o(.text)
    OSDebugInit                              0x08027791   Thumb Code   118  os_dbg.o(.text)
    SystemInit                               0x080279ab   Thumb Code    74  system_stm32f2xx.o(.text)
    SystemCoreClockUpdate                    0x080279f5   Thumb Code   174  system_stm32f2xx.o(.text)
    Reset_Handler                            0x08027acd   Thumb Code     8  startup_stm32f2xx.o(.text)
    ADC_IRQHandler                           0x08027af7   Thumb Code     0  startup_stm32f2xx.o(.text)
    CAN1_RX0_IRQHandler                      0x08027af7   Thumb Code     0  startup_stm32f2xx.o(.text)
    CAN1_RX1_IRQHandler                      0x08027af7   Thumb Code     0  startup_stm32f2xx.o(.text)
    CAN1_SCE_IRQHandler                      0x08027af7   Thumb Code     0  startup_stm32f2xx.o(.text)
    CAN1_TX_IRQHandler                       0x08027af7   Thumb Code     0  startup_stm32f2xx.o(.text)
    CAN2_RX0_IRQHandler                      0x08027af7   Thumb Code     0  startup_stm32f2xx.o(.text)
    CAN2_RX1_IRQHandler                      0x08027af7   Thumb Code     0  startup_stm32f2xx.o(.text)
    CAN2_SCE_IRQHandler                      0x08027af7   Thumb Code     0  startup_stm32f2xx.o(.text)
    CAN2_TX_IRQHandler                       0x08027af7   Thumb Code     0  startup_stm32f2xx.o(.text)
    CRYP_IRQHandler                          0x08027af7   Thumb Code     0  startup_stm32f2xx.o(.text)
    DCMI_IRQHandler                          0x08027af7   Thumb Code     0  startup_stm32f2xx.o(.text)
    DMA1_Stream0_IRQHandler                  0x08027af7   Thumb Code     0  startup_stm32f2xx.o(.text)
    DMA1_Stream2_IRQHandler                  0x08027af7   Thumb Code     0  startup_stm32f2xx.o(.text)
    DMA1_Stream4_IRQHandler                  0x08027af7   Thumb Code     0  startup_stm32f2xx.o(.text)
    DMA1_Stream5_IRQHandler                  0x08027af7   Thumb Code     0  startup_stm32f2xx.o(.text)
    DMA1_Stream6_IRQHandler                  0x08027af7   Thumb Code     0  startup_stm32f2xx.o(.text)
    DMA1_Stream7_IRQHandler                  0x08027af7   Thumb Code     0  startup_stm32f2xx.o(.text)
    DMA2_Stream0_IRQHandler                  0x08027af7   Thumb Code     0  startup_stm32f2xx.o(.text)
    DMA2_Stream1_IRQHandler                  0x08027af7   Thumb Code     0  startup_stm32f2xx.o(.text)
    DMA2_Stream2_IRQHandler                  0x08027af7   Thumb Code     0  startup_stm32f2xx.o(.text)
    DMA2_Stream3_IRQHandler                  0x08027af7   Thumb Code     0  startup_stm32f2xx.o(.text)
    DMA2_Stream4_IRQHandler                  0x08027af7   Thumb Code     0  startup_stm32f2xx.o(.text)
    DMA2_Stream5_IRQHandler                  0x08027af7   Thumb Code     0  startup_stm32f2xx.o(.text)
    DMA2_Stream6_IRQHandler                  0x08027af7   Thumb Code     0  startup_stm32f2xx.o(.text)
    DMA2_Stream7_IRQHandler                  0x08027af7   Thumb Code     0  startup_stm32f2xx.o(.text)
    ETH_IRQHandler                           0x08027af7   Thumb Code     0  startup_stm32f2xx.o(.text)
    ETH_WKUP_IRQHandler                      0x08027af7   Thumb Code     0  startup_stm32f2xx.o(.text)
    EXTI0_IRQHandler                         0x08027af7   Thumb Code     0  startup_stm32f2xx.o(.text)
    EXTI1_IRQHandler                         0x08027af7   Thumb Code     0  startup_stm32f2xx.o(.text)
    EXTI2_IRQHandler                         0x08027af7   Thumb Code     0  startup_stm32f2xx.o(.text)
    EXTI4_IRQHandler                         0x08027af7   Thumb Code     0  startup_stm32f2xx.o(.text)
    EXTI9_5_IRQHandler                       0x08027af7   Thumb Code     0  startup_stm32f2xx.o(.text)
    FLASH_IRQHandler                         0x08027af7   Thumb Code     0  startup_stm32f2xx.o(.text)
    FSMC_IRQHandler                          0x08027af7   Thumb Code     0  startup_stm32f2xx.o(.text)
    HASH_RNG_IRQHandler                      0x08027af7   Thumb Code     0  startup_stm32f2xx.o(.text)
    I2C1_ER_IRQHandler                       0x08027af7   Thumb Code     0  startup_stm32f2xx.o(.text)
    I2C1_EV_IRQHandler                       0x08027af7   Thumb Code     0  startup_stm32f2xx.o(.text)
    I2C2_ER_IRQHandler                       0x08027af7   Thumb Code     0  startup_stm32f2xx.o(.text)
    I2C2_EV_IRQHandler                       0x08027af7   Thumb Code     0  startup_stm32f2xx.o(.text)
    I2C3_ER_IRQHandler                       0x08027af7   Thumb Code     0  startup_stm32f2xx.o(.text)
    I2C3_EV_IRQHandler                       0x08027af7   Thumb Code     0  startup_stm32f2xx.o(.text)
    OTG_FS_IRQHandler                        0x08027af7   Thumb Code     0  startup_stm32f2xx.o(.text)
    OTG_FS_WKUP_IRQHandler                   0x08027af7   Thumb Code     0  startup_stm32f2xx.o(.text)
    OTG_HS_EP1_IN_IRQHandler                 0x08027af7   Thumb Code     0  startup_stm32f2xx.o(.text)
    OTG_HS_EP1_OUT_IRQHandler                0x08027af7   Thumb Code     0  startup_stm32f2xx.o(.text)
    OTG_HS_IRQHandler                        0x08027af7   Thumb Code     0  startup_stm32f2xx.o(.text)
    OTG_HS_WKUP_IRQHandler                   0x08027af7   Thumb Code     0  startup_stm32f2xx.o(.text)
    PVD_IRQHandler                           0x08027af7   Thumb Code     0  startup_stm32f2xx.o(.text)
    RCC_IRQHandler                           0x08027af7   Thumb Code     0  startup_stm32f2xx.o(.text)
    RTC_Alarm_IRQHandler                     0x08027af7   Thumb Code     0  startup_stm32f2xx.o(.text)
    RTC_WKUP_IRQHandler                      0x08027af7   Thumb Code     0  startup_stm32f2xx.o(.text)
    SDIO_IRQHandler                          0x08027af7   Thumb Code     0  startup_stm32f2xx.o(.text)
    SPI1_IRQHandler                          0x08027af7   Thumb Code     0  startup_stm32f2xx.o(.text)
    SPI2_IRQHandler                          0x08027af7   Thumb Code     0  startup_stm32f2xx.o(.text)
    SPI3_IRQHandler                          0x08027af7   Thumb Code     0  startup_stm32f2xx.o(.text)
    TAMP_STAMP_IRQHandler                    0x08027af7   Thumb Code     0  startup_stm32f2xx.o(.text)
    TIM1_BRK_TIM9_IRQHandler                 0x08027af7   Thumb Code     0  startup_stm32f2xx.o(.text)
    TIM1_CC_IRQHandler                       0x08027af7   Thumb Code     0  startup_stm32f2xx.o(.text)
    TIM1_TRG_COM_TIM11_IRQHandler            0x08027af7   Thumb Code     0  startup_stm32f2xx.o(.text)
    TIM1_UP_TIM10_IRQHandler                 0x08027af7   Thumb Code     0  startup_stm32f2xx.o(.text)
    TIM2_IRQHandler                          0x08027af7   Thumb Code     0  startup_stm32f2xx.o(.text)
    TIM3_IRQHandler                          0x08027af7   Thumb Code     0  startup_stm32f2xx.o(.text)
    TIM4_IRQHandler                          0x08027af7   Thumb Code     0  startup_stm32f2xx.o(.text)
    TIM5_IRQHandler                          0x08027af7   Thumb Code     0  startup_stm32f2xx.o(.text)
    TIM6_DAC_IRQHandler                      0x08027af7   Thumb Code     0  startup_stm32f2xx.o(.text)
    TIM8_BRK_TIM12_IRQHandler                0x08027af7   Thumb Code     0  startup_stm32f2xx.o(.text)
    TIM8_CC_IRQHandler                       0x08027af7   Thumb Code     0  startup_stm32f2xx.o(.text)
    TIM8_TRG_COM_TIM14_IRQHandler            0x08027af7   Thumb Code     0  startup_stm32f2xx.o(.text)
    TIM8_UP_TIM13_IRQHandler                 0x08027af7   Thumb Code     0  startup_stm32f2xx.o(.text)
    UART4_IRQHandler                         0x08027af7   Thumb Code     0  startup_stm32f2xx.o(.text)
    UART5_IRQHandler                         0x08027af7   Thumb Code     0  startup_stm32f2xx.o(.text)
    USART2_IRQHandler                        0x08027af7   Thumb Code     0  startup_stm32f2xx.o(.text)
    USART6_IRQHandler                        0x08027af7   Thumb Code     0  startup_stm32f2xx.o(.text)
    WWDG_IRQHandler                          0x08027af7   Thumb Code     0  startup_stm32f2xx.o(.text)
    __user_initial_stackheap                 0x08027af9   Thumb Code     0  startup_stm32f2xx.o(.text)
    malloc                                   0x08027b1d   Thumb Code    94  h1_alloc.o(.text)
    free                                     0x08027b7b   Thumb Code    78  h1_free.o(.text)
    realloc                                  0x08027bc9   Thumb Code   184  h1_realloc.o(.text)
    tolower                                  0x08027c81   Thumb Code    26  tolower.o(.text)
    __c89vsnprintf                           0x08027c9d   Thumb Code    48  c89vsnprintf.o(.text)
    __2snprintf                              0x08027cd1   Thumb Code    50  __2snprintf.o(.text)
    _printf_pre_padding                      0x08027d09   Thumb Code    46  _printf_pad.o(.text)
    _printf_post_padding                     0x08027d37   Thumb Code    36  _printf_pad.o(.text)
    _printf_str                              0x08027d5b   Thumb Code    82  _printf_str.o(.text)
    _printf_int_dec                          0x08027dad   Thumb Code   102  _printf_dec.o(.text)
    _printf_longlong_hex                     0x08027e25   Thumb Code    92  _printf_hex_int_ll_ptr.o(.text)
    _printf_int_hex                          0x08027e81   Thumb Code    28  _printf_hex_int_ll_ptr.o(.text)
    _printf_ll_hex                           0x08027e9d   Thumb Code    12  _printf_hex_int_ll_ptr.o(.text)
    _printf_hex_ptr                          0x08027ea9   Thumb Code    18  _printf_hex_int_ll_ptr.o(.text)
    __printf                                 0x08027ec1   Thumb Code   390  __printf_flags_ss_wp.o(.text)
    atoi                                     0x0802804d   Thumb Code    26  atoi.o(.text)
    strtol                                   0x08028067   Thumb Code   112  strtol.o(.text)
    memcmp                                   0x080280d7   Thumb Code    88  memcmp.o(.text)
    strcpy                                   0x0802812f   Thumb Code    72  strcpy.o(.text)
    strlen                                   0x08028177   Thumb Code    62  strlen.o(.text)
    strncmp                                  0x080281b5   Thumb Code   150  strncmp.o(.text)
    __aeabi_memcpy                           0x0802824b   Thumb Code     0  rt_memcpy_v6.o(.text)
    __rt_memcpy                              0x0802824b   Thumb Code   138  rt_memcpy_v6.o(.text)
    _memcpy_lastbytes                        0x080282b1   Thumb Code     0  rt_memcpy_v6.o(.text)
    __aeabi_memmove                          0x080282d5   Thumb Code     0  rt_memmove_v6.o(.text)
    __rt_memmove                             0x080282d5   Thumb Code   132  rt_memmove_v6.o(.text)
    __memmove_lastfew                        0x08028335   Thumb Code     0  rt_memmove_v6.o(.text)
    __aeabi_memcpy4                          0x08028359   Thumb Code     0  rt_memcpy_w.o(.text)
    __aeabi_memcpy8                          0x08028359   Thumb Code     0  rt_memcpy_w.o(.text)
    __rt_memcpy_w                            0x08028359   Thumb Code   100  rt_memcpy_w.o(.text)
    _memcpy_lastbytes_aligned                0x080283a1   Thumb Code     0  rt_memcpy_w.o(.text)
    __aeabi_memset                           0x080283bd   Thumb Code    16  aeabi_memset.o(.text)
    __aeabi_memclr                           0x080283cd   Thumb Code     0  rt_memclr.o(.text)
    __rt_memclr                              0x080283cd   Thumb Code    68  rt_memclr.o(.text)
    _memset                                  0x080283d1   Thumb Code     0  rt_memclr.o(.text)
    __aeabi_memclr4                          0x08028411   Thumb Code     0  rt_memclr_w.o(.text)
    __aeabi_memclr8                          0x08028411   Thumb Code     0  rt_memclr_w.o(.text)
    __rt_memclr_w                            0x08028411   Thumb Code    78  rt_memclr_w.o(.text)
    _memset_w                                0x08028415   Thumb Code     0  rt_memclr_w.o(.text)
    strncpy                                  0x0802845f   Thumb Code    86  strncpy.o(.text)
    strcmp                                   0x080284b5   Thumb Code   128  strcmpv7m.o(.text)
    __use_two_region_memory                  0x08028535   Thumb Code     2  heapauxi.o(.text)
    __rt_heap_escrow                         0x08028537   Thumb Code     2  heapauxi.o(.text)
    __rt_heap_expand                         0x08028539   Thumb Code     2  heapauxi.o(.text)
    __rt_ctype_table                         0x0802853d   Thumb Code    16  rt_ctype_table.o(.text)
    __rt_heap_descriptor                     0x0802854d   Thumb Code     8  rt_heap_descriptor_intlibspace.o(.text)
    __aeabi_errno_addr                       0x08028555   Thumb Code     8  rt_errno_addr_intlibspace.o(.text)
    __errno$intlibspace                      0x08028555   Thumb Code     0  rt_errno_addr_intlibspace.o(.text)
    __rt_errno_addr$intlibspace              0x08028555   Thumb Code     0  rt_errno_addr_intlibspace.o(.text)
    __use_no_heap                            0x0802855d   Thumb Code     2  hguard.o(.text)
    __heap$guard                             0x0802855f   Thumb Code     2  hguard.o(.text)
    _terminate_user_alloc                    0x08028561   Thumb Code     2  init_alloc.o(.text)
    _init_user_alloc                         0x08028563   Thumb Code     2  init_alloc.o(.text)
    __Heap_Full                              0x08028565   Thumb Code    34  init_alloc.o(.text)
    __Heap_Broken                            0x08028587   Thumb Code     6  init_alloc.o(.text)
    _init_alloc                              0x0802858d   Thumb Code    94  init_alloc.o(.text)
    __Heap_Initialize                        0x080285eb   Thumb Code    10  h1_init.o(.text)
    __Heap_DescSize                          0x080285f5   Thumb Code     4  h1_init.o(.text)
    _printf_truncate_signed                  0x080285f9   Thumb Code    18  _printf_truncate.o(.text)
    _printf_truncate_unsigned                0x0802860b   Thumb Code    18  _printf_truncate.o(.text)
    _printf_int_common                       0x0802861d   Thumb Code   184  _printf_intcommon.o(.text)
    _printf_charcount                        0x080286d5   Thumb Code    42  _printf_charcount.o(.text)
    _printf_char_common                      0x0802870b   Thumb Code    32  _printf_char_common.o(.text)
    _sputc                                   0x08028731   Thumb Code    10  _sputc.o(.text)
    _snputc                                  0x0802873b   Thumb Code    16  _snputc.o(.text)
    _printf_cs_common                        0x0802874b   Thumb Code    20  _printf_char.o(.text)
    _printf_char                             0x0802875f   Thumb Code    16  _printf_char.o(.text)
    _printf_string                           0x0802876f   Thumb Code     8  _printf_char.o(.text)
    _printf_wctomb                           0x08028779   Thumb Code   182  _printf_wctomb.o(.text)
    _printf_longlong_dec                     0x08028835   Thumb Code   104  _printf_longlong_dec.o(.text)
    _printf_longlong_oct                     0x080288ad   Thumb Code    76  _printf_oct_int_ll.o(.text)
    _printf_int_oct                          0x080288f9   Thumb Code    24  _printf_oct_int_ll.o(.text)
    _printf_ll_oct                           0x08028911   Thumb Code    12  _printf_oct_int_ll.o(.text)
    _strtoul                                 0x08028925   Thumb Code   158  _strtoul.o(.text)
    __aeabi_memmove4                         0x080289c3   Thumb Code     0  rt_memmove_w.o(.text)
    __aeabi_memmove8                         0x080289c3   Thumb Code     0  rt_memmove_w.o(.text)
    __rt_memmove_w                           0x080289c3   Thumb Code   122  rt_memmove_w.o(.text)
    __memmove_aligned                        0x080289e9   Thumb Code     0  rt_memmove_w.o(.text)
    __memmove_lastfew_aligned                0x08028a21   Thumb Code     0  rt_memmove_w.o(.text)
    __user_libspace                          0x08028a3d   Thumb Code     8  libspace.o(.text)
    __user_perproc_libspace                  0x08028a3d   Thumb Code     0  libspace.o(.text)
    __user_perthread_libspace                0x08028a3d   Thumb Code     0  libspace.o(.text)
    __rt_locale                              0x08028a45   Thumb Code     8  rt_locale_intlibspace.o(.text)
    __Heap_ProvideMemory                     0x08028a4d   Thumb Code    52  h1_extend.o(.text)
    _ll_udiv10                               0x08028a81   Thumb Code   138  lludiv10.o(.text)
    __lib_sel_fp_printf                      0x08028b0b   Thumb Code     2  _printf_fp_dec.o(.text)
    _printf_fp_dec_real                      0x08028cb7   Thumb Code   628  _printf_fp_dec.o(.text)
    _printf_lcs_common                       0x08028f2b   Thumb Code    20  _printf_wchar.o(.text)
    _printf_wchar                            0x08028f3f   Thumb Code    16  _printf_wchar.o(.text)
    _printf_wstring                          0x08028f4f   Thumb Code     8  _printf_wchar.o(.text)
    _chval                                   0x08028f57   Thumb Code    28  _chval.o(.text)
    _wcrtomb                                 0x08028f73   Thumb Code    64  _wcrtomb.o(.text)
    __rt_SIGRTMEM                            0x08028fb3   Thumb Code    14  defsig_rtmem_outer.o(.text)
    __I$use$semihosting                      0x08028fc1   Thumb Code     0  use_no_semi.o(.text)
    __use_no_semihosting_swi                 0x08028fc1   Thumb Code     2  use_no_semi.o(.text)
    __semihosting_library_function           0x08028fc3   Thumb Code     0  indicate_semi.o(.text)
    __user_setup_stackheap                   0x08028fc3   Thumb Code    74  sys_stackheap_outer.o(.text)
    _printf_fp_infnan                        0x0802900d   Thumb Code   112  _printf_fp_infnan.o(.text)
    _btod_etento                             0x0802908d   Thumb Code   222  bigflt0.o(.text)
    exit                                     0x08029171   Thumb Code    12  exit.o(.text)
    __sig_exit                               0x0802917d   Thumb Code    10  defsig_exit.o(.text)
    __rt_SIGRTMEM_inner                      0x08029189   Thumb Code    22  defsig_rtmem_inner.o(.text)
    _sys_exit                                0x080291d9   Thumb Code     8  sys_exit.o(.text)
    __default_signal_display                 0x080291e5   Thumb Code    50  defsig_general.o(.text)
    _ttywrch                                 0x08029217   Thumb Code    14  sys_wrch.o(.text)
    _btod_d2e                                0x08029225   Thumb Code    62  btod.o(CL$$btod_d2e)
    _d2e_denorm_low                          0x08029263   Thumb Code    70  btod.o(CL$$btod_d2e_denorm_low)
    _d2e_norm_op1                            0x080292a9   Thumb Code    96  btod.o(CL$$btod_d2e_norm_op1)
    __btod_div_common                        0x08029309   Thumb Code   696  btod.o(CL$$btod_div_common)
    _e2e                                     0x08029641   Thumb Code   198  btod.o(CL$$btod_e2e)
    _btod_ediv                               0x08029707   Thumb Code    40  btod.o(CL$$btod_ediv)
    _btod_emul                               0x0802972f   Thumb Code    40  btod.o(CL$$btod_emul)
    __btod_mult_common                       0x08029757   Thumb Code   580  btod.o(CL$$btod_mult_common)
    __ARM_fpclassify                         0x0802999b   Thumb Code    40  fpclassify.o(i.__ARM_fpclassify)
    _is_digit                                0x080299c3   Thumb Code    14  __printf_wp.o(i._is_digit)
    _get_lc_ctype                            0x080299d1   Thumb Code    44  lc_ctype_c.o(locale$$code)
    _get_lc_numeric                          0x080299fd   Thumb Code    44  lc_numeric_c.o(locale$$code)
    __aeabi_ddiv                             0x08029a29   Thumb Code     0  ddiv.o(x$fpl$ddiv)
    _ddiv                                    0x08029a29   Thumb Code   552  ddiv.o(x$fpl$ddiv)
    __aeabi_d2uiz                            0x08029cd9   Thumb Code     0  dfixu.o(x$fpl$dfixu)
    _dfixu                                   0x08029cd9   Thumb Code    90  dfixu.o(x$fpl$dfixu)
    __fpl_dnaninf                            0x08029d33   Thumb Code   156  dnaninf.o(x$fpl$dnaninf)
    __fpl_dretinf                            0x08029dcf   Thumb Code    12  dretinf.o(x$fpl$dretinf)
    __aeabi_f2d                              0x08029ddd   Thumb Code     0  f2d.o(x$fpl$f2d)
    _f2d                                     0x08029ddd   Thumb Code    86  f2d.o(x$fpl$f2d)
    __aeabi_fadd                             0x08029e35   Thumb Code     0  faddsub_clz.o(x$fpl$fadd)
    _fadd                                    0x08029e35   Thumb Code   196  faddsub_clz.o(x$fpl$fadd)
    __fpl_fcmp_Inf                           0x08029ef9   Thumb Code    24  fcmpi.o(x$fpl$fcmpinf)
    __aeabi_fdiv                             0x08029f11   Thumb Code     0  fdiv.o(x$fpl$fdiv)
    _fdiv                                    0x08029f11   Thumb Code   384  fdiv.o(x$fpl$fdiv)
    __aeabi_cfcmpeq                          0x0802a095   Thumb Code     0  feqf.o(x$fpl$feqf)
    _fcmpeq                                  0x0802a095   Thumb Code   104  feqf.o(x$fpl$feqf)
    __aeabi_f2uiz                            0x0802a0fd   Thumb Code     0  ffixu.o(x$fpl$ffixu)
    _ffixu                                   0x0802a0fd   Thumb Code    62  ffixu.o(x$fpl$ffixu)
    __aeabi_i2f                              0x0802a13d   Thumb Code     0  fflt_clz.o(x$fpl$fflt)
    _fflt                                    0x0802a13d   Thumb Code    48  fflt_clz.o(x$fpl$fflt)
    __aeabi_ui2f                             0x0802a16d   Thumb Code     0  fflt_clz.o(x$fpl$ffltu)
    _ffltu                                   0x0802a16d   Thumb Code    38  fflt_clz.o(x$fpl$ffltu)
    __aeabi_fmul                             0x0802a195   Thumb Code     0  fmul.o(x$fpl$fmul)
    _fmul                                    0x0802a195   Thumb Code   258  fmul.o(x$fpl$fmul)
    __fpl_fnaninf                            0x0802a297   Thumb Code   140  fnaninf.o(x$fpl$fnaninf)
    __fpl_fretinf                            0x0802a323   Thumb Code    10  fretinf.o(x$fpl$fretinf)
    __aeabi_fsub                             0x0802a32d   Thumb Code     0  faddsub_clz.o(x$fpl$fsub)
    _fsub                                    0x0802a32d   Thumb Code   234  faddsub_clz.o(x$fpl$fsub)
    _printf_fp_dec                           0x0802a417   Thumb Code     4  printf1.o(x$fpl$printf1)
    __I$use$fp                               0x0802a41a   Number         0  usenofp.o(x$fpl$usenofp)
    OSUnMapTbl                               0x0802bba0   Data         256  os_core.o(.constdata)
    OSDebugEn                                0x0802bca0   Data           2  os_dbg.o(.constdata)
    OSEndiannessTest                         0x0802bca4   Data           4  os_dbg.o(.constdata)
    OSEventEn                                0x0802bca8   Data           2  os_dbg.o(.constdata)
    OSEventMax                               0x0802bcaa   Data           2  os_dbg.o(.constdata)
    OSEventNameEn                            0x0802bcac   Data           2  os_dbg.o(.constdata)
    OSEventSize                              0x0802bcae   Data           2  os_dbg.o(.constdata)
    OSEventTblSize                           0x0802bcb0   Data           2  os_dbg.o(.constdata)
    OSEventMultiEn                           0x0802bcb2   Data           2  os_dbg.o(.constdata)
    OSFlagEn                                 0x0802bcb4   Data           2  os_dbg.o(.constdata)
    OSFlagGrpSize                            0x0802bcb6   Data           2  os_dbg.o(.constdata)
    OSFlagNodeSize                           0x0802bcb8   Data           2  os_dbg.o(.constdata)
    OSFlagWidth                              0x0802bcba   Data           2  os_dbg.o(.constdata)
    OSFlagMax                                0x0802bcbc   Data           2  os_dbg.o(.constdata)
    OSFlagNameEn                             0x0802bcbe   Data           2  os_dbg.o(.constdata)
    OSLowestPrio                             0x0802bcc0   Data           2  os_dbg.o(.constdata)
    OSMboxEn                                 0x0802bcc2   Data           2  os_dbg.o(.constdata)
    OSMemEn                                  0x0802bcc4   Data           2  os_dbg.o(.constdata)
    OSMemMax                                 0x0802bcc6   Data           2  os_dbg.o(.constdata)
    OSMemNameEn                              0x0802bcc8   Data           2  os_dbg.o(.constdata)
    OSMemSize                                0x0802bcca   Data           2  os_dbg.o(.constdata)
    OSMemTblSize                             0x0802bccc   Data           2  os_dbg.o(.constdata)
    OSMutexEn                                0x0802bcce   Data           2  os_dbg.o(.constdata)
    OSPtrSize                                0x0802bcd0   Data           2  os_dbg.o(.constdata)
    OSQEn                                    0x0802bcd2   Data           2  os_dbg.o(.constdata)
    OSQMax                                   0x0802bcd4   Data           2  os_dbg.o(.constdata)
    OSQSize                                  0x0802bcd6   Data           2  os_dbg.o(.constdata)
    OSRdyTblSize                             0x0802bcd8   Data           2  os_dbg.o(.constdata)
    OSSemEn                                  0x0802bcda   Data           2  os_dbg.o(.constdata)
    OSStkWidth                               0x0802bcdc   Data           2  os_dbg.o(.constdata)
    OSTaskCreateEn                           0x0802bcde   Data           2  os_dbg.o(.constdata)
    OSTaskCreateExtEn                        0x0802bce0   Data           2  os_dbg.o(.constdata)
    OSTaskDelEn                              0x0802bce2   Data           2  os_dbg.o(.constdata)
    OSTaskIdleStkSize                        0x0802bce4   Data           2  os_dbg.o(.constdata)
    OSTaskProfileEn                          0x0802bce6   Data           2  os_dbg.o(.constdata)
    OSTaskMax                                0x0802bce8   Data           2  os_dbg.o(.constdata)
    OSTaskNameEn                             0x0802bcea   Data           2  os_dbg.o(.constdata)
    OSTaskStatEn                             0x0802bcec   Data           2  os_dbg.o(.constdata)
    OSTaskStatStkSize                        0x0802bcee   Data           2  os_dbg.o(.constdata)
    OSTaskStatStkChkEn                       0x0802bcf0   Data           2  os_dbg.o(.constdata)
    OSTaskSwHookEn                           0x0802bcf2   Data           2  os_dbg.o(.constdata)
    OSTCBPrioTblMax                          0x0802bcf4   Data           2  os_dbg.o(.constdata)
    OSTCBSize                                0x0802bcf6   Data           2  os_dbg.o(.constdata)
    OSTicksPerSec                            0x0802bcf8   Data           2  os_dbg.o(.constdata)
    OSTimeTickHookEn                         0x0802bcfa   Data           2  os_dbg.o(.constdata)
    OSVersionNbr                             0x0802bcfc   Data           2  os_dbg.o(.constdata)
    OSTmrEn                                  0x0802bcfe   Data           2  os_dbg.o(.constdata)
    OSTmrCfgMax                              0x0802bd00   Data           2  os_dbg.o(.constdata)
    OSTmrCfgNameEn                           0x0802bd02   Data           2  os_dbg.o(.constdata)
    OSTmrCfgWheelSize                        0x0802bd04   Data           2  os_dbg.o(.constdata)
    OSTmrCfgTicksPerSec                      0x0802bd06   Data           2  os_dbg.o(.constdata)
    OSTmrSize                                0x0802bd08   Data           2  os_dbg.o(.constdata)
    OSTmrTblSize                             0x0802bd0a   Data           2  os_dbg.o(.constdata)
    OSTmrWheelSize                           0x0802bd0c   Data           2  os_dbg.o(.constdata)
    OSTmrWheelTblSize                        0x0802bd0e   Data           2  os_dbg.o(.constdata)
    OSDataSize                               0x0802bd10   Data           2  os_dbg.o(.constdata)
    Region$$Table$$Base                      0x0802c69c   Number         0  anon$$obj.o(Region$$Table)
    Region$$Table$$Limit                     0x0802c6bc   Number         0  anon$$obj.o(Region$$Table)
    __ctype                                  0x0802c6c9   Data           0  lc_ctype_c.o(locale$$data)
    g_uart_poweron_test_event                0x200000c0   Data           4  app_control_board.o(.data)
    g_uart_suit_load_event                   0x200000c4   Data           4  app_control_board.o(.data)
    g_uart_begin_suit_test_event             0x200000c8   Data           4  app_control_board.o(.data)
    g_uart_ac_priming_event                  0x200000cc   Data           4  app_control_board.o(.data)
    g_uart_connect_donor_event               0x200000d0   Data           4  app_control_board.o(.data)
    g_uart_start_collect_event               0x200000d4   Data           4  app_control_board.o(.data)
    g_uart_reset_machine_event               0x200000d8   Data           4  app_control_board.o(.data)
    g_uart_stop_run_event                    0x200000dc   Data           4  app_control_board.o(.data)
    g_uart_pause_run_event                   0x200000e0   Data           4  app_control_board.o(.data)
    g_uart_continue_run_event                0x200000e4   Data           4  app_control_board.o(.data)
    g_uart_mute_event                        0x200000e8   Data           4  app_control_board.o(.data)
    g_uart_unload_event                      0x200000ec   Data           4  app_control_board.o(.data)
    g_uart_show_result                       0x200000f0   Data           4  app_control_board.o(.data)
    g_uart_acknak_flag                       0x200000f4   Data           4  app_control_board.o(.data)
    g_canopen_centri_full_event              0x200000f8   Data           4  app_control_board.o(.data)
    g_canopen_centri_empty_event             0x200000fc   Data           4  app_control_board.o(.data)
    g_canopen_upper_liquid_event             0x20000100   Data           4  app_control_board.o(.data)
    g_canopen_lower_liquid_event             0x20000104   Data           4  app_control_board.o(.data)
    g_arm1_acknak_flag                       0x20000108   Data           4  app_control_board.o(.data)
    g_arm2_acknak_flag                       0x2000010c   Data           4  app_control_board.o(.data)
    g_arm3_acknak_flag                       0x20000110   Data           4  app_control_board.o(.data)
    g_run_status                             0x20000114   Data           1  app_control_board.o(.data)
    g_pause_status                           0x20000115   Data           1  app_control_board.o(.data)
    g_tmr_pause                              0x20000118   Data           4  app_control_board.o(.data)
    g_feedback_event                         0x2000011c   Data           4  app_control_board.o(.data)
    g_test_canal_pressure_event              0x20000120   Data           4  app_control_board.o(.data)
    g_feedback_pressure_immediate            0x20000124   Data           4  app_control_board.o(.data)
    g_comm_sync_state                        0x20000128   Data           1  app_control_board.o(.data)
    g_centri_speed                           0x2000012a   Data           2  app_control_board.o(.data)
    g_arm1_rpdo1_data                        0x2000012c   Data           8  app_control_board.o(.data)
    g_arm1_rpdo2_data                        0x20000134   Data           8  app_control_board.o(.data)
    g_arm1_rpdo3_data                        0x2000013c   Data           8  app_control_board.o(.data)
    g_arm1_rpdo6_data                        0x20000144   Data           8  app_control_board.o(.data)
    g_arm2_rpdo1_data                        0x2000014c   Data           8  app_control_board.o(.data)
    g_arm2_rpdo2_data                        0x20000154   Data           8  app_control_board.o(.data)
    g_arm2_rpdo3_data                        0x2000015c   Data           8  app_control_board.o(.data)
    g_arm2_rpdo6_data                        0x20000164   Data           8  app_control_board.o(.data)
    g_arm3_rpdo1_data                        0x2000016c   Data           8  app_control_board.o(.data)
    g_arm3_rpdo2_data                        0x20000174   Data           8  app_control_board.o(.data)
    g_arm3_rpdo3_data                        0x2000017c   Data           8  app_control_board.o(.data)
    g_arm3_rpdo6_data                        0x20000184   Data           8  app_control_board.o(.data)
    g_poweron_status                         0x2000018c   Data           1  app_control_board.o(.data)
    g_uart_error_code                        0x2000018d   Data           8  app_control_board.o(.data)
    g_usr_tmr_keyPress                       0x200001f8   Data           4  app_control_key_press.o(.data)
    g_key_press_type                         0x200001fc   Data           1  app_control_key_press.o(.data)
    g_user_tmr_signal                        0x20000200   Data           4  app_user_tmr.o(.data)
    g_user_time                              0x20000204   Data           4  app_user_tmr.o(.data)
    tmr_test_cancal_protect                  0x20000208   Data           4  app_control_set_canal.o(.data)
    sem_test_cancel_protect                  0x2000022c   Data           4  app_trouble_shooting.o(.data)
    Shell_ModuleCmdUsedPoolPtr               0x20000230   Data           4  shell.o(.data)
    Shell_ModuleCmdFreePoolPtr               0x20000234   Data           4  shell.o(.data)
    g_ulTraceLevel                           0x2000092c   Data           4  cifxinit.o(.data)
    g_ulDeviceCount                          0x20000930   Data           4  cifxinit.o(.data)
    g_pptDevices                             0x20000934   Data           4  cifxinit.o(.data)
    g_tDriverInfo                            0x20000938   Data           8  cifxinit.o(.data)
    g_pvTkitLock                             0x20000940   Data           4  cifxinit.o(.data)
    OSCtxSwCtr                               0x20000944   Data           4  os_core.o(.data)
    OSEventFreeList                          0x20000948   Data           4  os_core.o(.data)
    OSFlagFreeList                           0x2000094c   Data           4  os_core.o(.data)
    OSCPUUsage                               0x20000950   Data           1  os_core.o(.data)
    OSIdleCtrMax                             0x20000954   Data           4  os_core.o(.data)
    OSIdleCtrRun                             0x20000958   Data           4  os_core.o(.data)
    OSStatRdy                                0x2000095c   Data           1  os_core.o(.data)
    OSIntNesting                             0x2000095d   Data           1  os_core.o(.data)
    OSLockNesting                            0x2000095e   Data           1  os_core.o(.data)
    OSPrioCur                                0x2000095f   Data           1  os_core.o(.data)
    OSPrioHighRdy                            0x20000960   Data           1  os_core.o(.data)
    OSRdyGrp                                 0x20000962   Data           2  os_core.o(.data)
    OSRunning                                0x20000964   Data           1  os_core.o(.data)
    OSTaskCtr                                0x20000965   Data           1  os_core.o(.data)
    OSIdleCtr                                0x20000968   Data           4  os_core.o(.data)
    OSTCBCur                                 0x2000096c   Data           4  os_core.o(.data)
    OSTCBFreeList                            0x20000970   Data           4  os_core.o(.data)
    OSTCBHighRdy                             0x20000974   Data           4  os_core.o(.data)
    OSTCBList                                0x20000978   Data           4  os_core.o(.data)
    OSTickStepState                          0x2000097c   Data           1  os_core.o(.data)
    OSMemFreeList                            0x20000980   Data           4  os_core.o(.data)
    OSQFreeList                              0x20000984   Data           4  os_core.o(.data)
    OSTaskRegNextAvailID                     0x20000988   Data           1  os_core.o(.data)
    OSTime                                   0x2000098c   Data           4  os_core.o(.data)
    OSTmrFree                                0x20000990   Data           2  os_core.o(.data)
    OSTmrUsed                                0x20000992   Data           2  os_core.o(.data)
    OSTmrTime                                0x20000994   Data           4  os_core.o(.data)
    OSTmrSem                                 0x20000998   Data           4  os_core.o(.data)
    OSTmrSemSignal                           0x2000099c   Data           4  os_core.o(.data)
    OSTmrFreeList                            0x200009a0   Data           4  os_core.o(.data)
    OS_CPU_ExceptStkBase                     0x200009a4   Data           4  os_cpu_c.o(.data)
    SystemCoreClock                          0x200009ac   Data           4  system_stm32f2xx.o(.data)
    AHBPrescTable                            0x200009b0   Data          16  system_stm32f2xx.o(.data)
    g_ratio_parse                            0x200022e0   Data          20  app_control_board.o(.bss)
    g_uart_cycle_back                        0x200022f4   Data          16  app_control_board.o(.bss)
    g_uart_final_back                        0x20002304   Data          12  app_control_board.o(.bss)
    g_cur_program_param                      0x20002310   Data          28  app_control_board.o(.bss)
    g_total_distance_return                  0x2000232c   Data          10  app_control_board.o(.bss)
    g_total_distance_calc                    0x20002336   Data          10  app_control_board.o(.bss)
    g_uart_cmd_data                          0x20008acc   Data          13  app_cmd_send.o(.bss)
    g_arm1_cmd_data                          0x200092dc   Data          50  app_cmd_send.o(.bss)
    g_arm2_cmd_data                          0x20009b10   Data          50  app_cmd_send.o(.bss)
    g_arm3_cmd_data                          0x2000a344   Data          50  app_cmd_send.o(.bss)
    g_flow_speedTable                        0x2000ab78   Data          90  app_control_speed_table.o(.bss)
    g_user_tmr_array                         0x2000abd4   Data         420  app_user_tmr.o(.bss)
    Shell_ModuleCmdTbl                       0x2000c598   Data         192  shell.o(.bss)
    OSEventTbl                               0x2000ce58   Data        3360  os_core.o(.bss)
    OSFlagTbl                                0x2000db78   Data          80  os_core.o(.bss)
    OSTaskStatStk                            0x2000dbc8   Data         512  os_core.o(.bss)
    OSRdyTbl                                 0x2000ddc8   Data          10  os_core.o(.bss)
    OSTaskIdleStk                            0x2000ddd4   Data         512  os_core.o(.bss)
    OSTCBPrioTbl                             0x2000dfd4   Data         260  os_core.o(.bss)
    OSTCBTbl                                 0x2000e0d8   Data        4784  os_core.o(.bss)
    OSMemTbl                                 0x2000f388   Data         120  os_core.o(.bss)
    OSQTbl                                   0x2000f400   Data         480  os_core.o(.bss)
    OSTmrTbl                                 0x2000f5e0   Data         640  os_core.o(.bss)
    OSTmrTaskStk                             0x2000f860   Data        1024  os_core.o(.bss)
    OSTmrWheelTbl                            0x2000fc60   Data          64  os_core.o(.bss)
    OS_CPU_ExceptStk                         0x2000fca0   Data          16  os_cpu_c.o(.bss)
    __libspace_start                         0x2000fcb0   Data          96  libspace.o(.bss)
    __temporary_stack_top$libspace           0x2000fd10   Data           0  libspace.o(.bss)



==============================================================================

Memory Map of the image

  Image Entry point : 0x08000185

  Load Region LR_IROM1 (Base: 0x08000000, Size: 0x0002d1a8, Max: 0x00100000, ABSOLUTE, COMPRESSED[0x0002cea4])

    Execution Region ER_IROM1 (Base: 0x08000000, Size: 0x0002c7e8, Max: 0x00100000, ABSOLUTE)

    Base Addr    Size         Type   Attr      Idx    E Section Name        Object

    0x08000000   0x00000184   Data   RO          228    RESET               startup_stm32f2xx.o
    0x08000184   0x00000008   Code   RO          321  * !!!main             c_w.l(__main.o)
    0x0800018c   0x00000034   Code   RO          560    !!!scatter          c_w.l(__scatter.o)
    0x080001c0   0x0000005a   Code   RO          559    !!dczerorl2         c_w.l(__dczerorl2.o)
    0x0800021a   0x00000002   PAD
    0x0800021c   0x0000001c   Code   RO          561    !!handler_zi        c_w.l(__scatter_zi.o)
    0x08000238   0x00000000   Code   RO          305    .ARM.Collect$$_printf_percent$$00000000  c_w.l(_printf_percent.o)
    0x08000238   0x00000006   Code   RO          372    .ARM.Collect$$_printf_percent$$00000001  c_w.l(_printf_n.o)
    0x0800023e   0x00000006   Code   RO          373    .ARM.Collect$$_printf_percent$$00000002  c_w.l(_printf_p.o)
    0x08000244   0x00000006   Code   RO          377    .ARM.Collect$$_printf_percent$$00000003  c_w.l(_printf_f.o)
    0x0800024a   0x00000006   Code   RO          378    .ARM.Collect$$_printf_percent$$00000004  c_w.l(_printf_e.o)
    0x08000250   0x00000006   Code   RO          379    .ARM.Collect$$_printf_percent$$00000005  c_w.l(_printf_g.o)
    0x08000256   0x00000006   Code   RO          380    .ARM.Collect$$_printf_percent$$00000006  c_w.l(_printf_a.o)
    0x0800025c   0x0000000a   Code   RO          385    .ARM.Collect$$_printf_percent$$00000007  c_w.l(_printf_ll.o)
    0x08000266   0x00000006   Code   RO          375    .ARM.Collect$$_printf_percent$$00000008  c_w.l(_printf_i.o)
    0x0800026c   0x00000006   Code   RO          304    .ARM.Collect$$_printf_percent$$00000009  c_w.l(_printf_d.o)
    0x08000272   0x00000006   Code   RO          376    .ARM.Collect$$_printf_percent$$0000000A  c_w.l(_printf_u.o)
    0x08000278   0x00000006   Code   RO          374    .ARM.Collect$$_printf_percent$$0000000B  c_w.l(_printf_o.o)
    0x0800027e   0x00000006   Code   RO          303    .ARM.Collect$$_printf_percent$$0000000C  c_w.l(_printf_x.o)
    0x08000284   0x00000006   Code   RO          382    .ARM.Collect$$_printf_percent$$0000000D  c_w.l(_printf_lli.o)
    0x0800028a   0x00000006   Code   RO          383    .ARM.Collect$$_printf_percent$$0000000E  c_w.l(_printf_lld.o)
    0x08000290   0x00000006   Code   RO          384    .ARM.Collect$$_printf_percent$$0000000F  c_w.l(_printf_llu.o)
    0x08000296   0x00000006   Code   RO          389    .ARM.Collect$$_printf_percent$$00000010  c_w.l(_printf_llo.o)
    0x0800029c   0x00000006   Code   RO          390    .ARM.Collect$$_printf_percent$$00000011  c_w.l(_printf_llx.o)
    0x080002a2   0x0000000a   Code   RO          386    .ARM.Collect$$_printf_percent$$00000012  c_w.l(_printf_l.o)
    0x080002ac   0x00000006   Code   RO          371    .ARM.Collect$$_printf_percent$$00000013  c_w.l(_printf_c.o)
    0x080002b2   0x00000006   Code   RO          302    .ARM.Collect$$_printf_percent$$00000014  c_w.l(_printf_s.o)
    0x080002b8   0x00000006   Code   RO          387    .ARM.Collect$$_printf_percent$$00000015  c_w.l(_printf_lc.o)
    0x080002be   0x00000006   Code   RO          388    .ARM.Collect$$_printf_percent$$00000016  c_w.l(_printf_ls.o)
    0x080002c4   0x00000004   Code   RO          381    .ARM.Collect$$_printf_percent$$00000017  c_w.l(_printf_percent_end.o)
    0x080002c8   0x00000002   Code   RO          513    .ARM.Collect$$libinit$$00000000  c_w.l(libinit.o)
    0x080002ca   0x00000000   Code   RO          395    .ARM.Collect$$libinit$$00000002  c_w.l(libinit2.o)
    0x080002ca   0x00000008   Code   RO          396    .ARM.Collect$$libinit$$00000003  c_w.l(libinit2.o)
    0x080002d2   0x00000000   Code   RO          398    .ARM.Collect$$libinit$$00000008  c_w.l(libinit2.o)
    0x080002d2   0x00000000   Code   RO          400    .ARM.Collect$$libinit$$0000000A  c_w.l(libinit2.o)
    0x080002d2   0x00000000   Code   RO          402    .ARM.Collect$$libinit$$0000000C  c_w.l(libinit2.o)
    0x080002d2   0x00000006   Code   RO          403    .ARM.Collect$$libinit$$0000000D  c_w.l(libinit2.o)
    0x080002d8   0x00000000   Code   RO          405    .ARM.Collect$$libinit$$0000000F  c_w.l(libinit2.o)
    0x080002d8   0x0000000c   Code   RO          406    .ARM.Collect$$libinit$$00000010  c_w.l(libinit2.o)
    0x080002e4   0x00000000   Code   RO          407    .ARM.Collect$$libinit$$00000011  c_w.l(libinit2.o)
    0x080002e4   0x00000000   Code   RO          409    .ARM.Collect$$libinit$$00000013  c_w.l(libinit2.o)
    0x080002e4   0x0000000a   Code   RO          410    .ARM.Collect$$libinit$$00000014  c_w.l(libinit2.o)
    0x080002ee   0x00000000   Code   RO          411    .ARM.Collect$$libinit$$00000015  c_w.l(libinit2.o)
    0x080002ee   0x00000000   Code   RO          413    .ARM.Collect$$libinit$$00000017  c_w.l(libinit2.o)
    0x080002ee   0x00000000   Code   RO          415    .ARM.Collect$$libinit$$00000019  c_w.l(libinit2.o)
    0x080002ee   0x00000000   Code   RO          417    .ARM.Collect$$libinit$$0000001B  c_w.l(libinit2.o)
    0x080002ee   0x00000000   Code   RO          419    .ARM.Collect$$libinit$$0000001D  c_w.l(libinit2.o)
    0x080002ee   0x00000000   Code   RO          421    .ARM.Collect$$libinit$$0000001F  c_w.l(libinit2.o)
    0x080002ee   0x00000000   Code   RO          423    .ARM.Collect$$libinit$$00000021  c_w.l(libinit2.o)
    0x080002ee   0x00000000   Code   RO          425    .ARM.Collect$$libinit$$00000023  c_w.l(libinit2.o)
    0x080002ee   0x00000000   Code   RO          429    .ARM.Collect$$libinit$$0000002A  c_w.l(libinit2.o)
    0x080002ee   0x00000000   Code   RO          431    .ARM.Collect$$libinit$$0000002C  c_w.l(libinit2.o)
    0x080002ee   0x00000000   Code   RO          433    .ARM.Collect$$libinit$$0000002E  c_w.l(libinit2.o)
    0x080002ee   0x00000000   Code   RO          435    .ARM.Collect$$libinit$$00000030  c_w.l(libinit2.o)
    0x080002ee   0x00000002   Code   RO          436    .ARM.Collect$$libinit$$00000031  c_w.l(libinit2.o)
    0x080002f0   0x00000002   Code   RO          556    .ARM.Collect$$libshutdown$$00000000  c_w.l(libshutdown.o)
    0x080002f2   0x00000000   Code   RO          525    .ARM.Collect$$libshutdown$$00000003  c_w.l(libshutdown2.o)
    0x080002f2   0x00000000   Code   RO          528    .ARM.Collect$$libshutdown$$00000006  c_w.l(libshutdown2.o)
    0x080002f2   0x00000000   Code   RO          531    .ARM.Collect$$libshutdown$$00000009  c_w.l(libshutdown2.o)
    0x080002f2   0x00000000   Code   RO          533    .ARM.Collect$$libshutdown$$0000000B  c_w.l(libshutdown2.o)
    0x080002f2   0x00000000   Code   RO          536    .ARM.Collect$$libshutdown$$0000000E  c_w.l(libshutdown2.o)
    0x080002f2   0x00000002   Code   RO          537    .ARM.Collect$$libshutdown$$0000000F  c_w.l(libshutdown2.o)
    0x080002f4   0x00000000   Code   RO          340    .ARM.Collect$$rtentry$$00000000  c_w.l(rtentry.o)
    0x080002f4   0x00000000   Code   RO          448    .ARM.Collect$$rtentry$$00000002  c_w.l(rtentry2.o)
    0x080002f4   0x00000006   Code   RO          460    .ARM.Collect$$rtentry$$00000004  c_w.l(rtentry4.o)
    0x080002fa   0x00000000   Code   RO          450    .ARM.Collect$$rtentry$$00000009  c_w.l(rtentry2.o)
    0x080002fa   0x00000004   Code   RO          451    .ARM.Collect$$rtentry$$0000000A  c_w.l(rtentry2.o)
    0x080002fe   0x00000000   Code   RO          453    .ARM.Collect$$rtentry$$0000000C  c_w.l(rtentry2.o)
    0x080002fe   0x00000008   Code   RO          454    .ARM.Collect$$rtentry$$0000000D  c_w.l(rtentry2.o)
    0x08000306   0x00000002   Code   RO          517    .ARM.Collect$$rtexit$$00000000  c_w.l(rtexit.o)
    0x08000308   0x00000000   Code   RO          540    .ARM.Collect$$rtexit$$00000002  c_w.l(rtexit2.o)
    0x08000308   0x00000004   Code   RO          541    .ARM.Collect$$rtexit$$00000003  c_w.l(rtexit2.o)
    0x0800030c   0x00000006   Code   RO          542    .ARM.Collect$$rtexit$$00000004  c_w.l(rtexit2.o)
    0x08000312   0x00000002   PAD
    0x08000314   0x00000000   Code   RO          466    .emb_text           c_w.l(maybetermalloc1.o)
    0x08000314   0x000003c4   Code   RO            2    .text               app.o
    0x080006d8   0x00001a50   Code   RO            5    .text               app_shell.o
    0x08002128   0x00000554   Code   RO           11    .text               app_usart_dma_route.o
    0x0800267c   0x000007e4   Code   RO           15    .text               app_cmd_analysis.o
    0x08002e60   0x000000c0   Code   RO           17    .text               app_control_board.o
    0x08002f20   0x00000094   Code   RO           21    .text               app_led.o
    0x08002fb4   0x00000e04   Code   RO           24    .text               app_control_pdo_callback.o
    0x08003db8   0x000001a8   Code   RO           26    .text               app_control_flow.o
    0x08003f60   0x0000068c   Code   RO           29    .text               app_control_monitor.o
    0x080045ec   0x00001758   Code   RO           34    .text               app_comx100.o
    0x08005d44   0x00000d40   Code   RO           40    .text               app_control_adjust_implement.o
    0x08006a84   0x000001e8   Code   RO           43    .text               app_control_common_function.o
    0x08006c6c   0x00000550   Code   RO           46    .text               app_control_timing_back.o
    0x080071bc   0x00000d64   Code   RO           51    .text               app_cmd_send.o
    0x08007f20   0x00001828   Code   RO           55    .text               app_control_pump.o
    0x08009748   0x000002fc   Code   RO           57    .text               app_control_key_press.o
    0x08009a44   0x00000520   Code   RO           60    .text               app_control_poweron_test.o
    0x08009f64   0x00000d8c   Code   RO           62    .text               app_control_speed_table.o
    0x0800acf0   0x00000340   Code   RO           66    .text               app_user_tmr.o
    0x0800b030   0x00001a4c   Code   RO           70    .text               app_control_blood_collect.o
    0x0800ca7c   0x000007c0   Code   RO           72    .text               app_control_set_canal.o
    0x0800d23c   0x00000320   Code   RO           76    .text               app_control_global_state.o
    0x0800d55c   0x00000280   Code   RO           79    .text               app_buzzer_ring.o
    0x0800d7dc   0x000009c4   Code   RO           83    .text               app_control_feedback.o
    0x0800e1a0   0x000006ac   Code   RO           86    .text               app_control_cali_pump.o
    0x0800e84c   0x00000150   Code   RO           90    .text               app_trouble_shooting.o
    0x0800e99c   0x00000012   Code   RO           96    .text               main.o
    0x0800e9ae   0x00000002   PAD
    0x0800e9b0   0x000003d0   Code   RO           98    .text               shell.o
    0x0800ed80   0x000002e8   Code   RO          102    .text               stm32f2xx_it.o
    0x0800f068   0x000002c4   Code   RO          104    .text               trace.o
    0x0800f32c   0x0000007c   Code   RO          108    .text               bsp.o
    0x0800f3a8   0x000002f8   Code   RO          114    .text               comx100.o
    0x0800f6a0   0x00000258   Code   RO          116    .text               gpio.o
    0x0800f8f8   0x00000698   Code   RO          120    .text               usart.o
    0x0800ff90   0x000003ac   Code   RO          135    .text               rtc.o
    0x0801033c   0x00000050   Code   RO          138    .text               bell.o
    0x0801038c   0x000001ec   Code   RO          140    .text               misc.o
    0x08010578   0x0000030c   Code   RO          144    .text               stm32f2xx_exti.o
    0x08010884   0x00000db8   Code   RO          146    .text               stm32f2xx_fsmc.o
    0x0801163c   0x00000916   Code   RO          148    .text               stm32f2xx_gpio.o
    0x08011f52   0x00000002   PAD
    0x08011f54   0x00000eac   Code   RO          150    .text               stm32f2xx_usart.o
    0x08012e00   0x00000d78   Code   RO          154    .text               stm32f2xx_rcc.o
    0x08013b78   0x00000184   Code   RO          159    .text               stm32f2xx_syscfg.o
    0x08013cfc   0x00003290   Code   RO          161    .text               stm32f2xx_tim.o
    0x08016f8c   0x000013b4   Code   RO          165    .text               stm32f2xx_dma.o
    0x08018340   0x00001334   Code   RO          167    .text               stm32f2xx_rtc.o
    0x08019674   0x00000208   Code   RO          169    .text               stm32f2xx_pwr.o
    0x0801987c   0x00001080   Code   RO          171    .text               stm32f2xx_adc.o
    0x0801a8fc   0x00000fc4   Code   RO          173    .text               cifxdownload.o
    0x0801b8c0   0x0000000a   Code   RO          177    .text               cifxendianess.o
    0x0801b8ca   0x00000002   PAD
    0x0801b8cc   0x00001c3c   Code   RO          179    .text               cifxfunctions.o
    0x0801d508   0x00001630   Code   RO          184    .text               cifxhwfunctions.o
    0x0801eb38   0x00003534   Code   RO          187    .text               cifxinit.o
    0x0802206c   0x00000630   Code   RO          191    .text               cifxinterrupt.o
    0x0802269c   0x00000a24   Code   RO          193    .text               md5.o
    0x080230c0   0x000000a8   Code   RO          196    .text               tkituser_custom.o
    0x08023168   0x0000041c   Code   RO          198    .text               os_custom.o
    0x08023584   0x00000e20   Code   RO          204    .text               os_core.o
    0x080243a4   0x0000087c   Code   RO          208    .text               os_flag.o
    0x08024c20   0x0000042c   Code   RO          209    .text               os_mbox.o
    0x0802504c   0x00000258   Code   RO          210    .text               os_mem.o
    0x080252a4   0x00000690   Code   RO          211    .text               os_mutex.o
    0x08025934   0x00000654   Code   RO          212    .text               os_q.o
    0x08025f88   0x000003e0   Code   RO          213    .text               os_sem.o
    0x08026368   0x0000097c   Code   RO          214    .text               os_task.o
    0x08026ce4   0x000001dc   Code   RO          215    .text               os_time.o
    0x08026ec0   0x00000734   Code   RO          216    .text               os_tmr.o
    0x080275f4   0x000000a4   Code   RO          217    .text               os_cpu_a.o
    0x08027698   0x000000f8   Code   RO          218    .text               os_cpu_c.o
    0x08027790   0x0000015c   Code   RO          221    .text               os_dbg.o
    0x080278ec   0x000001e0   Code   RO          224    .text               system_stm32f2xx.o
    0x08027acc   0x00000050   Code   RO          229    .text               startup_stm32f2xx.o
    0x08027b1c   0x0000005e   Code   RO          235    .text               c_w.l(h1_alloc.o)
    0x08027b7a   0x0000004e   Code   RO          236    .text               c_w.l(h1_free.o)
    0x08027bc8   0x000000b8   Code   RO          237    .text               c_w.l(h1_realloc.o)
    0x08027c80   0x0000001a   Code   RO          267    .text               c_w.l(tolower.o)
    0x08027c9a   0x00000002   PAD
    0x08027c9c   0x00000034   Code   RO          268    .text               c_w.l(c89vsnprintf.o)
    0x08027cd0   0x00000038   Code   RO          269    .text               c_w.l(__2snprintf.o)
    0x08027d08   0x00000052   Code   RO          272    .text               c_w.l(_printf_pad.o)
    0x08027d5a   0x00000052   Code   RO          273    .text               c_w.l(_printf_str.o)
    0x08027dac   0x00000078   Code   RO          274    .text               c_w.l(_printf_dec.o)
    0x08027e24   0x0000009c   Code   RO          287    .text               c_w.l(_printf_hex_int_ll_ptr.o)
    0x08027ec0   0x0000018c   Code   RO          300    .text               c_w.l(__printf_flags_ss_wp.o)
    0x0802804c   0x0000001a   Code   RO          306    .text               c_w.l(atoi.o)
    0x08028066   0x00000070   Code   RO          307    .text               c_w.l(strtol.o)
    0x080280d6   0x00000058   Code   RO          308    .text               c_w.l(memcmp.o)
    0x0802812e   0x00000048   Code   RO          309    .text               c_w.l(strcpy.o)
    0x08028176   0x0000003e   Code   RO          310    .text               c_w.l(strlen.o)
    0x080281b4   0x00000096   Code   RO          311    .text               c_w.l(strncmp.o)
    0x0802824a   0x0000008a   Code   RO          312    .text               c_w.l(rt_memcpy_v6.o)
    0x080282d4   0x00000084   Code   RO          313    .text               c_w.l(rt_memmove_v6.o)
    0x08028358   0x00000064   Code   RO          314    .text               c_w.l(rt_memcpy_w.o)
    0x080283bc   0x00000010   Code   RO          315    .text               c_w.l(aeabi_memset.o)
    0x080283cc   0x00000044   Code   RO          316    .text               c_w.l(rt_memclr.o)
    0x08028410   0x0000004e   Code   RO          317    .text               c_w.l(rt_memclr_w.o)
    0x0802845e   0x00000056   Code   RO          318    .text               c_w.l(strncpy.o)
    0x080284b4   0x00000080   Code   RO          319    .text               c_w.l(strcmpv7m.o)
    0x08028534   0x00000006   Code   RO          320    .text               c_w.l(heapauxi.o)
    0x0802853a   0x00000002   PAD
    0x0802853c   0x00000010   Code   RO          341    .text               c_w.l(rt_ctype_table.o)
    0x0802854c   0x00000008   Code   RO          344    .text               c_w.l(rt_heap_descriptor_intlibspace.o)
    0x08028554   0x00000008   Code   RO          347    .text               c_w.l(rt_errno_addr_intlibspace.o)
    0x0802855c   0x00000004   Code   RO          348    .text               c_w.l(hguard.o)
    0x08028560   0x0000008a   Code   RO          349    .text               c_w.l(init_alloc.o)
    0x080285ea   0x0000000e   Code   RO          351    .text               c_w.l(h1_init.o)
    0x080285f8   0x00000024   Code   RO          358    .text               c_w.l(_printf_truncate.o)
    0x0802861c   0x000000b8   Code   RO          359    .text               c_w.l(_printf_intcommon.o)
    0x080286d4   0x0000002a   Code   RO          360    .text               c_w.l(_printf_charcount.o)
    0x080286fe   0x00000002   PAD
    0x08028700   0x00000030   Code   RO          361    .text               c_w.l(_printf_char_common.o)
    0x08028730   0x0000000a   Code   RO          362    .text               c_w.l(_sputc.o)
    0x0802873a   0x00000010   Code   RO          363    .text               c_w.l(_snputc.o)
    0x0802874a   0x0000002c   Code   RO          364    .text               c_w.l(_printf_char.o)
    0x08028776   0x00000002   PAD
    0x08028778   0x000000bc   Code   RO          365    .text               c_w.l(_printf_wctomb.o)
    0x08028834   0x00000078   Code   RO          367    .text               c_w.l(_printf_longlong_dec.o)
    0x080288ac   0x00000078   Code   RO          370    .text               c_w.l(_printf_oct_int_ll.o)
    0x08028924   0x0000009e   Code   RO          391    .text               c_w.l(_strtoul.o)
    0x080289c2   0x0000007a   Code   RO          392    .text               c_w.l(rt_memmove_w.o)
    0x08028a3c   0x00000008   Code   RO          445    .text               c_w.l(libspace.o)
    0x08028a44   0x00000008   Code   RO          464    .text               c_w.l(rt_locale_intlibspace.o)
    0x08028a4c   0x00000034   Code   RO          468    .text               c_w.l(h1_extend.o)
    0x08028a80   0x0000008a   Code   RO          470    .text               c_w.l(lludiv10.o)
    0x08028b0a   0x00000420   Code   RO          471    .text               c_w.l(_printf_fp_dec.o)
    0x08028f2a   0x0000002c   Code   RO          473    .text               c_w.l(_printf_wchar.o)
    0x08028f56   0x0000001c   Code   RO          474    .text               c_w.l(_chval.o)
    0x08028f72   0x00000040   Code   RO          475    .text               c_w.l(_wcrtomb.o)
    0x08028fb2   0x0000000e   Code   RO          478    .text               c_w.l(defsig_rtmem_outer.o)
    0x08028fc0   0x00000002   Code   RO          484    .text               c_w.l(use_no_semi.o)
    0x08028fc2   0x00000000   Code   RO          485    .text               c_w.l(indicate_semi.o)
    0x08028fc2   0x0000004a   Code   RO          486    .text               c_w.l(sys_stackheap_outer.o)
    0x0802900c   0x00000080   Code   RO          489    .text               c_w.l(_printf_fp_infnan.o)
    0x0802908c   0x000000e4   Code   RO          490    .text               c_w.l(bigflt0.o)
    0x08029170   0x0000000c   Code   RO          505    .text               c_w.l(exit.o)
    0x0802917c   0x0000000a   Code   RO          506    .text               c_w.l(defsig_exit.o)
    0x08029186   0x00000002   PAD
    0x08029188   0x00000050   Code   RO          507    .text               c_w.l(defsig_rtmem_inner.o)
    0x080291d8   0x0000000c   Code   RO          516    .text               c_w.l(sys_exit.o)
    0x080291e4   0x00000032   Code   RO          522    .text               c_w.l(defsig_general.o)
    0x08029216   0x0000000e   Code   RO          538    .text               c_w.l(sys_wrch.o)
    0x08029224   0x0000003e   Code   RO          492    CL$$btod_d2e        c_w.l(btod.o)
    0x08029262   0x00000046   Code   RO          494    CL$$btod_d2e_denorm_low  c_w.l(btod.o)
    0x080292a8   0x00000060   Code   RO          493    CL$$btod_d2e_norm_op1  c_w.l(btod.o)
    0x08029308   0x00000338   Code   RO          502    CL$$btod_div_common  c_w.l(btod.o)
    0x08029640   0x000000c6   Code   RO          499    CL$$btod_e2e        c_w.l(btod.o)
    0x08029706   0x00000028   Code   RO          496    CL$$btod_ediv       c_w.l(btod.o)
    0x0802972e   0x00000028   Code   RO          495    CL$$btod_emul       c_w.l(btod.o)
    0x08029756   0x00000244   Code   RO          501    CL$$btod_mult_common  c_w.l(btod.o)
    0x0802999a   0x00000028   Code   RO          515    i.__ARM_fpclassify  m_ws.l(fpclassify.o)
    0x080299c2   0x0000000e   Code   RO          296    i._is_digit         c_w.l(__printf_wp.o)
    0x080299d0   0x0000002c   Code   RO          477    locale$$code        c_w.l(lc_ctype_c.o)
    0x080299fc   0x0000002c   Code   RO          504    locale$$code        c_w.l(lc_numeric_c.o)
    0x08029a28   0x000002b0   Code   RO          323    x$fpl$ddiv          fz_ws.l(ddiv.o)
    0x08029cd8   0x0000005a   Code   RO          324    x$fpl$dfixu         fz_ws.l(dfixu.o)
    0x08029d32   0x0000009c   Code   RO          437    x$fpl$dnaninf       fz_ws.l(dnaninf.o)
    0x08029dce   0x0000000c   Code   RO          438    x$fpl$dretinf       fz_ws.l(dretinf.o)
    0x08029dda   0x00000002   PAD
    0x08029ddc   0x00000056   Code   RO          326    x$fpl$f2d           fz_ws.l(f2d.o)
    0x08029e32   0x00000002   PAD
    0x08029e34   0x000000c4   Code   RO          327    x$fpl$fadd          fz_ws.l(faddsub_clz.o)
    0x08029ef8   0x00000018   Code   RO          439    x$fpl$fcmpinf       fz_ws.l(fcmpi.o)
    0x08029f10   0x00000184   Code   RO          331    x$fpl$fdiv          fz_ws.l(fdiv.o)
    0x0802a094   0x00000068   Code   RO          332    x$fpl$feqf          fz_ws.l(feqf.o)
    0x0802a0fc   0x0000003e   Code   RO          333    x$fpl$ffixu         fz_ws.l(ffixu.o)
    0x0802a13a   0x00000002   PAD
    0x0802a13c   0x00000030   Code   RO          336    x$fpl$fflt          fz_ws.l(fflt_clz.o)
    0x0802a16c   0x00000026   Code   RO          335    x$fpl$ffltu         fz_ws.l(fflt_clz.o)
    0x0802a192   0x00000002   PAD
    0x0802a194   0x00000102   Code   RO          338    x$fpl$fmul          fz_ws.l(fmul.o)
    0x0802a296   0x0000008c   Code   RO          440    x$fpl$fnaninf       fz_ws.l(fnaninf.o)
    0x0802a322   0x0000000a   Code   RO          441    x$fpl$fretinf       fz_ws.l(fretinf.o)
    0x0802a32c   0x000000ea   Code   RO          329    x$fpl$fsub          fz_ws.l(faddsub_clz.o)
    0x0802a416   0x00000004   Code   RO          442    x$fpl$printf1       fz_ws.l(printf1.o)
    0x0802a41a   0x00000000   Code   RO          443    x$fpl$usenofp       fz_ws.l(usenofp.o)
    0x0802a41a   0x00000002   PAD
    0x0802a41c   0x00000652   Data   RO            7    .constdata          app_shell.o
    0x0802aa6e   0x00000002   PAD
    0x0802aa70   0x00000085   Data   RO           36    .constdata          app_comx100.o
    0x0802aaf5   0x00000003   PAD
    0x0802aaf8   0x0000007c   Data   RO           48    .constdata          app_control_timing_back.o
    0x0802ab74   0x00000088   Data   RO           73    .constdata          app_control_set_canal.o
    0x0802abfc   0x00000014   Data   RO          117    .constdata          gpio.o
    0x0802ac10   0x000000a2   Data   RO          121    .constdata          usart.o
    0x0802acb2   0x00000002   PAD
    0x0802acb4   0x0000005d   Data   RO          174    .constdata          cifxdownload.o
    0x0802ad11   0x00000003   PAD
    0x0802ad14   0x000000e4   Data   RO          180    .constdata          cifxfunctions.o
    0x0802adf8   0x000002ab   Data   RO          185    .constdata          cifxhwfunctions.o
    0x0802b0a3   0x00000001   PAD
    0x0802b0a4   0x00000a6e   Data   RO          188    .constdata          cifxinit.o
    0x0802bb12   0x00000002   PAD
    0x0802bb14   0x00000048   Data   RO          192    .constdata          cifxinterrupt.o
    0x0802bb5c   0x00000044   Data   RO          194    .constdata          md5.o
    0x0802bba0   0x00000100   Data   RO          206    .constdata          os_core.o
    0x0802bca0   0x00000072   Data   RO          222    .constdata          os_dbg.o
    0x0802bd12   0x00000028   Data   RO          288    .constdata          c_w.l(_printf_hex_int_ll_ptr.o)
    0x0802bd3a   0x00000011   Data   RO          301    .constdata          c_w.l(__printf_flags_ss_wp.o)
    0x0802bd4b   0x00000001   PAD
    0x0802bd4c   0x00000008   Data   RO          366    .constdata          c_w.l(_printf_wctomb.o)
    0x0802bd54   0x00000094   Data   RO          491    .constdata          c_w.l(bigflt0.o)
    0x0802bde8   0x00000073   Data   RO            8    .conststring        app_shell.o
    0x0802be5b   0x0000083f   Data   RO          181    .conststring        cifxfunctions.o
    0x0802c69a   0x00000002   PAD
    0x0802c69c   0x00000020   Data   RO          557    Region$$Table       anon$$obj.o
    0x0802c6bc   0x00000110   Data   RO          476    locale$$data        c_w.l(lc_ctype_c.o)
    0x0802c7cc   0x0000001c   Data   RO          503    locale$$data        c_w.l(lc_numeric_c.o)


    Execution Region RW_IRAM1 (Base: 0x20000000, Size: 0x00014d10, Max: 0x00020000, ABSOLUTE, COMPRESSED[0x000006bc])

    Base Addr    Size         Type   Attr      Idx    E Section Name        Object

    0x20000000   0x00000066   Data   RW            9    .data               app_shell.o
    0x20000066   0x00000002   PAD
    0x20000068   0x00000010   Data   RW           13    .data               app_usart_dma_route.o
    0x20000078   0x0000011d   Data   RW           19    .data               app_control_board.o
    0x20000195   0x00000003   PAD
    0x20000198   0x00000008   Data   RW           31    .data               app_control_monitor.o
    0x200001a0   0x0000001c   Data   RW           37    .data               app_comx100.o
    0x200001bc   0x00000008   Data   RW           42    .data               app_control_adjust_implement.o
    0x200001c4   0x00000004   Data   RW           44    .data               app_control_common_function.o
    0x200001c8   0x00000008   Data   RW           49    .data               app_control_timing_back.o
    0x200001d0   0x00000024   Data   RW           53    .data               app_cmd_send.o
    0x200001f4   0x00000009   Data   RW           58    .data               app_control_key_press.o
    0x200001fd   0x00000001   Data   RW           64    .data               app_control_speed_table.o
    0x200001fe   0x00000002   PAD
    0x20000200   0x00000008   Data   RW           68    .data               app_user_tmr.o
    0x20000208   0x00000004   Data   RW           74    .data               app_control_set_canal.o
    0x2000020c   0x00000016   Data   RW           77    .data               app_control_global_state.o
    0x20000222   0x00000002   PAD
    0x20000224   0x00000004   Data   RW           81    .data               app_buzzer_ring.o
    0x20000228   0x00000004   Data   RW           88    .data               app_control_cali_pump.o
    0x2000022c   0x00000004   Data   RW           92    .data               app_trouble_shooting.o
    0x20000230   0x00000008   Data   RW          100    .data               shell.o
    0x20000238   0x00000004   Data   RW          106    .data               trace.o
    0x2000023c   0x0000000c   Data   RW          118    .data               gpio.o
    0x20000248   0x00000048   Data   RW          122    .data               usart.o
    0x20000290   0x00000054   Data   RW          136    .data               rtc.o
    0x200002e4   0x00000010   Data   RW          155    .data               stm32f2xx_rcc.o
    0x200002f4   0x00000400   Data   RW          175    .data               cifxdownload.o
    0x200006f4   0x00000238   Data   RW          182    .data               cifxfunctions.o
    0x2000092c   0x00000018   Data   RW          189    .data               cifxinit.o
    0x20000944   0x00000060   Data   RW          207    .data               os_core.o
    0x200009a4   0x00000006   Data   RW          220    .data               os_cpu_c.o
    0x200009aa   0x00000002   PAD
    0x200009ac   0x00000014   Data   RW          225    .data               system_stm32f2xx.o
    0x200009c0   0x00000200   Zero   RW            3    .bss                app.o
    0x20000bc0   0x00000640   Zero   RW            6    .bss                app_shell.o
    0x20001200   0x000010e0   Zero   RW           12    .bss                app_usart_dma_route.o
    0x200022e0   0x00000460   Zero   RW           18    .bss                app_control_board.o
    0x20002740   0x00000200   Zero   RW           22    .bss                app_led.o
    0x20002940   0x00000800   Zero   RW           27    .bss                app_control_flow.o
    0x20003140   0x00000860   Zero   RW           30    .bss                app_control_monitor.o
    0x200039a0   0x000040d8   Zero   RW           35    .bss                app_comx100.o
    0x20007a78   0x0000082c   Zero   RW           41    .bss                app_control_adjust_implement.o
    0x200082a4   0x00000828   Zero   RW           47    .bss                app_control_timing_back.o
    0x20008acc   0x000020ac   Zero   RW           52    .bss                app_cmd_send.o
    0x2000ab78   0x0000005a   Zero   RW           63    .bss                app_control_speed_table.o
    0x2000abd2   0x00000002   PAD
    0x2000abd4   0x000003a4   Zero   RW           67    .bss                app_user_tmr.o
    0x2000af78   0x00000214   Zero   RW           80    .bss                app_buzzer_ring.o
    0x2000b18c   0x00000800   Zero   RW           84    .bss                app_control_feedback.o
    0x2000b98c   0x0000080c   Zero   RW           87    .bss                app_control_cali_pump.o
    0x2000c198   0x00000400   Zero   RW           91    .bss                app_trouble_shooting.o
    0x2000c598   0x000000c0   Zero   RW           99    .bss                shell.o
    0x2000c658   0x00000800   Zero   RW          105    .bss                trace.o
    0x2000ce58   0x00002e48   Zero   RW          205    .bss                os_core.o
    0x2000fca0   0x00000010   Zero   RW          219    .bss                os_cpu_c.o
    0x2000fcb0   0x00000060   Zero   RW          446    .bss                c_w.l(libspace.o)
    0x2000fd10   0x00004000   Zero   RW          227    HEAP                startup_stm32f2xx.o
    0x20013d10   0x00001000   Zero   RW          226    STACK               startup_stm32f2xx.o


==============================================================================

Image component sizes


      Code (inc. data)   RO Data    RW Data    ZI Data      Debug   Object Name

       964        532          0          0        512          0   app.o
       640        120          0          4        532          0   app_buzzer_ring.o
      2020        462          0          0          0          0   app_cmd_analysis.o
      3428        534          0         36       8364          0   app_cmd_send.o
      5976       2760        133         28      16600          0   app_comx100.o
      3392        770          0          8       2092          0   app_control_adjust_implement.o
      6732       2038          0          0          0          0   app_control_blood_collect.o
       192         72          0        285       1120          0   app_control_board.o
      1708        678          0          4       2060          0   app_control_cali_pump.o
       488         16          0          4          0          0   app_control_common_function.o
      2500        264          0          0       2048          0   app_control_feedback.o
       424        230          0          0       2048          0   app_control_flow.o
       800        254          0         22          0          0   app_control_global_state.o
       764         84          0          9          0          0   app_control_key_press.o
      1676        462          0          8       2144          0   app_control_monitor.o
      3588       1072          0          0          0          0   app_control_pdo_callback.o
      1312        554          0          0          0          0   app_control_poweron_test.o
      6184        680          0          0          0          0   app_control_pump.o
      1984        710        136          4          0          0   app_control_set_canal.o
      3468         96          0          1         90          0   app_control_speed_table.o
      1360        578        124          8       2088          0   app_control_timing_back.o
       148         36          0          0        512          0   app_led.o
      6736       2318       1733        102       1600          0   app_shell.o
       336        134          0          4       1024          0   app_trouble_shooting.o
      1364        356          0         16       4320          0   app_usart_dma_route.o
       832         66          0          8        932          0   app_user_tmr.o
        80          6          0          0          0          0   bell.o
       124          8          0          0          0          0   bsp.o
      4036        604         93       1024          0          0   cifxdownload.o
        10          0          0          0          0          0   cifxendianess.o
      7228        230       2339        568          0          0   cifxfunctions.o
      5680        330        683          0          0          0   cifxhwfunctions.o
     13620       3262       2670         24          0          0   cifxinit.o
      1584          4         72          0          0          0   cifxinterrupt.o
       760         16          0          0          0          0   comx100.o
       600         16         20         12          0          0   gpio.o
        18          0          0          0          0          0   main.o
      2596        268         68          0          0          0   md5.o
       492         72          0          0          0          0   misc.o
      3616        308        256         96      11848          0   os_core.o
       164         32          0          0          0          0   os_cpu_a.o
       248         18          0          6         16          0   os_cpu_c.o
      1052         82          0          0          0          0   os_custom.o
       348        230        114          0          0          0   os_dbg.o
      2172         42          0          0          0          0   os_flag.o
      1068         20          0          0          0          0   os_mbox.o
       600         16          0          0          0          0   os_mem.o
      1680         56          0          0          0          0   os_mutex.o
      1620         32          0          0          0          0   os_q.o
       992         22          0          0          0          0   os_sem.o
      2428         82          0          0          0          0   os_task.o
       476         28          0          0          0          0   os_time.o
      1844        136          0          0          0          0   os_tmr.o
       940         40          0         84          0          0   rtc.o
       976         30          0          8        192          0   shell.o
        80         26        388          0      20480          0   startup_stm32f2xx.o
      4224        146          0          0          0          0   stm32f2xx_adc.o
      5044        346          0          0          0          0   stm32f2xx_dma.o
       780         70          0          0          0          0   stm32f2xx_exti.o
      3512        120          0          0          0          0   stm32f2xx_fsmc.o
      2326        132          0          0          0          0   stm32f2xx_gpio.o
       744        336          0          0          0          0   stm32f2xx_it.o
       520         78          0          0          0          0   stm32f2xx_pwr.o
      3448        258          0         16          0          0   stm32f2xx_rcc.o
      4916        102          0          0          0          0   stm32f2xx_rtc.o
       388         72          0          0          0          0   stm32f2xx_syscfg.o
     12944        666          0          0          0          0   stm32f2xx_tim.o
      3756        162          0          0          0          0   stm32f2xx_usart.o
       480         42          0         20          0          0   system_stm32f2xx.o
       168         12          0          0          0          0   tkituser_custom.o
       708        124          0          4       2048          0   trace.o
      1688        122        162         72          0          0   usart.o

    ----------------------------------------------------------------------
    161800      24680       9038       2496      82672          0   Object Totals
         0          0         32          0          0          0   (incl. Generated)
         6          0         15         11          2          0   (incl. Padding)

    ----------------------------------------------------------------------

      Code (inc. data)   RO Data    RW Data    ZI Data      Debug   Library Member Name

        56          6          0          0          0          0   __2snprintf.o
        90          0          0          0          0          0   __dczerorl2.o
         8          0          0          0          0          0   __main.o
       396          6         17          0          0          0   __printf_flags_ss_wp.o
        14          0          0          0          0          0   __printf_wp.o
        52          8          0          0          0          0   __scatter.o
        28          0          0          0          0          0   __scatter_zi.o
        28          0          0          0          0          0   _chval.o
         6          0          0          0          0          0   _printf_a.o
         6          0          0          0          0          0   _printf_c.o
        44          0          0          0          0          0   _printf_char.o
        48          6          0          0          0          0   _printf_char_common.o
        42          0          0          0          0          0   _printf_charcount.o
         6          0          0          0          0          0   _printf_d.o
       120         18          0          0          0          0   _printf_dec.o
         6          0          0          0          0          0   _printf_e.o
         6          0          0          0          0          0   _printf_f.o
      1056          0          0          0          0          0   _printf_fp_dec.o
       128         16          0          0          0          0   _printf_fp_infnan.o
         6          0          0          0          0          0   _printf_g.o
       156          6         40          0          0          0   _printf_hex_int_ll_ptr.o
         6          0          0          0          0          0   _printf_i.o
       184          0          0          0          0          0   _printf_intcommon.o
        10          0          0          0          0          0   _printf_l.o
         6          0          0          0          0          0   _printf_lc.o
        10          0          0          0          0          0   _printf_ll.o
         6          0          0          0          0          0   _printf_lld.o
         6          0          0          0          0          0   _printf_lli.o
         6          0          0          0          0          0   _printf_llo.o
         6          0          0          0          0          0   _printf_llu.o
         6          0          0          0          0          0   _printf_llx.o
       120         16          0          0          0          0   _printf_longlong_dec.o
         6          0          0          0          0          0   _printf_ls.o
         6          0          0          0          0          0   _printf_n.o
         6          0          0          0          0          0   _printf_o.o
       120          8          0          0          0          0   _printf_oct_int_ll.o
         6          0          0          0          0          0   _printf_p.o
        82          0          0          0          0          0   _printf_pad.o
         0          0          0          0          0          0   _printf_percent.o
         4          0          0          0          0          0   _printf_percent_end.o
         6          0          0          0          0          0   _printf_s.o
        82          0          0          0          0          0   _printf_str.o
        36          0          0          0          0          0   _printf_truncate.o
         6          0          0          0          0          0   _printf_u.o
        44          0          0          0          0          0   _printf_wchar.o
       188          6          8          0          0          0   _printf_wctomb.o
         6          0          0          0          0          0   _printf_x.o
        16          0          0          0          0          0   _snputc.o
        10          0          0          0          0          0   _sputc.o
       158          0          0          0          0          0   _strtoul.o
        64          0          0          0          0          0   _wcrtomb.o
        16          0          0          0          0          0   aeabi_memset.o
        26          0          0          0          0          0   atoi.o
       228          6        148          0          0          0   bigflt0.o
      1910        128          0          0          0          0   btod.o
        52          4          0          0          0          0   c89vsnprintf.o
        10          0          0          0          0          0   defsig_exit.o
        50          0          0          0          0          0   defsig_general.o
        80         58          0          0          0          0   defsig_rtmem_inner.o
        14          0          0          0          0          0   defsig_rtmem_outer.o
        12          0          0          0          0          0   exit.o
        94          0          0          0          0          0   h1_alloc.o
        52          0          0          0          0          0   h1_extend.o
        78          0          0          0          0          0   h1_free.o
        14          0          0          0          0          0   h1_init.o
       184          0          0          0          0          0   h1_realloc.o
         6          0          0          0          0          0   heapauxi.o
         4          0          0          0          0          0   hguard.o
         0          0          0          0          0          0   indicate_semi.o
       138          0          0          0          0          0   init_alloc.o
        44         10        272          0          0          0   lc_ctype_c.o
        44         10         28          0          0          0   lc_numeric_c.o
         2          0          0          0          0          0   libinit.o
        38          0          0          0          0          0   libinit2.o
         2          0          0          0          0          0   libshutdown.o
         2          0          0          0          0          0   libshutdown2.o
         8          4          0          0         96          0   libspace.o
       138          0          0          0          0          0   lludiv10.o
         0          0          0          0          0          0   maybetermalloc1.o
        88          0          0          0          0          0   memcmp.o
        16          4          0          0          0          0   rt_ctype_table.o
         8          4          0          0          0          0   rt_errno_addr_intlibspace.o
         8          4          0          0          0          0   rt_heap_descriptor_intlibspace.o
         8          4          0          0          0          0   rt_locale_intlibspace.o
        68          0          0          0          0          0   rt_memclr.o
        78          0          0          0          0          0   rt_memclr_w.o
       138          0          0          0          0          0   rt_memcpy_v6.o
       100          0          0          0          0          0   rt_memcpy_w.o
       132          0          0          0          0          0   rt_memmove_v6.o
       122          0          0          0          0          0   rt_memmove_w.o
         0          0          0          0          0          0   rtentry.o
        12          0          0          0          0          0   rtentry2.o
         6          0          0          0          0          0   rtentry4.o
         2          0          0          0          0          0   rtexit.o
        10          0          0          0          0          0   rtexit2.o
       128          0          0          0          0          0   strcmpv7m.o
        72          0          0          0          0          0   strcpy.o
        62          0          0          0          0          0   strlen.o
       150          0          0          0          0          0   strncmp.o
        86          0          0          0          0          0   strncpy.o
       112          0          0          0          0          0   strtol.o
        12          4          0          0          0          0   sys_exit.o
        74          0          0          0          0          0   sys_stackheap_outer.o
        14          0          0          0          0          0   sys_wrch.o
        26          0          0          0          0          0   tolower.o
         2          0          0          0          0          0   use_no_semi.o
       688        140          0          0          0          0   ddiv.o
        90          4          0          0          0          0   dfixu.o
       156          4          0          0          0          0   dnaninf.o
        12          0          0          0          0          0   dretinf.o
        86          4          0          0          0          0   f2d.o
       430          8          0          0          0          0   faddsub_clz.o
        24          0          0          0          0          0   fcmpi.o
       388         76          0          0          0          0   fdiv.o
       104          4          0          0          0          0   feqf.o
        62          4          0          0          0          0   ffixu.o
        86          0          0          0          0          0   fflt_clz.o
       258          4          0          0          0          0   fmul.o
       140          4          0          0          0          0   fnaninf.o
        10          0          0          0          0          0   fretinf.o
         4          0          0          0          0          0   printf1.o
         0          0          0          0          0          0   usenofp.o
        40          0          0          0          0          0   fpclassify.o

    ----------------------------------------------------------------------
     10896        588        514          0         96          0   Library Totals
        24          0          1          0          0          0   (incl. Padding)

    ----------------------------------------------------------------------

      Code (inc. data)   RO Data    RW Data    ZI Data      Debug   Library Name

      8294        336        513          0         96          0   c_w.l
      2538        252          0          0          0          0   fz_ws.l
        40          0          0          0          0          0   m_ws.l

    ----------------------------------------------------------------------
     10896        588        514          0         96          0   Library Totals

    ----------------------------------------------------------------------

==============================================================================


      Code (inc. data)   RO Data    RW Data    ZI Data      Debug   

    172696      25268       9552       2496      82768          0   Grand Totals
    172696      25268       9552       1724      82768          0   ELF Image Totals (compressed)
    172696      25268       9552       1724          0          0   ROM Totals

==============================================================================

    Total RO  Size (Code + RO Data)               182248 ( 177.98kB)
    Total RW  Size (RW Data + ZI Data)             85264 (  83.27kB)
    Total ROM Size (Code + RO Data + RW Data)     183972 ( 179.66kB)

==============================================================================

