<!doctype html public "-//w3c//dtd html 4.0 transitional//en">
<html><head>
<title>Static Call Graph - [.\obj\NETX.axf]</title></head>
<body><HR>
<H1>Static Call Graph for image .\obj\NETX.axf</H1><HR>
<BR><P>#&#060CALLGRAPH&#062# ARM Linker, 5.03 [Build 76]: Last Updated: Fri Jul 28 09:31:15 2017
<BR><P>
<H3>Maximum Stack Usage =          0 bytes + Unknown(Cycles, Untraceable Function Pointers)</H3><H3>
Call chain for Maximum Stack Depth:</H3>

<P>
<H3>
Mutually Recursive functions
</H3> <LI><a href="#[1e5]">USART_SendData</a>&nbsp;&nbsp;&nbsp;&rArr;&nbsp;&nbsp;&nbsp;<a href="#[ce]">assert_failed</a><BR>
 <LI><a href="#[1e4]">USART_GetFlagStatus</a>&nbsp;&nbsp;&nbsp;&rArr;&nbsp;&nbsp;&nbsp;<a href="#[ce]">assert_failed</a><BR>
 <LI><a href="#[1c4]">usart_send_data</a>&nbsp;&nbsp;&nbsp;&rArr;&nbsp;&nbsp;&nbsp;<a href="#[ce]">assert_failed</a><BR>
 <LI><a href="#[32]">ADC_IRQHandler</a>&nbsp;&nbsp;&nbsp;&rArr;&nbsp;&nbsp;&nbsp;<a href="#[32]">ADC_IRQHandler</a><BR>
</UL>
<P>
<H3>
Function Pointers
</H3><UL>
 <LI><a href="#[32]">ADC_IRQHandler</a> from startup_stm32f2xx.o(.text) referenced from startup_stm32f2xx.o(RESET)
 <LI><a href="#[9]">App_TestShellCmd</a> from app_shell.o(.text) referenced 2 times from app_shell.o(.data)
 <LI><a href="#[1a]">BusFault_Handler</a> from stm32f2xx_it.o(.text) referenced from startup_stm32f2xx.o(RESET)
 <LI><a href="#[34]">CAN1_RX0_IRQHandler</a> from startup_stm32f2xx.o(.text) referenced from startup_stm32f2xx.o(RESET)
 <LI><a href="#[35]">CAN1_RX1_IRQHandler</a> from startup_stm32f2xx.o(.text) referenced from startup_stm32f2xx.o(RESET)
 <LI><a href="#[36]">CAN1_SCE_IRQHandler</a> from startup_stm32f2xx.o(.text) referenced from startup_stm32f2xx.o(RESET)
 <LI><a href="#[33]">CAN1_TX_IRQHandler</a> from startup_stm32f2xx.o(.text) referenced from startup_stm32f2xx.o(RESET)
 <LI><a href="#[60]">CAN2_RX0_IRQHandler</a> from startup_stm32f2xx.o(.text) referenced from startup_stm32f2xx.o(RESET)
 <LI><a href="#[61]">CAN2_RX1_IRQHandler</a> from startup_stm32f2xx.o(.text) referenced from startup_stm32f2xx.o(RESET)
 <LI><a href="#[62]">CAN2_SCE_IRQHandler</a> from startup_stm32f2xx.o(.text) referenced from startup_stm32f2xx.o(RESET)
 <LI><a href="#[5f]">CAN2_TX_IRQHandler</a> from startup_stm32f2xx.o(.text) referenced from startup_stm32f2xx.o(RESET)
 <LI><a href="#[6f]">CRYP_IRQHandler</a> from startup_stm32f2xx.o(.text) referenced from startup_stm32f2xx.o(RESET)
 <LI><a href="#[6e]">DCMI_IRQHandler</a> from startup_stm32f2xx.o(.text) referenced from startup_stm32f2xx.o(RESET)
 <LI><a href="#[2b]">DMA1_Stream0_IRQHandler</a> from startup_stm32f2xx.o(.text) referenced from startup_stm32f2xx.o(RESET)
 <LI><a href="#[2c]">DMA1_Stream1_IRQHandler</a> from startup_stm32f2xx.o(.text) referenced from startup_stm32f2xx.o(RESET)
 <LI><a href="#[2d]">DMA1_Stream2_IRQHandler</a> from startup_stm32f2xx.o(.text) referenced from startup_stm32f2xx.o(RESET)
 <LI><a href="#[2e]">DMA1_Stream3_IRQHandler</a> from startup_stm32f2xx.o(.text) referenced from startup_stm32f2xx.o(RESET)
 <LI><a href="#[2f]">DMA1_Stream4_IRQHandler</a> from startup_stm32f2xx.o(.text) referenced from startup_stm32f2xx.o(RESET)
 <LI><a href="#[30]">DMA1_Stream5_IRQHandler</a> from startup_stm32f2xx.o(.text) referenced from startup_stm32f2xx.o(RESET)
 <LI><a href="#[31]">DMA1_Stream6_IRQHandler</a> from startup_stm32f2xx.o(.text) referenced from startup_stm32f2xx.o(RESET)
 <LI><a href="#[4f]">DMA1_Stream7_IRQHandler</a> from startup_stm32f2xx.o(.text) referenced from startup_stm32f2xx.o(RESET)
 <LI><a href="#[58]">DMA2_Stream0_IRQHandler</a> from adc_dac.o(.text) referenced from startup_stm32f2xx.o(RESET)
 <LI><a href="#[59]">DMA2_Stream1_IRQHandler</a> from startup_stm32f2xx.o(.text) referenced from startup_stm32f2xx.o(RESET)
 <LI><a href="#[5a]">DMA2_Stream2_IRQHandler</a> from app_usart_dma_route.o(.text) referenced from startup_stm32f2xx.o(RESET)
 <LI><a href="#[5b]">DMA2_Stream3_IRQHandler</a> from startup_stm32f2xx.o(.text) referenced from startup_stm32f2xx.o(RESET)
 <LI><a href="#[5c]">DMA2_Stream4_IRQHandler</a> from startup_stm32f2xx.o(.text) referenced from startup_stm32f2xx.o(RESET)
 <LI><a href="#[64]">DMA2_Stream5_IRQHandler</a> from startup_stm32f2xx.o(.text) referenced from startup_stm32f2xx.o(RESET)
 <LI><a href="#[65]">DMA2_Stream6_IRQHandler</a> from startup_stm32f2xx.o(.text) referenced from startup_stm32f2xx.o(RESET)
 <LI><a href="#[66]">DMA2_Stream7_IRQHandler</a> from app_usart_dma_route.o(.text) referenced from startup_stm32f2xx.o(RESET)
 <LI><a href="#[92]">DataFilter_Variance_Init</a> from datafilter_variance.o(.text) referenced 2 times from app_monitor2.o(.constdata)
 <LI><a href="#[93]">DataFilter_Variance_Update</a> from datafilter_variance.o(.text) referenced 2 times from app_monitor2.o(.constdata)
 <LI><a href="#[1d]">DebugMon_Handler</a> from stm32f2xx_it.o(.text) referenced from startup_stm32f2xx.o(RESET)
 <LI><a href="#[5d]">ETH_IRQHandler</a> from startup_stm32f2xx.o(.text) referenced from startup_stm32f2xx.o(RESET)
 <LI><a href="#[5e]">ETH_WKUP_IRQHandler</a> from startup_stm32f2xx.o(.text) referenced from startup_stm32f2xx.o(RESET)
 <LI><a href="#[26]">EXTI0_IRQHandler</a> from exti_board2.o(.text) referenced from startup_stm32f2xx.o(RESET)
 <LI><a href="#[48]">EXTI15_10_IRQHandler</a> from exti_board2.o(.text) referenced from startup_stm32f2xx.o(RESET)
 <LI><a href="#[27]">EXTI1_IRQHandler</a> from exti_board2.o(.text) referenced from startup_stm32f2xx.o(RESET)
 <LI><a href="#[28]">EXTI2_IRQHandler</a> from exti_board2.o(.text) referenced from startup_stm32f2xx.o(RESET)
 <LI><a href="#[29]">EXTI3_IRQHandler</a> from exti_board2.o(.text) referenced from startup_stm32f2xx.o(RESET)
 <LI><a href="#[2a]">EXTI4_IRQHandler</a> from exti_board2.o(.text) referenced from startup_stm32f2xx.o(RESET)
 <LI><a href="#[37]">EXTI9_5_IRQHandler</a> from exti_board2.o(.text) referenced from startup_stm32f2xx.o(RESET)
 <LI><a href="#[24]">FLASH_IRQHandler</a> from startup_stm32f2xx.o(.text) referenced from startup_stm32f2xx.o(RESET)
 <LI><a href="#[50]">FSMC_IRQHandler</a> from startup_stm32f2xx.o(.text) referenced from startup_stm32f2xx.o(RESET)
 <LI><a href="#[70]">HASH_RNG_IRQHandler</a> from startup_stm32f2xx.o(.text) referenced from startup_stm32f2xx.o(RESET)
 <LI><a href="#[18]">HardFault_Handler</a> from startup_stm32f2xx.o(.text) referenced from startup_stm32f2xx.o(RESET)
 <LI><a href="#[40]">I2C1_ER_IRQHandler</a> from startup_stm32f2xx.o(.text) referenced from startup_stm32f2xx.o(RESET)
 <LI><a href="#[3f]">I2C1_EV_IRQHandler</a> from startup_stm32f2xx.o(.text) referenced from startup_stm32f2xx.o(RESET)
 <LI><a href="#[42]">I2C2_ER_IRQHandler</a> from startup_stm32f2xx.o(.text) referenced from startup_stm32f2xx.o(RESET)
 <LI><a href="#[41]">I2C2_EV_IRQHandler</a> from startup_stm32f2xx.o(.text) referenced from startup_stm32f2xx.o(RESET)
 <LI><a href="#[69]">I2C3_ER_IRQHandler</a> from startup_stm32f2xx.o(.text) referenced from startup_stm32f2xx.o(RESET)
 <LI><a href="#[68]">I2C3_EV_IRQHandler</a> from startup_stm32f2xx.o(.text) referenced from startup_stm32f2xx.o(RESET)
 <LI><a href="#[19]">MemManage_Handler</a> from stm32f2xx_it.o(.text) referenced from startup_stm32f2xx.o(RESET)
 <LI><a href="#[17]">NMI_Handler</a> from stm32f2xx_it.o(.text) referenced from startup_stm32f2xx.o(RESET)
 <LI><a href="#[8b]">OSTaskSwHook</a> from os_cpu_c.o(.text) referenced from os_cpu_a.o(.text)
 <LI><a href="#[8a]">OSTmr_Task</a> from os_tmr.o(.text) referenced from os_tmr.o(.text)
 <LI><a href="#[34d]">OS_TaskIdle</a> from os_core.o(.text) referenced from os_core.o(.text)
 <LI><a href="#[8c]">OS_TaskReturn</a> from os_task.o(.text) referenced from os_cpu_c.o(.text)
 <LI><a href="#[34a]">OS_TaskStat</a> from os_core.o(.text) referenced from os_core.o(.text)
 <LI><a href="#[63]">OTG_FS_IRQHandler</a> from startup_stm32f2xx.o(.text) referenced from startup_stm32f2xx.o(RESET)
 <LI><a href="#[4a]">OTG_FS_WKUP_IRQHandler</a> from startup_stm32f2xx.o(.text) referenced from startup_stm32f2xx.o(RESET)
 <LI><a href="#[6b]">OTG_HS_EP1_IN_IRQHandler</a> from startup_stm32f2xx.o(.text) referenced from startup_stm32f2xx.o(RESET)
 <LI><a href="#[6a]">OTG_HS_EP1_OUT_IRQHandler</a> from startup_stm32f2xx.o(.text) referenced from startup_stm32f2xx.o(RESET)
 <LI><a href="#[6d]">OTG_HS_IRQHandler</a> from startup_stm32f2xx.o(.text) referenced from startup_stm32f2xx.o(RESET)
 <LI><a href="#[6c]">OTG_HS_WKUP_IRQHandler</a> from startup_stm32f2xx.o(.text) referenced from startup_stm32f2xx.o(RESET)
 <LI><a href="#[223]">PLAsmapump_hall_callback</a> from exti_board2.o(.text) referenced from exti_board2.o(.text)
 <LI><a href="#[229]">PLAvalve_optical1_callback</a> from exti_board2.o(.text) referenced from exti_board2.o(.text)
 <LI><a href="#[228]">PLAvalve_optical2_callback</a> from exti_board2.o(.text) referenced from exti_board2.o(.text)
 <LI><a href="#[227]">PLAvalve_optical3_callback</a> from exti_board2.o(.text) referenced from exti_board2.o(.text)
 <LI><a href="#[221]">PLTpump_hall_callback</a> from exti_board2.o(.text) referenced from exti_board2.o(.text)
 <LI><a href="#[22b]">PLTvalve_optical1_callback</a> from exti_board2.o(.text) referenced from exti_board2.o(.text)
 <LI><a href="#[22a]">PLTvalve_optical2_callback</a> from exti_board2.o(.text) referenced from exti_board2.o(.text)
 <LI><a href="#[22c]">PLTvalve_optical3_callback</a> from exti_board2.o(.text) referenced from exti_board2.o(.text)
 <LI><a href="#[21]">PVD_IRQHandler</a> from startup_stm32f2xx.o(.text) referenced from startup_stm32f2xx.o(RESET)
 <LI><a href="#[1e]">PendSV_Handler</a> from os_cpu_a.o(.text) referenced from startup_stm32f2xx.o(RESET)
 <LI><a href="#[226]">RBCvalve_optical1_callback</a> from exti_board2.o(.text) referenced from exti_board2.o(.text)
 <LI><a href="#[225]">RBCvalve_optical2_callback</a> from exti_board2.o(.text) referenced from exti_board2.o(.text)
 <LI><a href="#[224]">RBCvalve_optical3_callback</a> from exti_board2.o(.text) referenced from exti_board2.o(.text)
 <LI><a href="#[25]">RCC_IRQHandler</a> from startup_stm32f2xx.o(.text) referenced from startup_stm32f2xx.o(RESET)
 <LI><a href="#[11]">RPDO1_callback</a> from app_pdo_callback2.o(.text) referenced 2 times from app_slave_board2.o(.data)
 <LI><a href="#[12]">RPDO2_callback</a> from app_pdo_callback2.o(.text) referenced 2 times from app_slave_board2.o(.data)
 <LI><a href="#[13]">RPDO3_callback</a> from app_pdo_callback2.o(.text) referenced 2 times from app_slave_board2.o(.data)
 <LI><a href="#[14]">RPDO4_callback</a> from app_pdo_callback2.o(.text) referenced 2 times from app_slave_board2.o(.data)
 <LI><a href="#[15]">RPDO5_callback</a> from app_pdo_callback2.o(.text) referenced 2 times from app_slave_board2.o(.data)
 <LI><a href="#[49]">RTC_Alarm_IRQHandler</a> from startup_stm32f2xx.o(.text) referenced from startup_stm32f2xx.o(RESET)
 <LI><a href="#[23]">RTC_WKUP_IRQHandler</a> from startup_stm32f2xx.o(.text) referenced from startup_stm32f2xx.o(RESET)
 <LI><a href="#[16]">Reset_Handler</a> from startup_stm32f2xx.o(.text) referenced from startup_stm32f2xx.o(RESET)
 <LI><a href="#[51]">SDIO_IRQHandler</a> from startup_stm32f2xx.o(.text) referenced from startup_stm32f2xx.o(RESET)
 <LI><a href="#[43]">SPI1_IRQHandler</a> from startup_stm32f2xx.o(.text) referenced from startup_stm32f2xx.o(RESET)
 <LI><a href="#[44]">SPI2_IRQHandler</a> from startup_stm32f2xx.o(.text) referenced from startup_stm32f2xx.o(RESET)
 <LI><a href="#[53]">SPI3_IRQHandler</a> from startup_stm32f2xx.o(.text) referenced from startup_stm32f2xx.o(RESET)
 <LI><a href="#[1c]">SVC_Handler</a> from stm32f2xx_it.o(.text) referenced from startup_stm32f2xx.o(RESET)
 <LI><a href="#[1f]">SysTick_Handler</a> from bsp.o(.text) referenced from startup_stm32f2xx.o(RESET)
 <LI><a href="#[8d]">SystemInit</a> from system_stm32f2xx.o(.text) referenced from startup_stm32f2xx.o(.text)
 <LI><a href="#[22]">TAMP_STAMP_IRQHandler</a> from startup_stm32f2xx.o(.text) referenced from startup_stm32f2xx.o(RESET)
 <LI><a href="#[38]">TIM1_BRK_TIM9_IRQHandler</a> from startup_stm32f2xx.o(.text) referenced from startup_stm32f2xx.o(RESET)
 <LI><a href="#[3b]">TIM1_CC_IRQHandler</a> from startup_stm32f2xx.o(.text) referenced from startup_stm32f2xx.o(RESET)
 <LI><a href="#[3a]">TIM1_TRG_COM_TIM11_IRQHandler</a> from startup_stm32f2xx.o(.text) referenced from startup_stm32f2xx.o(RESET)
 <LI><a href="#[39]">TIM1_UP_TIM10_IRQHandler</a> from startup_stm32f2xx.o(.text) referenced from startup_stm32f2xx.o(RESET)
 <LI><a href="#[3c]">TIM2_IRQHandler</a> from startup_stm32f2xx.o(.text) referenced from startup_stm32f2xx.o(RESET)
 <LI><a href="#[3d]">TIM3_IRQHandler</a> from startup_stm32f2xx.o(.text) referenced from startup_stm32f2xx.o(RESET)
 <LI><a href="#[3e]">TIM4_IRQHandler</a> from startup_stm32f2xx.o(.text) referenced from startup_stm32f2xx.o(RESET)
 <LI><a href="#[52]">TIM5_IRQHandler</a> from app_da_output.o(.text) referenced from startup_stm32f2xx.o(RESET)
 <LI><a href="#[56]">TIM6_DAC_IRQHandler</a> from app_dc_motor.o(.text) referenced from startup_stm32f2xx.o(RESET)
 <LI><a href="#[57]">TIM7_IRQHandler</a> from app_user_tmr.o(.text) referenced from startup_stm32f2xx.o(RESET)
 <LI><a href="#[4b]">TIM8_BRK_TIM12_IRQHandler</a> from startup_stm32f2xx.o(.text) referenced from startup_stm32f2xx.o(RESET)
 <LI><a href="#[4e]">TIM8_CC_IRQHandler</a> from startup_stm32f2xx.o(.text) referenced from startup_stm32f2xx.o(RESET)
 <LI><a href="#[4d]">TIM8_TRG_COM_TIM14_IRQHandler</a> from startup_stm32f2xx.o(.text) referenced from startup_stm32f2xx.o(RESET)
 <LI><a href="#[4c]">TIM8_UP_TIM13_IRQHandler</a> from startup_stm32f2xx.o(.text) referenced from startup_stm32f2xx.o(RESET)
 <LI><a href="#[7f]">TPDO_callback</a> from app_pdo_callback2.o(.text) referenced from app_slave_board2.o(.text)
 <LI><a href="#[82]">TPDO_task</a> from app_task_err.o(.text) referenced from app_task_err.o(.text)
 <LI><a href="#[54]">UART4_IRQHandler</a> from startup_stm32f2xx.o(.text) referenced from startup_stm32f2xx.o(RESET)
 <LI><a href="#[55]">UART5_IRQHandler</a> from startup_stm32f2xx.o(.text) referenced from startup_stm32f2xx.o(RESET)
 <LI><a href="#[45]">USART1_IRQHandler</a> from app_usart_dma_route.o(.text) referenced from startup_stm32f2xx.o(RESET)
 <LI><a href="#[46]">USART2_IRQHandler</a> from startup_stm32f2xx.o(.text) referenced from startup_stm32f2xx.o(RESET)
 <LI><a href="#[47]">USART3_IRQHandler</a> from app_shell.o(.text) referenced from startup_stm32f2xx.o(RESET)
 <LI><a href="#[67]">USART6_IRQHandler</a> from startup_stm32f2xx.o(.text) referenced from startup_stm32f2xx.o(RESET)
 <LI><a href="#[1b]">UsageFault_Handler</a> from stm32f2xx_it.o(.text) referenced from startup_stm32f2xx.o(RESET)
 <LI><a href="#[20]">WWDG_IRQHandler</a> from startup_stm32f2xx.o(.text) referenced from startup_stm32f2xx.o(RESET)
 <LI><a href="#[94]">__main</a> from __main.o(!!!main) referenced from startup_stm32f2xx.o(.text)
 <LI><a href="#[91]">_get_lc_ctype</a> from lc_ctype_c.o(locale$$code) referenced from rt_ctype_table.o(.text)
 <LI><a href="#[90]">_printf_input_char</a> from _printf_char_common.o(.text) referenced from _printf_char_common.o(.text)
 <LI><a href="#[8f]">_snputc</a> from _snputc.o(.text) referenced 2 times from c89vsnprintf.o(.text)
 <LI><a href="#[84]">app_buzzer_ring_task</a> from app_buzzer_ring.o(.text) referenced from app_buzzer_ring.o(.text)
 <LI><a href="#[89]">app_dc_motor_send_task</a> from app_dc_motor.o(.text) referenced from app_dc_motor.o(.text)
 <LI><a href="#[88]">app_dc_motor_task</a> from app_dc_motor.o(.text) referenced from app_dc_motor.o(.text)
 <LI><a href="#[71]">app_start_task</a> from app.o(.text) referenced from app.o(.text)
 <LI><a href="#[b]">cmd_list</a> from app_shell.o(.text) referenced 2 times from app_shell.o(.data)
 <LI><a href="#[86]">da_output_task</a> from app_da_output.o(.text) referenced from app_da_output.o(.text)
 <LI><a href="#[f]">dc_motor_test_cmd</a> from app_shell.o(.text) referenced 2 times from app_shell.o(.data)
 <LI><a href="#[a]">get_system_version</a> from app_shell.o(.text) referenced 2 times from app_shell.o(.data)
 <LI><a href="#[c]">get_ucos_status</a> from app_shell.o(.text) referenced 2 times from app_shell.o(.data)
 <LI><a href="#[81]">led_task</a> from app_led.o(.text) referenced from app_led.o(.text)
 <LI><a href="#[74]">modbus_analyse_task</a> from app_modbus_analyse.o(.text) referenced from app_modbus_analyse.o(.text)
 <LI><a href="#[e]">para_table_cmd</a> from app_shell.o(.text) referenced 2 times from app_shell.o(.data)
 <LI><a href="#[77]">pump_control_task</a> from app_pump_control2.o(.text) referenced from app_pump_control2.o(.text)
 <LI><a href="#[d]">reset_system</a> from app_shell.o(.text) referenced 2 times from app_shell.o(.data)
 <LI><a href="#[83]">sensor_handle_task</a> from app_sensor_handle2.o(.text) referenced from app_sensor_handle2.o(.text)
 <LI><a href="#[85]">sensor_task</a> from app_sensor_board2.o(.text) referenced from app_sensor_board2.o(.text)
 <LI><a href="#[72]">shell_task</a> from app_shell.o(.text) referenced from app_shell.o(.text)
 <LI><a href="#[80]">slave_board2_task</a> from app_slave_board2.o(.text) referenced from app_slave_board2.o(.text)
 <LI><a href="#[7b]">tmr_PLT_pump_dir_callback</a> from app_monitor2.o(.text) referenced from app_slave_board2.o(.text)
 <LI><a href="#[78]">tmr_PLT_pump_timeout_callback</a> from app_monitor2.o(.text) referenced from app_slave_board2.o(.text)
 <LI><a href="#[7d]">tmr_PLT_valve_location_callback</a> from app_monitor2.o(.text) referenced from app_slave_board2.o(.text)
 <LI><a href="#[7e]">tmr_RBC_valve_location_callback</a> from app_monitor2.o(.text) referenced from app_slave_board2.o(.text)
 <LI><a href="#[7a]">tmr_plasma_pump_dir_callback</a> from app_monitor2.o(.text) referenced from app_slave_board2.o(.text)
 <LI><a href="#[79]">tmr_plasma_pump_timeout_callback</a> from app_monitor2.o(.text) referenced from app_slave_board2.o(.text)
 <LI><a href="#[7c]">tmr_plasma_valve_location_callback</a> from app_monitor2.o(.text) referenced from app_slave_board2.o(.text)
 <LI><a href="#[76]">usart_dma_route_task</a> from app_usart_dma_route.o(.text) referenced from app_usart_dma_route.o(.text)
 <LI><a href="#[75]">usart_dma_send_task</a> from app_usart_dma_route.o(.text) referenced from app_usart_dma_route.o(.text)
 <LI><a href="#[73]">usart_recv_packet</a> from app_modbus_analyse.o(.text) referenced from app_modbus_analyse.o(.text)
 <LI><a href="#[17a]">user_tmr_task</a> from app_user_tmr.o(.text) referenced from app_user_tmr.o(.text)
 <LI><a href="#[87]">valve_control_task</a> from app_valve_control.o(.text) referenced from app_valve_control.o(.text)
 <LI><a href="#[10]">valve_test_cmd</a> from app_shell.o(.text) referenced 2 times from app_shell.o(.data)
</UL>
<P>
<H3>
Global Symbols
</H3>
<P><STRONG><a name="[94]"></a>__main</STRONG> (Thumb, 8 bytes, Stack size 0 bytes, __main.o(!!!main))
<BR><BR>[Calls]<UL><LI><a href="#[95]">&gt;&gt;</a>&nbsp;&nbsp;&nbsp;__scatterload
<LI><a href="#[96]">&gt;&gt;</a>&nbsp;&nbsp;&nbsp;__rt_entry
</UL>

<P><STRONG><a name="[95]"></a>__scatterload</STRONG> (Thumb, 0 bytes, Stack size 0 bytes, __scatter.o(!!!scatter))
<BR><BR>[Called By]<UL><LI><a href="#[94]">&gt;&gt;</a>&nbsp;&nbsp;&nbsp;__main
</UL>

<P><STRONG><a name="[97]"></a>__scatterload_rt2</STRONG> (Thumb, 44 bytes, Stack size 0 bytes, __scatter.o(!!!scatter), UNUSED)
<BR><BR>[Calls]<UL><LI><a href="#[96]">&gt;&gt;</a>&nbsp;&nbsp;&nbsp;__rt_entry
</UL>

<P><STRONG><a name="[98]"></a>_printf_n</STRONG> (Thumb, 0 bytes, Stack size 0 bytes, _printf_n.o(.ARM.Collect$$_printf_percent$$00000001))
<BR><BR>[Calls]<UL><LI><a href="#[99]">&gt;&gt;</a>&nbsp;&nbsp;&nbsp;_printf_charcount
</UL>

<P><STRONG><a name="[36a]"></a>_printf_percent</STRONG> (Thumb, 0 bytes, Stack size 0 bytes, _printf_percent.o(.ARM.Collect$$_printf_percent$$00000000))
<BR><BR>[Called By]<UL><LI><a href="#[368]">&gt;&gt;</a>&nbsp;&nbsp;&nbsp;__printf
</UL>

<P><STRONG><a name="[9a]"></a>_printf_p</STRONG> (Thumb, 0 bytes, Stack size 0 bytes, _printf_p.o(.ARM.Collect$$_printf_percent$$00000002))
<BR><BR>[Calls]<UL><LI><a href="#[9b]">&gt;&gt;</a>&nbsp;&nbsp;&nbsp;_printf_hex_ptr
</UL>

<P><STRONG><a name="[9c]"></a>_printf_f</STRONG> (Thumb, 0 bytes, Stack size 0 bytes, _printf_f.o(.ARM.Collect$$_printf_percent$$00000003))
<BR><BR>[Calls]<UL><LI><a href="#[9d]">&gt;&gt;</a>&nbsp;&nbsp;&nbsp;_printf_fp_dec
</UL>

<P><STRONG><a name="[9e]"></a>_printf_e</STRONG> (Thumb, 0 bytes, Stack size 0 bytes, _printf_e.o(.ARM.Collect$$_printf_percent$$00000004))
<BR><BR>[Calls]<UL><LI><a href="#[9d]">&gt;&gt;</a>&nbsp;&nbsp;&nbsp;_printf_fp_dec
</UL>

<P><STRONG><a name="[9f]"></a>_printf_g</STRONG> (Thumb, 0 bytes, Stack size 0 bytes, _printf_g.o(.ARM.Collect$$_printf_percent$$00000005))
<BR><BR>[Calls]<UL><LI><a href="#[9d]">&gt;&gt;</a>&nbsp;&nbsp;&nbsp;_printf_fp_dec
</UL>

<P><STRONG><a name="[a0]"></a>_printf_i</STRONG> (Thumb, 0 bytes, Stack size 0 bytes, _printf_i.o(.ARM.Collect$$_printf_percent$$00000008))
<BR><BR>[Calls]<UL><LI><a href="#[a1]">&gt;&gt;</a>&nbsp;&nbsp;&nbsp;_printf_int_dec
</UL>

<P><STRONG><a name="[a2]"></a>_printf_d</STRONG> (Thumb, 0 bytes, Stack size 0 bytes, _printf_d.o(.ARM.Collect$$_printf_percent$$00000009))
<BR><BR>[Calls]<UL><LI><a href="#[a1]">&gt;&gt;</a>&nbsp;&nbsp;&nbsp;_printf_int_dec
</UL>

<P><STRONG><a name="[a3]"></a>_printf_u</STRONG> (Thumb, 0 bytes, Stack size 0 bytes, _printf_u.o(.ARM.Collect$$_printf_percent$$0000000A))
<BR><BR>[Calls]<UL><LI><a href="#[a1]">&gt;&gt;</a>&nbsp;&nbsp;&nbsp;_printf_int_dec
</UL>

<P><STRONG><a name="[a4]"></a>_printf_o</STRONG> (Thumb, 0 bytes, Stack size 0 bytes, _printf_o.o(.ARM.Collect$$_printf_percent$$0000000B))
<BR><BR>[Calls]<UL><LI><a href="#[a5]">&gt;&gt;</a>&nbsp;&nbsp;&nbsp;_printf_int_oct
</UL>

<P><STRONG><a name="[a6]"></a>_printf_x</STRONG> (Thumb, 0 bytes, Stack size 0 bytes, _printf_x.o(.ARM.Collect$$_printf_percent$$0000000C))
<BR><BR>[Calls]<UL><LI><a href="#[a7]">&gt;&gt;</a>&nbsp;&nbsp;&nbsp;_printf_int_hex
</UL>

<P><STRONG><a name="[a8]"></a>_printf_lli</STRONG> (Thumb, 0 bytes, Stack size 0 bytes, _printf_lli.o(.ARM.Collect$$_printf_percent$$0000000D))
<BR><BR>[Calls]<UL><LI><a href="#[a9]">&gt;&gt;</a>&nbsp;&nbsp;&nbsp;_printf_longlong_dec
</UL>

<P><STRONG><a name="[aa]"></a>_printf_lld</STRONG> (Thumb, 0 bytes, Stack size 0 bytes, _printf_lld.o(.ARM.Collect$$_printf_percent$$0000000E))
<BR><BR>[Calls]<UL><LI><a href="#[a9]">&gt;&gt;</a>&nbsp;&nbsp;&nbsp;_printf_longlong_dec
</UL>

<P><STRONG><a name="[ab]"></a>_printf_llu</STRONG> (Thumb, 0 bytes, Stack size 0 bytes, _printf_llu.o(.ARM.Collect$$_printf_percent$$0000000F))
<BR><BR>[Calls]<UL><LI><a href="#[a9]">&gt;&gt;</a>&nbsp;&nbsp;&nbsp;_printf_longlong_dec
</UL>

<P><STRONG><a name="[ac]"></a>_printf_llo</STRONG> (Thumb, 0 bytes, Stack size 0 bytes, _printf_llo.o(.ARM.Collect$$_printf_percent$$00000010))
<BR><BR>[Calls]<UL><LI><a href="#[ad]">&gt;&gt;</a>&nbsp;&nbsp;&nbsp;_printf_ll_oct
</UL>

<P><STRONG><a name="[ae]"></a>_printf_llx</STRONG> (Thumb, 0 bytes, Stack size 0 bytes, _printf_llx.o(.ARM.Collect$$_printf_percent$$00000011))
<BR><BR>[Calls]<UL><LI><a href="#[af]">&gt;&gt;</a>&nbsp;&nbsp;&nbsp;_printf_ll_hex
</UL>

<P><STRONG><a name="[b0]"></a>_printf_c</STRONG> (Thumb, 0 bytes, Stack size 0 bytes, _printf_c.o(.ARM.Collect$$_printf_percent$$00000013))
<BR><BR>[Calls]<UL><LI><a href="#[b1]">&gt;&gt;</a>&nbsp;&nbsp;&nbsp;_printf_char
</UL>

<P><STRONG><a name="[b2]"></a>_printf_s</STRONG> (Thumb, 0 bytes, Stack size 0 bytes, _printf_s.o(.ARM.Collect$$_printf_percent$$00000014))
<BR><BR>[Calls]<UL><LI><a href="#[b3]">&gt;&gt;</a>&nbsp;&nbsp;&nbsp;_printf_string
</UL>

<P><STRONG><a name="[b4]"></a>_printf_lc</STRONG> (Thumb, 0 bytes, Stack size 0 bytes, _printf_lc.o(.ARM.Collect$$_printf_percent$$00000015))
<BR><BR>[Calls]<UL><LI><a href="#[b5]">&gt;&gt;</a>&nbsp;&nbsp;&nbsp;_printf_wchar
</UL>

<P><STRONG><a name="[b6]"></a>_printf_ls</STRONG> (Thumb, 0 bytes, Stack size 0 bytes, _printf_ls.o(.ARM.Collect$$_printf_percent$$00000016))
<BR><BR>[Calls]<UL><LI><a href="#[b7]">&gt;&gt;</a>&nbsp;&nbsp;&nbsp;_printf_wstring
</UL>

<P><STRONG><a name="[c2]"></a>__rt_lib_init</STRONG> (Thumb, 0 bytes, Stack size 0 bytes, libinit.o(.ARM.Collect$$libinit$$00000000))
<BR><BR>[Called By]<UL><LI><a href="#[c1]">&gt;&gt;</a>&nbsp;&nbsp;&nbsp;__rt_entry_li
</UL>

<P><STRONG><a name="[b8]"></a>__rt_lib_init_heap_2</STRONG> (Thumb, 0 bytes, Stack size 0 bytes, libinit2.o(.ARM.Collect$$libinit$$00000003))
<BR><BR>[Calls]<UL><LI><a href="#[b9]">&gt;&gt;</a>&nbsp;&nbsp;&nbsp;_init_alloc
</UL>

<P><STRONG><a name="[ba]"></a>__rt_lib_init_lc_common</STRONG> (Thumb, 0 bytes, Stack size 0 bytes, libinit2.o(.ARM.Collect$$libinit$$0000000D))
<BR><BR>[Calls]<UL><LI><a href="#[bb]">&gt;&gt;</a>&nbsp;&nbsp;&nbsp;__rt_locale
</UL>

<P><STRONG><a name="[bc]"></a>__rt_lib_init_lc_ctype_2</STRONG> (Thumb, 0 bytes, Stack size 0 bytes, libinit2.o(.ARM.Collect$$libinit$$00000010))
<BR><BR>[Calls]<UL><LI><a href="#[91]">&gt;&gt;</a>&nbsp;&nbsp;&nbsp;_get_lc_ctype
</UL>

<P><STRONG><a name="[bd]"></a>__rt_lib_init_lc_numeric_2</STRONG> (Thumb, 0 bytes, Stack size 0 bytes, libinit2.o(.ARM.Collect$$libinit$$00000014))
<BR><BR>[Calls]<UL><LI><a href="#[be]">&gt;&gt;</a>&nbsp;&nbsp;&nbsp;_get_lc_numeric
</UL>

<P><STRONG><a name="[c7]"></a>__rt_lib_shutdown</STRONG> (Thumb, 0 bytes, Stack size 0 bytes, libshutdown.o(.ARM.Collect$$libshutdown$$00000000))
<BR><BR>[Called By]<UL><LI><a href="#[c6]">&gt;&gt;</a>&nbsp;&nbsp;&nbsp;__rt_exit_ls
</UL>

<P><STRONG><a name="[96]"></a>__rt_entry</STRONG> (Thumb, 0 bytes, Stack size 0 bytes, rtentry.o(.ARM.Collect$$rtentry$$00000000))
<BR><BR>[Called By]<UL><LI><a href="#[94]">&gt;&gt;</a>&nbsp;&nbsp;&nbsp;__main
<LI><a href="#[97]">&gt;&gt;</a>&nbsp;&nbsp;&nbsp;__scatterload_rt2
</UL>

<P><STRONG><a name="[bf]"></a>__rt_entry_sh</STRONG> (Thumb, 0 bytes, Stack size 0 bytes, rtentry4.o(.ARM.Collect$$rtentry$$00000004))
<BR><BR>[Calls]<UL><LI><a href="#[c0]">&gt;&gt;</a>&nbsp;&nbsp;&nbsp;__user_setup_stackheap
</UL>

<P><STRONG><a name="[c1]"></a>__rt_entry_li</STRONG> (Thumb, 0 bytes, Stack size 0 bytes, rtentry2.o(.ARM.Collect$$rtentry$$0000000A))
<BR><BR>[Calls]<UL><LI><a href="#[c2]">&gt;&gt;</a>&nbsp;&nbsp;&nbsp;__rt_lib_init
</UL>

<P><STRONG><a name="[c3]"></a>__rt_entry_main</STRONG> (Thumb, 0 bytes, Stack size 0 bytes, rtentry2.o(.ARM.Collect$$rtentry$$0000000D))
<BR><BR>[Calls]<UL><LI><a href="#[c4]">&gt;&gt;</a>&nbsp;&nbsp;&nbsp;main
<LI><a href="#[c5]">&gt;&gt;</a>&nbsp;&nbsp;&nbsp;exit
</UL>

<P><STRONG><a name="[38d]"></a>__rt_exit</STRONG> (Thumb, 0 bytes, Stack size 0 bytes, rtexit.o(.ARM.Collect$$rtexit$$00000000))
<BR><BR>[Called By]<UL><LI><a href="#[c5]">&gt;&gt;</a>&nbsp;&nbsp;&nbsp;exit
</UL>

<P><STRONG><a name="[c6]"></a>__rt_exit_ls</STRONG> (Thumb, 0 bytes, Stack size 0 bytes, rtexit2.o(.ARM.Collect$$rtexit$$00000003))
<BR><BR>[Calls]<UL><LI><a href="#[c7]">&gt;&gt;</a>&nbsp;&nbsp;&nbsp;__rt_lib_shutdown
</UL>

<P><STRONG><a name="[c8]"></a>__rt_exit_exit</STRONG> (Thumb, 0 bytes, Stack size 0 bytes, rtexit2.o(.ARM.Collect$$rtexit$$00000004))
<BR><BR>[Calls]<UL><LI><a href="#[c9]">&gt;&gt;</a>&nbsp;&nbsp;&nbsp;_sys_exit
</UL>

<P><STRONG><a name="[ce]"></a>assert_failed</STRONG> (Thumb, 60 bytes, Stack size 0 bytes, app.o(.text))
<BR><BR>[Calls]<UL><LI><a href="#[cf]">&gt;&gt;</a>&nbsp;&nbsp;&nbsp;traceInfo_output
<LI><a href="#[d0]">&gt;&gt;</a>&nbsp;&nbsp;&nbsp;OSTaskQuery
</UL>
<BR>[Called By]<UL><LI><a href="#[23e]">&gt;&gt;</a>&nbsp;&nbsp;&nbsp;RCC_AHB1PeriphResetCmd
<LI><a href="#[247]">&gt;&gt;</a>&nbsp;&nbsp;&nbsp;GPIO_ToggleBits
<LI><a href="#[246]">&gt;&gt;</a>&nbsp;&nbsp;&nbsp;GPIO_Write
<LI><a href="#[245]">&gt;&gt;</a>&nbsp;&nbsp;&nbsp;GPIO_WriteBit
<LI><a href="#[244]">&gt;&gt;</a>&nbsp;&nbsp;&nbsp;GPIO_ResetBits
<LI><a href="#[243]">&gt;&gt;</a>&nbsp;&nbsp;&nbsp;GPIO_SetBits
<LI><a href="#[242]">&gt;&gt;</a>&nbsp;&nbsp;&nbsp;GPIO_ReadOutputData
<LI><a href="#[241]">&gt;&gt;</a>&nbsp;&nbsp;&nbsp;GPIO_ReadOutputDataBit
<LI><a href="#[240]">&gt;&gt;</a>&nbsp;&nbsp;&nbsp;GPIO_ReadInputData
<LI><a href="#[23f]">&gt;&gt;</a>&nbsp;&nbsp;&nbsp;GPIO_PinLockConfig
<LI><a href="#[23d]">&gt;&gt;</a>&nbsp;&nbsp;&nbsp;GPIO_DeInit
<LI><a href="#[23c]">&gt;&gt;</a>&nbsp;&nbsp;&nbsp;EXTI_GetFlagStatus
<LI><a href="#[23b]">&gt;&gt;</a>&nbsp;&nbsp;&nbsp;EXTI_GenerateSWInterrupt
<LI><a href="#[23a]">&gt;&gt;</a>&nbsp;&nbsp;&nbsp;SysTick_CLKSourceConfig
<LI><a href="#[239]">&gt;&gt;</a>&nbsp;&nbsp;&nbsp;NVIC_SystemLPConfig
<LI><a href="#[238]">&gt;&gt;</a>&nbsp;&nbsp;&nbsp;NVIC_SetVectorTable
<LI><a href="#[233]">&gt;&gt;</a>&nbsp;&nbsp;&nbsp;FLASH_ProgramWord
<LI><a href="#[236]">&gt;&gt;</a>&nbsp;&nbsp;&nbsp;FLASH_OB_WRPConfig
<LI><a href="#[232]">&gt;&gt;</a>&nbsp;&nbsp;&nbsp;FLASH_EraseSector
<LI><a href="#[230]">&gt;&gt;</a>&nbsp;&nbsp;&nbsp;FLASH_ClearFlag
<LI><a href="#[222]">&gt;&gt;</a>&nbsp;&nbsp;&nbsp;GPIO_ReadInputDataBit
<LI><a href="#[22d]">&gt;&gt;</a>&nbsp;&nbsp;&nbsp;EXTI_GetITStatus
<LI><a href="#[22e]">&gt;&gt;</a>&nbsp;&nbsp;&nbsp;EXTI_ClearITPendingBit
<LI><a href="#[220]">&gt;&gt;</a>&nbsp;&nbsp;&nbsp;EXTI_ClearFlag
<LI><a href="#[48]">&gt;&gt;</a>&nbsp;&nbsp;&nbsp;EXTI15_10_IRQHandler
<LI><a href="#[37]">&gt;&gt;</a>&nbsp;&nbsp;&nbsp;EXTI9_5_IRQHandler
<LI><a href="#[2a]">&gt;&gt;</a>&nbsp;&nbsp;&nbsp;EXTI4_IRQHandler
<LI><a href="#[29]">&gt;&gt;</a>&nbsp;&nbsp;&nbsp;EXTI3_IRQHandler
<LI><a href="#[28]">&gt;&gt;</a>&nbsp;&nbsp;&nbsp;EXTI2_IRQHandler
<LI><a href="#[27]">&gt;&gt;</a>&nbsp;&nbsp;&nbsp;EXTI1_IRQHandler
<LI><a href="#[26]">&gt;&gt;</a>&nbsp;&nbsp;&nbsp;EXTI0_IRQHandler
<LI><a href="#[20e]">&gt;&gt;</a>&nbsp;&nbsp;&nbsp;TIM_SelectOutputTrigger
<LI><a href="#[210]">&gt;&gt;</a>&nbsp;&nbsp;&nbsp;DAC_SetDualChannelData
<LI><a href="#[20c]">&gt;&gt;</a>&nbsp;&nbsp;&nbsp;DAC_SetChannel2Data
<LI><a href="#[20b]">&gt;&gt;</a>&nbsp;&nbsp;&nbsp;DAC_SetChannel1Data
<LI><a href="#[209]">&gt;&gt;</a>&nbsp;&nbsp;&nbsp;DAC_Init
<LI><a href="#[20a]">&gt;&gt;</a>&nbsp;&nbsp;&nbsp;DAC_Cmd
<LI><a href="#[212]">&gt;&gt;</a>&nbsp;&nbsp;&nbsp;ADC_TempSensorVrefintCmd
<LI><a href="#[202]">&gt;&gt;</a>&nbsp;&nbsp;&nbsp;ADC_RegularChannelConfig
<LI><a href="#[201]">&gt;&gt;</a>&nbsp;&nbsp;&nbsp;ADC_Init
<LI><a href="#[203]">&gt;&gt;</a>&nbsp;&nbsp;&nbsp;ADC_DMARequestAfterLastTransferCmd
<LI><a href="#[204]">&gt;&gt;</a>&nbsp;&nbsp;&nbsp;ADC_DMACmd
<LI><a href="#[200]">&gt;&gt;</a>&nbsp;&nbsp;&nbsp;ADC_CommonInit
<LI><a href="#[205]">&gt;&gt;</a>&nbsp;&nbsp;&nbsp;ADC_Cmd
<LI><a href="#[1fe]">&gt;&gt;</a>&nbsp;&nbsp;&nbsp;TIM_SetCompare4
<LI><a href="#[1fd]">&gt;&gt;</a>&nbsp;&nbsp;&nbsp;TIM_SetCompare3
<LI><a href="#[1fc]">&gt;&gt;</a>&nbsp;&nbsp;&nbsp;TIM_SetCompare2
<LI><a href="#[1fb]">&gt;&gt;</a>&nbsp;&nbsp;&nbsp;TIM_SetCompare1
<LI><a href="#[1f9]">&gt;&gt;</a>&nbsp;&nbsp;&nbsp;TIM_OC4PreloadConfig
<LI><a href="#[1f4]">&gt;&gt;</a>&nbsp;&nbsp;&nbsp;TIM_OC4Init
<LI><a href="#[1f8]">&gt;&gt;</a>&nbsp;&nbsp;&nbsp;TIM_OC3PreloadConfig
<LI><a href="#[1f3]">&gt;&gt;</a>&nbsp;&nbsp;&nbsp;TIM_OC3Init
<LI><a href="#[1f7]">&gt;&gt;</a>&nbsp;&nbsp;&nbsp;TIM_OC2PreloadConfig
<LI><a href="#[1f2]">&gt;&gt;</a>&nbsp;&nbsp;&nbsp;TIM_OC2Init
<LI><a href="#[1f6]">&gt;&gt;</a>&nbsp;&nbsp;&nbsp;TIM_OC1PreloadConfig
<LI><a href="#[1f1]">&gt;&gt;</a>&nbsp;&nbsp;&nbsp;TIM_OC1Init
<LI><a href="#[1f5]">&gt;&gt;</a>&nbsp;&nbsp;&nbsp;TIM_CtrlPWMOutputs
<LI><a href="#[1fa]">&gt;&gt;</a>&nbsp;&nbsp;&nbsp;TIM_ARRPreloadConfig
<LI><a href="#[1eb]">&gt;&gt;</a>&nbsp;&nbsp;&nbsp;TIM_ICInit
<LI><a href="#[1e9]">&gt;&gt;</a>&nbsp;&nbsp;&nbsp;TIM_EncoderInterfaceConfig
<LI><a href="#[1e8]">&gt;&gt;</a>&nbsp;&nbsp;&nbsp;TIM_DeInit
<LI><a href="#[1ef]">&gt;&gt;</a>&nbsp;&nbsp;&nbsp;get_current_dc_motor_speed
<LI><a href="#[1ee]">&gt;&gt;</a>&nbsp;&nbsp;&nbsp;get_encoder_count
<LI><a href="#[1ed]">&gt;&gt;</a>&nbsp;&nbsp;&nbsp;ENC_get_electrical_angle
<LI><a href="#[1e7]">&gt;&gt;</a>&nbsp;&nbsp;&nbsp;clear_speed_buf
<LI><a href="#[249]">&gt;&gt;</a>&nbsp;&nbsp;&nbsp;RCC_GetFlagStatus
<LI><a href="#[1e5]">&gt;&gt;</a>&nbsp;&nbsp;&nbsp;USART_SendData
<LI><a href="#[1db]">&gt;&gt;</a>&nbsp;&nbsp;&nbsp;USART_Init
<LI><a href="#[1dc]">&gt;&gt;</a>&nbsp;&nbsp;&nbsp;USART_ITConfig
<LI><a href="#[1e4]">&gt;&gt;</a>&nbsp;&nbsp;&nbsp;USART_GetFlagStatus
<LI><a href="#[1d9]">&gt;&gt;</a>&nbsp;&nbsp;&nbsp;USART_DeInit
<LI><a href="#[1e3]">&gt;&gt;</a>&nbsp;&nbsp;&nbsp;USART_DMACmd
<LI><a href="#[1de]">&gt;&gt;</a>&nbsp;&nbsp;&nbsp;USART_Cmd
<LI><a href="#[1dd]">&gt;&gt;</a>&nbsp;&nbsp;&nbsp;USART_ClearFlag
<LI><a href="#[1da]">&gt;&gt;</a>&nbsp;&nbsp;&nbsp;GPIO_PinAFConfig
<LI><a href="#[1e0]">&gt;&gt;</a>&nbsp;&nbsp;&nbsp;DMA_Init
<LI><a href="#[1e2]">&gt;&gt;</a>&nbsp;&nbsp;&nbsp;DMA_ITConfig
<LI><a href="#[1df]">&gt;&gt;</a>&nbsp;&nbsp;&nbsp;DMA_DeInit
<LI><a href="#[1e1]">&gt;&gt;</a>&nbsp;&nbsp;&nbsp;DMA_ClearFlag
<LI><a href="#[1d8]">&gt;&gt;</a>&nbsp;&nbsp;&nbsp;init_usart_with_dma
<LI><a href="#[1d6]">&gt;&gt;</a>&nbsp;&nbsp;&nbsp;SYSCFG_EXTILineConfig
<LI><a href="#[1d4]">&gt;&gt;</a>&nbsp;&nbsp;&nbsp;RCC_APB2PeriphClockCmd
<LI><a href="#[1d2]">&gt;&gt;</a>&nbsp;&nbsp;&nbsp;GPIO_Init
<LI><a href="#[1d7]">&gt;&gt;</a>&nbsp;&nbsp;&nbsp;EXTI_Init
<LI><a href="#[1ec]">&gt;&gt;</a>&nbsp;&nbsp;&nbsp;TIM_SetCounter
<LI><a href="#[272]">&gt;&gt;</a>&nbsp;&nbsp;&nbsp;TIM_SetAutoreload
<LI><a href="#[273]">&gt;&gt;</a>&nbsp;&nbsp;&nbsp;TIM_GetCounter
<LI><a href="#[1d0]">&gt;&gt;</a>&nbsp;&nbsp;&nbsp;NVIC_PriorityGroupConfig
<LI><a href="#[1c8]">&gt;&gt;</a>&nbsp;&nbsp;&nbsp;PIDGetKd
<LI><a href="#[1c7]">&gt;&gt;</a>&nbsp;&nbsp;&nbsp;PIDGetKi
<LI><a href="#[1c6]">&gt;&gt;</a>&nbsp;&nbsp;&nbsp;PIDGetKp
<LI><a href="#[1c5]">&gt;&gt;</a>&nbsp;&nbsp;&nbsp;PIDGetSetpoint
<LI><a href="#[1c4]">&gt;&gt;</a>&nbsp;&nbsp;&nbsp;usart_send_data
<LI><a href="#[1c1]">&gt;&gt;</a>&nbsp;&nbsp;&nbsp;app_no_blocking
<LI><a href="#[1a4]">&gt;&gt;</a>&nbsp;&nbsp;&nbsp;pwm_change
<LI><a href="#[1ad]">&gt;&gt;</a>&nbsp;&nbsp;&nbsp;get_dc_motor_speed
<LI><a href="#[1a0]">&gt;&gt;</a>&nbsp;&nbsp;&nbsp;encoder_reset
<LI><a href="#[191]">&gt;&gt;</a>&nbsp;&nbsp;&nbsp;RCC_AHB1PeriphClockCmd
<LI><a href="#[19d]">&gt;&gt;</a>&nbsp;&nbsp;&nbsp;QET_configuration
<LI><a href="#[1a3]">&gt;&gt;</a>&nbsp;&nbsp;&nbsp;PIDSetPoint
<LI><a href="#[19a]">&gt;&gt;</a>&nbsp;&nbsp;&nbsp;PIDSetKp
<LI><a href="#[19b]">&gt;&gt;</a>&nbsp;&nbsp;&nbsp;PIDSetKi
<LI><a href="#[19c]">&gt;&gt;</a>&nbsp;&nbsp;&nbsp;PIDSetKd
<LI><a href="#[198]">&gt;&gt;</a>&nbsp;&nbsp;&nbsp;PIDInit
<LI><a href="#[88]">&gt;&gt;</a>&nbsp;&nbsp;&nbsp;app_dc_motor_task
<LI><a href="#[89]">&gt;&gt;</a>&nbsp;&nbsp;&nbsp;app_dc_motor_send_task
<LI><a href="#[189]">&gt;&gt;</a>&nbsp;&nbsp;&nbsp;pwm_change_cycle
<LI><a href="#[18b]">&gt;&gt;</a>&nbsp;&nbsp;&nbsp;TIM2_5_9_14_pwm_config
<LI><a href="#[18a]">&gt;&gt;</a>&nbsp;&nbsp;&nbsp;TIM1_8_pwm_config
<LI><a href="#[87]">&gt;&gt;</a>&nbsp;&nbsp;&nbsp;valve_control_task
<LI><a href="#[185]">&gt;&gt;</a>&nbsp;&nbsp;&nbsp;TIM_GetITStatus
<LI><a href="#[177]">&gt;&gt;</a>&nbsp;&nbsp;&nbsp;TIM_TimeBaseInit
<LI><a href="#[178]">&gt;&gt;</a>&nbsp;&nbsp;&nbsp;TIM_ITConfig
<LI><a href="#[180]">&gt;&gt;</a>&nbsp;&nbsp;&nbsp;TIM_GetFlagStatus
<LI><a href="#[179]">&gt;&gt;</a>&nbsp;&nbsp;&nbsp;TIM_Cmd
<LI><a href="#[181]">&gt;&gt;</a>&nbsp;&nbsp;&nbsp;TIM_ClearFlag
<LI><a href="#[174]">&gt;&gt;</a>&nbsp;&nbsp;&nbsp;RCC_APB1PeriphClockCmd
<LI><a href="#[175]">&gt;&gt;</a>&nbsp;&nbsp;&nbsp;NVIC_Init
<LI><a href="#[17a]">&gt;&gt;</a>&nbsp;&nbsp;&nbsp;user_tmr_task
<LI><a href="#[16b]">&gt;&gt;</a>&nbsp;&nbsp;&nbsp;user_timer_init
<LI><a href="#[16a]">&gt;&gt;</a>&nbsp;&nbsp;&nbsp;ADC_SoftwareStartConv
<LI><a href="#[154]">&gt;&gt;</a>&nbsp;&nbsp;&nbsp;write_pump_distance_flag
<LI><a href="#[153]">&gt;&gt;</a>&nbsp;&nbsp;&nbsp;read_pump_distance_flag
<LI><a href="#[14c]">&gt;&gt;</a>&nbsp;&nbsp;&nbsp;write_valve_location
<LI><a href="#[144]">&gt;&gt;</a>&nbsp;&nbsp;&nbsp;write_pump_speed
<LI><a href="#[147]">&gt;&gt;</a>&nbsp;&nbsp;&nbsp;write_pump_moved_distance
<LI><a href="#[141]">&gt;&gt;</a>&nbsp;&nbsp;&nbsp;write_pump_direction
<LI><a href="#[152]">&gt;&gt;</a>&nbsp;&nbsp;&nbsp;write_plasma_pump_init
<LI><a href="#[14a]">&gt;&gt;</a>&nbsp;&nbsp;&nbsp;write_RBC_detector
<LI><a href="#[150]">&gt;&gt;</a>&nbsp;&nbsp;&nbsp;write_PLT_pump_init
<LI><a href="#[83]">&gt;&gt;</a>&nbsp;&nbsp;&nbsp;sensor_handle_task
<LI><a href="#[13f]">&gt;&gt;</a>&nbsp;&nbsp;&nbsp;app_tick_trace_output
<LI><a href="#[13e]">&gt;&gt;</a>&nbsp;&nbsp;&nbsp;send_task_errcode
<LI><a href="#[82]">&gt;&gt;</a>&nbsp;&nbsp;&nbsp;TPDO_task
<LI><a href="#[138]">&gt;&gt;</a>&nbsp;&nbsp;&nbsp;big2little_endion
<LI><a href="#[135]">&gt;&gt;</a>&nbsp;&nbsp;&nbsp;salve2_monitor_task
<LI><a href="#[132]">&gt;&gt;</a>&nbsp;&nbsp;&nbsp;init_valve_control_task
<LI><a href="#[130]">&gt;&gt;</a>&nbsp;&nbsp;&nbsp;init_sensor_task
<LI><a href="#[131]">&gt;&gt;</a>&nbsp;&nbsp;&nbsp;init_sensor_handle_task
<LI><a href="#[134]">&gt;&gt;</a>&nbsp;&nbsp;&nbsp;init_dc_motor
<LI><a href="#[133]">&gt;&gt;</a>&nbsp;&nbsp;&nbsp;init_da_output_task
<LI><a href="#[12f]">&gt;&gt;</a>&nbsp;&nbsp;&nbsp;init_TPDO_task
<LI><a href="#[80]">&gt;&gt;</a>&nbsp;&nbsp;&nbsp;slave_board2_task
<LI><a href="#[128]">&gt;&gt;</a>&nbsp;&nbsp;&nbsp;clear_dc_motor_current_distance
<LI><a href="#[12c]">&gt;&gt;</a>&nbsp;&nbsp;&nbsp;init_pump_control_task
<LI><a href="#[77]">&gt;&gt;</a>&nbsp;&nbsp;&nbsp;pump_control_task
<LI><a href="#[126]">&gt;&gt;</a>&nbsp;&nbsp;&nbsp;stop_pump
<LI><a href="#[121]">&gt;&gt;</a>&nbsp;&nbsp;&nbsp;start_pump
<LI><a href="#[114]">&gt;&gt;</a>&nbsp;&nbsp;&nbsp;reload_usart_dma_tx
<LI><a href="#[11a]">&gt;&gt;</a>&nbsp;&nbsp;&nbsp;reload_usart_dma_rx
<LI><a href="#[118]">&gt;&gt;</a>&nbsp;&nbsp;&nbsp;init_usart
<LI><a href="#[11b]">&gt;&gt;</a>&nbsp;&nbsp;&nbsp;DMA_GetITStatus
<LI><a href="#[11c]">&gt;&gt;</a>&nbsp;&nbsp;&nbsp;DMA_GetCurrDataCounter
<LI><a href="#[11f]">&gt;&gt;</a>&nbsp;&nbsp;&nbsp;DMA_GetCmdStatus
<LI><a href="#[120]">&gt;&gt;</a>&nbsp;&nbsp;&nbsp;DMA_Cmd
<LI><a href="#[11d]">&gt;&gt;</a>&nbsp;&nbsp;&nbsp;DMA_ClearITPendingBit
<LI><a href="#[76]">&gt;&gt;</a>&nbsp;&nbsp;&nbsp;usart_dma_route_task
<LI><a href="#[10b]">&gt;&gt;</a>&nbsp;&nbsp;&nbsp;send_data_packet
<LI><a href="#[10f]">&gt;&gt;</a>&nbsp;&nbsp;&nbsp;init_usart_with_recv_callback
<LI><a href="#[10e]">&gt;&gt;</a>&nbsp;&nbsp;&nbsp;init_usart_dma_route_task
<LI><a href="#[112]">&gt;&gt;</a>&nbsp;&nbsp;&nbsp;init_TPDO_call_back
<LI><a href="#[111]">&gt;&gt;</a>&nbsp;&nbsp;&nbsp;init_RPDO_call_back
<LI><a href="#[110]">&gt;&gt;</a>&nbsp;&nbsp;&nbsp;init_modbus_analyse_task
<LI><a href="#[ed]">&gt;&gt;</a>&nbsp;&nbsp;&nbsp;write_pid_param_to_internal_flash
<LI><a href="#[e4]">&gt;&gt;</a>&nbsp;&nbsp;&nbsp;stop_valve
<LI><a href="#[eb]">&gt;&gt;</a>&nbsp;&nbsp;&nbsp;stop_dc_motor
<LI><a href="#[e5]">&gt;&gt;</a>&nbsp;&nbsp;&nbsp;start_valve
<LI><a href="#[ea]">&gt;&gt;</a>&nbsp;&nbsp;&nbsp;start_dc_motor
<LI><a href="#[f0]">&gt;&gt;</a>&nbsp;&nbsp;&nbsp;set_motor_speed
<LI><a href="#[ec]">&gt;&gt;</a>&nbsp;&nbsp;&nbsp;get_pid_param_from_internal_flash
<LI><a href="#[e7]">&gt;&gt;</a>&nbsp;&nbsp;&nbsp;get_dc_motor_sp
<LI><a href="#[e9]">&gt;&gt;</a>&nbsp;&nbsp;&nbsp;get_dc_motor_current_distance
<LI><a href="#[e6]">&gt;&gt;</a>&nbsp;&nbsp;&nbsp;get_adjust_pwm_percent
<LI><a href="#[f1]">&gt;&gt;</a>&nbsp;&nbsp;&nbsp;dc_motor_pid_param_config
<LI><a href="#[107]">&gt;&gt;</a>&nbsp;&nbsp;&nbsp;USART_ReceiveData
<LI><a href="#[106]">&gt;&gt;</a>&nbsp;&nbsp;&nbsp;USART_GetITStatus
<LI><a href="#[72]">&gt;&gt;</a>&nbsp;&nbsp;&nbsp;shell_task
<LI><a href="#[f5]">&gt;&gt;</a>&nbsp;&nbsp;&nbsp;init_uart_event
<LI><a href="#[f4]">&gt;&gt;</a>&nbsp;&nbsp;&nbsp;get_uart_data
<LI><a href="#[d3]">&gt;&gt;</a>&nbsp;&nbsp;&nbsp;init_trace
<LI><a href="#[d4]">&gt;&gt;</a>&nbsp;&nbsp;&nbsp;init_slave_board2_task
<LI><a href="#[d5]">&gt;&gt;</a>&nbsp;&nbsp;&nbsp;init_shell_task
<LI><a href="#[d6]">&gt;&gt;</a>&nbsp;&nbsp;&nbsp;init_led_task
<LI><a href="#[d7]">&gt;&gt;</a>&nbsp;&nbsp;&nbsp;init_buzzer_ring_task
<LI><a href="#[cb]">&gt;&gt;</a>&nbsp;&nbsp;&nbsp;app_traceInfo_output
<LI><a href="#[d9]">&gt;&gt;</a>&nbsp;&nbsp;&nbsp;init_app_start_task
<LI><a href="#[2fd]">&gt;&gt;</a>&nbsp;&nbsp;&nbsp;FLASH_GetFlagStatus
<LI><a href="#[2fc]">&gt;&gt;</a>&nbsp;&nbsp;&nbsp;FLASH_ITConfig
<LI><a href="#[2fb]">&gt;&gt;</a>&nbsp;&nbsp;&nbsp;FLASH_OB_BORConfig
<LI><a href="#[2fa]">&gt;&gt;</a>&nbsp;&nbsp;&nbsp;FLASH_OB_UserConfig
<LI><a href="#[2f9]">&gt;&gt;</a>&nbsp;&nbsp;&nbsp;FLASH_OB_RDPConfig
<LI><a href="#[2f8]">&gt;&gt;</a>&nbsp;&nbsp;&nbsp;FLASH_ProgramByte
<LI><a href="#[2f7]">&gt;&gt;</a>&nbsp;&nbsp;&nbsp;FLASH_ProgramHalfWord
<LI><a href="#[2f6]">&gt;&gt;</a>&nbsp;&nbsp;&nbsp;FLASH_ProgramDoubleWord
<LI><a href="#[2f5]">&gt;&gt;</a>&nbsp;&nbsp;&nbsp;FLASH_EraseAllSectors
<LI><a href="#[2f2]">&gt;&gt;</a>&nbsp;&nbsp;&nbsp;FLASH_DataCacheCmd
<LI><a href="#[2f1]">&gt;&gt;</a>&nbsp;&nbsp;&nbsp;FLASH_InstructionCacheCmd
<LI><a href="#[2f0]">&gt;&gt;</a>&nbsp;&nbsp;&nbsp;FLASH_PrefetchBufferCmd
<LI><a href="#[2ef]">&gt;&gt;</a>&nbsp;&nbsp;&nbsp;FLASH_SetLatency
<LI><a href="#[2ee]">&gt;&gt;</a>&nbsp;&nbsp;&nbsp;DAC_ClearITPendingBit
<LI><a href="#[2ed]">&gt;&gt;</a>&nbsp;&nbsp;&nbsp;DAC_GetITStatus
<LI><a href="#[2ec]">&gt;&gt;</a>&nbsp;&nbsp;&nbsp;DAC_ClearFlag
<LI><a href="#[2eb]">&gt;&gt;</a>&nbsp;&nbsp;&nbsp;DAC_GetFlagStatus
<LI><a href="#[2ea]">&gt;&gt;</a>&nbsp;&nbsp;&nbsp;DAC_ITConfig
<LI><a href="#[2e9]">&gt;&gt;</a>&nbsp;&nbsp;&nbsp;DAC_DMACmd
<LI><a href="#[2e8]">&gt;&gt;</a>&nbsp;&nbsp;&nbsp;DAC_GetDataOutputValue
<LI><a href="#[2e7]">&gt;&gt;</a>&nbsp;&nbsp;&nbsp;DAC_WaveGenerationCmd
<LI><a href="#[2e6]">&gt;&gt;</a>&nbsp;&nbsp;&nbsp;DAC_DualSoftwareTriggerCmd
<LI><a href="#[2e5]">&gt;&gt;</a>&nbsp;&nbsp;&nbsp;DAC_SoftwareTriggerCmd
<LI><a href="#[2e3]">&gt;&gt;</a>&nbsp;&nbsp;&nbsp;ADC_ClearITPendingBit
<LI><a href="#[2e2]">&gt;&gt;</a>&nbsp;&nbsp;&nbsp;ADC_GetITStatus
<LI><a href="#[2e1]">&gt;&gt;</a>&nbsp;&nbsp;&nbsp;ADC_ClearFlag
<LI><a href="#[2e0]">&gt;&gt;</a>&nbsp;&nbsp;&nbsp;ADC_GetFlagStatus
<LI><a href="#[2df]">&gt;&gt;</a>&nbsp;&nbsp;&nbsp;ADC_ITConfig
<LI><a href="#[2de]">&gt;&gt;</a>&nbsp;&nbsp;&nbsp;ADC_GetInjectedConversionValue
<LI><a href="#[2dd]">&gt;&gt;</a>&nbsp;&nbsp;&nbsp;ADC_InjectedDiscModeCmd
<LI><a href="#[2dc]">&gt;&gt;</a>&nbsp;&nbsp;&nbsp;ADC_AutoInjectedConvCmd
<LI><a href="#[2db]">&gt;&gt;</a>&nbsp;&nbsp;&nbsp;ADC_GetSoftwareStartInjectedConvCmdStatus
<LI><a href="#[2da]">&gt;&gt;</a>&nbsp;&nbsp;&nbsp;ADC_SoftwareStartInjectedConv
<LI><a href="#[2d9]">&gt;&gt;</a>&nbsp;&nbsp;&nbsp;ADC_ExternalTrigInjectedConvEdgeConfig
<LI><a href="#[2d8]">&gt;&gt;</a>&nbsp;&nbsp;&nbsp;ADC_ExternalTrigInjectedConvConfig
<LI><a href="#[2d7]">&gt;&gt;</a>&nbsp;&nbsp;&nbsp;ADC_SetInjectedOffset
<LI><a href="#[2d6]">&gt;&gt;</a>&nbsp;&nbsp;&nbsp;ADC_InjectedSequencerLengthConfig
<LI><a href="#[2d5]">&gt;&gt;</a>&nbsp;&nbsp;&nbsp;ADC_InjectedChannelConfig
<LI><a href="#[2d4]">&gt;&gt;</a>&nbsp;&nbsp;&nbsp;ADC_MultiModeDMARequestAfterLastTransferCmd
<LI><a href="#[2d3]">&gt;&gt;</a>&nbsp;&nbsp;&nbsp;ADC_GetConversionValue
<LI><a href="#[2d2]">&gt;&gt;</a>&nbsp;&nbsp;&nbsp;ADC_DiscModeCmd
<LI><a href="#[2d1]">&gt;&gt;</a>&nbsp;&nbsp;&nbsp;ADC_DiscModeChannelCountConfig
<LI><a href="#[2d0]">&gt;&gt;</a>&nbsp;&nbsp;&nbsp;ADC_ContinuousModeCmd
<LI><a href="#[2cf]">&gt;&gt;</a>&nbsp;&nbsp;&nbsp;ADC_EOCOnEachRegularChannelCmd
<LI><a href="#[2ce]">&gt;&gt;</a>&nbsp;&nbsp;&nbsp;ADC_GetSoftwareStartConvStatus
<LI><a href="#[2cd]">&gt;&gt;</a>&nbsp;&nbsp;&nbsp;ADC_VBATCmd
<LI><a href="#[2cc]">&gt;&gt;</a>&nbsp;&nbsp;&nbsp;ADC_AnalogWatchdogSingleChannelConfig
<LI><a href="#[2cb]">&gt;&gt;</a>&nbsp;&nbsp;&nbsp;ADC_AnalogWatchdogThresholdsConfig
<LI><a href="#[2ca]">&gt;&gt;</a>&nbsp;&nbsp;&nbsp;ADC_AnalogWatchdogCmd
<LI><a href="#[2c8]">&gt;&gt;</a>&nbsp;&nbsp;&nbsp;DMA_GetFlagStatus
<LI><a href="#[2c7]">&gt;&gt;</a>&nbsp;&nbsp;&nbsp;DMA_GetFIFOStatus
<LI><a href="#[2c6]">&gt;&gt;</a>&nbsp;&nbsp;&nbsp;DMA_GetCurrentMemoryTarget
<LI><a href="#[2c5]">&gt;&gt;</a>&nbsp;&nbsp;&nbsp;DMA_MemoryTargetConfig
<LI><a href="#[2c4]">&gt;&gt;</a>&nbsp;&nbsp;&nbsp;DMA_DoubleBufferModeCmd
<LI><a href="#[2c3]">&gt;&gt;</a>&nbsp;&nbsp;&nbsp;DMA_DoubleBufferModeConfig
<LI><a href="#[2c2]">&gt;&gt;</a>&nbsp;&nbsp;&nbsp;DMA_SetCurrDataCounter
<LI><a href="#[2c1]">&gt;&gt;</a>&nbsp;&nbsp;&nbsp;DMA_FlowControllerConfig
<LI><a href="#[2c0]">&gt;&gt;</a>&nbsp;&nbsp;&nbsp;DMA_PeriphIncOffsetSizeConfig
<LI><a href="#[2bf]">&gt;&gt;</a>&nbsp;&nbsp;&nbsp;USART_ClearITPendingBit
<LI><a href="#[2be]">&gt;&gt;</a>&nbsp;&nbsp;&nbsp;USART_IrDACmd
<LI><a href="#[2bd]">&gt;&gt;</a>&nbsp;&nbsp;&nbsp;USART_IrDAConfig
<LI><a href="#[2bc]">&gt;&gt;</a>&nbsp;&nbsp;&nbsp;USART_SmartCardNACKCmd
<LI><a href="#[2bb]">&gt;&gt;</a>&nbsp;&nbsp;&nbsp;USART_SmartCardCmd
<LI><a href="#[2ba]">&gt;&gt;</a>&nbsp;&nbsp;&nbsp;USART_SetGuardTime
<LI><a href="#[2b9]">&gt;&gt;</a>&nbsp;&nbsp;&nbsp;USART_HalfDuplexCmd
<LI><a href="#[2b8]">&gt;&gt;</a>&nbsp;&nbsp;&nbsp;USART_SendBreak
<LI><a href="#[2b7]">&gt;&gt;</a>&nbsp;&nbsp;&nbsp;USART_LINCmd
<LI><a href="#[2b6]">&gt;&gt;</a>&nbsp;&nbsp;&nbsp;USART_LINBreakDetectLengthConfig
<LI><a href="#[2b5]">&gt;&gt;</a>&nbsp;&nbsp;&nbsp;USART_WakeUpConfig
<LI><a href="#[2b4]">&gt;&gt;</a>&nbsp;&nbsp;&nbsp;USART_ReceiverWakeUpCmd
<LI><a href="#[2b3]">&gt;&gt;</a>&nbsp;&nbsp;&nbsp;USART_SetAddress
<LI><a href="#[2b2]">&gt;&gt;</a>&nbsp;&nbsp;&nbsp;USART_OneBitMethodCmd
<LI><a href="#[2b1]">&gt;&gt;</a>&nbsp;&nbsp;&nbsp;USART_OverSampling8Cmd
<LI><a href="#[2b0]">&gt;&gt;</a>&nbsp;&nbsp;&nbsp;USART_SetPrescaler
<LI><a href="#[2af]">&gt;&gt;</a>&nbsp;&nbsp;&nbsp;USART_ClockInit
<LI><a href="#[2ae]">&gt;&gt;</a>&nbsp;&nbsp;&nbsp;TIM_RemapConfig
<LI><a href="#[2ad]">&gt;&gt;</a>&nbsp;&nbsp;&nbsp;TIM_SelectHallSensor
<LI><a href="#[2ac]">&gt;&gt;</a>&nbsp;&nbsp;&nbsp;TIM_SelectMasterSlaveMode
<LI><a href="#[2ab]">&gt;&gt;</a>&nbsp;&nbsp;&nbsp;TIM_SelectSlaveMode
<LI><a href="#[2aa]">&gt;&gt;</a>&nbsp;&nbsp;&nbsp;TIM_ETRClockMode2Config
<LI><a href="#[2a9]">&gt;&gt;</a>&nbsp;&nbsp;&nbsp;TIM_ETRClockMode1Config
<LI><a href="#[2a8]">&gt;&gt;</a>&nbsp;&nbsp;&nbsp;TIM_ETRConfig
<LI><a href="#[2a7]">&gt;&gt;</a>&nbsp;&nbsp;&nbsp;TIM_TIxExternalClockConfig
<LI><a href="#[2a6]">&gt;&gt;</a>&nbsp;&nbsp;&nbsp;TIM_ITRxExternalClockConfig
<LI><a href="#[2a5]">&gt;&gt;</a>&nbsp;&nbsp;&nbsp;TIM_SelectInputTrigger
<LI><a href="#[2a4]">&gt;&gt;</a>&nbsp;&nbsp;&nbsp;TIM_InternalClockConfig
<LI><a href="#[2a3]">&gt;&gt;</a>&nbsp;&nbsp;&nbsp;TIM_SelectCCDMA
<LI><a href="#[2a2]">&gt;&gt;</a>&nbsp;&nbsp;&nbsp;TIM_DMACmd
<LI><a href="#[2a1]">&gt;&gt;</a>&nbsp;&nbsp;&nbsp;TIM_DMAConfig
<LI><a href="#[2a0]">&gt;&gt;</a>&nbsp;&nbsp;&nbsp;TIM_ClearITPendingBit
<LI><a href="#[29f]">&gt;&gt;</a>&nbsp;&nbsp;&nbsp;TIM_GenerateEvent
<LI><a href="#[29e]">&gt;&gt;</a>&nbsp;&nbsp;&nbsp;TIM_CCPreloadControl
<LI><a href="#[29d]">&gt;&gt;</a>&nbsp;&nbsp;&nbsp;TIM_SelectCOM
<LI><a href="#[29c]">&gt;&gt;</a>&nbsp;&nbsp;&nbsp;TIM_BDTRConfig
<LI><a href="#[29b]">&gt;&gt;</a>&nbsp;&nbsp;&nbsp;TIM_GetCapture4
<LI><a href="#[29a]">&gt;&gt;</a>&nbsp;&nbsp;&nbsp;TIM_GetCapture3
<LI><a href="#[299]">&gt;&gt;</a>&nbsp;&nbsp;&nbsp;TIM_GetCapture2
<LI><a href="#[298]">&gt;&gt;</a>&nbsp;&nbsp;&nbsp;TIM_GetCapture1
<LI><a href="#[297]">&gt;&gt;</a>&nbsp;&nbsp;&nbsp;TIM_PWMIConfig
<LI><a href="#[292]">&gt;&gt;</a>&nbsp;&nbsp;&nbsp;TIM_SetIC1Prescaler
<LI><a href="#[291]">&gt;&gt;</a>&nbsp;&nbsp;&nbsp;TIM_SetIC2Prescaler
<LI><a href="#[290]">&gt;&gt;</a>&nbsp;&nbsp;&nbsp;TIM_SetIC3Prescaler
<LI><a href="#[28f]">&gt;&gt;</a>&nbsp;&nbsp;&nbsp;TIM_SetIC4Prescaler
<LI><a href="#[28e]">&gt;&gt;</a>&nbsp;&nbsp;&nbsp;TIM_CCxNCmd
<LI><a href="#[28d]">&gt;&gt;</a>&nbsp;&nbsp;&nbsp;TIM_CCxCmd
<LI><a href="#[28c]">&gt;&gt;</a>&nbsp;&nbsp;&nbsp;TIM_OC4PolarityConfig
<LI><a href="#[28b]">&gt;&gt;</a>&nbsp;&nbsp;&nbsp;TIM_OC3NPolarityConfig
<LI><a href="#[28a]">&gt;&gt;</a>&nbsp;&nbsp;&nbsp;TIM_OC3PolarityConfig
<LI><a href="#[289]">&gt;&gt;</a>&nbsp;&nbsp;&nbsp;TIM_OC2NPolarityConfig
<LI><a href="#[288]">&gt;&gt;</a>&nbsp;&nbsp;&nbsp;TIM_OC2PolarityConfig
<LI><a href="#[287]">&gt;&gt;</a>&nbsp;&nbsp;&nbsp;TIM_OC1NPolarityConfig
<LI><a href="#[286]">&gt;&gt;</a>&nbsp;&nbsp;&nbsp;TIM_OC1PolarityConfig
<LI><a href="#[285]">&gt;&gt;</a>&nbsp;&nbsp;&nbsp;TIM_ClearOC4Ref
<LI><a href="#[284]">&gt;&gt;</a>&nbsp;&nbsp;&nbsp;TIM_ClearOC3Ref
<LI><a href="#[283]">&gt;&gt;</a>&nbsp;&nbsp;&nbsp;TIM_ClearOC2Ref
<LI><a href="#[282]">&gt;&gt;</a>&nbsp;&nbsp;&nbsp;TIM_ClearOC1Ref
<LI><a href="#[281]">&gt;&gt;</a>&nbsp;&nbsp;&nbsp;TIM_OC4FastConfig
<LI><a href="#[280]">&gt;&gt;</a>&nbsp;&nbsp;&nbsp;TIM_OC3FastConfig
<LI><a href="#[27f]">&gt;&gt;</a>&nbsp;&nbsp;&nbsp;TIM_OC2FastConfig
<LI><a href="#[27e]">&gt;&gt;</a>&nbsp;&nbsp;&nbsp;TIM_OC1FastConfig
<LI><a href="#[27d]">&gt;&gt;</a>&nbsp;&nbsp;&nbsp;TIM_ForcedOC4Config
<LI><a href="#[27c]">&gt;&gt;</a>&nbsp;&nbsp;&nbsp;TIM_ForcedOC3Config
<LI><a href="#[27b]">&gt;&gt;</a>&nbsp;&nbsp;&nbsp;TIM_ForcedOC2Config
<LI><a href="#[27a]">&gt;&gt;</a>&nbsp;&nbsp;&nbsp;TIM_ForcedOC1Config
<LI><a href="#[279]">&gt;&gt;</a>&nbsp;&nbsp;&nbsp;TIM_SelectOCxM
<LI><a href="#[278]">&gt;&gt;</a>&nbsp;&nbsp;&nbsp;TIM_SetClockDivision
<LI><a href="#[277]">&gt;&gt;</a>&nbsp;&nbsp;&nbsp;TIM_SelectOnePulseMode
<LI><a href="#[276]">&gt;&gt;</a>&nbsp;&nbsp;&nbsp;TIM_UpdateRequestConfig
<LI><a href="#[275]">&gt;&gt;</a>&nbsp;&nbsp;&nbsp;TIM_UpdateDisableConfig
<LI><a href="#[274]">&gt;&gt;</a>&nbsp;&nbsp;&nbsp;TIM_GetPrescaler
<LI><a href="#[271]">&gt;&gt;</a>&nbsp;&nbsp;&nbsp;TIM_CounterModeConfig
<LI><a href="#[270]">&gt;&gt;</a>&nbsp;&nbsp;&nbsp;TIM_PrescalerConfig
<LI><a href="#[26f]">&gt;&gt;</a>&nbsp;&nbsp;&nbsp;SYSCFG_CompensationCellCmd
<LI><a href="#[26e]">&gt;&gt;</a>&nbsp;&nbsp;&nbsp;SYSCFG_ETH_MediaInterfaceConfig
<LI><a href="#[26d]">&gt;&gt;</a>&nbsp;&nbsp;&nbsp;SYSCFG_MemoryRemapConfig
<LI><a href="#[26b]">&gt;&gt;</a>&nbsp;&nbsp;&nbsp;RCC_ClearITPendingBit
<LI><a href="#[26a]">&gt;&gt;</a>&nbsp;&nbsp;&nbsp;RCC_GetITStatus
<LI><a href="#[269]">&gt;&gt;</a>&nbsp;&nbsp;&nbsp;RCC_ITConfig
<LI><a href="#[268]">&gt;&gt;</a>&nbsp;&nbsp;&nbsp;RCC_APB2PeriphClockLPModeCmd
<LI><a href="#[267]">&gt;&gt;</a>&nbsp;&nbsp;&nbsp;RCC_APB1PeriphClockLPModeCmd
<LI><a href="#[266]">&gt;&gt;</a>&nbsp;&nbsp;&nbsp;RCC_AHB3PeriphClockLPModeCmd
<LI><a href="#[265]">&gt;&gt;</a>&nbsp;&nbsp;&nbsp;RCC_AHB2PeriphClockLPModeCmd
<LI><a href="#[264]">&gt;&gt;</a>&nbsp;&nbsp;&nbsp;RCC_AHB1PeriphClockLPModeCmd
<LI><a href="#[263]">&gt;&gt;</a>&nbsp;&nbsp;&nbsp;RCC_APB2PeriphResetCmd
<LI><a href="#[261]">&gt;&gt;</a>&nbsp;&nbsp;&nbsp;RCC_AHB3PeriphResetCmd
<LI><a href="#[260]">&gt;&gt;</a>&nbsp;&nbsp;&nbsp;RCC_AHB2PeriphResetCmd
<LI><a href="#[25f]">&gt;&gt;</a>&nbsp;&nbsp;&nbsp;RCC_AHB3PeriphClockCmd
<LI><a href="#[25e]">&gt;&gt;</a>&nbsp;&nbsp;&nbsp;RCC_AHB2PeriphClockCmd
<LI><a href="#[25d]">&gt;&gt;</a>&nbsp;&nbsp;&nbsp;RCC_I2SCLKConfig
<LI><a href="#[25c]">&gt;&gt;</a>&nbsp;&nbsp;&nbsp;RCC_BackupResetCmd
<LI><a href="#[25b]">&gt;&gt;</a>&nbsp;&nbsp;&nbsp;RCC_RTCCLKCmd
<LI><a href="#[25a]">&gt;&gt;</a>&nbsp;&nbsp;&nbsp;RCC_RTCCLKConfig
<LI><a href="#[259]">&gt;&gt;</a>&nbsp;&nbsp;&nbsp;RCC_PCLK2Config
<LI><a href="#[258]">&gt;&gt;</a>&nbsp;&nbsp;&nbsp;RCC_PCLK1Config
<LI><a href="#[257]">&gt;&gt;</a>&nbsp;&nbsp;&nbsp;RCC_HCLKConfig
<LI><a href="#[256]">&gt;&gt;</a>&nbsp;&nbsp;&nbsp;RCC_SYSCLKConfig
<LI><a href="#[255]">&gt;&gt;</a>&nbsp;&nbsp;&nbsp;RCC_MCO2Config
<LI><a href="#[254]">&gt;&gt;</a>&nbsp;&nbsp;&nbsp;RCC_MCO1Config
<LI><a href="#[253]">&gt;&gt;</a>&nbsp;&nbsp;&nbsp;RCC_ClockSecuritySystemCmd
<LI><a href="#[252]">&gt;&gt;</a>&nbsp;&nbsp;&nbsp;RCC_PLLI2SCmd
<LI><a href="#[251]">&gt;&gt;</a>&nbsp;&nbsp;&nbsp;RCC_PLLI2SConfig
<LI><a href="#[250]">&gt;&gt;</a>&nbsp;&nbsp;&nbsp;RCC_PLLCmd
<LI><a href="#[24f]">&gt;&gt;</a>&nbsp;&nbsp;&nbsp;RCC_PLLConfig
<LI><a href="#[24e]">&gt;&gt;</a>&nbsp;&nbsp;&nbsp;RCC_LSICmd
<LI><a href="#[24d]">&gt;&gt;</a>&nbsp;&nbsp;&nbsp;RCC_LSEConfig
<LI><a href="#[24c]">&gt;&gt;</a>&nbsp;&nbsp;&nbsp;RCC_HSICmd
<LI><a href="#[24b]">&gt;&gt;</a>&nbsp;&nbsp;&nbsp;RCC_AdjustHSICalibrationValue
<LI><a href="#[248]">&gt;&gt;</a>&nbsp;&nbsp;&nbsp;RCC_HSEConfig
<LI><a href="#[262]">&gt;&gt;</a>&nbsp;&nbsp;&nbsp;RCC_APB1PeriphResetCmd
</UL>

<P><STRONG><a name="[d9]"></a>init_app_start_task</STRONG> (Thumb, 70 bytes, Stack size 0 bytes, app.o(.text))
<BR><BR>[Calls]<UL><LI><a href="#[db]">&gt;&gt;</a>&nbsp;&nbsp;&nbsp;OSTaskNameSet
<LI><a href="#[da]">&gt;&gt;</a>&nbsp;&nbsp;&nbsp;OSTaskCreateExt
<LI><a href="#[ce]">&gt;&gt;</a>&nbsp;&nbsp;&nbsp;assert_failed
</UL>
<BR>[Called By]<UL><LI><a href="#[c4]">&gt;&gt;</a>&nbsp;&nbsp;&nbsp;main
</UL>

<P><STRONG><a name="[f2]"></a>app_cmd_tbl_add</STRONG> (Thumb, 40 bytes, Stack size 0 bytes, app_shell.o(.text))
<BR><BR>[Calls]<UL><LI><a href="#[f3]">&gt;&gt;</a>&nbsp;&nbsp;&nbsp;Shell_CmdTblAdd
<LI><a href="#[cb]">&gt;&gt;</a>&nbsp;&nbsp;&nbsp;app_traceInfo_output
</UL>
<BR>[Called By]<UL><LI><a href="#[72]">&gt;&gt;</a>&nbsp;&nbsp;&nbsp;shell_task
</UL>

<P><STRONG><a name="[d5]"></a>init_shell_task</STRONG> (Thumb, 76 bytes, Stack size 0 bytes, app_shell.o(.text))
<BR><BR>[Calls]<UL><LI><a href="#[db]">&gt;&gt;</a>&nbsp;&nbsp;&nbsp;OSTaskNameSet
<LI><a href="#[da]">&gt;&gt;</a>&nbsp;&nbsp;&nbsp;OSTaskCreateExt
<LI><a href="#[ce]">&gt;&gt;</a>&nbsp;&nbsp;&nbsp;assert_failed
</UL>
<BR>[Called By]<UL><LI><a href="#[71]">&gt;&gt;</a>&nbsp;&nbsp;&nbsp;app_start_task
</UL>

<P><STRONG><a name="[47]"></a>USART3_IRQHandler</STRONG> (Thumb, 42 bytes, Stack size 0 bytes, app_shell.o(.text))
<BR><BR>[Calls]<UL><LI><a href="#[107]">&gt;&gt;</a>&nbsp;&nbsp;&nbsp;USART_ReceiveData
<LI><a href="#[106]">&gt;&gt;</a>&nbsp;&nbsp;&nbsp;USART_GetITStatus
<LI><a href="#[100]">&gt;&gt;</a>&nbsp;&nbsp;&nbsp;OSQPost
<LI><a href="#[108]">&gt;&gt;</a>&nbsp;&nbsp;&nbsp;OSIntExit
<LI><a href="#[105]">&gt;&gt;</a>&nbsp;&nbsp;&nbsp;OSIntEnter
</UL>
<BR>[Address Reference Count : 1]<UL><LI> startup_stm32f2xx.o(RESET)
</UL>
<P><STRONG><a name="[110]"></a>init_modbus_analyse_task</STRONG> (Thumb, 68 bytes, Stack size 0 bytes, app_modbus_analyse.o(.text))
<BR><BR>[Calls]<UL><LI><a href="#[db]">&gt;&gt;</a>&nbsp;&nbsp;&nbsp;OSTaskNameSet
<LI><a href="#[da]">&gt;&gt;</a>&nbsp;&nbsp;&nbsp;OSTaskCreateExt
<LI><a href="#[ce]">&gt;&gt;</a>&nbsp;&nbsp;&nbsp;assert_failed
</UL>
<BR>[Called By]<UL><LI><a href="#[80]">&gt;&gt;</a>&nbsp;&nbsp;&nbsp;slave_board2_task
</UL>

<P><STRONG><a name="[111]"></a>init_RPDO_call_back</STRONG> (Thumb, 62 bytes, Stack size 0 bytes, app_modbus_analyse.o(.text))
<BR><BR>[Calls]<UL><LI><a href="#[ce]">&gt;&gt;</a>&nbsp;&nbsp;&nbsp;assert_failed
</UL>
<BR>[Called By]<UL><LI><a href="#[80]">&gt;&gt;</a>&nbsp;&nbsp;&nbsp;slave_board2_task
</UL>

<P><STRONG><a name="[112]"></a>init_TPDO_call_back</STRONG> (Thumb, 22 bytes, Stack size 0 bytes, app_modbus_analyse.o(.text))
<BR><BR>[Calls]<UL><LI><a href="#[ce]">&gt;&gt;</a>&nbsp;&nbsp;&nbsp;assert_failed
</UL>
<BR>[Called By]<UL><LI><a href="#[80]">&gt;&gt;</a>&nbsp;&nbsp;&nbsp;slave_board2_task
</UL>

<P><STRONG><a name="[10e]"></a>init_usart_dma_route_task</STRONG> (Thumb, 196 bytes, Stack size 0 bytes, app_usart_dma_route.o(.text))
<BR><BR>[Calls]<UL><LI><a href="#[116]">&gt;&gt;</a>&nbsp;&nbsp;&nbsp;OSSemCreate
<LI><a href="#[117]">&gt;&gt;</a>&nbsp;&nbsp;&nbsp;OSMemCreate
<LI><a href="#[f6]">&gt;&gt;</a>&nbsp;&nbsp;&nbsp;OSQCreate
<LI><a href="#[db]">&gt;&gt;</a>&nbsp;&nbsp;&nbsp;OSTaskNameSet
<LI><a href="#[da]">&gt;&gt;</a>&nbsp;&nbsp;&nbsp;OSTaskCreateExt
<LI><a href="#[ce]">&gt;&gt;</a>&nbsp;&nbsp;&nbsp;assert_failed
</UL>
<BR>[Called By]<UL><LI><a href="#[74]">&gt;&gt;</a>&nbsp;&nbsp;&nbsp;modbus_analyse_task
</UL>

<P><STRONG><a name="[10f]"></a>init_usart_with_recv_callback</STRONG> (Thumb, 186 bytes, Stack size 0 bytes, app_usart_dma_route.o(.text))
<BR><BR>[Calls]<UL><LI><a href="#[11a]">&gt;&gt;</a>&nbsp;&nbsp;&nbsp;reload_usart_dma_rx
<LI><a href="#[118]">&gt;&gt;</a>&nbsp;&nbsp;&nbsp;init_usart
<LI><a href="#[119]">&gt;&gt;</a>&nbsp;&nbsp;&nbsp;OSMemGet
<LI><a href="#[ce]">&gt;&gt;</a>&nbsp;&nbsp;&nbsp;assert_failed
</UL>
<BR>[Called By]<UL><LI><a href="#[74]">&gt;&gt;</a>&nbsp;&nbsp;&nbsp;modbus_analyse_task
</UL>

<P><STRONG><a name="[10b]"></a>send_data_packet</STRONG> (Thumb, 126 bytes, Stack size 0 bytes, app_usart_dma_route.o(.text))
<BR><BR>[Calls]<UL><LI><a href="#[119]">&gt;&gt;</a>&nbsp;&nbsp;&nbsp;OSMemGet
<LI><a href="#[100]">&gt;&gt;</a>&nbsp;&nbsp;&nbsp;OSQPost
<LI><a href="#[cb]">&gt;&gt;</a>&nbsp;&nbsp;&nbsp;app_traceInfo_output
<LI><a href="#[ce]">&gt;&gt;</a>&nbsp;&nbsp;&nbsp;assert_failed
<LI><a href="#[fa]">&gt;&gt;</a>&nbsp;&nbsp;&nbsp;__aeabi_memcpy
</UL>
<BR>[Called By]<UL><LI><a href="#[10c]">&gt;&gt;</a>&nbsp;&nbsp;&nbsp;mb_read_register
<LI><a href="#[109]">&gt;&gt;</a>&nbsp;&nbsp;&nbsp;mb_write_register
</UL>

<P><STRONG><a name="[5a]"></a>DMA2_Stream2_IRQHandler</STRONG> (Thumb, 142 bytes, Stack size 0 bytes, app_usart_dma_route.o(.text))
<BR><BR>[Calls]<UL><LI><a href="#[11a]">&gt;&gt;</a>&nbsp;&nbsp;&nbsp;reload_usart_dma_rx
<LI><a href="#[115]">&gt;&gt;</a>&nbsp;&nbsp;&nbsp;OSMemPut
<LI><a href="#[119]">&gt;&gt;</a>&nbsp;&nbsp;&nbsp;OSMemGet
<LI><a href="#[11b]">&gt;&gt;</a>&nbsp;&nbsp;&nbsp;DMA_GetITStatus
<LI><a href="#[11c]">&gt;&gt;</a>&nbsp;&nbsp;&nbsp;DMA_GetCurrDataCounter
<LI><a href="#[11d]">&gt;&gt;</a>&nbsp;&nbsp;&nbsp;DMA_ClearITPendingBit
<LI><a href="#[100]">&gt;&gt;</a>&nbsp;&nbsp;&nbsp;OSQPost
<LI><a href="#[108]">&gt;&gt;</a>&nbsp;&nbsp;&nbsp;OSIntExit
<LI><a href="#[105]">&gt;&gt;</a>&nbsp;&nbsp;&nbsp;OSIntEnter
<LI><a href="#[cf]">&gt;&gt;</a>&nbsp;&nbsp;&nbsp;traceInfo_output
</UL>
<BR>[Address Reference Count : 1]<UL><LI> startup_stm32f2xx.o(RESET)
</UL>
<P><STRONG><a name="[66]"></a>DMA2_Stream7_IRQHandler</STRONG> (Thumb, 436 bytes, Stack size 0 bytes, app_usart_dma_route.o(.text))
<BR><BR>[Calls]<UL><LI><a href="#[11e]">&gt;&gt;</a>&nbsp;&nbsp;&nbsp;OSSemPost
<LI><a href="#[115]">&gt;&gt;</a>&nbsp;&nbsp;&nbsp;OSMemPut
<LI><a href="#[11b]">&gt;&gt;</a>&nbsp;&nbsp;&nbsp;DMA_GetITStatus
<LI><a href="#[11d]">&gt;&gt;</a>&nbsp;&nbsp;&nbsp;DMA_ClearITPendingBit
<LI><a href="#[108]">&gt;&gt;</a>&nbsp;&nbsp;&nbsp;OSIntExit
<LI><a href="#[105]">&gt;&gt;</a>&nbsp;&nbsp;&nbsp;OSIntEnter
</UL>
<BR>[Address Reference Count : 1]<UL><LI> startup_stm32f2xx.o(RESET)
</UL>
<P><STRONG><a name="[45]"></a>USART1_IRQHandler</STRONG> (Thumb, 48 bytes, Stack size 0 bytes, app_usart_dma_route.o(.text))
<BR><BR>[Calls]<UL><LI><a href="#[11f]">&gt;&gt;</a>&nbsp;&nbsp;&nbsp;DMA_GetCmdStatus
<LI><a href="#[120]">&gt;&gt;</a>&nbsp;&nbsp;&nbsp;DMA_Cmd
<LI><a href="#[107]">&gt;&gt;</a>&nbsp;&nbsp;&nbsp;USART_ReceiveData
<LI><a href="#[106]">&gt;&gt;</a>&nbsp;&nbsp;&nbsp;USART_GetITStatus
<LI><a href="#[108]">&gt;&gt;</a>&nbsp;&nbsp;&nbsp;OSIntExit
<LI><a href="#[105]">&gt;&gt;</a>&nbsp;&nbsp;&nbsp;OSIntEnter
</UL>
<BR>[Address Reference Count : 1]<UL><LI> startup_stm32f2xx.o(RESET)
</UL>
<P><STRONG><a name="[12c]"></a>init_pump_control_task</STRONG> (Thumb, 70 bytes, Stack size 0 bytes, app_pump_control2.o(.text))
<BR><BR>[Calls]<UL><LI><a href="#[db]">&gt;&gt;</a>&nbsp;&nbsp;&nbsp;OSTaskNameSet
<LI><a href="#[da]">&gt;&gt;</a>&nbsp;&nbsp;&nbsp;OSTaskCreateExt
<LI><a href="#[ce]">&gt;&gt;</a>&nbsp;&nbsp;&nbsp;assert_failed
</UL>
<BR>[Called By]<UL><LI><a href="#[80]">&gt;&gt;</a>&nbsp;&nbsp;&nbsp;slave_board2_task
</UL>

<P><STRONG><a name="[d4]"></a>init_slave_board2_task</STRONG> (Thumb, 72 bytes, Stack size 0 bytes, app_slave_board2.o(.text))
<BR><BR>[Calls]<UL><LI><a href="#[134]">&gt;&gt;</a>&nbsp;&nbsp;&nbsp;init_dc_motor
<LI><a href="#[db]">&gt;&gt;</a>&nbsp;&nbsp;&nbsp;OSTaskNameSet
<LI><a href="#[da]">&gt;&gt;</a>&nbsp;&nbsp;&nbsp;OSTaskCreateExt
<LI><a href="#[ce]">&gt;&gt;</a>&nbsp;&nbsp;&nbsp;assert_failed
</UL>
<BR>[Called By]<UL><LI><a href="#[71]">&gt;&gt;</a>&nbsp;&nbsp;&nbsp;app_start_task
</UL>

<P><STRONG><a name="[12b]"></a>valve_location_translate</STRONG> (Thumb, 164 bytes, Stack size 0 bytes, app_monitor2.o(.text))
<BR><BR>[Called By]<UL><LI><a href="#[135]">&gt;&gt;</a>&nbsp;&nbsp;&nbsp;salve2_monitor_task
<LI><a href="#[7c]">&gt;&gt;</a>&nbsp;&nbsp;&nbsp;tmr_plasma_valve_location_callback
<LI><a href="#[7e]">&gt;&gt;</a>&nbsp;&nbsp;&nbsp;tmr_RBC_valve_location_callback
<LI><a href="#[7d]">&gt;&gt;</a>&nbsp;&nbsp;&nbsp;tmr_PLT_valve_location_callback
<LI><a href="#[77]">&gt;&gt;</a>&nbsp;&nbsp;&nbsp;pump_control_task
</UL>

<P><STRONG><a name="[135]"></a>salve2_monitor_task</STRONG> (Thumb, 1142 bytes, Stack size 0 bytes, app_monitor2.o(.text), UNUSED)
<BR><BR>[Calls]<UL><LI><a href="#[137]">&gt;&gt;</a>&nbsp;&nbsp;&nbsp;pump_dir_translate
<LI><a href="#[12b]">&gt;&gt;</a>&nbsp;&nbsp;&nbsp;valve_location_translate
<LI><a href="#[12a]">&gt;&gt;</a>&nbsp;&nbsp;&nbsp;OSTmrStart
<LI><a href="#[127]">&gt;&gt;</a>&nbsp;&nbsp;&nbsp;OSFlagPend
<LI><a href="#[104]">&gt;&gt;</a>&nbsp;&nbsp;&nbsp;OSTimeDlyHMSM
<LI><a href="#[cb]">&gt;&gt;</a>&nbsp;&nbsp;&nbsp;app_traceInfo_output
<LI><a href="#[ce]">&gt;&gt;</a>&nbsp;&nbsp;&nbsp;assert_failed
<LI><a href="#[136]">&gt;&gt;</a>&nbsp;&nbsp;&nbsp;__aeabi_memcpy4
</UL>

<P><STRONG><a name="[78]"></a>tmr_PLT_pump_timeout_callback</STRONG> (Thumb, 60 bytes, Stack size 0 bytes, app_monitor2.o(.text))
<BR><BR>[Calls]<UL><LI><a href="#[129]">&gt;&gt;</a>&nbsp;&nbsp;&nbsp;OSTmrStop
<LI><a href="#[df]">&gt;&gt;</a>&nbsp;&nbsp;&nbsp;OSTimeGet
<LI><a href="#[cf]">&gt;&gt;</a>&nbsp;&nbsp;&nbsp;traceInfo_output
</UL>
<BR>[Address Reference Count : 1]<UL><LI> app_slave_board2.o(.text)
</UL>
<P><STRONG><a name="[79]"></a>tmr_plasma_pump_timeout_callback</STRONG> (Thumb, 60 bytes, Stack size 0 bytes, app_monitor2.o(.text))
<BR><BR>[Calls]<UL><LI><a href="#[129]">&gt;&gt;</a>&nbsp;&nbsp;&nbsp;OSTmrStop
<LI><a href="#[df]">&gt;&gt;</a>&nbsp;&nbsp;&nbsp;OSTimeGet
<LI><a href="#[cf]">&gt;&gt;</a>&nbsp;&nbsp;&nbsp;traceInfo_output
</UL>
<BR>[Address Reference Count : 1]<UL><LI> app_slave_board2.o(.text)
</UL>
<P><STRONG><a name="[7a]"></a>tmr_plasma_pump_dir_callback</STRONG> (Thumb, 150 bytes, Stack size 0 bytes, app_monitor2.o(.text))
<BR><BR>[Calls]<UL><LI><a href="#[137]">&gt;&gt;</a>&nbsp;&nbsp;&nbsp;pump_dir_translate
<LI><a href="#[129]">&gt;&gt;</a>&nbsp;&nbsp;&nbsp;OSTmrStop
<LI><a href="#[df]">&gt;&gt;</a>&nbsp;&nbsp;&nbsp;OSTimeGet
<LI><a href="#[cf]">&gt;&gt;</a>&nbsp;&nbsp;&nbsp;traceInfo_output
</UL>
<BR>[Address Reference Count : 1]<UL><LI> app_slave_board2.o(.text)
</UL>
<P><STRONG><a name="[7b]"></a>tmr_PLT_pump_dir_callback</STRONG> (Thumb, 148 bytes, Stack size 0 bytes, app_monitor2.o(.text))
<BR><BR>[Calls]<UL><LI><a href="#[137]">&gt;&gt;</a>&nbsp;&nbsp;&nbsp;pump_dir_translate
<LI><a href="#[129]">&gt;&gt;</a>&nbsp;&nbsp;&nbsp;OSTmrStop
<LI><a href="#[df]">&gt;&gt;</a>&nbsp;&nbsp;&nbsp;OSTimeGet
<LI><a href="#[cf]">&gt;&gt;</a>&nbsp;&nbsp;&nbsp;traceInfo_output
</UL>
<BR>[Address Reference Count : 1]<UL><LI> app_slave_board2.o(.text)
</UL>
<P><STRONG><a name="[7c]"></a>tmr_plasma_valve_location_callback</STRONG> (Thumb, 168 bytes, Stack size 0 bytes, app_monitor2.o(.text))
<BR><BR>[Calls]<UL><LI><a href="#[12b]">&gt;&gt;</a>&nbsp;&nbsp;&nbsp;valve_location_translate
<LI><a href="#[129]">&gt;&gt;</a>&nbsp;&nbsp;&nbsp;OSTmrStop
<LI><a href="#[df]">&gt;&gt;</a>&nbsp;&nbsp;&nbsp;OSTimeGet
<LI><a href="#[cf]">&gt;&gt;</a>&nbsp;&nbsp;&nbsp;traceInfo_output
</UL>
<BR>[Address Reference Count : 1]<UL><LI> app_slave_board2.o(.text)
</UL>
<P><STRONG><a name="[7d]"></a>tmr_PLT_valve_location_callback</STRONG> (Thumb, 164 bytes, Stack size 0 bytes, app_monitor2.o(.text))
<BR><BR>[Calls]<UL><LI><a href="#[12b]">&gt;&gt;</a>&nbsp;&nbsp;&nbsp;valve_location_translate
<LI><a href="#[129]">&gt;&gt;</a>&nbsp;&nbsp;&nbsp;OSTmrStop
<LI><a href="#[df]">&gt;&gt;</a>&nbsp;&nbsp;&nbsp;OSTimeGet
<LI><a href="#[cf]">&gt;&gt;</a>&nbsp;&nbsp;&nbsp;traceInfo_output
</UL>
<BR>[Address Reference Count : 1]<UL><LI> app_slave_board2.o(.text)
</UL>
<P><STRONG><a name="[7e]"></a>tmr_RBC_valve_location_callback</STRONG> (Thumb, 168 bytes, Stack size 0 bytes, app_monitor2.o(.text))
<BR><BR>[Calls]<UL><LI><a href="#[12b]">&gt;&gt;</a>&nbsp;&nbsp;&nbsp;valve_location_translate
<LI><a href="#[129]">&gt;&gt;</a>&nbsp;&nbsp;&nbsp;OSTmrStop
<LI><a href="#[df]">&gt;&gt;</a>&nbsp;&nbsp;&nbsp;OSTimeGet
<LI><a href="#[cf]">&gt;&gt;</a>&nbsp;&nbsp;&nbsp;traceInfo_output
</UL>
<BR>[Address Reference Count : 1]<UL><LI> app_slave_board2.o(.text)
</UL>
<P><STRONG><a name="[e0]"></a>slave2_show_parameter_table</STRONG> (Thumb, 2220 bytes, Stack size 0 bytes, app_monitor2.o(.text))
<BR><BR>[Calls]<UL><LI><a href="#[cb]">&gt;&gt;</a>&nbsp;&nbsp;&nbsp;app_traceInfo_output
</UL>
<BR>[Called By]<UL><LI><a href="#[e]">&gt;&gt;</a>&nbsp;&nbsp;&nbsp;para_table_cmd
</UL>

<P><STRONG><a name="[e1]"></a>slave2_show_sensor_table</STRONG> (Thumb, 1488 bytes, Stack size 0 bytes, app_monitor2.o(.text))
<BR><BR>[Calls]<UL><LI><a href="#[cb]">&gt;&gt;</a>&nbsp;&nbsp;&nbsp;app_traceInfo_output
</UL>
<BR>[Called By]<UL><LI><a href="#[e]">&gt;&gt;</a>&nbsp;&nbsp;&nbsp;para_table_cmd
</UL>

<P><STRONG><a name="[e2]"></a>slave2_show_error_table</STRONG> (Thumb, 1316 bytes, Stack size 0 bytes, app_monitor2.o(.text))
<BR><BR>[Calls]<UL><LI><a href="#[cb]">&gt;&gt;</a>&nbsp;&nbsp;&nbsp;app_traceInfo_output
</UL>
<BR>[Called By]<UL><LI><a href="#[e]">&gt;&gt;</a>&nbsp;&nbsp;&nbsp;para_table_cmd
</UL>

<P><STRONG><a name="[11]"></a>RPDO1_callback</STRONG> (Thumb, 96 bytes, Stack size 0 bytes, app_pdo_callback2.o(.text))
<BR><BR>[Calls]<UL><LI><a href="#[139]">&gt;&gt;</a>&nbsp;&nbsp;&nbsp;OSFlagPost
<LI><a href="#[13a]">&gt;&gt;</a>&nbsp;&nbsp;&nbsp;DumpData
<LI><a href="#[138]">&gt;&gt;</a>&nbsp;&nbsp;&nbsp;big2little_endion
<LI><a href="#[cb]">&gt;&gt;</a>&nbsp;&nbsp;&nbsp;app_traceInfo_output
</UL>
<BR>[Address Reference Count : 1]<UL><LI> app_slave_board2.o(.data)
</UL>
<P><STRONG><a name="[12]"></a>RPDO2_callback</STRONG> (Thumb, 96 bytes, Stack size 0 bytes, app_pdo_callback2.o(.text))
<BR><BR>[Calls]<UL><LI><a href="#[139]">&gt;&gt;</a>&nbsp;&nbsp;&nbsp;OSFlagPost
<LI><a href="#[13a]">&gt;&gt;</a>&nbsp;&nbsp;&nbsp;DumpData
<LI><a href="#[138]">&gt;&gt;</a>&nbsp;&nbsp;&nbsp;big2little_endion
<LI><a href="#[cb]">&gt;&gt;</a>&nbsp;&nbsp;&nbsp;app_traceInfo_output
</UL>
<BR>[Address Reference Count : 1]<UL><LI> app_slave_board2.o(.data)
</UL>
<P><STRONG><a name="[13]"></a>RPDO3_callback</STRONG> (Thumb, 338 bytes, Stack size 0 bytes, app_pdo_callback2.o(.text))
<BR><BR>[Calls]<UL><LI><a href="#[139]">&gt;&gt;</a>&nbsp;&nbsp;&nbsp;OSFlagPost
<LI><a href="#[13a]">&gt;&gt;</a>&nbsp;&nbsp;&nbsp;DumpData
<LI><a href="#[138]">&gt;&gt;</a>&nbsp;&nbsp;&nbsp;big2little_endion
<LI><a href="#[128]">&gt;&gt;</a>&nbsp;&nbsp;&nbsp;clear_dc_motor_current_distance
<LI><a href="#[e9]">&gt;&gt;</a>&nbsp;&nbsp;&nbsp;get_dc_motor_current_distance
<LI><a href="#[cb]">&gt;&gt;</a>&nbsp;&nbsp;&nbsp;app_traceInfo_output
</UL>
<BR>[Address Reference Count : 1]<UL><LI> app_slave_board2.o(.data)
</UL>
<P><STRONG><a name="[14]"></a>RPDO4_callback</STRONG> (Thumb, 92 bytes, Stack size 0 bytes, app_pdo_callback2.o(.text))
<BR><BR>[Calls]<UL><LI><a href="#[139]">&gt;&gt;</a>&nbsp;&nbsp;&nbsp;OSFlagPost
<LI><a href="#[13a]">&gt;&gt;</a>&nbsp;&nbsp;&nbsp;DumpData
<LI><a href="#[138]">&gt;&gt;</a>&nbsp;&nbsp;&nbsp;big2little_endion
<LI><a href="#[cb]">&gt;&gt;</a>&nbsp;&nbsp;&nbsp;app_traceInfo_output
</UL>
<BR>[Address Reference Count : 1]<UL><LI> app_slave_board2.o(.data)
</UL>
<P><STRONG><a name="[15]"></a>RPDO5_callback</STRONG> (Thumb, 24 bytes, Stack size 0 bytes, app_pdo_callback2.o(.text))
<BR><BR>[Calls]<UL><LI><a href="#[13a]">&gt;&gt;</a>&nbsp;&nbsp;&nbsp;DumpData
<LI><a href="#[cb]">&gt;&gt;</a>&nbsp;&nbsp;&nbsp;app_traceInfo_output
</UL>
<BR>[Address Reference Count : 1]<UL><LI> app_slave_board2.o(.data)
</UL>
<P><STRONG><a name="[7f]"></a>TPDO_callback</STRONG> (Thumb, 68 bytes, Stack size 0 bytes, app_pdo_callback2.o(.text))
<BR><BR>[Calls]<UL><LI><a href="#[138]">&gt;&gt;</a>&nbsp;&nbsp;&nbsp;big2little_endion
</UL>
<BR>[Address Reference Count : 1]<UL><LI> app_slave_board2.o(.text)
</UL>
<P><STRONG><a name="[d6]"></a>init_led_task</STRONG> (Thumb, 72 bytes, Stack size 0 bytes, app_led.o(.text))
<BR><BR>[Calls]<UL><LI><a href="#[13d]">&gt;&gt;</a>&nbsp;&nbsp;&nbsp;init_led_gpio
<LI><a href="#[db]">&gt;&gt;</a>&nbsp;&nbsp;&nbsp;OSTaskNameSet
<LI><a href="#[da]">&gt;&gt;</a>&nbsp;&nbsp;&nbsp;OSTaskCreateExt
<LI><a href="#[ce]">&gt;&gt;</a>&nbsp;&nbsp;&nbsp;assert_failed
</UL>
<BR>[Called By]<UL><LI><a href="#[71]">&gt;&gt;</a>&nbsp;&nbsp;&nbsp;app_start_task
</UL>

<P><STRONG><a name="[13e]"></a>send_task_errcode</STRONG> (Thumb, 222 bytes, Stack size 0 bytes, app_task_err.o(.text), UNUSED)
<BR><BR>[Calls]<UL><LI><a href="#[119]">&gt;&gt;</a>&nbsp;&nbsp;&nbsp;OSMemGet
<LI><a href="#[ff]">&gt;&gt;</a>&nbsp;&nbsp;&nbsp;OS_CPU_SR_Save
<LI><a href="#[102]">&gt;&gt;</a>&nbsp;&nbsp;&nbsp;OS_CPU_SR_Restore
<LI><a href="#[100]">&gt;&gt;</a>&nbsp;&nbsp;&nbsp;OSQPost
<LI><a href="#[cf]">&gt;&gt;</a>&nbsp;&nbsp;&nbsp;traceInfo_output
<LI><a href="#[ce]">&gt;&gt;</a>&nbsp;&nbsp;&nbsp;assert_failed
</UL>

<P><STRONG><a name="[12f]"></a>init_TPDO_task</STRONG> (Thumb, 68 bytes, Stack size 0 bytes, app_task_err.o(.text))
<BR><BR>[Calls]<UL><LI><a href="#[db]">&gt;&gt;</a>&nbsp;&nbsp;&nbsp;OSTaskNameSet
<LI><a href="#[da]">&gt;&gt;</a>&nbsp;&nbsp;&nbsp;OSTaskCreateExt
<LI><a href="#[ce]">&gt;&gt;</a>&nbsp;&nbsp;&nbsp;assert_failed
</UL>
<BR>[Called By]<UL><LI><a href="#[80]">&gt;&gt;</a>&nbsp;&nbsp;&nbsp;slave_board2_task
</UL>

<P><STRONG><a name="[131]"></a>init_sensor_handle_task</STRONG> (Thumb, 68 bytes, Stack size 0 bytes, app_sensor_handle2.o(.text))
<BR><BR>[Calls]<UL><LI><a href="#[db]">&gt;&gt;</a>&nbsp;&nbsp;&nbsp;OSTaskNameSet
<LI><a href="#[da]">&gt;&gt;</a>&nbsp;&nbsp;&nbsp;OSTaskCreateExt
<LI><a href="#[ce]">&gt;&gt;</a>&nbsp;&nbsp;&nbsp;assert_failed
</UL>
<BR>[Called By]<UL><LI><a href="#[80]">&gt;&gt;</a>&nbsp;&nbsp;&nbsp;slave_board2_task
</UL>

<P><STRONG><a name="[141]"></a>write_pump_direction</STRONG> (Thumb, 84 bytes, Stack size 0 bytes, struct_slave_board2.o(.text))
<BR><BR>[Calls]<UL><LI><a href="#[ce]">&gt;&gt;</a>&nbsp;&nbsp;&nbsp;assert_failed
</UL>
<BR>[Called By]<UL><LI><a href="#[83]">&gt;&gt;</a>&nbsp;&nbsp;&nbsp;sensor_handle_task
</UL>

<P><STRONG><a name="[153]"></a>read_pump_distance_flag</STRONG> (Thumb, 54 bytes, Stack size 0 bytes, struct_slave_board2.o(.text))
<BR><BR>[Calls]<UL><LI><a href="#[ce]">&gt;&gt;</a>&nbsp;&nbsp;&nbsp;assert_failed
</UL>
<BR>[Called By]<UL><LI><a href="#[85]">&gt;&gt;</a>&nbsp;&nbsp;&nbsp;sensor_task
<LI><a href="#[144]">&gt;&gt;</a>&nbsp;&nbsp;&nbsp;write_pump_speed
<LI><a href="#[147]">&gt;&gt;</a>&nbsp;&nbsp;&nbsp;write_pump_moved_distance
</UL>

<P><STRONG><a name="[144]"></a>write_pump_speed</STRONG> (Thumb, 106 bytes, Stack size 0 bytes, struct_slave_board2.o(.text))
<BR><BR>[Calls]<UL><LI><a href="#[153]">&gt;&gt;</a>&nbsp;&nbsp;&nbsp;read_pump_distance_flag
<LI><a href="#[ce]">&gt;&gt;</a>&nbsp;&nbsp;&nbsp;assert_failed
</UL>
<BR>[Called By]<UL><LI><a href="#[83]">&gt;&gt;</a>&nbsp;&nbsp;&nbsp;sensor_handle_task
</UL>

<P><STRONG><a name="[147]"></a>write_pump_moved_distance</STRONG> (Thumb, 160 bytes, Stack size 0 bytes, struct_slave_board2.o(.text))
<BR><BR>[Calls]<UL><LI><a href="#[153]">&gt;&gt;</a>&nbsp;&nbsp;&nbsp;read_pump_distance_flag
<LI><a href="#[ce]">&gt;&gt;</a>&nbsp;&nbsp;&nbsp;assert_failed
</UL>
<BR>[Called By]<UL><LI><a href="#[83]">&gt;&gt;</a>&nbsp;&nbsp;&nbsp;sensor_handle_task
</UL>

<P><STRONG><a name="[154]"></a>write_pump_distance_flag</STRONG> (Thumb, 80 bytes, Stack size 0 bytes, struct_slave_board2.o(.text), UNUSED)
<BR><BR>[Calls]<UL><LI><a href="#[ce]">&gt;&gt;</a>&nbsp;&nbsp;&nbsp;assert_failed
</UL>

<P><STRONG><a name="[14a]"></a>write_RBC_detector</STRONG> (Thumb, 26 bytes, Stack size 0 bytes, struct_slave_board2.o(.text))
<BR><BR>[Calls]<UL><LI><a href="#[ce]">&gt;&gt;</a>&nbsp;&nbsp;&nbsp;assert_failed
</UL>
<BR>[Called By]<UL><LI><a href="#[83]">&gt;&gt;</a>&nbsp;&nbsp;&nbsp;sensor_handle_task
</UL>

<P><STRONG><a name="[14c]"></a>write_valve_location</STRONG> (Thumb, 652 bytes, Stack size 0 bytes, struct_slave_board2.o(.text))
<BR><BR>[Calls]<UL><LI><a href="#[ce]">&gt;&gt;</a>&nbsp;&nbsp;&nbsp;assert_failed
</UL>
<BR>[Called By]<UL><LI><a href="#[83]">&gt;&gt;</a>&nbsp;&nbsp;&nbsp;sensor_handle_task
</UL>

<P><STRONG><a name="[150]"></a>write_PLT_pump_init</STRONG> (Thumb, 38 bytes, Stack size 0 bytes, struct_slave_board2.o(.text))
<BR><BR>[Calls]<UL><LI><a href="#[ce]">&gt;&gt;</a>&nbsp;&nbsp;&nbsp;assert_failed
</UL>
<BR>[Called By]<UL><LI><a href="#[83]">&gt;&gt;</a>&nbsp;&nbsp;&nbsp;sensor_handle_task
</UL>

<P><STRONG><a name="[152]"></a>write_plasma_pump_init</STRONG> (Thumb, 38 bytes, Stack size 0 bytes, struct_slave_board2.o(.text))
<BR><BR>[Calls]<UL><LI><a href="#[ce]">&gt;&gt;</a>&nbsp;&nbsp;&nbsp;assert_failed
</UL>
<BR>[Called By]<UL><LI><a href="#[83]">&gt;&gt;</a>&nbsp;&nbsp;&nbsp;sensor_handle_task
</UL>

<P><STRONG><a name="[d7]"></a>init_buzzer_ring_task</STRONG> (Thumb, 98 bytes, Stack size 0 bytes, app_buzzer_ring.o(.text))
<BR><BR>[Calls]<UL><LI><a href="#[15c]">&gt;&gt;</a>&nbsp;&nbsp;&nbsp;bell_init
<LI><a href="#[f6]">&gt;&gt;</a>&nbsp;&nbsp;&nbsp;OSQCreate
<LI><a href="#[db]">&gt;&gt;</a>&nbsp;&nbsp;&nbsp;OSTaskNameSet
<LI><a href="#[da]">&gt;&gt;</a>&nbsp;&nbsp;&nbsp;OSTaskCreateExt
<LI><a href="#[ce]">&gt;&gt;</a>&nbsp;&nbsp;&nbsp;assert_failed
</UL>
<BR>[Called By]<UL><LI><a href="#[71]">&gt;&gt;</a>&nbsp;&nbsp;&nbsp;app_start_task
</UL>

<P><STRONG><a name="[d8]"></a>set_buzzer_ring_tone</STRONG> (Thumb, 36 bytes, Stack size 0 bytes, app_buzzer_ring.o(.text))
<BR><BR>[Calls]<UL><LI><a href="#[15d]">&gt;&gt;</a>&nbsp;&nbsp;&nbsp;OSQPostFront
</UL>
<BR>[Called By]<UL><LI><a href="#[71]">&gt;&gt;</a>&nbsp;&nbsp;&nbsp;app_start_task
</UL>

<P><STRONG><a name="[15f]"></a>swap</STRONG> (Thumb, 10 bytes, Stack size 0 bytes, app_sensor_board2.o(.text))
<BR><BR>[Called By]<UL><LI><a href="#[15e]">&gt;&gt;</a>&nbsp;&nbsp;&nbsp;get_max_three_value_average
</UL>

<P><STRONG><a name="[15e]"></a>get_max_three_value_average</STRONG> (Thumb, 110 bytes, Stack size 0 bytes, app_sensor_board2.o(.text))
<BR><BR>[Calls]<UL><LI><a href="#[15f]">&gt;&gt;</a>&nbsp;&nbsp;&nbsp;swap
<LI><a href="#[f7]">&gt;&gt;</a>&nbsp;&nbsp;&nbsp;__aeabi_memclr4
<LI><a href="#[fa]">&gt;&gt;</a>&nbsp;&nbsp;&nbsp;__aeabi_memcpy
</UL>
<BR>[Called By]<UL><LI><a href="#[160]">&gt;&gt;</a>&nbsp;&nbsp;&nbsp;read_RBC_detector_status
</UL>

<P><STRONG><a name="[130]"></a>init_sensor_task</STRONG> (Thumb, 68 bytes, Stack size 0 bytes, app_sensor_board2.o(.text))
<BR><BR>[Calls]<UL><LI><a href="#[db]">&gt;&gt;</a>&nbsp;&nbsp;&nbsp;OSTaskNameSet
<LI><a href="#[da]">&gt;&gt;</a>&nbsp;&nbsp;&nbsp;OSTaskCreateExt
<LI><a href="#[ce]">&gt;&gt;</a>&nbsp;&nbsp;&nbsp;assert_failed
</UL>
<BR>[Called By]<UL><LI><a href="#[80]">&gt;&gt;</a>&nbsp;&nbsp;&nbsp;slave_board2_task
</UL>

<P><STRONG><a name="[16f]"></a>user_tmr_exit_critical</STRONG> (Thumb, 8 bytes, Stack size 0 bytes, app_user_tmr.o(.text))
<BR><BR>[Calls]<UL><LI><a href="#[170]">&gt;&gt;</a>&nbsp;&nbsp;&nbsp;OSSchedUnlock
</UL>
<BR>[Called By]<UL><LI><a href="#[17f]">&gt;&gt;</a>&nbsp;&nbsp;&nbsp;user_timer_stop
<LI><a href="#[17e]">&gt;&gt;</a>&nbsp;&nbsp;&nbsp;user_timer_start
<LI><a href="#[17d]">&gt;&gt;</a>&nbsp;&nbsp;&nbsp;user_timer_del
<LI><a href="#[17b]">&gt;&gt;</a>&nbsp;&nbsp;&nbsp;user_timer_create
<LI><a href="#[17a]">&gt;&gt;</a>&nbsp;&nbsp;&nbsp;user_tmr_task
</UL>

<P><STRONG><a name="[171]"></a>user_tmr_enter_critical</STRONG> (Thumb, 8 bytes, Stack size 0 bytes, app_user_tmr.o(.text))
<BR><BR>[Calls]<UL><LI><a href="#[172]">&gt;&gt;</a>&nbsp;&nbsp;&nbsp;OSSchedLock
</UL>
<BR>[Called By]<UL><LI><a href="#[17f]">&gt;&gt;</a>&nbsp;&nbsp;&nbsp;user_timer_stop
<LI><a href="#[17e]">&gt;&gt;</a>&nbsp;&nbsp;&nbsp;user_timer_start
<LI><a href="#[17d]">&gt;&gt;</a>&nbsp;&nbsp;&nbsp;user_timer_del
<LI><a href="#[17b]">&gt;&gt;</a>&nbsp;&nbsp;&nbsp;user_timer_create
<LI><a href="#[17a]">&gt;&gt;</a>&nbsp;&nbsp;&nbsp;user_tmr_task
</UL>

<P><STRONG><a name="[17a]"></a>user_tmr_task</STRONG> (Thumb, 142 bytes, Stack size 0 bytes, app_user_tmr.o(.text))
<BR><BR>[Calls]<UL><LI><a href="#[171]">&gt;&gt;</a>&nbsp;&nbsp;&nbsp;user_tmr_enter_critical
<LI><a href="#[16f]">&gt;&gt;</a>&nbsp;&nbsp;&nbsp;user_tmr_exit_critical
<LI><a href="#[173]">&gt;&gt;</a>&nbsp;&nbsp;&nbsp;user_stm_tim_init
<LI><a href="#[113]">&gt;&gt;</a>&nbsp;&nbsp;&nbsp;OSSemPend
<LI><a href="#[116]">&gt;&gt;</a>&nbsp;&nbsp;&nbsp;OSSemCreate
<LI><a href="#[ce]">&gt;&gt;</a>&nbsp;&nbsp;&nbsp;assert_failed
</UL>
<BR>[Address Reference Count : 1]<UL><LI> app_user_tmr.o(.text)
</UL>
<P><STRONG><a name="[16b]"></a>user_timer_init</STRONG> (Thumb, 100 bytes, Stack size 0 bytes, app_user_tmr.o(.text))
<BR><BR>[Calls]<UL><LI><a href="#[db]">&gt;&gt;</a>&nbsp;&nbsp;&nbsp;OSTaskNameSet
<LI><a href="#[da]">&gt;&gt;</a>&nbsp;&nbsp;&nbsp;OSTaskCreateExt
<LI><a href="#[ce]">&gt;&gt;</a>&nbsp;&nbsp;&nbsp;assert_failed
</UL>
<BR>[Called By]<UL><LI><a href="#[85]">&gt;&gt;</a>&nbsp;&nbsp;&nbsp;sensor_task
</UL>

<P><STRONG><a name="[17b]"></a>user_timer_create</STRONG> (Thumb, 138 bytes, Stack size 0 bytes, app_user_tmr.o(.text))
<BR><BR>[Calls]<UL><LI><a href="#[171]">&gt;&gt;</a>&nbsp;&nbsp;&nbsp;user_tmr_enter_critical
<LI><a href="#[16f]">&gt;&gt;</a>&nbsp;&nbsp;&nbsp;user_tmr_exit_critical
<LI><a href="#[17c]">&gt;&gt;</a>&nbsp;&nbsp;&nbsp;user_timer_used
</UL>
<BR>[Called By]<UL><LI><a href="#[16d]">&gt;&gt;</a>&nbsp;&nbsp;&nbsp;init_arm2sensor_tmr
</UL>

<P><STRONG><a name="[17d]"></a>user_timer_del</STRONG> (Thumb, 32 bytes, Stack size 0 bytes, app_user_tmr.o(.text), UNUSED)
<BR><BR>[Calls]<UL><LI><a href="#[171]">&gt;&gt;</a>&nbsp;&nbsp;&nbsp;user_tmr_enter_critical
<LI><a href="#[16f]">&gt;&gt;</a>&nbsp;&nbsp;&nbsp;user_tmr_exit_critical
</UL>

<P><STRONG><a name="[17e]"></a>user_timer_start</STRONG> (Thumb, 64 bytes, Stack size 0 bytes, app_user_tmr.o(.text))
<BR><BR>[Calls]<UL><LI><a href="#[171]">&gt;&gt;</a>&nbsp;&nbsp;&nbsp;user_tmr_enter_critical
<LI><a href="#[16f]">&gt;&gt;</a>&nbsp;&nbsp;&nbsp;user_tmr_exit_critical
</UL>
<BR>[Called By]<UL><LI><a href="#[48]">&gt;&gt;</a>&nbsp;&nbsp;&nbsp;EXTI15_10_IRQHandler
<LI><a href="#[37]">&gt;&gt;</a>&nbsp;&nbsp;&nbsp;EXTI9_5_IRQHandler
<LI><a href="#[2a]">&gt;&gt;</a>&nbsp;&nbsp;&nbsp;EXTI4_IRQHandler
<LI><a href="#[29]">&gt;&gt;</a>&nbsp;&nbsp;&nbsp;EXTI3_IRQHandler
<LI><a href="#[28]">&gt;&gt;</a>&nbsp;&nbsp;&nbsp;EXTI2_IRQHandler
<LI><a href="#[27]">&gt;&gt;</a>&nbsp;&nbsp;&nbsp;EXTI1_IRQHandler
<LI><a href="#[26]">&gt;&gt;</a>&nbsp;&nbsp;&nbsp;EXTI0_IRQHandler
</UL>

<P><STRONG><a name="[17f]"></a>user_timer_stop</STRONG> (Thumb, 104 bytes, Stack size 0 bytes, app_user_tmr.o(.text), UNUSED)
<BR><BR>[Calls]<UL><LI><a href="#[171]">&gt;&gt;</a>&nbsp;&nbsp;&nbsp;user_tmr_enter_critical
<LI><a href="#[16f]">&gt;&gt;</a>&nbsp;&nbsp;&nbsp;user_tmr_exit_critical
</UL>

<P><STRONG><a name="[57]"></a>TIM7_IRQHandler</STRONG> (Thumb, 40 bytes, Stack size 0 bytes, app_user_tmr.o(.text))
<BR><BR>[Calls]<UL><LI><a href="#[180]">&gt;&gt;</a>&nbsp;&nbsp;&nbsp;TIM_GetFlagStatus
<LI><a href="#[181]">&gt;&gt;</a>&nbsp;&nbsp;&nbsp;TIM_ClearFlag
<LI><a href="#[11e]">&gt;&gt;</a>&nbsp;&nbsp;&nbsp;OSSemPost
<LI><a href="#[108]">&gt;&gt;</a>&nbsp;&nbsp;&nbsp;OSIntExit
<LI><a href="#[105]">&gt;&gt;</a>&nbsp;&nbsp;&nbsp;OSIntEnter
</UL>
<BR>[Address Reference Count : 1]<UL><LI> startup_stm32f2xx.o(RESET)
</UL>
<P><STRONG><a name="[133]"></a>init_da_output_task</STRONG> (Thumb, 66 bytes, Stack size 0 bytes, app_da_output.o(.text))
<BR><BR>[Calls]<UL><LI><a href="#[db]">&gt;&gt;</a>&nbsp;&nbsp;&nbsp;OSTaskNameSet
[...]
<BR><BR>[Calls]<UL><LI><a href="#[1ac]">&gt;&gt;</a>&nbsp;&nbsp;&nbsp;motor_pid
</UL>
<BR>[Called By]<UL><LI><a href="#[56]">&gt;&gt;</a>&nbsp;&nbsp;&nbsp;TIM6_DAC_IRQHandler
</UL>

<P><STRONG><a name="[89]"></a>app_dc_motor_send_task</STRONG> (Thumb, 92 bytes, Stack size 0 bytes, app_dc_motor.o(.text))
<BR><BR>[Calls]<UL><LI><a href="#[115]">&gt;&gt;</a>&nbsp;&nbsp;&nbsp;OSMemPut
<LI><a href="#[de]">&gt;&gt;</a>&nbsp;&nbsp;&nbsp;OSQPend
<LI><a href="#[cb]">&gt;&gt;</a>&nbsp;&nbsp;&nbsp;app_traceInfo_output
<LI><a href="#[ce]">&gt;&gt;</a>&nbsp;&nbsp;&nbsp;assert_failed
<LI><a href="#[cd]">&gt;&gt;</a>&nbsp;&nbsp;&nbsp;__2snprintf
</UL>
<BR>[Address Reference Count : 1]<UL><LI> app_dc_motor.o(.text)
</UL>
<P><STRONG><a name="[88]"></a>app_dc_motor_task</STRONG> (Thumb, 52 bytes, Stack size 0 bytes, app_dc_motor.o(.text))
<BR><BR>[Calls]<UL><LI><a href="#[1b2]">&gt;&gt;</a>&nbsp;&nbsp;&nbsp;do_cmd_data
<LI><a href="#[de]">&gt;&gt;</a>&nbsp;&nbsp;&nbsp;OSQPend
<LI><a href="#[cb]">&gt;&gt;</a>&nbsp;&nbsp;&nbsp;app_traceInfo_output
<LI><a href="#[ce]">&gt;&gt;</a>&nbsp;&nbsp;&nbsp;assert_failed
</UL>
<BR>[Address Reference Count : 1]<UL><LI> app_dc_motor.o(.text)
</UL>
<P><STRONG><a name="[1b5]"></a>Shell_ModuleCmdClr</STRONG> (Thumb, 16 bytes, Stack size 0 bytes, shell.o(.text))
<BR><BR>[Called By]<UL><LI><a href="#[1ba]">&gt;&gt;</a>&nbsp;&nbsp;&nbsp;Shell_CmdTblRem
<LI><a href="#[103]">&gt;&gt;</a>&nbsp;&nbsp;&nbsp;Shell_Init
</UL>

<P><STRONG><a name="[1b6]"></a>Shell_ModuleCmdNameGet</STRONG> (Thumb, 114 bytes, Stack size 0 bytes, shell.o(.text))
<BR><BR>[Calls]<UL><LI><a href="#[f9]">&gt;&gt;</a>&nbsp;&nbsp;&nbsp;strncpy
</UL>
<BR>[Called By]<UL><LI><a href="#[1b7]">&gt;&gt;</a>&nbsp;&nbsp;&nbsp;Shell_CmdSearch
<LI><a href="#[f3]">&gt;&gt;</a>&nbsp;&nbsp;&nbsp;Shell_CmdTblAdd
</UL>

<P><STRONG><a name="[1b7]"></a>Shell_CmdSearch</STRONG> (Thumb, 172 bytes, Stack size 0 bytes, shell.o(.text))
<BR><BR>[Calls]<UL><LI><a href="#[1b6]">&gt;&gt;</a>&nbsp;&nbsp;&nbsp;Shell_ModuleCmdNameGet
<LI><a href="#[dd]">&gt;&gt;</a>&nbsp;&nbsp;&nbsp;strcmp
</UL>
<BR>[Called By]<UL><LI><a href="#[fd]">&gt;&gt;</a>&nbsp;&nbsp;&nbsp;Shell_Exec
</UL>

<P><STRONG><a name="[1b8]"></a>Shell_Scanner</STRONG> (Thumb, 114 bytes, Stack size 0 bytes, shell.o(.text))
<BR><BR>[Called By]<UL><LI><a href="#[fd]">&gt;&gt;</a>&nbsp;&nbsp;&nbsp;Shell_Exec
</UL>

<P><STRONG><a name="[1cd]"></a>get_motor_id</STRONG> (Thumb, 36 bytes, Stack size 0 bytes, protocol.o(.text))
<BR><BR>[Called By]<UL><LI><a href="#[1b2]">&gt;&gt;</a>&nbsp;&nbsp;&nbsp;do_cmd_data
</UL>

<P><STRONG><a name="[1d8]"></a>init_usart_with_dma</STRONG> (Thumb, 380 bytes, Stack size 0 bytes, usart.o(.text))
<BR><BR>[Calls]<UL><LI><a href="#[175]">&gt;&gt;</a>&nbsp;&nbsp;&nbsp;NVIC_Init
<LI><a href="#[ce]">&gt;&gt;</a>&nbsp;&nbsp;&nbsp;assert_failed
</UL>
<BR>[Called By]<UL><LI><a href="#[118]">&gt;&gt;</a>&nbsp;&nbsp;&nbsp;init_usart
</UL>

<P><STRONG><a name="[1e7]"></a>clear_speed_buf</STRONG> (Thumb, 60 bytes, Stack size 0 bytes, encoder.o(.text))
<BR><BR>[Calls]<UL><LI><a href="#[ce]">&gt;&gt;</a>&nbsp;&nbsp;&nbsp;assert_failed
</UL>
<BR>[Called By]<UL><LI><a href="#[1a0]">&gt;&gt;</a>&nbsp;&nbsp;&nbsp;encoder_reset
<LI><a href="#[19d]">&gt;&gt;</a>&nbsp;&nbsp;&nbsp;QET_configuration
</UL>

<P><STRONG><a name="[1ed]"></a>ENC_get_electrical_angle</STRONG> (Thumb, 108 bytes, Stack size 0 bytes, encoder.o(.text))
<BR><BR>[Calls]<UL><LI><a href="#[ce]">&gt;&gt;</a>&nbsp;&nbsp;&nbsp;assert_failed
</UL>
<BR>[Called By]<UL><LI><a href="#[1ad]">&gt;&gt;</a>&nbsp;&nbsp;&nbsp;get_dc_motor_speed
</UL>

<P><STRONG><a name="[20d]"></a>TIM6_Config</STRONG> (Thumb, 62 bytes, Stack size 0 bytes, adc_dac.o(.text), UNUSED)
<BR><BR>[Calls]<UL><LI><a href="#[20e]">&gt;&gt;</a>&nbsp;&nbsp;&nbsp;TIM_SelectOutputTrigger
<LI><a href="#[176]">&gt;&gt;</a>&nbsp;&nbsp;&nbsp;TIM_TimeBaseStructInit
<LI><a href="#[177]">&gt;&gt;</a>&nbsp;&nbsp;&nbsp;TIM_TimeBaseInit
<LI><a href="#[179]">&gt;&gt;</a>&nbsp;&nbsp;&nbsp;TIM_Cmd
<LI><a href="#[174]">&gt;&gt;</a>&nbsp;&nbsp;&nbsp;RCC_APB1PeriphClockCmd
</UL>
<BR>[Called By]<UL><LI><a href="#[20f]">&gt;&gt;</a>&nbsp;&nbsp;&nbsp;DAC_Triangle_Config
</UL>

<P><STRONG><a name="[214]"></a>PLA_pump_hall_NVIC_config</STRONG> (Thumb, 80 bytes, Stack size 0 bytes, exti_board2.o(.text))
<BR><BR>[Calls]<UL><LI><a href="#[1d6]">&gt;&gt;</a>&nbsp;&nbsp;&nbsp;SYSCFG_EXTILineConfig
<LI><a href="#[1d4]">&gt;&gt;</a>&nbsp;&nbsp;&nbsp;RCC_APB2PeriphClockCmd
<LI><a href="#[1d7]">&gt;&gt;</a>&nbsp;&nbsp;&nbsp;EXTI_Init
<LI><a href="#[175]">&gt;&gt;</a>&nbsp;&nbsp;&nbsp;NVIC_Init
</UL>
<BR>[Called By]<UL><LI><a href="#[16c]">&gt;&gt;</a>&nbsp;&nbsp;&nbsp;arm2_exti_gpio_init
</UL>

<P><STRONG><a name="[215]"></a>PLT_pump_hall_NVIC_config</STRONG> (Thumb, 80 bytes, Stack size 0 bytes, exti_board2.o(.text))
<BR><BR>[Calls]<UL><LI><a href="#[1d6]">&gt;&gt;</a>&nbsp;&nbsp;&nbsp;SYSCFG_EXTILineConfig
<LI><a href="#[1d4]">&gt;&gt;</a>&nbsp;&nbsp;&nbsp;RCC_APB2PeriphClockCmd
<LI><a href="#[1d7]">&gt;&gt;</a>&nbsp;&nbsp;&nbsp;EXTI_Init
<LI><a href="#[175]">&gt;&gt;</a>&nbsp;&nbsp;&nbsp;NVIC_Init
</UL>
<BR>[Called By]<UL><LI><a href="#[16c]">&gt;&gt;</a>&nbsp;&nbsp;&nbsp;arm2_exti_gpio_init
</UL>

<P><STRONG><a name="[216]"></a>PLTvalve_optical2_NVIC_config</STRONG> (Thumb, 74 bytes, Stack size 0 bytes, exti_board2.o(.text))
<BR><BR>[Calls]<UL><LI><a href="#[1d6]">&gt;&gt;</a>&nbsp;&nbsp;&nbsp;SYSCFG_EXTILineConfig
<LI><a href="#[1d4]">&gt;&gt;</a>&nbsp;&nbsp;&nbsp;RCC_APB2PeriphClockCmd
<LI><a href="#[1d7]">&gt;&gt;</a>&nbsp;&nbsp;&nbsp;EXTI_Init
<LI><a href="#[175]">&gt;&gt;</a>&nbsp;&nbsp;&nbsp;NVIC_Init
</UL>
<BR>[Called By]<UL><LI><a href="#[16c]">&gt;&gt;</a>&nbsp;&nbsp;&nbsp;arm2_exti_gpio_init
</UL>

<P><STRONG><a name="[217]"></a>PLAvalve_optical1_NVIC_config</STRONG> (Thumb, 76 bytes, Stack size 0 bytes, exti_board2.o(.text))
<BR><BR>[Calls]<UL><LI><a href="#[1d6]">&gt;&gt;</a>&nbsp;&nbsp;&nbsp;SYSCFG_EXTILineConfig
<LI><a href="#[1d4]">&gt;&gt;</a>&nbsp;&nbsp;&nbsp;RCC_APB2PeriphClockCmd
<LI><a href="#[1d7]">&gt;&gt;</a>&nbsp;&nbsp;&nbsp;EXTI_Init
<LI><a href="#[175]">&gt;&gt;</a>&nbsp;&nbsp;&nbsp;NVIC_Init
</UL>
<BR>[Called By]<UL><LI><a href="#[16c]">&gt;&gt;</a>&nbsp;&nbsp;&nbsp;arm2_exti_gpio_init
</UL>

<P><STRONG><a name="[218]"></a>PLAvalve_optical2_NVIC_config</STRONG> (Thumb, 76 bytes, Stack size 0 bytes, exti_board2.o(.text))
<BR><BR>[Calls]<UL><LI><a href="#[1d6]">&gt;&gt;</a>&nbsp;&nbsp;&nbsp;SYSCFG_EXTILineConfig
<LI><a href="#[1d4]">&gt;&gt;</a>&nbsp;&nbsp;&nbsp;RCC_APB2PeriphClockCmd
<LI><a href="#[1d7]">&gt;&gt;</a>&nbsp;&nbsp;&nbsp;EXTI_Init
<LI><a href="#[175]">&gt;&gt;</a>&nbsp;&nbsp;&nbsp;NVIC_Init
</UL>
<BR>[Called By]<UL><LI><a href="#[16c]">&gt;&gt;</a>&nbsp;&nbsp;&nbsp;arm2_exti_gpio_init
</UL>

<P><STRONG><a name="[219]"></a>PLAvalve_optical3_NVIC_config</STRONG> (Thumb, 76 bytes, Stack size 0 bytes, exti_board2.o(.text))
<BR><BR>[Calls]<UL><LI><a href="#[1d6]">&gt;&gt;</a>&nbsp;&nbsp;&nbsp;SYSCFG_EXTILineConfig
<LI><a href="#[1d4]">&gt;&gt;</a>&nbsp;&nbsp;&nbsp;RCC_APB2PeriphClockCmd
<LI><a href="#[1d7]">&gt;&gt;</a>&nbsp;&nbsp;&nbsp;EXTI_Init
<LI><a href="#[175]">&gt;&gt;</a>&nbsp;&nbsp;&nbsp;NVIC_Init
</UL>
<BR>[Called By]<UL><LI><a href="#[16c]">&gt;&gt;</a>&nbsp;&nbsp;&nbsp;arm2_exti_gpio_init
</UL>

<P><STRONG><a name="[21a]"></a>RBCvalve_optical1_NVIC_config</STRONG> (Thumb, 76 bytes, Stack size 0 bytes, exti_board2.o(.text))
<BR><BR>[Calls]<UL><LI><a href="#[1d6]">&gt;&gt;</a>&nbsp;&nbsp;&nbsp;SYSCFG_EXTILineConfig
<LI><a href="#[1d4]">&gt;&gt;</a>&nbsp;&nbsp;&nbsp;RCC_APB2PeriphClockCmd
<LI><a href="#[1d7]">&gt;&gt;</a>&nbsp;&nbsp;&nbsp;EXTI_Init
<LI><a href="#[175]">&gt;&gt;</a>&nbsp;&nbsp;&nbsp;NVIC_Init
</UL>
<BR>[Called By]<UL><LI><a href="#[16c]">&gt;&gt;</a>&nbsp;&nbsp;&nbsp;arm2_exti_gpio_init
</UL>

<P><STRONG><a name="[21b]"></a>RBCvalve_optical2_NVIC_config</STRONG> (Thumb, 76 bytes, Stack size 0 bytes, exti_board2.o(.text))
<BR><BR>[Calls]<UL><LI><a href="#[1d6]">&gt;&gt;</a>&nbsp;&nbsp;&nbsp;SYSCFG_EXTILineConfig
<LI><a href="#[1d4]">&gt;&gt;</a>&nbsp;&nbsp;&nbsp;RCC_APB2PeriphClockCmd
<LI><a href="#[1d7]">&gt;&gt;</a>&nbsp;&nbsp;&nbsp;EXTI_Init
<LI><a href="#[175]">&gt;&gt;</a>&nbsp;&nbsp;&nbsp;NVIC_Init
</UL>
<BR>[Called By]<UL><LI><a href="#[16c]">&gt;&gt;</a>&nbsp;&nbsp;&nbsp;arm2_exti_gpio_init
</UL>

<P><STRONG><a name="[21c]"></a>RBCvalve_optical3_NVIC_config</STRONG> (Thumb, 76 bytes, Stack size 0 bytes, exti_board2.o(.text))
<BR><BR>[Calls]<UL><LI><a href="#[1d6]">&gt;&gt;</a>&nbsp;&nbsp;&nbsp;SYSCFG_EXTILineConfig
<LI><a href="#[1d4]">&gt;&gt;</a>&nbsp;&nbsp;&nbsp;RCC_APB2PeriphClockCmd
<LI><a href="#[1d7]">&gt;&gt;</a>&nbsp;&nbsp;&nbsp;EXTI_Init
<LI><a href="#[175]">&gt;&gt;</a>&nbsp;&nbsp;&nbsp;NVIC_Init
</UL>
<BR>[Called By]<UL><LI><a href="#[16c]">&gt;&gt;</a>&nbsp;&nbsp;&nbsp;arm2_exti_gpio_init
</UL>

<P><STRONG><a name="[21d]"></a>PLTvalve_optical3_NVIC_config</STRONG> (Thumb, 76 bytes, Stack size 0 bytes, exti_board2.o(.text))
<BR><BR>[Calls]<UL><LI><a href="#[1d6]">&gt;&gt;</a>&nbsp;&nbsp;&nbsp;SYSCFG_EXTILineConfig
<LI><a href="#[1d4]">&gt;&gt;</a>&nbsp;&nbsp;&nbsp;RCC_APB2PeriphClockCmd
<LI><a href="#[1d7]">&gt;&gt;</a>&nbsp;&nbsp;&nbsp;EXTI_Init
<LI><a href="#[175]">&gt;&gt;</a>&nbsp;&nbsp;&nbsp;NVIC_Init
</UL>
<BR>[Called By]<UL><LI><a href="#[16c]">&gt;&gt;</a>&nbsp;&nbsp;&nbsp;arm2_exti_gpio_init
</UL>

<P><STRONG><a name="[21e]"></a>PLTvalve_optical1_NVIC_config</STRONG> (Thumb, 78 bytes, Stack size 0 bytes, exti_board2.o(.text))
<BR><BR>[Calls]<UL><LI><a href="#[1d6]">&gt;&gt;</a>&nbsp;&nbsp;&nbsp;SYSCFG_EXTILineConfig
<LI><a href="#[1d4]">&gt;&gt;</a>&nbsp;&nbsp;&nbsp;RCC_APB2PeriphClockCmd
<LI><a href="#[1d7]">&gt;&gt;</a>&nbsp;&nbsp;&nbsp;EXTI_Init
<LI><a href="#[175]">&gt;&gt;</a>&nbsp;&nbsp;&nbsp;NVIC_Init
</UL>
<BR>[Called By]<UL><LI><a href="#[16c]">&gt;&gt;</a>&nbsp;&nbsp;&nbsp;arm2_exti_gpio_init
</UL>

<P><STRONG><a name="[21f]"></a>exti2_irq_operation</STRONG> (Thumb, 160 bytes, Stack size 0 bytes, exti_board2.o(.text))
<BR><BR>[Calls]<UL><LI><a href="#[220]">&gt;&gt;</a>&nbsp;&nbsp;&nbsp;EXTI_ClearFlag
<LI><a href="#[175]">&gt;&gt;</a>&nbsp;&nbsp;&nbsp;NVIC_Init
</UL>
<BR>[Called By]<UL><LI><a href="#[48]">&gt;&gt;</a>&nbsp;&nbsp;&nbsp;EXTI15_10_IRQHandler
<LI><a href="#[37]">&gt;&gt;</a>&nbsp;&nbsp;&nbsp;EXTI9_5_IRQHandler
<LI><a href="#[2a]">&gt;&gt;</a>&nbsp;&nbsp;&nbsp;EXTI4_IRQHandler
<LI><a href="#[29]">&gt;&gt;</a>&nbsp;&nbsp;&nbsp;EXTI3_IRQHandler
<LI><a href="#[28]">&gt;&gt;</a>&nbsp;&nbsp;&nbsp;EXTI2_IRQHandler
<LI><a href="#[27]">&gt;&gt;</a>&nbsp;&nbsp;&nbsp;EXTI1_IRQHandler
<LI><a href="#[26]">&gt;&gt;</a>&nbsp;&nbsp;&nbsp;EXTI0_IRQHandler
<LI><a href="#[22c]">&gt;&gt;</a>&nbsp;&nbsp;&nbsp;PLTvalve_optical3_callback
<LI><a href="#[22b]">&gt;&gt;</a>&nbsp;&nbsp;&nbsp;PLTvalve_optical1_callback
<LI><a href="#[22a]">&gt;&gt;</a>&nbsp;&nbsp;&nbsp;PLTvalve_optical2_callback
<LI><a href="#[229]">&gt;&gt;</a>&nbsp;&nbsp;&nbsp;PLAvalve_optical1_callback
<LI><a href="#[228]">&gt;&gt;</a>&nbsp;&nbsp;&nbsp;PLAvalve_optical2_callback
<LI><a href="#[227]">&gt;&gt;</a>&nbsp;&nbsp;&nbsp;PLAvalve_optical3_callback
<LI><a href="#[226]">&gt;&gt;</a>&nbsp;&nbsp;&nbsp;RBCvalve_optical1_callback
<LI><a href="#[225]">&gt;&gt;</a>&nbsp;&nbsp;&nbsp;RBCvalve_optical2_callback
<LI><a href="#[224]">&gt;&gt;</a>&nbsp;&nbsp;&nbsp;RBCvalve_optical3_callback
<LI><a href="#[223]">&gt;&gt;</a>&nbsp;&nbsp;&nbsp;PLAsmapump_hall_callback
<LI><a href="#[221]">&gt;&gt;</a>&nbsp;&nbsp;&nbsp;PLTpump_hall_callback
</UL>

<P><STRONG><a name="[231]"></a>GetSector</STRONG> (Thumb, 182 bytes, Stack size 0 bytes, flash_if.o(.text))
<BR><BR>[Called By]<UL><LI><a href="#[190]">&gt;&gt;</a>&nbsp;&nbsp;&nbsp;flash_if_erase
<LI><a href="#[18e]">&gt;&gt;</a>&nbsp;&nbsp;&nbsp;FLASH_If_GetWriteProtectionStatus
<LI><a href="#[18f]">&gt;&gt;</a>&nbsp;&nbsp;&nbsp;FLASH_If_DisableWriteProtection
</UL>

<P><STRONG><a name="[296]"></a>TI4_Config</STRONG> (Thumb, 128 bytes, Stack size 0 bytes, stm32f2xx_tim.o(.text))
<BR><BR>[Called By]<UL><LI><a href="#[1eb]">&gt;&gt;</a>&nbsp;&nbsp;&nbsp;TIM_ICInit
</UL>

<P><STRONG><a name="[295]"></a>TI3_Config</STRONG> (Thumb, 72 bytes, Stack size 0 bytes, stm32f2xx_tim.o(.text))
<BR><BR>[Called By]<UL><LI><a href="#[1eb]">&gt;&gt;</a>&nbsp;&nbsp;&nbsp;TIM_ICInit
</UL>

<P><STRONG><a name="[294]"></a>TI2_Config</STRONG> (Thumb, 80 bytes, Stack size 0 bytes, stm32f2xx_tim.o(.text))
<BR><BR>[Called By]<UL><LI><a href="#[1eb]">&gt;&gt;</a>&nbsp;&nbsp;&nbsp;TIM_ICInit
<LI><a href="#[2a7]">&gt;&gt;</a>&nbsp;&nbsp;&nbsp;TIM_TIxExternalClockConfig
<LI><a href="#[297]">&gt;&gt;</a>&nbsp;&nbsp;&nbsp;TIM_PWMIConfig
</UL>

<P><STRONG><a name="[293]"></a>TI1_Config</STRONG> (Thumb, 58 bytes, Stack size 0 bytes, stm32f2xx_tim.o(.text))
<BR><BR>[Called By]<UL><LI><a href="#[1eb]">&gt;&gt;</a>&nbsp;&nbsp;&nbsp;TIM_ICInit
<LI><a href="#[2a7]">&gt;&gt;</a>&nbsp;&nbsp;&nbsp;TIM_TIxExternalClockConfig
<LI><a href="#[297]">&gt;&gt;</a>&nbsp;&nbsp;&nbsp;TIM_PWMIConfig
</UL>

<P><STRONG><a name="[2ff]"></a>OS_FlagTaskRdy</STRONG> (Thumb, 94 bytes, Stack size 0 bytes, os_flag.o(.text))
<BR><BR>[Calls]<UL><LI><a href="#[300]">&gt;&gt;</a>&nbsp;&nbsp;&nbsp;OS_FlagUnlink
</UL>
<BR>[Called By]<UL><LI><a href="#[139]">&gt;&gt;</a>&nbsp;&nbsp;&nbsp;OSFlagPost
<LI><a href="#[301]">&gt;&gt;</a>&nbsp;&nbsp;&nbsp;OSFlagDel
</UL>

<P><STRONG><a name="[306]"></a>OS_FlagBlock</STRONG> (Thumb, 156 bytes, Stack size 0 bytes, os_flag.o(.text))
<BR><BR>[Called By]<UL><LI><a href="#[127]">&gt;&gt;</a>&nbsp;&nbsp;&nbsp;OSFlagPend
</UL>

<P><STRONG><a name="[312]"></a>OSMutex_RdyAtPrio</STRONG> (Thumb, 120 bytes, Stack size 0 bytes, os_mutex.o(.text))
<BR><BR>[Called By]<UL><LI><a href="#[1c0]">&gt;&gt;</a>&nbsp;&nbsp;&nbsp;OSMutexPost
<LI><a href="#[311]">&gt;&gt;</a>&nbsp;&nbsp;&nbsp;OSMutexDel
</UL>

<P><STRONG><a name="[337]"></a>OSTmr_Alloc</STRONG> (Thumb, 50 bytes, Stack size 0 bytes, os_tmr.o(.text))
<BR><BR>[Called By]<UL><LI><a href="#[12e]">&gt;&gt;</a>&nbsp;&nbsp;&nbsp;OSTmrCreate
</UL>

<P><STRONG><a name="[33a]"></a>OSTmr_Free</STRONG> (Thumb, 58 bytes, Stack size 0 bytes, os_tmr.o(.text), UNUSED)
<BR><BR>[Called By]<UL><LI><a href="#[338]">&gt;&gt;</a>&nbsp;&nbsp;&nbsp;OSTmrDel
</UL>

<P><STRONG><a name="[339]"></a>OSTmr_Unlink</STRONG> (Thumb, 62 bytes, Stack size 0 bytes, os_tmr.o(.text))
<BR><BR>[Called By]<UL><LI><a href="#[129]">&gt;&gt;</a>&nbsp;&nbsp;&nbsp;OSTmrStop
<LI><a href="#[12a]">&gt;&gt;</a>&nbsp;&nbsp;&nbsp;OSTmrStart
<LI><a href="#[338]">&gt;&gt;</a>&nbsp;&nbsp;&nbsp;OSTmrDel
<LI><a href="#[8a]">&gt;&gt;</a>&nbsp;&nbsp;&nbsp;OSTmr_Task
</UL>

<P><STRONG><a name="[33e]"></a>OSTmr_Link</STRONG> (Thumb, 100 bytes, Stack size 0 bytes, os_tmr.o(.text))
<BR><BR>[Called By]<UL><LI><a href="#[12a]">&gt;&gt;</a>&nbsp;&nbsp;&nbsp;OSTmrStart
<LI><a href="#[8a]">&gt;&gt;</a>&nbsp;&nbsp;&nbsp;OSTmr_Task
</UL>

<P><STRONG><a name="[8a]"></a>OSTmr_Task</STRONG> (Thumb, 114 bytes, Stack size 0 bytes, os_tmr.o(.text))
<BR><BR>[Calls]<UL><LI><a href="#[170]">&gt;&gt;</a>&nbsp;&nbsp;&nbsp;OSSchedUnlock
<LI><a href="#[172]">&gt;&gt;</a>&nbsp;&nbsp;&nbsp;OSSchedLock
<LI><a href="#[113]">&gt;&gt;</a>&nbsp;&nbsp;&nbsp;OSSemPend
<LI><a href="#[33e]">&gt;&gt;</a>&nbsp;&nbsp;&nbsp;OSTmr_Link
<LI><a href="#[339]">&gt;&gt;</a>&nbsp;&nbsp;&nbsp;OSTmr_Unlink
</UL>
<BR>[Address Reference Count : 1]<UL><LI> os_tmr.o(.text)
</UL>
<P><STRONG><a name="[340]"></a>OSTmr_InitTask</STRONG> (Thumb, 52 bytes, Stack size 0 bytes, os_tmr.o(.text))
<BR><BR>[Calls]<UL><LI><a href="#[db]">&gt;&gt;</a>&nbsp;&nbsp;&nbsp;OSTaskNameSet
<LI><a href="#[da]">&gt;&gt;</a>&nbsp;&nbsp;&nbsp;OSTaskCreateExt
</UL>
<BR>[Called By]<UL><LI><a href="#[341]">&gt;&gt;</a>&nbsp;&nbsp;&nbsp;OSTmr_Init
</UL>

<P><STRONG><a name="[345]"></a>OS_SchedNew</STRONG> (Thumb, 80 bytes, Stack size 0 bytes, os_core.o(.text))
<BR><BR>[Called By]<UL><LI><a href="#[1b4]">&gt;&gt;</a>&nbsp;&nbsp;&nbsp;OSStart
<LI><a href="#[108]">&gt;&gt;</a>&nbsp;&nbsp;&nbsp;OSIntExit
<LI><a href="#[302]">&gt;&gt;</a>&nbsp;&nbsp;&nbsp;OS_Sched
</UL>

<P><STRONG><a name="[34c]"></a>OS_InitTaskStat</STRONG> (Thumb, 52 bytes, Stack size 0 bytes, os_core.o(.text))
<BR><BR>[Calls]<UL><LI><a href="#[db]">&gt;&gt;</a>&nbsp;&nbsp;&nbsp;OSTaskNameSet
<LI><a href="#[da]">&gt;&gt;</a>&nbsp;&nbsp;&nbsp;OSTaskCreateExt
</UL>
<BR>[Called By]<UL><LI><a href="#[1b3]">&gt;&gt;</a>&nbsp;&nbsp;&nbsp;OSInit
</UL>

<P><STRONG><a name="[34f]"></a>OS_InitTaskIdle</STRONG> (Thumb, 52 bytes, Stack size 0 bytes, os_core.o(.text))
<BR><BR>[Calls]<UL><LI><a href="#[db]">&gt;&gt;</a>&nbsp;&nbsp;&nbsp;OSTaskNameSet
<LI><a href="#[da]">&gt;&gt;</a>&nbsp;&nbsp;&nbsp;OSTaskCreateExt
</UL>
<BR>[Called By]<UL><LI><a href="#[1b3]">&gt;&gt;</a>&nbsp;&nbsp;&nbsp;OSInit
</UL>

<P><STRONG><a name="[350]"></a>OS_InitEventList</STRONG> (Thumb, 84 bytes, Stack size 0 bytes, os_core.o(.text))
<BR><BR>[Calls]<UL><LI><a href="#[30a]">&gt;&gt;</a>&nbsp;&nbsp;&nbsp;OS_MemClr
</UL>
<BR>[Called By]<UL><LI><a href="#[1b3]">&gt;&gt;</a>&nbsp;&nbsp;&nbsp;OSInit
</UL>

<P><STRONG><a name="[351]"></a>OS_InitTCBList</STRONG> (Thumb, 106 bytes, Stack size 0 bytes, os_core.o(.text))
<BR><BR>[Calls]<UL><LI><a href="#[30a]">&gt;&gt;</a>&nbsp;&nbsp;&nbsp;OS_MemClr
</UL>
<BR>[Called By]<UL><LI><a href="#[1b3]">&gt;&gt;</a>&nbsp;&nbsp;&nbsp;OSInit
</UL>

<P><STRONG><a name="[354]"></a>OS_InitRdyList</STRONG> (Thumb, 46 bytes, Stack size 0 bytes, os_core.o(.text))
<BR><BR>[Called By]<UL><LI><a href="#[1b3]">&gt;&gt;</a>&nbsp;&nbsp;&nbsp;OSInit
</UL>

<P><STRONG><a name="[353]"></a>OS_InitMisc</STRONG> (Thumb, 48 bytes, Stack size 0 bytes, os_core.o(.text))
<BR><BR>[Called By]<UL><LI><a href="#[1b3]">&gt;&gt;</a>&nbsp;&nbsp;&nbsp;OSInit
</UL>

<P><STRONG><a name="[35c]"></a>SetSysClock</STRONG> (Thumb, 190 bytes, Stack size 0 bytes, system_stm32f2xx.o(.text))
<BR><BR>[Called By]<UL><LI><a href="#[8d]">&gt;&gt;</a>&nbsp;&nbsp;&nbsp;SystemInit
</UL>

<P><STRONG><a name="[18]"></a>HardFault_Handler</STRONG> (Thumb, 18 bytes, Stack size 0 bytes, startup_stm32f2xx.o(.text))
<BR><BR>[Calls]<UL><LI><a href="#[1bd]">&gt;&gt;</a>&nbsp;&nbsp;&nbsp;hard_fault_handler_c
</UL>
<BR>[Address Reference Count : 1]<UL><LI> startup_stm32f2xx.o(RESET)
</UL>
<P><STRONG><a name="[3a4]"></a>_dadd1</STRONG> (Thumb, 0 bytes, Stack size 0 bytes, daddsub_clz.o(x$fpl$dadd), UNUSED)
<BR><BR>[Called By]<UL><LI><a href="#[3a3]">&gt;&gt;</a>&nbsp;&nbsp;&nbsp;_dsub
</UL>

<P><STRONG><a name="[399]"></a>_dsub1</STRONG> (Thumb, 0 bytes, Stack size 0 bytes, daddsub_clz.o(x$fpl$dsub), UNUSED)
<BR><BR>[Called By]<UL><LI><a href="#[398]">&gt;&gt;</a>&nbsp;&nbsp;&nbsp;_dadd
</UL>

<P><STRONG><a name="[3b2]"></a>_fadd1</STRONG> (Thumb, 0 bytes, Stack size 0 bytes, faddsub_clz.o(x$fpl$fadd), UNUSED)
<BR><BR>[Called By]<UL><LI><a href="#[3b3]">&gt;&gt;</a>&nbsp;&nbsp;&nbsp;_fsub
<LI><a href="#[3b1]">&gt;&gt;</a>&nbsp;&nbsp;&nbsp;_frsb
</UL>

<P><STRONG><a name="[3a8]"></a>_fsub1</STRONG> (Thumb, 0 bytes, Stack size 0 bytes, faddsub_clz.o(x$fpl$fsub), UNUSED)
<BR><BR>[Called By]<UL><LI><a href="#[3b1]">&gt;&gt;</a>&nbsp;&nbsp;&nbsp;_frsb
<LI><a href="#[3a7]">&gt;&gt;</a>&nbsp;&nbsp;&nbsp;_fadd
</UL>

<P><STRONG><a name="[90]"></a>_printf_input_char</STRONG> (Thumb, 10 bytes, Stack size 0 bytes, _printf_char_common.o(.text))
<BR>[Address Reference Count : 1]<UL><LI> _printf_char_common.o(.text)
</UL>
<P><STRONG><a name="[37f]"></a>_fp_digits</STRONG> (Thumb, 426 bytes, Stack size 0 bytes, _printf_fp_dec.o(.text))
<BR><BR>[Calls]<UL><LI><a href="#[383]">&gt;&gt;</a>&nbsp;&nbsp;&nbsp;_btod_emul
<LI><a href="#[382]">&gt;&gt;</a>&nbsp;&nbsp;&nbsp;_btod_ediv
<LI><a href="#[381]">&gt;&gt;</a>&nbsp;&nbsp;&nbsp;_btod_d2e
<LI><a href="#[380]">&gt;&gt;</a>&nbsp;&nbsp;&nbsp;_btod_etento
<LI><a href="#[377]">&gt;&gt;</a>&nbsp;&nbsp;&nbsp;_ll_udiv10
</UL>
<BR>[Called By]<UL><LI><a href="#[384]">&gt;&gt;</a>&nbsp;&nbsp;&nbsp;_printf_fp_dec_real
</UL>
<P>
<H3>
Undefined Global Symbols
</H3><HR></body></html>
