ARM Linker, 5.03 [Build 76] [MDK-ARM Standard]

==============================================================================

Section Cross References

    app.o(.text) refers to _printf_percent.o(.ARM.Collect$$_printf_percent$$00000000) for _printf_percent
    app.o(.text) refers to _printf_d.o(.ARM.Collect$$_printf_percent$$00000009) for _printf_d
    app.o(.text) refers to _printf_dec.o(.text) for _printf_int_dec
    app.o(.text) refers to _printf_s.o(.ARM.Collect$$_printf_percent$$00000014) for _printf_s
    app.o(.text) refers to _printf_str.o(.text) for _printf_str
    app.o(.text) refers to trace.o(.text) for app_traceInfo_output
    app.o(.text) refers to os_core.o(.text) for OSVersion
    app.o(.text) refers to __2snprintf.o(.text) for __2snprintf
    app.o(.text) refers to os_task.o(.text) for OSTaskQuery
    app.o(.text) refers to bsp.o(.text) for bsp_init
    app.o(.text) refers to app_slave_board3.o(.text) for init_slave_board3_task
    app.o(.text) refers to app_shell.o(.text) for init_shell_task
    app.o(.text) refers to app_led.o(.text) for init_led_task
    app.o(.text) refers to app_buzzer_ring.o(.text) for init_buzzer_ring_task
    app.o(.text) refers to os_core.o(.data) for OSRunning
    app.o(.text) refers to app.o(.bss) for startup_task_stk
    app_shell.o(.text) refers to _printf_percent.o(.ARM.Collect$$_printf_percent$$00000000) for _printf_percent
    app_shell.o(.text) refers to _printf_s.o(.ARM.Collect$$_printf_percent$$00000014) for _printf_s
    app_shell.o(.text) refers to _printf_str.o(.text) for _printf_str
    app_shell.o(.text) refers to _printf_d.o(.ARM.Collect$$_printf_percent$$00000009) for _printf_d
    app_shell.o(.text) refers to _printf_dec.o(.text) for _printf_int_dec
    app_shell.o(.text) refers to _printf_x.o(.ARM.Collect$$_printf_percent$$0000000C) for _printf_x
    app_shell.o(.text) refers to _printf_hex_int_ll_ptr.o(.text) for _printf_longlong_hex
    app_shell.o(.text) refers to trace.o(.text) for app_traceInfo_output
    app_shell.o(.text) refers to __2snprintf.o(.text) for __2snprintf
    app_shell.o(.text) refers to os_core.o(.text) for OSVersion
    app_shell.o(.text) refers to os_task.o(.text) for OSTaskQuery
    app_shell.o(.text) refers to strcmpv7m.o(.text) for strcmp
    app_shell.o(.text) refers to os_q.o(.text) for OSQPend
    app_shell.o(.text) refers to os_time.o(.text) for OSTimeGet
    app_shell.o(.text) refers to app_monitor3.o(.text) for slave3_show_parameter_table
    app_shell.o(.text) refers to os_core.o(.data) for OSCPUUsage
    app_shell.o(.text) refers to app_shell.o(.constdata) for .constdata
    app_shell.o(.text) refers to app_shell.o(.data) for g_uart1_queue
    app_shell.o(.text) refers to app_cassette.o(.text) for stop_cassette
    app_shell.o(.text) refers to atoi.o(.text) for atoi
    app_shell.o(.text) refers to app_centrifuge_control.o(.text) for stop_centrifuge_motor
    app_shell.o(.text) refers to app_electromagnet.o(.text) for unlock_magnet
    app_shell.o(.text) refers to shell.o(.text) for Shell_CmdTblAdd
    app_shell.o(.text) refers to app.o(.text) for assert_failed
    app_shell.o(.text) refers to rt_memclr_w.o(.text) for __aeabi_memclr4
    app_shell.o(.text) refers to strncpy.o(.text) for strncpy
    app_shell.o(.text) refers to rt_memcpy_v6.o(.text) for __aeabi_memcpy
    app_shell.o(.text) refers to exti_board3.o(.data) for arm3_sensor_status
    app_shell.o(.text) refers to app_slave_board3.o(.data) for sensor_state_handle
    app_shell.o(.text) refers to shell.o(.data) for Shell_ModuleCmdUsedPoolPtr
    app_shell.o(.text) refers to app_shell.o(.bss) for uart_array_msg
    app_shell.o(.text) refers to os_cpu_a.o(.text) for OS_CPU_SR_Save
    app_shell.o(.text) refers to strlen.o(.text) for strlen
    app_shell.o(.text) refers to stm32f2xx_usart.o(.text) for USART_GetITStatus
    app_shell.o(.data) refers to app_shell.o(.conststring) for .conststring
    app_shell.o(.data) refers to app_shell.o(.text) for App_TestShellCmd
    app_modbus_analyse.o(.text) refers to trace.o(.text) for app_traceInfo_output
    app_modbus_analyse.o(.text) refers to crc.o(.text) for CRC16
    app_modbus_analyse.o(.text) refers to app_usart_dma_route.o(.text) for send_data_packet
    app_modbus_analyse.o(.text) refers to rt_memclr_w.o(.text) for __aeabi_memclr4
    app_modbus_analyse.o(.text) refers to os_time.o(.text) for OSTimeDlyHMSM
    app_modbus_analyse.o(.text) refers to os_task.o(.text) for OSTaskCreateExt
    app_modbus_analyse.o(.text) refers to app.o(.text) for assert_failed
    app_modbus_analyse.o(.text) refers to app_modbus_analyse.o(.bss) for p_RPDO
    app_modbus_analyse.o(.text) refers to app_modbus_analyse.o(.data) for p_TPDO
    app_usart_dma_route.o(.text) refers to trace.o(.text) for app_traceInfo_output
    app_usart_dma_route.o(.text) refers to os_q.o(.text) for OSQPend
    app_usart_dma_route.o(.text) refers to os_sem.o(.text) for OSSemPend
[...]
    USART_GetITStatus                        0x0800e9f3   Thumb Code   282  stm32f2xx_usart.o(.text)
    USART_ClearITPendingBit                  0x0800eb0d   Thumb Code   168  stm32f2xx_usart.o(.text)
    DMA_DeInit                               0x0800ebcd   Thumb Code   462  stm32f2xx_dma.o(.text)
    DMA_Init                                 0x0800ed9b   Thumb Code   740  stm32f2xx_dma.o(.text)
    DMA_StructInit                           0x0800f07f   Thumb Code    34  stm32f2xx_dma.o(.text)
    DMA_Cmd                                  0x0800f0a1   Thumb Code   186  stm32f2xx_dma.o(.text)
    DMA_PeriphIncOffsetSizeConfig            0x0800f15b   Thumb Code   188  stm32f2xx_dma.o(.text)
    DMA_FlowControllerConfig                 0x0800f217   Thumb Code   186  stm32f2xx_dma.o(.text)
    DMA_SetCurrDataCounter                   0x0800f2d1   Thumb Code   148  stm32f2xx_dma.o(.text)
    DMA_GetCurrDataCounter                   0x0800f365   Thumb Code   148  stm32f2xx_dma.o(.text)
    DMA_DoubleBufferModeConfig               0x0800f3f9   Thumb Code   204  stm32f2xx_dma.o(.text)
    DMA_DoubleBufferModeCmd                  0x0800f4c5   Thumb Code   186  stm32f2xx_dma.o(.text)
    DMA_MemoryTargetConfig                   0x0800f57f   Thumb Code   178  stm32f2xx_dma.o(.text)
    DMA_GetCurrentMemoryTarget               0x0800f631   Thumb Code   162  stm32f2xx_dma.o(.text)
    DMA_GetCmdStatus                         0x0800f6d3   Thumb Code   162  stm32f2xx_dma.o(.text)
    DMA_GetFIFOStatus                        0x0800f775   Thumb Code   154  stm32f2xx_dma.o(.text)
    DMA_GetFlagStatus                        0x0800f80f   Thumb Code   470  stm32f2xx_dma.o(.text)
    DMA_ClearFlag                            0x0800f9e5   Thumb Code   220  stm32f2xx_dma.o(.text)
    DMA_ITConfig                             0x0800fac1   Thumb Code   244  stm32f2xx_dma.o(.text)
    DMA_GetITStatus                          0x0800fbb5   Thumb Code   590  stm32f2xx_dma.o(.text)
    DMA_ClearITPendingBit                    0x0800fe03   Thumb Code   220  stm32f2xx_dma.o(.text)
    ADC_DeInit                               0x0800ff81   Thumb Code    22  stm32f2xx_adc.o(.text)
    ADC_Init                                 0x0800ff97   Thumb Code   402  stm32f2xx_adc.o(.text)
    ADC_StructInit                           0x08010129   Thumb Code    20  stm32f2xx_adc.o(.text)
    ADC_CommonInit                           0x0801013d   Thumb Code   352  stm32f2xx_adc.o(.text)
    ADC_CommonStructInit                     0x0801029d   Thumb Code    12  stm32f2xx_adc.o(.text)
    ADC_Cmd                                  0x080102a9   Thumb Code    76  stm32f2xx_adc.o(.text)
    ADC_AnalogWatchdogCmd                    0x080102f5   Thumb Code   102  stm32f2xx_adc.o(.text)
    ADC_AnalogWatchdogThresholdsConfig       0x0801035b   Thumb Code   180  stm32f2xx_adc.o(.text)
    ADC_AnalogWatchdogSingleChannelConfig    0x0801040f   Thumb Code   140  stm32f2xx_adc.o(.text)
    ADC_TempSensorVrefintCmd                 0x0801049b   Thumb Code    58  stm32f2xx_adc.o(.text)
    ADC_VBATCmd                              0x080104d5   Thumb Code    58  stm32f2xx_adc.o(.text)
    ADC_RegularChannelConfig                 0x0801050f   Thumb Code   416  stm32f2xx_adc.o(.text)
    ADC_SoftwareStartConv                    0x080106af   Thumb Code    46  stm32f2xx_adc.o(.text)
    ADC_GetSoftwareStartConvStatus           0x080106dd   Thumb Code    56  stm32f2xx_adc.o(.text)
    ADC_EOCOnEachRegularChannelCmd           0x08010715   Thumb Code    80  stm32f2xx_adc.o(.text)
    ADC_ContinuousModeCmd                    0x08010765   Thumb Code    80  stm32f2xx_adc.o(.text)
    ADC_DiscModeChannelCountConfig           0x080107b5   Thumb Code   100  stm32f2xx_adc.o(.text)
    ADC_DiscModeCmd                          0x08010819   Thumb Code    80  stm32f2xx_adc.o(.text)
    ADC_GetConversionValue                   0x08010869   Thumb Code    42  stm32f2xx_adc.o(.text)
    ADC_GetMultiModeConversionValue          0x08010893   Thumb Code     6  stm32f2xx_adc.o(.text)
    ADC_DMACmd                               0x08010899   Thumb Code    80  stm32f2xx_adc.o(.text)
    ADC_DMARequestAfterLastTransferCmd       0x080108e9   Thumb Code    80  stm32f2xx_adc.o(.text)
    ADC_MultiModeDMARequestAfterLastTransferCmd 0x08010939   Thumb Code    58  stm32f2xx_adc.o(.text)
    ADC_InjectedChannelConfig                0x08010973   Thumb Code   340  stm32f2xx_adc.o(.text)
    ADC_InjectedSequencerLengthConfig        0x08010ac7   Thumb Code    84  stm32f2xx_adc.o(.text)
    ADC_SetInjectedOffset                    0x08010b1b   Thumb Code   108  stm32f2xx_adc.o(.text)
    ADC_ExternalTrigInjectedConvConfig       0x08010b87   Thumb Code   178  stm32f2xx_adc.o(.text)
    ADC_ExternalTrigInjectedConvEdgeConfig   0x08010c39   Thumb Code    86  stm32f2xx_adc.o(.text)
    ADC_SoftwareStartInjectedConv            0x08010c8f   Thumb Code    46  stm32f2xx_adc.o(.text)
    ADC_GetSoftwareStartInjectedConvCmdStatus 0x08010cbd   Thumb Code    56  stm32f2xx_adc.o(.text)
    ADC_AutoInjectedConvCmd                  0x08010cf5   Thumb Code    80  stm32f2xx_adc.o(.text)
    ADC_InjectedDiscModeCmd                  0x08010d45   Thumb Code    80  stm32f2xx_adc.o(.text)
    ADC_GetInjectedConversionValue           0x08010d95   Thumb Code    92  stm32f2xx_adc.o(.text)
    ADC_ITConfig                             0x08010df1   Thumb Code   136  stm32f2xx_adc.o(.text)
    ADC_GetFlagStatus                        0x08010e79   Thumb Code    94  stm32f2xx_adc.o(.text)
    ADC_ClearFlag                            0x08010ed7   Thumb Code    66  stm32f2xx_adc.o(.text)
    ADC_GetITStatus                          0x08010f19   Thumb Code   126  stm32f2xx_adc.o(.text)
    ADC_ClearITPendingBit                    0x08010f97   Thumb Code    92  stm32f2xx_adc.o(.text)
    DAC_DeInit                               0x08011001   Thumb Code    22  stm32f2xx_dac.o(.text)
    DAC_Init                                 0x08011017   Thumb Code   360  stm32f2xx_dac.o(.text)
    DAC_StructInit                           0x0801117f   Thumb Code    12  stm32f2xx_dac.o(.text)
    DAC_Cmd                                  0x0801118b   Thumb Code    76  stm32f2xx_dac.o(.text)
    DAC_SoftwareTriggerCmd                   0x080111d7   Thumb Code    88  stm32f2xx_dac.o(.text)
    DAC_DualSoftwareTriggerCmd               0x0801122f   Thumb Code    60  stm32f2xx_dac.o(.text)
    DAC_WaveGenerationCmd                    0x0801126b   Thumb Code    98  stm32f2xx_dac.o(.text)
    DAC_SetChannel1Data                      0x080112cd   Thumb Code    72  stm32f2xx_dac.o(.text)
    DAC_SetChannel2Data                      0x08011315   Thumb Code    72  stm32f2xx_dac.o(.text)
    DAC_SetDualChannelData                   0x0801135d   Thumb Code   108  stm32f2xx_dac.o(.text)
    DAC_GetDataOutputValue                   0x080113c9   Thumb Code    50  stm32f2xx_dac.o(.text)
    DAC_DMACmd                               0x080113fb   Thumb Code   140  stm32f2xx_dac.o(.text)
    DAC_ITConfig                             0x08011487   Thumb Code   102  stm32f2xx_dac.o(.text)
    DAC_GetFlagStatus                        0x080114ed   Thumb Code    72  stm32f2xx_dac.o(.text)
    DAC_ClearFlag                            0x08011535   Thumb Code    58  stm32f2xx_dac.o(.text)
    DAC_GetITStatus                          0x0801156f   Thumb Code    92  stm32f2xx_dac.o(.text)
    DAC_ClearITPendingBit                    0x080115cb   Thumb Code    58  stm32f2xx_dac.o(.text)
    OSFlagAccept                             0x08011609   Thumb Code   262  os_flag.o(.text)
    OSFlagCreate                             0x0801170f   Thumb Code    86  os_flag.o(.text)
    OS_FlagUnlink                            0x08011765   Thumb Code    36  os_flag.o(.text)
    OSFlagDel                                0x080117e7   Thumb Code   226  os_flag.o(.text)
    OSFlagNameGet                            0x080118c9   Thumb Code   100  os_flag.o(.text)
    OSFlagNameSet                            0x0801192d   Thumb Code    82  os_flag.o(.text)
    OSFlagPend                               0x08011a1b   Thumb Code   624  os_flag.o(.text)
    OSFlagPendGetFlagsRdy                    0x08011c8b   Thumb Code    26  os_flag.o(.text)
    OSFlagPost                               0x08011ca5   Thumb Code   330  os_flag.o(.text)
    OSFlagQuery                              0x08011def   Thumb Code    58  os_flag.o(.text)
    OS_FlagInit                              0x08011e29   Thumb Code    78  os_flag.o(.text)
    OSMemCreate                              0x08011e85   Thumb Code   164  os_mem.o(.text)
    OSMemGet                                 0x08011f29   Thumb Code    72  os_mem.o(.text)
    OSMemNameGet                             0x08011f71   Thumb Code    80  os_mem.o(.text)
    OSMemNameSet                             0x08011fc1   Thumb Code    64  os_mem.o(.text)
    OSMemPut                                 0x08012001   Thumb Code    66  os_mem.o(.text)
    OSMemQuery                               0x08012043   Thumb Code    64  os_mem.o(.text)
    OS_MemInit                               0x08012083   Thumb Code    74  os_mem.o(.text)
    OSMutexAccept                            0x080120dd   Thumb Code   150  os_mutex.o(.text)
    OSMutexCreate                            0x08012173   Thumb Code   164  os_mutex.o(.text)
    OSMutexDel                               0x0801228f   Thumb Code   300  os_mutex.o(.text)
    OSMutexPend                              0x080123bb   Thumb Code   608  os_mutex.o(.text)
    OSMutexPost                              0x0801261b   Thumb Code   200  os_mutex.o(.text)
    OSMutexQuery                             0x080126e3   Thumb Code   118  os_mutex.o(.text)
    OSQAccept                                0x0801276d   Thumb Code    98  os_q.o(.text)
    OSQCreate                                0x080127cf   Thumb Code   144  os_q.o(.text)
    OSQDel                                   0x0801285f   Thumb Code   254  os_q.o(.text)
    OSQFlush                                 0x0801295d   Thumb Code    52  os_q.o(.text)
    OSQPend                                  0x08012991   Thumb Code   288  os_q.o(.text)
    OSQPendAbort                             0x08012ab1   Thumb Code   138  os_q.o(.text)
    OSQPost                                  0x08012b3b   Thumb Code   120  os_q.o(.text)
    OSQPostFront                             0x08012bb3   Thumb Code   146  os_q.o(.text)
    OSQPostOpt                               0x08012c45   Thumb Code   188  os_q.o(.text)
    OSQQuery                                 0x08012d01   Thumb Code   110  os_q.o(.text)
    OS_QInit                                 0x08012d6f   Thumb Code    74  os_q.o(.text)
    OSSemAccept                              0x08012dc1   Thumb Code    48  os_sem.o(.text)
    OSSemCreate                              0x08012df1   Thumb Code    72  os_sem.o(.text)
    OSSemDel                                 0x08012e39   Thumb Code   220  os_sem.o(.text)
    OSSemPend                                0x08012f15   Thumb Code   236  os_sem.o(.text)
    OSSemPendAbort                           0x08013001   Thumb Code   138  os_sem.o(.text)
    OSSemPost                                0x0801308b   Thumb Code    94  os_sem.o(.text)
    OSSemQuery                               0x080130e9   Thumb Code    88  os_sem.o(.text)
    OSSemSet                                 0x08013141   Thumb Code    74  os_sem.o(.text)
    OSTaskChangePrio                         0x080131a1   Thumb Code   448  os_task.o(.text)
    OSTaskCreate                             0x08013361   Thumb Code   156  os_task.o(.text)
    OS_TaskStkClr                            0x080133fd   Thumb Code    26  os_task.o(.text)
    OSTaskCreateExt                          0x08013417   Thumb Code   178  os_task.o(.text)
    OSTaskDel                                0x080134c9   Thumb Code   356  os_task.o(.text)
    OSTaskDelReq                             0x0801362d   Thumb Code   112  os_task.o(.text)
    OSTaskNameGet                            0x0801369d   Thumb Code   140  os_task.o(.text)
    OSTaskNameSet                            0x08013729   Thumb Code   120  os_task.o(.text)
    OSTaskResume                             0x080137a1   Thumb Code   166  os_task.o(.text)
    OSTaskStkChk                             0x08013847   Thumb Code   146  os_task.o(.text)
    OSTaskSuspend                            0x080138d9   Thumb Code   174  os_task.o(.text)
    OSTaskQuery                              0x08013987   Thumb Code   148  os_task.o(.text)
    OSTaskRegGet                             0x08013a1b   Thumb Code    86  os_task.o(.text)
    OSTaskRegGetID                           0x08013a71   Thumb Code    58  os_task.o(.text)
    OSTaskRegSet                             0x08013aab   Thumb Code    84  os_task.o(.text)
    OS_TaskReturn                            0x08013aff   Thumb Code    18  os_task.o(.text)
    OSTimeDly                                0x08013b1d   Thumb Code   102  os_time.o(.text)
    OSTimeDlyHMSM                            0x08013b83   Thumb Code   124  os_time.o(.text)
    OSTimeDlyResume                          0x08013bff   Thumb Code   174  os_time.o(.text)
    OSTimeGet                                0x08013cad   Thumb Code    24  os_time.o(.text)
    OSTimeSet                                0x08013cc5   Thumb Code    24  os_time.o(.text)
    OSTmrCreate                              0x08013d2b   Thumb Code   154  os_tmr.o(.text)
    OSTmrDel                                 0x08013e3d   Thumb Code   134  os_tmr.o(.text)
    OSTmrNameGet                             0x08013ec3   Thumb Code   134  os_tmr.o(.text)
    OSTmrRemainGet                           0x08013f49   Thumb Code   172  os_tmr.o(.text)
    OSTmrStateGet                            0x08013ff5   Thumb Code    96  os_tmr.o(.text)
    OSTmrStart                               0x080140b9   Thumb Code   168  os_tmr.o(.text)
    OSTmrStop                                0x08014161   Thumb Code   190  os_tmr.o(.text)
    OSTmrSignal                              0x0801421f   Thumb Code    16  os_tmr.o(.text)
    OSTmr_Init                               0x080142d5   Thumb Code   172  os_tmr.o(.text)
    OSTmr_SetDly                             0x08014381   Thumb Code    66  os_tmr.o(.text)
    OS_StrLen                                0x0801442d   Thumb Code    28  os_core.o(.text)
    OSEventNameGet                           0x08014449   Thumb Code   118  os_core.o(.text)
    OSEventNameSet                           0x080144bf   Thumb Code   100  os_core.o(.text)
    OS_EventTaskRemoveMulti                  0x08014523   Thumb Code    60  os_core.o(.text)
    OS_Sched                                 0x080145af   Thumb Code    88  os_core.o(.text)
    OS_EventTaskWaitMulti                    0x08014607   Thumb Code   138  os_core.o(.text)
    OSEventPendMulti                         0x08014691   Thumb Code   746  os_core.o(.text)
    OS_TaskStatStkChk                        0x0801497b   Thumb Code    54  os_core.o(.text)
    OS_TaskStat                              0x080149b1   Thumb Code   140  os_core.o(.text)
    OS_TaskIdle                              0x08014a71   Thumb Code    34  os_core.o(.text)
    OS_MemClr                                0x08014ac7   Thumb Code    18  os_core.o(.text)
    OSInit                                   0x08014bf5   Thumb Code    56  os_core.o(.text)
    OSIntEnter                               0x08014c2d   Thumb Code    42  os_core.o(.text)
    OSIntExit                                0x08014c57   Thumb Code   264  os_core.o(.text)
    OSSchedLock                              0x08014d5f   Thumb Code    50  os_core.o(.text)
    OSSchedUnlock                            0x08014d91   Thumb Code    82  os_core.o(.text)
    OSStart                                  0x08014de3   Thumb Code    48  os_core.o(.text)
    OSStatInit                               0x08014e13   Thumb Code    62  os_core.o(.text)
    OSTimeTick                               0x08014e51   Thumb Code   216  os_core.o(.text)
    OSVersion                                0x08014f29   Thumb Code     6  os_core.o(.text)
    OS_Dummy                                 0x08014f2f   Thumb Code     2  os_core.o(.text)
    OS_EventTaskRemove                       0x08014f31   Thumb Code    44  os_core.o(.text)
    OS_EventTaskRdy                          0x08014f5d   Thumb Code   180  os_core.o(.text)
    OS_EventTaskWait                         0x08015011   Thumb Code   114  os_core.o(.text)
    OS_EventWaitListInit                     0x08015083   Thumb Code    30  os_core.o(.text)
    OS_MemCopy                               0x080150a1   Thumb Code    20  os_core.o(.text)
    OS_TCBInit                               0x080150b5   Thumb Code   386  os_core.o(.text)
    OS_CPU_SR_Save                           0x0801524d   Thumb Code     0  os_cpu_a.o(.text)
    OS_CPU_SR_Restore                        0x08015255   Thumb Code     0  os_cpu_a.o(.text)
    OSStartHighRdy                           0x0801525b   Thumb Code     0  os_cpu_a.o(.text)
    OSCtxSw                                  0x0801527b   Thumb Code     0  os_cpu_a.o(.text)
    OSIntCtxSw                               0x08015285   Thumb Code     0  os_cpu_a.o(.text)
    PendSV_Handler                           0x0801528f   Thumb Code     0  os_cpu_a.o(.text)
    OSInitHookBegin                          0x080152f1   Thumb Code    32  os_cpu_c.o(.text)
    OSInitHookEnd                            0x08015311   Thumb Code     2  os_cpu_c.o(.text)
    OSTaskCreateHook                         0x08015313   Thumb Code     2  os_cpu_c.o(.text)
    OSTaskDelHook                            0x08015315   Thumb Code     2  os_cpu_c.o(.text)
    OSTaskIdleHook                           0x08015317   Thumb Code     2  os_cpu_c.o(.text)
    OSTaskReturnHook                         0x08015319   Thumb Code     2  os_cpu_c.o(.text)
    OSTaskStatHook                           0x0801531b   Thumb Code     2  os_cpu_c.o(.text)
    OSTaskStkInit                            0x0801531d   Thumb Code   152  os_cpu_c.o(.text)
    OSTaskSwHook                             0x080153b5   Thumb Code     2  os_cpu_c.o(.text)
    OSTCBInitHook                            0x080153b7   Thumb Code     2  os_cpu_c.o(.text)
    OSTimeTickHook                           0x080153b9   Thumb Code    30  os_cpu_c.o(.text)
    OSDebugInit                              0x080153e9   Thumb Code   118  os_dbg.o(.text)
    SystemInit                               0x08015603   Thumb Code    74  system_stm32f2xx.o(.text)
    SystemCoreClockUpdate                    0x0801564d   Thumb Code   174  system_stm32f2xx.o(.text)
    Reset_Handler                            0x08015725   Thumb Code     8  startup_stm32f2xx.o(.text)
    ADC_IRQHandler                           0x0801574f   Thumb Code     0  startup_stm32f2xx.o(.text)
    CAN1_RX0_IRQHandler                      0x0801574f   Thumb Code     0  startup_stm32f2xx.o(.text)
    CAN1_RX1_IRQHandler                      0x0801574f   Thumb Code     0  startup_stm32f2xx.o(.text)
    CAN1_SCE_IRQHandler                      0x0801574f   Thumb Code     0  startup_stm32f2xx.o(.text)
    CAN1_TX_IRQHandler                       0x0801574f   Thumb Code     0  startup_stm32f2xx.o(.text)
    CAN2_RX0_IRQHandler                      0x0801574f   Thumb Code     0  startup_stm32f2xx.o(.text)
    CAN2_RX1_IRQHandler                      0x0801574f   Thumb Code     0  startup_stm32f2xx.o(.text)
    CAN2_SCE_IRQHandler                      0x0801574f   Thumb Code     0  startup_stm32f2xx.o(.text)
    CAN2_TX_IRQHandler                       0x0801574f   Thumb Code     0  startup_stm32f2xx.o(.text)
    CRYP_IRQHandler                          0x0801574f   Thumb Code     0  startup_stm32f2xx.o(.text)
    DCMI_IRQHandler                          0x0801574f   Thumb Code     0  startup_stm32f2xx.o(.text)
    DMA1_Stream0_IRQHandler                  0x0801574f   Thumb Code     0  startup_stm32f2xx.o(.text)
    DMA1_Stream1_IRQHandler                  0x0801574f   Thumb Code     0  startup_stm32f2xx.o(.text)
    DMA1_Stream2_IRQHandler                  0x0801574f   Thumb Code     0  startup_stm32f2xx.o(.text)
    DMA1_Stream3_IRQHandler                  0x0801574f   Thumb Code     0  startup_stm32f2xx.o(.text)
    DMA1_Stream4_IRQHandler                  0x0801574f   Thumb Code     0  startup_stm32f2xx.o(.text)
    DMA1_Stream7_IRQHandler                  0x0801574f   Thumb Code     0  startup_stm32f2xx.o(.text)
    DMA2_Stream1_IRQHandler                  0x0801574f   Thumb Code     0  startup_stm32f2xx.o(.text)
    DMA2_Stream3_IRQHandler                  0x0801574f   Thumb Code     0  startup_stm32f2xx.o(.text)
    DMA2_Stream4_IRQHandler                  0x0801574f   Thumb Code     0  startup_stm32f2xx.o(.text)
    DMA2_Stream5_IRQHandler                  0x0801574f   Thumb Code     0  startup_stm32f2xx.o(.text)
    DMA2_Stream6_IRQHandler                  0x0801574f   Thumb Code     0  startup_stm32f2xx.o(.text)
    ETH_IRQHandler                           0x0801574f   Thumb Code     0  startup_stm32f2xx.o(.text)
    ETH_WKUP_IRQHandler                      0x0801574f   Thumb Code     0  startup_stm32f2xx.o(.text)
    EXTI0_IRQHandler                         0x0801574f   Thumb Code     0  startup_stm32f2xx.o(.text)
    EXTI15_10_IRQHandler                     0x0801574f   Thumb Code     0  startup_stm32f2xx.o(.text)
    EXTI3_IRQHandler                         0x0801574f   Thumb Code     0  startup_stm32f2xx.o(.text)
    EXTI4_IRQHandler                         0x0801574f   Thumb Code     0  startup_stm32f2xx.o(.text)
    EXTI9_5_IRQHandler                       0x0801574f   Thumb Code     0  startup_stm32f2xx.o(.text)
    FLASH_IRQHandler                         0x0801574f   Thumb Code     0  startup_stm32f2xx.o(.text)
    FSMC_IRQHandler                          0x0801574f   Thumb Code     0  startup_stm32f2xx.o(.text)
    HASH_RNG_IRQHandler                      0x0801574f   Thumb Code     0  startup_stm32f2xx.o(.text)
    I2C1_ER_IRQHandler                       0x0801574f   Thumb Code     0  startup_stm32f2xx.o(.text)
    I2C1_EV_IRQHandler                       0x0801574f   Thumb Code     0  startup_stm32f2xx.o(.text)
    I2C2_ER_IRQHandler                       0x0801574f   Thumb Code     0  startup_stm32f2xx.o(.text)
    I2C2_EV_IRQHandler                       0x0801574f   Thumb Code     0  startup_stm32f2xx.o(.text)
    I2C3_ER_IRQHandler                       0x0801574f   Thumb Code     0  startup_stm32f2xx.o(.text)
    I2C3_EV_IRQHandler                       0x0801574f   Thumb Code     0  startup_stm32f2xx.o(.text)
    OTG_FS_IRQHandler                        0x0801574f   Thumb Code     0  startup_stm32f2xx.o(.text)
    OTG_FS_WKUP_IRQHandler                   0x0801574f   Thumb Code     0  startup_stm32f2xx.o(.text)
    OTG_HS_EP1_IN_IRQHandler                 0x0801574f   Thumb Code     0  startup_stm32f2xx.o(.text)
    OTG_HS_EP1_OUT_IRQHandler                0x0801574f   Thumb Code     0  startup_stm32f2xx.o(.text)
    OTG_HS_IRQHandler                        0x0801574f   Thumb Code     0  startup_stm32f2xx.o(.text)
    OTG_HS_WKUP_IRQHandler                   0x0801574f   Thumb Code     0  startup_stm32f2xx.o(.text)
    PVD_IRQHandler                           0x0801574f   Thumb Code     0  startup_stm32f2xx.o(.text)
    RCC_IRQHandler                           0x0801574f   Thumb Code     0  startup_stm32f2xx.o(.text)
    RTC_Alarm_IRQHandler                     0x0801574f   Thumb Code     0  startup_stm32f2xx.o(.text)
    RTC_WKUP_IRQHandler                      0x0801574f   Thumb Code     0  startup_stm32f2xx.o(.text)
    SDIO_IRQHandler                          0x0801574f   Thumb Code     0  startup_stm32f2xx.o(.text)
    SPI1_IRQHandler                          0x0801574f   Thumb Code     0  startup_stm32f2xx.o(.text)
    SPI2_IRQHandler                          0x0801574f   Thumb Code     0  startup_stm32f2xx.o(.text)
    SPI3_IRQHandler                          0x0801574f   Thumb Code     0  startup_stm32f2xx.o(.text)
    TAMP_STAMP_IRQHandler                    0x0801574f   Thumb Code     0  startup_stm32f2xx.o(.text)
    TIM1_BRK_TIM9_IRQHandler                 0x0801574f   Thumb Code     0  startup_stm32f2xx.o(.text)
    TIM1_CC_IRQHandler                       0x0801574f   Thumb Code     0  startup_stm32f2xx.o(.text)
    TIM1_TRG_COM_TIM11_IRQHandler            0x0801574f   Thumb Code     0  startup_stm32f2xx.o(.text)
    TIM1_UP_TIM10_IRQHandler                 0x0801574f   Thumb Code     0  startup_stm32f2xx.o(.text)
    TIM2_IRQHandler                          0x0801574f   Thumb Code     0  startup_stm32f2xx.o(.text)
    TIM3_IRQHandler                          0x0801574f   Thumb Code     0  startup_stm32f2xx.o(.text)
    TIM5_IRQHandler                          0x0801574f   Thumb Code     0  startup_stm32f2xx.o(.text)
    TIM6_DAC_IRQHandler                      0x0801574f   Thumb Code     0  startup_stm32f2xx.o(.text)
    TIM8_BRK_TIM12_IRQHandler                0x0801574f   Thumb Code     0  startup_stm32f2xx.o(.text)
    TIM8_CC_IRQHandler                       0x0801574f   Thumb Code     0  startup_stm32f2xx.o(.text)
    TIM8_TRG_COM_TIM14_IRQHandler            0x0801574f   Thumb Code     0  startup_stm32f2xx.o(.text)
    TIM8_UP_TIM13_IRQHandler                 0x0801574f   Thumb Code     0  startup_stm32f2xx.o(.text)
    UART4_IRQHandler                         0x0801574f   Thumb Code     0  startup_stm32f2xx.o(.text)
    UART5_IRQHandler                         0x0801574f   Thumb Code     0  startup_stm32f2xx.o(.text)
    USART6_IRQHandler                        0x0801574f   Thumb Code     0  startup_stm32f2xx.o(.text)
    WWDG_IRQHandler                          0x0801574f   Thumb Code     0  startup_stm32f2xx.o(.text)
    __user_initial_stackheap                 0x08015751   Thumb Code     0  startup_stm32f2xx.o(.text)
    __c89vsnprintf                           0x08015775   Thumb Code    48  c89vsnprintf.o(.text)
    __2snprintf                              0x080157a9   Thumb Code    50  __2snprintf.o(.text)
    _printf_pre_padding                      0x080157e1   Thumb Code    46  _printf_pad.o(.text)
    _printf_post_padding                     0x0801580f   Thumb Code    36  _printf_pad.o(.text)
    _printf_str                              0x08015833   Thumb Code    82  _printf_str.o(.text)
    _printf_int_dec                          0x08015885   Thumb Code   102  _printf_dec.o(.text)
    _printf_longlong_hex                     0x080158fd   Thumb Code    92  _printf_hex_int_ll_ptr.o(.text)
    _printf_int_hex                          0x08015959   Thumb Code    28  _printf_hex_int_ll_ptr.o(.text)
    _printf_ll_hex                           0x08015975   Thumb Code    12  _printf_hex_int_ll_ptr.o(.text)
    _printf_hex_ptr                          0x08015981   Thumb Code    18  _printf_hex_int_ll_ptr.o(.text)
    __printf                                 0x08015999   Thumb Code   390  __printf_flags_ss_wp.o(.text)
    atoi                                     0x08015b25   Thumb Code    26  atoi.o(.text)
    strcpy                                   0x08015b3f   Thumb Code    72  strcpy.o(.text)
    strlen                                   0x08015b87   Thumb Code    62  strlen.o(.text)
    strncmp                                  0x08015bc5   Thumb Code   150  strncmp.o(.text)
    __aeabi_memcpy                           0x08015c5b   Thumb Code     0  rt_memcpy_v6.o(.text)
    __rt_memcpy                              0x08015c5b   Thumb Code   138  rt_memcpy_v6.o(.text)
    _memcpy_lastbytes                        0x08015cc1   Thumb Code     0  rt_memcpy_v6.o(.text)
    __aeabi_memcpy4                          0x08015ce5   Thumb Code     0  rt_memcpy_w.o(.text)
    __aeabi_memcpy8                          0x08015ce5   Thumb Code     0  rt_memcpy_w.o(.text)
    __rt_memcpy_w                            0x08015ce5   Thumb Code   100  rt_memcpy_w.o(.text)
    _memcpy_lastbytes_aligned                0x08015d2d   Thumb Code     0  rt_memcpy_w.o(.text)
    __aeabi_memset                           0x08015d49   Thumb Code    16  aeabi_memset.o(.text)
    __aeabi_memclr4                          0x08015d59   Thumb Code     0  rt_memclr_w.o(.text)
    __aeabi_memclr8                          0x08015d59   Thumb Code     0  rt_memclr_w.o(.text)
    __rt_memclr_w                            0x08015d59   Thumb Code    78  rt_memclr_w.o(.text)
    _memset_w                                0x08015d5d   Thumb Code     0  rt_memclr_w.o(.text)
    strncpy                                  0x08015da7   Thumb Code    86  strncpy.o(.text)
    strcmp                                   0x08015dfd   Thumb Code   128  strcmpv7m.o(.text)
    __use_two_region_memory                  0x08015e7d   Thumb Code     2  heapauxi.o(.text)
    __rt_heap_escrow$2region                 0x08015e7f   Thumb Code     2  heapauxi.o(.text)
    __rt_heap_expand$2region                 0x08015e81   Thumb Code     2  heapauxi.o(.text)
    __aeabi_errno_addr                       0x08015e85   Thumb Code     8  rt_errno_addr_intlibspace.o(.text)
    __errno$intlibspace                      0x08015e85   Thumb Code     0  rt_errno_addr_intlibspace.o(.text)
    __rt_errno_addr$intlibspace              0x08015e85   Thumb Code     0  rt_errno_addr_intlibspace.o(.text)
    _printf_truncate_signed                  0x08015e8d   Thumb Code    18  _printf_truncate.o(.text)
    _printf_truncate_unsigned                0x08015e9f   Thumb Code    18  _printf_truncate.o(.text)
    _printf_int_common                       0x08015eb1   Thumb Code   184  _printf_intcommon.o(.text)
    _printf_charcount                        0x08015f69   Thumb Code    42  _printf_charcount.o(.text)
    _printf_char_common                      0x08015f9f   Thumb Code    32  _printf_char_common.o(.text)
    _sputc                                   0x08015fc5   Thumb Code    10  _sputc.o(.text)
    _snputc                                  0x08015fcf   Thumb Code    16  _snputc.o(.text)
    _printf_cs_common                        0x08015fdf   Thumb Code    20  _printf_char.o(.text)
    _printf_char                             0x08015ff3   Thumb Code    16  _printf_char.o(.text)
    _printf_string                           0x08016003   Thumb Code     8  _printf_char.o(.text)
    _printf_wctomb                           0x0801600d   Thumb Code   182  _printf_wctomb.o(.text)
    _printf_longlong_dec                     0x080160c9   Thumb Code   104  _printf_longlong_dec.o(.text)
    _printf_longlong_oct                     0x08016141   Thumb Code    76  _printf_oct_int_ll.o(.text)
    _printf_int_oct                          0x0801618d   Thumb Code    24  _printf_oct_int_ll.o(.text)
    _printf_ll_oct                           0x080161a5   Thumb Code    12  _printf_oct_int_ll.o(.text)
    strtol                                   0x080161b9   Thumb Code   112  strtol.o(.text)
    __aeabi_memclr                           0x08016229   Thumb Code     0  rt_memclr.o(.text)
    __rt_memclr                              0x08016229   Thumb Code    68  rt_memclr.o(.text)
    _memset                                  0x0801622d   Thumb Code     0  rt_memclr.o(.text)
    __user_libspace                          0x0801626d   Thumb Code     8  libspace.o(.text)
    __user_perproc_libspace                  0x0801626d   Thumb Code     0  libspace.o(.text)
    __user_perthread_libspace                0x0801626d   Thumb Code     0  libspace.o(.text)
    __rt_ctype_table                         0x08016275   Thumb Code    16  rt_ctype_table.o(.text)
    _ll_udiv10                               0x08016285   Thumb Code   138  lludiv10.o(.text)
    __lib_sel_fp_printf                      0x0801630f   Thumb Code     2  _printf_fp_dec.o(.text)
    _printf_fp_dec_real                      0x080164bb   Thumb Code   628  _printf_fp_dec.o(.text)
    _printf_lcs_common                       0x0801672f   Thumb Code    20  _printf_wchar.o(.text)
    _printf_wchar                            0x08016743   Thumb Code    16  _printf_wchar.o(.text)
    _printf_wstring                          0x08016753   Thumb Code     8  _printf_wchar.o(.text)
    _strtoul                                 0x0801675b   Thumb Code   158  _strtoul.o(.text)
    _wcrtomb                                 0x080167f9   Thumb Code    64  _wcrtomb.o(.text)
    __user_setup_stackheap                   0x08016839   Thumb Code    74  sys_stackheap_outer.o(.text)
    __rt_locale                              0x08016885   Thumb Code     8  rt_locale_intlibspace.o(.text)
    _printf_fp_infnan                        0x0801688d   Thumb Code   112  _printf_fp_infnan.o(.text)
    _chval                                   0x0801690d   Thumb Code    28  _chval.o(.text)
    _btod_etento                             0x08016929   Thumb Code   222  bigflt0.o(.text)
    exit                                     0x08016a0d   Thumb Code    12  exit.o(.text)
    _sys_exit                                0x08016a19   Thumb Code     8  sys_exit.o(.text)
    __I$use$semihosting                      0x08016a25   Thumb Code     0  use_no_semi.o(.text)
    __use_no_semihosting_swi                 0x08016a25   Thumb Code     2  use_no_semi.o(.text)
    __semihosting_library_function           0x08016a27   Thumb Code     0  indicate_semi.o(.text)
    _btod_d2e                                0x08016a27   Thumb Code    62  btod.o(CL$$btod_d2e)
    _d2e_denorm_low                          0x08016a65   Thumb Code    70  btod.o(CL$$btod_d2e_denorm_low)
    _d2e_norm_op1                            0x08016aab   Thumb Code    96  btod.o(CL$$btod_d2e_norm_op1)
    __btod_div_common                        0x08016b0b   Thumb Code   696  btod.o(CL$$btod_div_common)
    _e2e                                     0x08016e43   Thumb Code   198  btod.o(CL$$btod_e2e)
    _btod_ediv                               0x08016f09   Thumb Code    40  btod.o(CL$$btod_ediv)
    _btod_emul                               0x08016f31   Thumb Code    40  btod.o(CL$$btod_emul)
    __btod_mult_common                       0x08016f59   Thumb Code   580  btod.o(CL$$btod_mult_common)
    __ARM_fpclassify                         0x0801719d   Thumb Code    40  fpclassify.o(i.__ARM_fpclassify)
    _is_digit                                0x080171c5   Thumb Code    14  __printf_wp.o(i._is_digit)
    _get_lc_ctype                            0x080171d5   Thumb Code    44  lc_ctype_c.o(locale$$code)
    _get_lc_numeric                          0x08017201   Thumb Code    44  lc_numeric_c.o(locale$$code)
    __fpl_dcmp_Inf                           0x0801722d   Thumb Code    24  dcmpi.o(x$fpl$dcmpinf)
    __aeabi_ddiv                             0x08017245   Thumb Code     0  ddiv.o(x$fpl$ddiv)
    _ddiv                                    0x08017245   Thumb Code   552  ddiv.o(x$fpl$ddiv)
    __aeabi_d2uiz                            0x080174f5   Thumb Code     0  dfixu.o(x$fpl$dfixu)
    _dfixu                                   0x080174f5   Thumb Code    90  dfixu.o(x$fpl$dfixu)
    __aeabi_i2d                              0x0801754f   Thumb Code     0  dflt_clz.o(x$fpl$dflt)
    _dflt                                    0x0801754f   Thumb Code    46  dflt_clz.o(x$fpl$dflt)
    __aeabi_cdcmple                          0x0801757d   Thumb Code     0  dleqf.o(x$fpl$dleqf)
    _dcmple                                  0x0801757d   Thumb Code   120  dleqf.o(x$fpl$dleqf)
    __fpl_dcmple_InfNaN                      0x080175df   Thumb Code     0  dleqf.o(x$fpl$dleqf)
    __aeabi_dmul                             0x080175f5   Thumb Code     0  dmul.o(x$fpl$dmul)
    _dmul                                    0x080175f5   Thumb Code   332  dmul.o(x$fpl$dmul)
    __fpl_dnaninf                            0x08017749   Thumb Code   156  dnaninf.o(x$fpl$dnaninf)
    __fpl_dretinf                            0x080177e5   Thumb Code    12  dretinf.o(x$fpl$dretinf)
    __aeabi_cdrcmple                         0x080177f1   Thumb Code     0  drleqf.o(x$fpl$drleqf)
    _drcmple                                 0x080177f1   Thumb Code   108  drleqf.o(x$fpl$drleqf)
    _printf_fp_dec                           0x0801785d   Thumb Code     4  printf1.o(x$fpl$printf1)
    __I$use$fp                               0x08017860   Number         0  usenofp.o(x$fpl$usenofp)
    OSUnMapTbl                               0x08018264   Data         256  os_core.o(.constdata)
    OSDebugEn                                0x08018364   Data           2  os_dbg.o(.constdata)
    OSEndiannessTest                         0x08018368   Data           4  os_dbg.o(.constdata)
    OSEventEn                                0x0801836c   Data           2  os_dbg.o(.constdata)
    OSEventMax                               0x0801836e   Data           2  os_dbg.o(.constdata)
    OSEventNameEn                            0x08018370   Data           2  os_dbg.o(.constdata)
    OSEventSize                              0x08018372   Data           2  os_dbg.o(.constdata)
    OSEventTblSize                           0x08018374   Data           2  os_dbg.o(.constdata)
    OSEventMultiEn                           0x08018376   Data           2  os_dbg.o(.constdata)
    OSFlagEn                                 0x08018378   Data           2  os_dbg.o(.constdata)
    OSFlagGrpSize                            0x0801837a   Data           2  os_dbg.o(.constdata)
    OSFlagNodeSize                           0x0801837c   Data           2  os_dbg.o(.constdata)
    OSFlagWidth                              0x0801837e   Data           2  os_dbg.o(.constdata)
    OSFlagMax                                0x08018380   Data           2  os_dbg.o(.constdata)
    OSFlagNameEn                             0x08018382   Data           2  os_dbg.o(.constdata)
    OSLowestPrio                             0x08018384   Data           2  os_dbg.o(.constdata)
    OSMboxEn                                 0x08018386   Data           2  os_dbg.o(.constdata)
    OSMemEn                                  0x08018388   Data           2  os_dbg.o(.constdata)
    OSMemMax                                 0x0801838a   Data           2  os_dbg.o(.constdata)
    OSMemNameEn                              0x0801838c   Data           2  os_dbg.o(.constdata)
    OSMemSize                                0x0801838e   Data           2  os_dbg.o(.constdata)
    OSMemTblSize                             0x08018390   Data           2  os_dbg.o(.constdata)
    OSMutexEn                                0x08018392   Data           2  os_dbg.o(.constdata)
    OSPtrSize                                0x08018394   Data           2  os_dbg.o(.constdata)
    OSQEn                                    0x08018396   Data           2  os_dbg.o(.constdata)
    OSQMax                                   0x08018398   Data           2  os_dbg.o(.constdata)
    OSQSize                                  0x0801839a   Data           2  os_dbg.o(.constdata)
    OSRdyTblSize                             0x0801839c   Data           2  os_dbg.o(.constdata)
    OSSemEn                                  0x0801839e   Data           2  os_dbg.o(.constdata)
    OSStkWidth                               0x080183a0   Data           2  os_dbg.o(.constdata)
    OSTaskCreateEn                           0x080183a2   Data           2  os_dbg.o(.constdata)
    OSTaskCreateExtEn                        0x080183a4   Data           2  os_dbg.o(.constdata)
    OSTaskDelEn                              0x080183a6   Data           2  os_dbg.o(.constdata)
    OSTaskIdleStkSize                        0x080183a8   Data           2  os_dbg.o(.constdata)
    OSTaskProfileEn                          0x080183aa   Data           2  os_dbg.o(.constdata)
    OSTaskMax                                0x080183ac   Data           2  os_dbg.o(.constdata)
    OSTaskNameEn                             0x080183ae   Data           2  os_dbg.o(.constdata)
    OSTaskStatEn                             0x080183b0   Data           2  os_dbg.o(.constdata)
    OSTaskStatStkSize                        0x080183b2   Data           2  os_dbg.o(.constdata)
    OSTaskStatStkChkEn                       0x080183b4   Data           2  os_dbg.o(.constdata)
    OSTaskSwHookEn                           0x080183b6   Data           2  os_dbg.o(.constdata)
    OSTCBPrioTblMax                          0x080183b8   Data           2  os_dbg.o(.constdata)
    OSTCBSize                                0x080183ba   Data           2  os_dbg.o(.constdata)
    OSTicksPerSec                            0x080183bc   Data           2  os_dbg.o(.constdata)
    OSTimeTickHookEn                         0x080183be   Data           2  os_dbg.o(.constdata)
    OSVersionNbr                             0x080183c0   Data           2  os_dbg.o(.constdata)
    OSTmrEn                                  0x080183c2   Data           2  os_dbg.o(.constdata)
    OSTmrCfgMax                              0x080183c4   Data           2  os_dbg.o(.constdata)
    OSTmrCfgNameEn                           0x080183c6   Data           2  os_dbg.o(.constdata)
    OSTmrCfgWheelSize                        0x080183c8   Data           2  os_dbg.o(.constdata)
    OSTmrCfgTicksPerSec                      0x080183ca   Data           2  os_dbg.o(.constdata)
    OSTmrSize                                0x080183cc   Data           2  os_dbg.o(.constdata)
    OSTmrTblSize                             0x080183ce   Data           2  os_dbg.o(.constdata)
    OSTmrWheelSize                           0x080183d0   Data           2  os_dbg.o(.constdata)
    OSTmrWheelTblSize                        0x080183d2   Data           2  os_dbg.o(.constdata)
    OSDataSize                               0x080183d4   Data           2  os_dbg.o(.constdata)
    Region$$Table$$Base                      0x08018508   Number         0  anon$$obj.o(Region$$Table)
    Region$$Table$$Limit                     0x08018528   Number         0  anon$$obj.o(Region$$Table)
    __ctype                                  0x08018535   Data           0  lc_ctype_c.o(locale$$data)
    CASSETTE_UP_OPTICAL_FLAG                 0x20000078   Data           1  app_pump_control3.o(.data)
    CASSETTE_DOWN_OPTICAL_FLAG               0x20000079   Data           1  app_pump_control3.o(.data)
    g_user_tmr_signal                        0x20000090   Data           4  app_user_tmr.o(.data)
    g_user_time                              0x20000094   Data           4  app_user_tmr.o(.data)
    parameter_flag                           0x20000098   Data           1  app_centrifuge_control.o(.data)
    centrifuge_direction                     0x200000a8   Data           1  app_centrifuge_control.o(.data)
    centrifuge_motor_current_speed           0x200000ac   Data           4  app_centrifuge_control.o(.data)
    status                                   0x200000b0   Data           1  app_centrifuge_control.o(.data)
    sensor_state_handle                      0x200000c8   Data           8  app_slave_board3.o(.data)
    pump_state1_handle                       0x200000d0   Data           8  app_slave_board3.o(.data)
    motor_errcode_handle                     0x200000d8   Data           8  app_slave_board3.o(.data)
    pump_set1                                0x200000e0   Data           8  app_slave_board3.o(.data)
    pump_set2                                0x200000e8   Data           8  app_slave_board3.o(.data)
    control_order_r                          0x200000f0   Data           8  app_slave_board3.o(.data)
    control_order_sync_r                     0x200000f8   Data           8  app_slave_board3.o(.data)
    pump_state1                              0x20000100   Data           8  app_slave_board3.o(.data)
    pump_state2                              0x20000108   Data           8  app_slave_board3.o(.data)
    sensor_state                             0x20000110   Data           8  app_slave_board3.o(.data)
    control_order_sync_t                     0x20000118   Data           8  app_slave_board3.o(.data)
    task_errcode                             0x20000120   Data           8  app_slave_board3.o(.data)
    motor_errcode                            0x20000128   Data           8  app_slave_board3.o(.data)
    pump_q_send                              0x20000130   Data           4  app_slave_board3.o(.data)
    pump_mem_order                           0x20000134   Data           4  app_slave_board3.o(.data)
    pump_mem_ptr                             0x20000138   Data           4  app_slave_board3.o(.data)
    start_pump_sync_flag                     0x2000013c   Data           4  app_slave_board3.o(.data)
    tmr_centrifuge_motor_direction           0x20000140   Data           4  app_slave_board3.o(.data)
    tmr_cassette_location                    0x20000144   Data           4  app_slave_board3.o(.data)
    flag_tmr_centrifuge_motor_dir            0x20000148   Data           1  app_slave_board3.o(.data)
    flag_tmr_cassette_location               0x20000149   Data           1  app_slave_board3.o(.data)
    TPDO_q_send                              0x2000014c   Data           4  app_slave_board3.o(.data)
    TPDO_mem_order                           0x20000150   Data           4  app_slave_board3.o(.data)
    TPDO_mem_ptr                             0x20000154   Data           4  app_slave_board3.o(.data)
    task_errcode_acknak_flag                 0x20000158   Data           4  app_slave_board3.o(.data)
    init_order_flag                          0x2000015c   Data           4  app_slave_board3.o(.data)
    magnet_flag                              0x20000160   Data           4  app_slave_board3.o(.data)
    start_monitor_sem                        0x20000164   Data           4  app_slave_board3.o(.data)
    cassette_control_event                   0x20000168   Data           4  app_slave_board3.o(.data)
    tmr_cassette_protect                     0x20000178   Data           4  app_cassette.o(.data)
    Shell_ModuleCmdUsedPoolPtr               0x2000017c   Data           4  shell.o(.data)
    Shell_ModuleCmdFreePoolPtr               0x20000180   Data           4  shell.o(.data)
    arm3_sensor_status                       0x20000288   Data           8  exti_board3.o(.data)
    kasedo_optical1                          0x20000290   Data           4  exti_board3.o(.data)
    kasedo_optical2                          0x20000294   Data           4  exti_board3.o(.data)
    kasedo_optical_status                    0x20000298   Data           4  exti_board3.o(.data)
    arm3_actsensor_type                      0x2000029c   Data           1  exti_board3.o(.data)
    scan_state_feedback                      0x200002b8   Data           8  switch_value_scan.o(.data)
    ADC1_convert_value                       0x200002e0   Data           2  adc_dac.o(.data)
    OSCtxSwCtr                               0x200002f4   Data           4  os_core.o(.data)
    OSEventFreeList                          0x200002f8   Data           4  os_core.o(.data)
    OSFlagFreeList                           0x200002fc   Data           4  os_core.o(.data)
    OSCPUUsage                               0x20000300   Data           1  os_core.o(.data)
    OSIdleCtrMax                             0x20000304   Data           4  os_core.o(.data)
    OSIdleCtrRun                             0x20000308   Data           4  os_core.o(.data)
    OSStatRdy                                0x2000030c   Data           1  os_core.o(.data)
    OSIntNesting                             0x2000030d   Data           1  os_core.o(.data)
    OSLockNesting                            0x2000030e   Data           1  os_core.o(.data)
    OSPrioCur                                0x2000030f   Data           1  os_core.o(.data)
    OSPrioHighRdy                            0x20000310   Data           1  os_core.o(.data)
    OSRdyGrp                                 0x20000312   Data           2  os_core.o(.data)
    OSRunning                                0x20000314   Data           1  os_core.o(.data)
    OSTaskCtr                                0x20000315   Data           1  os_core.o(.data)
    OSIdleCtr                                0x20000318   Data           4  os_core.o(.data)
    OSTCBCur                                 0x2000031c   Data           4  os_core.o(.data)
    OSTCBFreeList                            0x20000320   Data           4  os_core.o(.data)
    OSTCBHighRdy                             0x20000324   Data           4  os_core.o(.data)
    OSTCBList                                0x20000328   Data           4  os_core.o(.data)
    OSTickStepState                          0x2000032c   Data           1  os_core.o(.data)
    OSMemFreeList                            0x20000330   Data           4  os_core.o(.data)
    OSQFreeList                              0x20000334   Data           4  os_core.o(.data)
    OSTaskRegNextAvailID                     0x20000338   Data           1  os_core.o(.data)
    OSTime                                   0x2000033c   Data           4  os_core.o(.data)
    OSTmrFree                                0x20000340   Data           2  os_core.o(.data)
    OSTmrUsed                                0x20000342   Data           2  os_core.o(.data)
    OSTmrTime                                0x20000344   Data           4  os_core.o(.data)
    OSTmrSem                                 0x20000348   Data           4  os_core.o(.data)
    OSTmrSemSignal                           0x2000034c   Data           4  os_core.o(.data)
    OSTmrFreeList                            0x20000350   Data           4  os_core.o(.data)
    OS_CPU_ExceptStkBase                     0x20000354   Data           4  os_cpu_c.o(.data)
    SystemCoreClock                          0x2000035c   Data           4  system_stm32f2xx.o(.data)
    AHBPrescTable                            0x20000360   Data          16  system_stm32f2xx.o(.data)
    g_user_tmr_array                         0x200036c8   Data         420  app_user_tmr.o(.bss)
    pump_order_msggrp                        0x20004ae4   Data          20  app_slave_board3.o(.bss)
    pump_valve_order                         0x20004af8   Data          20  app_slave_board3.o(.bss)
    TPDO_order_msggrp                        0x20004b0c   Data          40  app_slave_board3.o(.bss)
    TPDO_order                               0x20004b34   Data          80  app_slave_board3.o(.bss)
    Shell_ModuleCmdTbl                       0x200059d4   Data         192  shell.o(.bss)
    ADC_ConvertedValue                       0x20006388   Data          16  adc_dac.o(.bss)
    ADC1_convert_values                      0x20006398   Data         200  adc_dac.o(.bss)
    OSEventTbl                               0x20006460   Data        3360  os_core.o(.bss)
    OSFlagTbl                                0x20007180   Data          80  os_core.o(.bss)
    OSTaskStatStk                            0x200071d0   Data         512  os_core.o(.bss)
    OSRdyTbl                                 0x200073d0   Data          10  os_core.o(.bss)
    OSTaskIdleStk                            0x200073dc   Data         512  os_core.o(.bss)
    OSTCBPrioTbl                             0x200075dc   Data         260  os_core.o(.bss)
    OSTCBTbl                                 0x200076e0   Data        4784  os_core.o(.bss)
    OSMemTbl                                 0x20008990   Data         120  os_core.o(.bss)
    OSQTbl                                   0x20008a08   Data         480  os_core.o(.bss)
    OSTmrTbl                                 0x20008be8   Data         640  os_core.o(.bss)
    OSTmrTaskStk                             0x20008e68   Data        1024  os_core.o(.bss)
    OSTmrWheelTbl                            0x20009268   Data          64  os_core.o(.bss)
    OS_CPU_ExceptStk                         0x200092a8   Data          16  os_cpu_c.o(.bss)
    __libspace_start                         0x200092b8   Data          96  libspace.o(.bss)
    __temporary_stack_top$libspace           0x20009318   Data           0  libspace.o(.bss)



==============================================================================

Memory Map of the image

  Image Entry point : 0x08000185

  Load Region LR_IROM1 (Base: 0x08000000, Size: 0x000189c4, Max: 0x00100000, ABSOLUTE, COMPRESSED[0x00018740])

    Execution Region ER_IROM1 (Base: 0x08000000, Size: 0x00018654, Max: 0x00100000, ABSOLUTE)

    Base Addr    Size         Type   Attr      Idx    E Section Name        Object

    0x08000000   0x00000184   Data   RO         1609    RESET               startup_stm32f2xx.o
    0x08000184   0x00000008   Code   RO         1697  * !!!main             c_w.l(__main.o)
    0x0800018c   0x00000034   Code   RO         2016    !!!scatter          c_w.l(__scatter.o)
    0x080001c0   0x0000005a   Code   RO         2014    !!dczerorl2         c_w.l(__dczerorl2.o)
    0x0800021a   0x00000002   PAD
    0x0800021c   0x0000001c   Code   RO         2018    !!handler_zi        c_w.l(__scatter_zi.o)
    0x08000238   0x00000000   Code   RO         1674    .ARM.Collect$$_printf_percent$$00000000  c_w.l(_printf_percent.o)
    0x08000238   0x00000006   Code   RO         1767    .ARM.Collect$$_printf_percent$$00000001  c_w.l(_printf_n.o)
    0x0800023e   0x00000006   Code   RO         1768    .ARM.Collect$$_printf_percent$$00000002  c_w.l(_printf_p.o)
    0x08000244   0x00000006   Code   RO         1772    .ARM.Collect$$_printf_percent$$00000003  c_w.l(_printf_f.o)
    0x0800024a   0x00000006   Code   RO         1773    .ARM.Collect$$_printf_percent$$00000004  c_w.l(_printf_e.o)
    0x08000250   0x00000006   Code   RO         1774    .ARM.Collect$$_printf_percent$$00000005  c_w.l(_printf_g.o)
    0x08000256   0x00000006   Code   RO         1775    .ARM.Collect$$_printf_percent$$00000006  c_w.l(_printf_a.o)
    0x0800025c   0x0000000a   Code   RO         1780    .ARM.Collect$$_printf_percent$$00000007  c_w.l(_printf_ll.o)
    0x08000266   0x00000006   Code   RO         1770    .ARM.Collect$$_printf_percent$$00000008  c_w.l(_printf_i.o)
    0x0800026c   0x00000006   Code   RO         1673    .ARM.Collect$$_printf_percent$$00000009  c_w.l(_printf_d.o)
    0x08000272   0x00000006   Code   RO         1771    .ARM.Collect$$_printf_percent$$0000000A  c_w.l(_printf_u.o)
    0x08000278   0x00000006   Code   RO         1769    .ARM.Collect$$_printf_percent$$0000000B  c_w.l(_printf_o.o)
    0x0800027e   0x00000006   Code   RO         1672    .ARM.Collect$$_printf_percent$$0000000C  c_w.l(_printf_x.o)
    0x08000284   0x00000006   Code   RO         1777    .ARM.Collect$$_printf_percent$$0000000D  c_w.l(_printf_lli.o)
    0x0800028a   0x00000006   Code   RO         1778    .ARM.Collect$$_printf_percent$$0000000E  c_w.l(_printf_lld.o)
    0x08000290   0x00000006   Code   RO         1779    .ARM.Collect$$_printf_percent$$0000000F  c_w.l(_printf_llu.o)
    0x08000296   0x00000006   Code   RO         1784    .ARM.Collect$$_printf_percent$$00000010  c_w.l(_printf_llo.o)
    0x0800029c   0x00000006   Code   RO         1785    .ARM.Collect$$_printf_percent$$00000011  c_w.l(_printf_llx.o)
    0x080002a2   0x0000000a   Code   RO         1781    .ARM.Collect$$_printf_percent$$00000012  c_w.l(_printf_l.o)
    0x080002ac   0x00000006   Code   RO         1766    .ARM.Collect$$_printf_percent$$00000013  c_w.l(_printf_c.o)
    0x080002b2   0x00000006   Code   RO         1671    .ARM.Collect$$_printf_percent$$00000014  c_w.l(_printf_s.o)
    0x080002b8   0x00000006   Code   RO         1782    .ARM.Collect$$_printf_percent$$00000015  c_w.l(_printf_lc.o)
    0x080002be   0x00000006   Code   RO         1783    .ARM.Collect$$_printf_percent$$00000016  c_w.l(_printf_ls.o)
    0x080002c4   0x00000004   Code   RO         1776    .ARM.Collect$$_printf_percent$$00000017  c_w.l(_printf_percent_end.o)
    0x080002c8   0x00000002   Code   RO         1886    .ARM.Collect$$libinit$$00000000  c_w.l(libinit.o)
    0x080002ca   0x00000000   Code   RO         1894    .ARM.Collect$$libinit$$00000002  c_w.l(libinit2.o)
    0x080002ca   0x00000000   Code   RO         1897    .ARM.Collect$$libinit$$00000008  c_w.l(libinit2.o)
    0x080002ca   0x00000000   Code   RO         1899    .ARM.Collect$$libinit$$0000000A  c_w.l(libinit2.o)
    0x080002ca   0x00000000   Code   RO         1901    .ARM.Collect$$libinit$$0000000C  c_w.l(libinit2.o)
    0x080002ca   0x00000006   Code   RO         1902    .ARM.Collect$$libinit$$0000000D  c_w.l(libinit2.o)
    0x080002d0   0x00000000   Code   RO         1904    .ARM.Collect$$libinit$$0000000F  c_w.l(libinit2.o)
    0x080002d0   0x0000000c   Code   RO         1905    .ARM.Collect$$libinit$$00000010  c_w.l(libinit2.o)
    0x080002dc   0x00000000   Code   RO         1906    .ARM.Collect$$libinit$$00000011  c_w.l(libinit2.o)
    0x080002dc   0x00000000   Code   RO         1908    .ARM.Collect$$libinit$$00000013  c_w.l(libinit2.o)
    0x080002dc   0x0000000a   Code   RO         1909    .ARM.Collect$$libinit$$00000014  c_w.l(libinit2.o)
    0x080002e6   0x00000000   Code   RO         1910    .ARM.Collect$$libinit$$00000015  c_w.l(libinit2.o)
    0x080002e6   0x00000000   Code   RO         1912    .ARM.Collect$$libinit$$00000017  c_w.l(libinit2.o)
    0x080002e6   0x00000000   Code   RO         1914    .ARM.Collect$$libinit$$00000019  c_w.l(libinit2.o)
    0x080002e6   0x00000000   Code   RO         1916    .ARM.Collect$$libinit$$0000001B  c_w.l(libinit2.o)
    0x080002e6   0x00000000   Code   RO         1918    .ARM.Collect$$libinit$$0000001D  c_w.l(libinit2.o)
    0x080002e6   0x00000000   Code   RO         1920    .ARM.Collect$$libinit$$0000001F  c_w.l(libinit2.o)
    0x080002e6   0x00000000   Code   RO         1922    .ARM.Collect$$libinit$$00000021  c_w.l(libinit2.o)
    0x080002e6   0x00000000   Code   RO         1924    .ARM.Collect$$libinit$$00000023  c_w.l(libinit2.o)
    0x080002e6   0x00000000   Code   RO         1928    .ARM.Collect$$libinit$$0000002A  c_w.l(libinit2.o)
    0x080002e6   0x00000000   Code   RO         1930    .ARM.Collect$$libinit$$0000002C  c_w.l(libinit2.o)
    0x080002e6   0x00000000   Code   RO         1932    .ARM.Collect$$libinit$$0000002E  c_w.l(libinit2.o)
    0x080002e6   0x00000000   Code   RO         1934    .ARM.Collect$$libinit$$00000030  c_w.l(libinit2.o)
    0x080002e6   0x00000002   Code   RO         1935    .ARM.Collect$$libinit$$00000031  c_w.l(libinit2.o)
    0x080002e8   0x00000002   Code   RO         1955    .ARM.Collect$$libshutdown$$00000000  c_w.l(libshutdown.o)
    0x080002ea   0x00000000   Code   RO         1969    .ARM.Collect$$libshutdown$$00000003  c_w.l(libshutdown2.o)
    0x080002ea   0x00000000   Code   RO         1972    .ARM.Collect$$libshutdown$$00000006  c_w.l(libshutdown2.o)
    0x080002ea   0x00000000   Code   RO         1975    .ARM.Collect$$libshutdown$$00000009  c_w.l(libshutdown2.o)
    0x080002ea   0x00000000   Code   RO         1977    .ARM.Collect$$libshutdown$$0000000B  c_w.l(libshutdown2.o)
    0x080002ea   0x00000000   Code   RO         1980    .ARM.Collect$$libshutdown$$0000000E  c_w.l(libshutdown2.o)
    0x080002ea   0x00000002   Code   RO         1981    .ARM.Collect$$libshutdown$$0000000F  c_w.l(libshutdown2.o)
    0x080002ec   0x00000000   Code   RO         1735    .ARM.Collect$$rtentry$$00000000  c_w.l(rtentry.o)
    0x080002ec   0x00000000   Code   RO         1807    .ARM.Collect$$rtentry$$00000002  c_w.l(rtentry2.o)
    0x080002ec   0x00000006   Code   RO         1819    .ARM.Collect$$rtentry$$00000004  c_w.l(rtentry4.o)
    0x080002f2   0x00000000   Code   RO         1809    .ARM.Collect$$rtentry$$00000009  c_w.l(rtentry2.o)
    0x080002f2   0x00000004   Code   RO         1810    .ARM.Collect$$rtentry$$0000000A  c_w.l(rtentry2.o)
    0x080002f6   0x00000000   Code   RO         1812    .ARM.Collect$$rtentry$$0000000C  c_w.l(rtentry2.o)
    0x080002f6   0x00000008   Code   RO         1813    .ARM.Collect$$rtentry$$0000000D  c_w.l(rtentry2.o)
    0x080002fe   0x00000002   Code   RO         1891    .ARM.Collect$$rtexit$$00000000  c_w.l(rtexit.o)
    0x08000300   0x00000000   Code   RO         1937    .ARM.Collect$$rtexit$$00000002  c_w.l(rtexit2.o)
    0x08000300   0x00000004   Code   RO         1938    .ARM.Collect$$rtexit$$00000003  c_w.l(rtexit2.o)
    0x08000304   0x00000006   Code   RO         1939    .ARM.Collect$$rtexit$$00000004  c_w.l(rtexit2.o)
    0x0800030a   0x00000002   PAD
    0x0800030c   0x00000308   Code   RO            2    .text               app.o
    0x08000614   0x00001004   Code   RO          222    .text               app_shell.o
    0x08001618   0x00000498   Code   RO          301    .text               app_modbus_analyse.o
    0x08001ab0   0x000006c8   Code   RO          329    .text               app_usart_dma_route.o
    0x08002178   0x000004d4   Code   RO          348    .text               app_pump_control3.o
    0x0800264c   0x00000470   Code   RO          385    .text               app_pdo_callback3.o
    0x08002abc   0x00000968   Code   RO          415    .text               app_monitor3.o
    0x08003424   0x00000094   Code   RO          441    .text               app_led.o
    0x080034b8   0x0000036c   Code   RO          477    .text               app_task_err.o
    0x08003824   0x00000260   Code   RO          496    .text               struct_slave_board3.o
    0x08003a84   0x0000023c   Code   RO          519    .text               app_sensor_handle3.o
    0x08003cc0   0x00000280   Code   RO          540    .text               app_buzzer_ring.o
    0x08003f40   0x000000ec   Code   RO          562    .text               app_dc_cooling_fan.o
    0x0800402c   0x000003e0   Code   RO          583    .text               app_sensor_board3.o
    0x0800440c   0x00000340   Code   RO          617    .text               app_user_tmr.o
    0x0800474c   0x00000e68   Code   RO          637    .text               app_centrifuge_control.o
    0x080055b4   0x000002f4   Code   RO          660    .text               app_slave_board3.o
    0x080058a8   0x0000029c   Code   RO          695    .text               app_cassette.o
    0x08005b44   0x00000234   Code   RO          718    .text               app_electromagnet.o
    0x08005d78   0x00000012   Code   RO          736    .text               main.o
    0x08005d8a   0x00000002   PAD
    0x08005d8c   0x000003d0   Code   RO          780    .text               shell.o
    0x0800615c   0x000002e8   Code   RO          803    .text               stm32f2xx_it.o
    0x08006444   0x00000040   Code   RO          826    .text               crc.o
    0x08006484   0x000002cc   Code   RO          844    .text               trace.o
    0x08006750   0x0000024e   Code   RO          869    .text               datafilter_variance.o
    0x0800699e   0x00000002   PAD
    0x080069a0   0x00000078   Code   RO          904    .text               bsp.o
    0x08006a18   0x000001b8   Code   RO          942    .text               gpio.o
    0x08006bd0   0x00000698   Code   RO          961    .text               usart.o
    0x08007268   0x00000b94   Code   RO          996    .text               pwm.o
    0x08007dfc   0x00000048   Code   RO         1031    .text               bell.o
    0x08007e44   0x00000320   Code   RO         1066    .text               input_capture.o
    0x08008164   0x00000520   Code   RO         1089    .text               exti_board3.o
    0x08008684   0x00000294   Code   RO         1112    .text               switch_value_scan.o
    0x08008918   0x0000046c   Code   RO         1135    .text               adc_dac.o
    0x08008d84   0x000001ec   Code   RO         1159    .text               misc.o
    0x08008f70   0x0000030c   Code   RO         1175    .text               stm32f2xx_exti.o
    0x0800927c   0x00000916   Code   RO         1191    .text               stm32f2xx_gpio.o
    0x08009b92   0x00000002   PAD
    0x08009b94   0x00000d78   Code   RO         1239    .text               stm32f2xx_rcc.o
    0x0800a90c   0x00000184   Code   RO         1273    .text               stm32f2xx_syscfg.o
    0x0800aa90   0x00003290   Code   RO         1289    .text               stm32f2xx_tim.o
    0x0800dd20   0x00000eac   Code   RO         1305    .text               stm32f2xx_usart.o
    0x0800ebcc   0x000013b4   Code   RO         1337    .text               stm32f2xx_dma.o
    0x0800ff80   0x00001080   Code   RO         1385    .text               stm32f2xx_adc.o
    0x08011000   0x00000608   Code   RO         1401    .text               stm32f2xx_dac.o
    0x08011608   0x0000087c   Code   RO         1416    .text               os_flag.o
    0x08011e84   0x00000258   Code   RO         1440    .text               os_mem.o
    0x080120dc   0x00000690   Code   RO         1452    .text               os_mutex.o
    0x0801276c   0x00000654   Code   RO         1464    .text               os_q.o
    0x08012dc0   0x000003e0   Code   RO         1476    .text               os_sem.o
    0x080131a0   0x0000097c   Code   RO         1488    .text               os_task.o
    0x08013b1c   0x000001dc   Code   RO         1500    .text               os_time.o
    0x08013cf8   0x00000734   Code   RO         1512    .text               os_tmr.o
    0x0801442c   0x00000e20   Code   RO         1524    .text               os_core.o
    0x0801524c   0x000000a4   Code   RO         1544    .text               os_cpu_a.o
    0x080152f0   0x000000f8   Code   RO         1547    .text               os_cpu_c.o
    0x080153e8   0x0000015c   Code   RO         1570    .text               os_dbg.o
    0x08015544   0x000001e0   Code   RO         1586    .text               system_stm32f2xx.o
    0x08015724   0x00000050   Code   RO         1610    .text               startup_stm32f2xx.o
    0x08015774   0x00000034   Code   RO         1616    .text               c_w.l(c89vsnprintf.o)
    0x080157a8   0x00000038   Code   RO         1618    .text               c_w.l(__2snprintf.o)
    0x080157e0   0x00000052   Code   RO         1624    .text               c_w.l(_printf_pad.o)
    0x08015832   0x00000052   Code   RO         1626    .text               c_w.l(_printf_str.o)
    0x08015884   0x00000078   Code   RO         1628    .text               c_w.l(_printf_dec.o)
    0x080158fc   0x0000009c   Code   RO         1648    .text               c_w.l(_printf_hex_int_ll_ptr.o)
    0x08015998   0x0000018c   Code   RO         1668    .text               c_w.l(__printf_flags_ss_wp.o)
    0x08015b24   0x0000001a   Code   RO         1675    .text               c_w.l(atoi.o)
    0x08015b3e   0x00000048   Code   RO         1677    .text               c_w.l(strcpy.o)
    0x08015b86   0x0000003e   Code   RO         1679    .text               c_w.l(strlen.o)
    0x08015bc4   0x00000096   Code   RO         1681    .text               c_w.l(strncmp.o)
    0x08015c5a   0x0000008a   Code   RO         1683    .text               c_w.l(rt_memcpy_v6.o)
    0x08015ce4   0x00000064   Code   RO         1685    .text               c_w.l(rt_memcpy_w.o)
    0x08015d48   0x00000010   Code   RO         1687    .text               c_w.l(aeabi_memset.o)
    0x08015d58   0x0000004e   Code   RO         1689    .text               c_w.l(rt_memclr_w.o)
    0x08015da6   0x00000056   Code   RO         1691    .text               c_w.l(strncpy.o)
    0x08015dfc   0x00000080   Code   RO         1693    .text               c_w.l(strcmpv7m.o)
    0x08015e7c   0x00000006   Code   RO         1695    .text               c_w.l(heapauxi.o)
    0x08015e82   0x00000002   PAD
    0x08015e84   0x00000008   Code   RO         1739    .text               c_w.l(rt_errno_addr_intlibspace.o)
    0x08015e8c   0x00000024   Code   RO         1741    .text               c_w.l(_printf_truncate.o)
    0x08015eb0   0x000000b8   Code   RO         1743    .text               c_w.l(_printf_intcommon.o)
    0x08015f68   0x0000002a   Code   RO         1745    .text               c_w.l(_printf_charcount.o)
    0x08015f92   0x00000002   PAD
    0x08015f94   0x00000030   Code   RO         1747    .text               c_w.l(_printf_char_common.o)
    0x08015fc4   0x0000000a   Code   RO         1749    .text               c_w.l(_sputc.o)
    0x08015fce   0x00000010   Code   RO         1751    .text               c_w.l(_snputc.o)
    0x08015fde   0x0000002c   Code   RO         1753    .text               c_w.l(_printf_char.o)
    0x0801600a   0x00000002   PAD
    0x0801600c   0x000000bc   Code   RO         1755    .text               c_w.l(_printf_wctomb.o)
    0x080160c8   0x00000078   Code   RO         1758    .text               c_w.l(_printf_longlong_dec.o)
    0x08016140   0x00000078   Code   RO         1764    .text               c_w.l(_printf_oct_int_ll.o)
    0x080161b8   0x00000070   Code   RO         1786    .text               c_w.l(strtol.o)
    0x08016228   0x00000044   Code   RO         1788    .text               c_w.l(rt_memclr.o)
    0x0801626c   0x00000008   Code   RO         1803    .text               c_w.l(libspace.o)
    0x08016274   0x00000010   Code   RO         1821    .text               c_w.l(rt_ctype_table.o)
    0x08016284   0x0000008a   Code   RO         1823    .text               c_w.l(lludiv10.o)
    0x0801630e   0x00000420   Code   RO         1825    .text               c_w.l(_printf_fp_dec.o)
    0x0801672e   0x0000002c   Code   RO         1829    .text               c_w.l(_printf_wchar.o)
    0x0801675a   0x0000009e   Code   RO         1831    .text               c_w.l(_strtoul.o)
    0x080167f8   0x00000040   Code   RO         1833    .text               c_w.l(_wcrtomb.o)
    0x08016838   0x0000004a   Code   RO         1837    .text               c_w.l(sys_stackheap_outer.o)
    0x08016882   0x00000002   PAD
    0x08016884   0x00000008   Code   RO         1842    .text               c_w.l(rt_locale_intlibspace.o)
    0x0801688c   0x00000080   Code   RO         1844    .text               c_w.l(_printf_fp_infnan.o)
    0x0801690c   0x0000001c   Code   RO         1846    .text               c_w.l(_chval.o)
    0x08016928   0x000000e4   Code   RO         1848    .text               c_w.l(bigflt0.o)
    0x08016a0c   0x0000000c   Code   RO         1879    .text               c_w.l(exit.o)
    0x08016a18   0x0000000c   Code   RO         1947    .text               c_w.l(sys_exit.o)
    0x08016a24   0x00000002   Code   RO         1958    .text               c_w.l(use_no_semi.o)
    0x08016a26   0x00000000   Code   RO         1960    .text               c_w.l(indicate_semi.o)
    0x08016a26   0x0000003e   Code   RO         1851    CL$$btod_d2e        c_w.l(btod.o)
    0x08016a64   0x00000046   Code   RO         1853    CL$$btod_d2e_denorm_low  c_w.l(btod.o)
    0x08016aaa   0x00000060   Code   RO         1852    CL$$btod_d2e_norm_op1  c_w.l(btod.o)
    0x08016b0a   0x00000338   Code   RO         1861    CL$$btod_div_common  c_w.l(btod.o)
    0x08016e42   0x000000c6   Code   RO         1858    CL$$btod_e2e        c_w.l(btod.o)
    0x08016f08   0x00000028   Code   RO         1855    CL$$btod_ediv       c_w.l(btod.o)
    0x08016f30   0x00000028   Code   RO         1854    CL$$btod_emul       c_w.l(btod.o)
    0x08016f58   0x00000244   Code   RO         1860    CL$$btod_mult_common  c_w.l(btod.o)
    0x0801719c   0x00000028   Code   RO         1889    i.__ARM_fpclassify  m_ws.l(fpclassify.o)
    0x080171c4   0x0000000e   Code   RO         1661    i._is_digit         c_w.l(__printf_wp.o)
    0x080171d2   0x00000002   PAD
    0x080171d4   0x0000002c   Code   RO         1874    locale$$code        c_w.l(lc_ctype_c.o)
    0x08017200   0x0000002c   Code   RO         1877    locale$$code        c_w.l(lc_numeric_c.o)
    0x0801722c   0x00000018   Code   RO         1835    x$fpl$dcmpinf       fz_ws.l(dcmpi.o)
    0x08017244   0x000002b0   Code   RO         1700    x$fpl$ddiv          fz_ws.l(ddiv.o)
    0x080174f4   0x0000005a   Code   RO         1703    x$fpl$dfixu         fz_ws.l(dfixu.o)
    0x0801754e   0x0000002e   Code   RO         1708    x$fpl$dflt          fz_ws.l(dflt_clz.o)
    0x0801757c   0x00000078   Code   RO         1790    x$fpl$dleqf         fz_ws.l(dleqf.o)
    0x080175f4   0x00000154   Code   RO         1713    x$fpl$dmul          fz_ws.l(dmul.o)
    0x08017748   0x0000009c   Code   RO         1792    x$fpl$dnaninf       fz_ws.l(dnaninf.o)
    0x080177e4   0x0000000c   Code   RO         1794    x$fpl$dretinf       fz_ws.l(dretinf.o)
    0x080177f0   0x0000006c   Code   RO         1715    x$fpl$drleqf        fz_ws.l(drleqf.o)
    0x0801785c   0x00000004   Code   RO         1800    x$fpl$printf1       fz_ws.l(printf1.o)
    0x08017860   0x00000000   Code   RO         1802    x$fpl$usenofp       fz_ws.l(usenofp.o)
    0x08017860   0x0000033d   Data   RO          224    .constdata          app_shell.o
    0x08017b9d   0x00000003   PAD
    0x08017ba0   0x00000270   Data   RO          416    .constdata          app_monitor3.o
    0x08017e10   0x00000200   Data   RO          827    .constdata          crc.o
    0x08018010   0x00000014   Data   RO          943    .constdata          gpio.o
    0x08018024   0x000000a2   Data   RO          962    .constdata          usart.o
    0x080180c6   0x00000002   PAD
    0x080180c8   0x00000080   Data   RO         1068    .constdata          input_capture.o
    0x08018148   0x000000be   Data   RO         1090    .constdata          exti_board3.o
    0x08018206   0x00000002   PAD
    0x08018208   0x00000028   Data   RO         1113    .constdata          switch_value_scan.o
    0x08018230   0x00000034   Data   RO         1137    .constdata          adc_dac.o
    0x08018264   0x00000100   Data   RO         1526    .constdata          os_core.o
    0x08018364   0x00000072   Data   RO         1571    .constdata          os_dbg.o
    0x080183d6   0x00000028   Data   RO         1649    .constdata          c_w.l(_printf_hex_int_ll_ptr.o)
    0x080183fe   0x00000011   Data   RO         1669    .constdata          c_w.l(__printf_flags_ss_wp.o)
    0x0801840f   0x00000001   PAD
    0x08018410   0x00000008   Data   RO         1756    .constdata          c_w.l(_printf_wctomb.o)
    0x08018418   0x00000094   Data   RO         1849    .constdata          c_w.l(bigflt0.o)
    0x080184ac   0x00000059   Data   RO          225    .conststring        app_shell.o
    0x08018505   0x00000003   PAD
    0x08018508   0x00000020   Data   RO         2012    Region$$Table       anon$$obj.o
    0x08018528   0x00000110   Data   RO         1873    locale$$data        c_w.l(lc_ctype_c.o)
    0x08018638   0x0000001c   Data   RO         1876    locale$$data        c_w.l(lc_numeric_c.o)


    Execution Region RW_IRAM1 (Base: 0x20000000, Size: 0x0000e318, Max: 0x00020000, ABSOLUTE, COMPRESSED[0x000000ec])

    Base Addr    Size         Type   Attr      Idx    E Section Name        Object

    0x20000000   0x00000062   Data   RW          226    .data               app_shell.o
    0x20000062   0x00000002   PAD
    0x20000064   0x00000004   Data   RW          303    .data               app_modbus_analyse.o
    0x20000068   0x00000010   Data   RW          331    .data               app_usart_dma_route.o
    0x20000078   0x00000010   Data   RW          350    .data               app_pump_control3.o
    0x20000088   0x00000001   Data   RW          386    .data               app_pdo_callback3.o
    0x20000089   0x00000001   Data   RW          479    .data               app_task_err.o
    0x2000008a   0x00000002   PAD
    0x2000008c   0x00000004   Data   RW          542    .data               app_buzzer_ring.o
    0x20000090   0x00000008   Data   RW          619    .data               app_user_tmr.o
    0x20000098   0x00000019   Data   RW          639    .data               app_centrifuge_control.o
    0x200000b1   0x00000003   PAD
    0x200000b4   0x000000c4   Data   RW          662    .data               app_slave_board3.o
    0x20000178   0x00000004   Data   RW          697    .data               app_cassette.o
    0x2000017c   0x00000008   Data   RW          782    .data               shell.o
    0x20000184   0x00000004   Data   RW          846    .data               trace.o
    0x20000188   0x0000000c   Data   RW          944    .data               gpio.o
    0x20000194   0x00000048   Data   RW          963    .data               usart.o
    0x200001dc   0x00000060   Data   RW          998    .data               pwm.o
    0x2000023c   0x00000044   Data   RW         1069    .data               input_capture.o
    0x20000280   0x0000001d   Data   RW         1091    .data               exti_board3.o
    0x2000029d   0x00000003   PAD
    0x200002a0   0x00000020   Data   RW         1114    .data               switch_value_scan.o
    0x200002c0   0x00000022   Data   RW         1138    .data               adc_dac.o
    0x200002e2   0x00000010   Data   RW         1240    .data               stm32f2xx_rcc.o
    0x200002f2   0x00000002   PAD
    0x200002f4   0x00000060   Data   RW         1527    .data               os_core.o
    0x20000354   0x00000006   Data   RW         1549    .data               os_cpu_c.o
    0x2000035a   0x00000002   PAD
    0x2000035c   0x00000014   Data   RW         1587    .data               system_stm32f2xx.o
    0x20000370   0x00000200   Zero   RW            3    .bss                app.o
    0x20000570   0x00000640   Zero   RW          223    .bss                app_shell.o
    0x20000bb0   0x00000414   Zero   RW          302    .bss                app_modbus_analyse.o
    0x20000fc4   0x000010e0   Zero   RW          330    .bss                app_usart_dma_route.o
    0x200020a4   0x00000400   Zero   RW          349    .bss                app_pump_control3.o
    0x200024a4   0x00000200   Zero   RW          442    .bss                app_led.o
    0x200026a4   0x00000400   Zero   RW          478    .bss                app_task_err.o
    0x20002aa4   0x00000400   Zero   RW          520    .bss                app_sensor_handle3.o
    0x20002ea4   0x00000214   Zero   RW          541    .bss                app_buzzer_ring.o
    0x200030b8   0x00000210   Zero   RW          563    .bss                app_dc_cooling_fan.o
    0x200032c8   0x00000400   Zero   RW          584    .bss                app_sensor_board3.o
    0x200036c8   0x000003a4   Zero   RW          618    .bss                app_user_tmr.o
    0x20003a6c   0x00001078   Zero   RW          638    .bss                app_centrifuge_control.o
    0x20004ae4   0x000008f0   Zero   RW          661    .bss                app_slave_board3.o
    0x200053d4   0x00000400   Zero   RW          696    .bss                app_cassette.o
    0x200057d4   0x00000200   Zero   RW          719    .bss                app_electromagnet.o
    0x200059d4   0x000000c0   Zero   RW          781    .bss                shell.o
    0x20005a94   0x00000800   Zero   RW          845    .bss                trace.o
    0x20006294   0x00000030   Zero   RW          997    .bss                pwm.o
    0x200062c4   0x00000004   PAD
    0x200062c8   0x000000c0   Zero   RW         1067    .bss                input_capture.o
    0x20006388   0x000000d8   Zero   RW         1136    .bss                adc_dac.o
    0x20006460   0x00002e48   Zero   RW         1525    .bss                os_core.o
    0x200092a8   0x00000010   Zero   RW         1548    .bss                os_cpu_c.o
    0x200092b8   0x00000060   Zero   RW         1804    .bss                c_w.l(libspace.o)
    0x20009318   0x00004000   Zero   RW         1608    HEAP                startup_stm32f2xx.o
    0x2000d318   0x00001000   Zero   RW         1607    STACK               startup_stm32f2xx.o


==============================================================================

Image component sizes


      Code (inc. data)   RO Data    RW Data    ZI Data      Debug   Object Name

      1132         88         52         34        216       5902   adc_dac.o
       776        454          0          0        512     311020   app.o
       640        120          0          4        532       2389   app_buzzer_ring.o
       668        246          0          4       1024       2851   app_cassette.o
      3688        644          0         25       4216       9155   app_centrifuge_control.o
       236         86          0          0        528       2215   app_dc_cooling_fan.o
       564        180          0          0        512       1669   app_electromagnet.o
       148         36          0          0        512       1004   app_led.o
      1176        486          0          4       1044       4147   app_modbus_analyse.o
      2408       1132        624          0          0       4604   app_monitor3.o
      1136        466          0          1          0       2935   app_pdo_callback3.o
      1236        638          0         16       1024       7319   app_pump_control3.o
       992        132          0          0       1024       2851   app_sensor_board3.o
       572        150          0          0       1024       3138   app_sensor_handle3.o
      4100       1720        918         98       1600      26474   app_shell.o
       756        228          0        196       2288       4354   app_slave_board3.o
       876        338          0          1       1024       1919   app_task_err.o
      1736        478          0         16       4320       4795   app_usart_dma_route.o
       832         66          0          8        932       3830   app_user_tmr.o
        72          4          0          0          0        661   bell.o
       120          8          0          0          0      16134   bsp.o
        64         10        512          0          0        996   crc.o
       590          0          0          0          0        954   datafilter_variance.o
      1312        418        190         29          0       5114   exti_board3.o
       440         46         20         12          0       2483   gpio.o
       800         86        128         68        192       4791   input_capture.o
        18          0          0          0          0        407   main.o
       492         72          0          0          0       1957   misc.o
      3616        308        256         96      11848      19116   os_core.o
       164         32          0          0          0        344   os_cpu_a.o
       248         18          0          6         16      11786   os_cpu_c.o
       348        230        114          0          0       3389   os_dbg.o
      2172         42          0          0          0       6876   os_flag.o
       600         16          0          0          0       3252   os_mem.o
      1680         56          0          0          0       4626   os_mutex.o
      1620         32          0          0          0       5685   os_q.o
       992         22          0          0          0       3898   os_sem.o
      2428         82          0          0          0       8312   os_task.o
       476         28          0          0          0       1786   os_time.o
      1844        136          0          0          0       5906   os_tmr.o
      2964        194          0         96         48       7779   pwm.o
       976         30          0          8        192       6775   shell.o
        80         26        388          0      20480        844   startup_stm32f2xx.o
      4224        146          0          0          0      12522   stm32f2xx_adc.o
      1544         64          0          0          0       5397   stm32f2xx_dac.o
      5044        346          0          0          0       8533   stm32f2xx_dma.o
       780         70          0          0          0       2595   stm32f2xx_exti.o
      2326        132          0          0          0       5085   stm32f2xx_gpio.o
       744        336          0          0          0       1748   stm32f2xx_it.o
      3448        258          0         16          0      12619   stm32f2xx_rcc.o
       388         72          0          0          0       1707   stm32f2xx_syscfg.o
     12944        666          0          0          0      29124   stm32f2xx_tim.o
      3756        162          0          0          0       9456   stm32f2xx_usart.o
       608         68          0          0          0       7616   struct_slave_board3.o
       660         38         40         32          0       4088   switch_value_scan.o
       480         42          0         20          0       1811   system_stm32f2xx.o
       716        126          0          4       2048       3239   trace.o
      1688        122        162         72          0       6139   usart.o

    ----------------------------------------------------------------------
     87144      12232       3446        880      57160     638121   Object Totals
         0          0         32          0          0          0   (incl. Generated)
         6          0         10         14          4          0   (incl. Padding)

    ----------------------------------------------------------------------

      Code (inc. data)   RO Data    RW Data    ZI Data      Debug   Library Member Name

        56          6          0          0          0         88   __2snprintf.o
        90          0          0          0          0          0   __dczerorl2.o
         8          0          0          0          0         68   __main.o
       396          6         17          0          0         92   __printf_flags_ss_wp.o
        14          0          0          0          0         68   __printf_wp.o
        52          8          0          0          0          0   __scatter.o
        28          0          0          0          0          0   __scatter_zi.o
        28          0          0          0          0         68   _chval.o
         6          0          0          0          0          0   _printf_a.o
         6          0          0          0          0          0   _printf_c.o
        44          0          0          0          0        108   _printf_char.o
        48          6          0          0          0         96   _printf_char_common.o
        42          0          0          0          0         68   _printf_charcount.o
         6          0          0          0          0          0   _printf_d.o
       120         18          0          0          0         92   _printf_dec.o
         6          0          0          0          0          0   _printf_e.o
         6          0          0          0          0          0   _printf_f.o
      1056          0          0          0          0        216   _printf_fp_dec.o
       128         16          0          0          0         84   _printf_fp_infnan.o
         6          0          0          0          0          0   _printf_g.o
       156          6         40          0          0        160   _printf_hex_int_ll_ptr.o
         6          0          0          0          0          0   _printf_i.o
       184          0          0          0          0         88   _printf_intcommon.o
        10          0          0          0          0          0   _printf_l.o
         6          0          0          0          0          0   _printf_lc.o
        10          0          0          0          0          0   _printf_ll.o
         6          0          0          0          0          0   _printf_lld.o
         6          0          0          0          0          0   _printf_lli.o
         6          0          0          0          0          0   _printf_llo.o
         6          0          0          0          0          0   _printf_llu.o
         6          0          0          0          0          0   _printf_llx.o
       120         16          0          0          0         92   _printf_longlong_dec.o
         6          0          0          0          0          0   _printf_ls.o
         6          0          0          0          0          0   _printf_n.o
         6          0          0          0          0          0   _printf_o.o
       120          8          0          0          0        124   _printf_oct_int_ll.o
         6          0          0          0          0          0   _printf_p.o
        82          0          0          0          0        108   _printf_pad.o
         0          0          0          0          0          0   _printf_percent.o
         4          0          0          0          0          0   _printf_percent_end.o
         6          0          0          0          0          0   _printf_s.o
        82          0          0          0          0         80   _printf_str.o
        36          0          0          0          0         84   _printf_truncate.o
         6          0          0          0          0          0   _printf_u.o
        44          0          0          0          0        108   _printf_wchar.o
       188          6          8          0          0         92   _printf_wctomb.o
         6          0          0          0          0          0   _printf_x.o
        16          0          0          0          0         68   _snputc.o
        10          0          0          0          0         68   _sputc.o
       158          0          0          0          0         92   _strtoul.o
        64          0          0          0          0         92   _wcrtomb.o
        16          0          0          0          0         68   aeabi_memset.o
        26          0          0          0          0         80   atoi.o
       228          6        148          0          0         96   bigflt0.o
      1910        128          0          0          0        672   btod.o
        52          4          0          0          0         80   c89vsnprintf.o
        12          0          0          0          0         72   exit.o
         6          0          0          0          0        152   heapauxi.o
         0          0          0          0          0          0   indicate_semi.o
        44         10        272          0          0         76   lc_ctype_c.o
        44         10         28          0          0         76   lc_numeric_c.o
         2          0          0          0          0          0   libinit.o
        30          0          0          0          0          0   libinit2.o
         2          0          0          0          0          0   libshutdown.o
         2          0          0          0          0          0   libshutdown2.o
         8          4          0          0         96         68   libspace.o
       138          0          0          0          0         80   lludiv10.o
        16          4          0          0          0         76   rt_ctype_table.o
         8          4          0          0          0         68   rt_errno_addr_intlibspace.o
         8          4          0          0          0         68   rt_locale_intlibspace.o
        68          0          0          0          0         68   rt_memclr.o
        78          0          0          0          0         80   rt_memclr_w.o
       138          0          0          0          0         68   rt_memcpy_v6.o
       100          0          0          0          0         80   rt_memcpy_w.o
         0          0          0          0          0          0   rtentry.o
        12          0          0          0          0          0   rtentry2.o
         6          0          0          0          0          0   rtentry4.o
         2          0          0          0          0          0   rtexit.o
        10          0          0          0          0          0   rtexit2.o
       128          0          0          0          0         68   strcmpv7m.o
        72          0          0          0          0         80   strcpy.o
        62          0          0          0          0         76   strlen.o
       150          0          0          0          0         80   strncmp.o
        86          0          0          0          0         76   strncpy.o
       112          0          0          0          0         88   strtol.o
        12          4          0          0          0         68   sys_exit.o
        74          0          0          0          0         80   sys_stackheap_outer.o
         2          0          0          0          0         68   use_no_semi.o
        24          0          0          0          0         68   dcmpi.o
       688        140          0          0          0        208   ddiv.o
        90          4          0          0          0         92   dfixu.o
        46          0          0          0          0         68   dflt_clz.o
       120          4          0          0          0         92   dleqf.o
       340         12          0          0          0        104   dmul.o
       156          4          0          0          0         92   dnaninf.o
        12          0          0          0          0         68   dretinf.o
       108          0          0          0          0         80   drleqf.o
         4          0          0          0          0         68   printf1.o
         0          0          0          0          0          0   usenofp.o
        40          0          0          0          0         68   fpclassify.o

    ----------------------------------------------------------------------
      8820        438        514          0         96       6024   Library Totals
        14          0          1          0          0          0   (incl. Padding)

    ----------------------------------------------------------------------

      Code (inc. data)   RO Data    RW Data    ZI Data      Debug   Library Name

      7178        274        513          0         96       5016   c_w.l
      1588        164          0          0          0        940   fz_ws.l
        40          0          0          0          0         68   m_ws.l

    ----------------------------------------------------------------------
      8820        438        514          0         96       6024   Library Totals

    ----------------------------------------------------------------------

==============================================================================


      Code (inc. data)   RO Data    RW Data    ZI Data      Debug   

     95964      12670       3960        880      57256     636813   Grand Totals
     95964      12670       3960        236      57256     636813   ELF Image Totals (compressed)
     95964      12670       3960        236          0          0   ROM Totals

==============================================================================

    Total RO  Size (Code + RO Data)                99924 (  97.58kB)
    Total RW  Size (RW Data + ZI Data)             58136 (  56.77kB)
    Total ROM Size (Code + RO Data + RW Data)     100160 (  97.81kB)

==============================================================================

